###############################################################################
#                                                                             #
# IAR ANSI C/C++ Compiler V5.30.0.51174/W32 for ARM     30/Sep/2015  17:04:34 #
# Copyright 1999-2009 IAR Systems AB.                                         #
#                                                                             #
#    Cpu mode     =  thumb                                                    #
#    Endian       =  little                                                   #
#    Source file  =  E:\H520B\FW\src\usb_lib\scsi_data.c                      #
#    Command line =  E:\H520B\FW\src\usb_lib\scsi_data.c -D DEBUG_VER -lcN    #
#                    E:\H520B\FW\src\Project\EWARMv5\Debug\List\ -o           #
#                    E:\H520B\FW\src\Project\EWARMv5\Debug\Obj\ --no_cse      #
#                    --no_unroll --no_inline --no_code_motion --no_tbaa       #
#                    --no_clustering --no_scheduling --debug --endian=little  #
#                    --cpu=Cortex-M3 -e --fpu=None --dlib_config "C:\Program  #
#                    Files\IAR Systems\Embedded Workbench                     #
#                    5.4\arm\INC\DLib_Config_Full.h" -I                       #
#                    E:\H520B\FW\src\Project\EWARMv5\..\ -I                   #
#                    E:\H520B\FW\src\Project\EWARMv5\..\..\App\ -I            #
#                    E:\H520B\FW\src\Project\EWARMv5\..\..\Drivers\ -I        #
#                    E:\H520B\FW\src\Project\EWARMv5\..\..\FatFs\ -I          #
#                    E:\H520B\FW\src\Project\EWARMv5\..\..\Lib\inc\ -I        #
#                    E:\H520B\FW\src\Project\EWARMv5\..\..\uCOS\uC-CPU\ -I    #
#                    E:\H520B\FW\src\Project\EWARMv5\..\..\uCOS\uC-LIB\ -I    #
#                    E:\H520B\FW\src\Project\EWARMv5\..\..\uCOS\uCOS-II\Ports #
#                    \ -I E:\H520B\FW\src\Project\EWARMv5\..\..\uCOS\uCOS-II\ #
#                    Source\ -I E:\H520B\FW\src\Project\EWARMv5\..\..\uCOS\uC #
#                    -Probe\ -I E:\H520B\FW\src\Project\EWARMv5\..\..\usb_lib #
#                    \ -I "C:\Program Files\IAR Systems\Embedded Workbench    #
#                    5.4\arm\INC\" -Ol                                        #
#    List file    =  E:\H520B\FW\src\Project\EWARMv5\Debug\List\scsi_data.lst #
#    Object file  =  E:\H520B\FW\src\Project\EWARMv5\Debug\Obj\scsi_data.o    #
#                                                                             #
#                                                                             #
###############################################################################

E:\H520B\FW\src\usb_lib\scsi_data.c
      1          /******************** (C) COPYRIGHT 2010 STMicroelectronics ********************
      2          * File Name          : scsi_data.c
      3          * Author             : MCD Application Team
      4          * Version            : V3.1.1
      5          * Date               : 04/07/2010
      6          * Description        : Initialization of the SCSI data
      7          ********************************************************************************
      8          * THE PRESENT FIRMWARE WHICH IS FOR GUIDANCE ONLY AIMS AT PROVIDING CUSTOMERS
      9          * WITH CODING INFORMATION REGARDING THEIR PRODUCTS IN ORDER FOR THEM TO SAVE TIME.
     10          * AS A RESULT, STMICROELECTRONICS SHALL NOT BE HELD LIABLE FOR ANY DIRECT,
     11          * INDIRECT OR CONSEQUENTIAL DAMAGES WITH RESPECT TO ANY CLAIMS ARISING FROM THE
     12          * CONTENT OF SUCH FIRMWARE AND/OR THE USE MADE BY CUSTOMERS OF THE CODING
     13          * INFORMATION CONTAINED HEREIN IN CONNECTION WITH THEIR PRODUCTS.
     14          *******************************************************************************/
     15          
     16          /* Includes ------------------------------------------------------------------*/
     17          #include "usb_scsi.h"
     18          #include "memory.h"
     19          
     20          
     21          u8 Page00_Inquiry_Data[] =
     22          {
     23          	0x00, /* PERIPHERAL QUALIFIER & PERIPHERAL DEVICE TYPE*/
     24          	0x00,
     25          	0x00,
     26          	0x00,
     27          	0x00 /* Supported Pages 00*/
     28          };
     29          u8 Standard_Inquiry_Data[] =
     30          {
     31          	0x00,          /* Direct Access Device */
     32          	0x80,          /* RMB = 1: Removable Medium */
     33          	0x02,          /* Version: No conformance claim to standard */
     34          	0x02,
     35          
     36          	36 - 4,          /* Additional Length */
     37          	0x00,          /* SCCS = 1: Storage Controller Component */
     38          	0x00,
     39          	0x00,
     40          #if 0
     41          	/* Vendor Identification */
     42          	'S', 'T', 'M', ' ', ' ', ' ', ' ', ' ',
     43          	/* Product Identification */
     44          	'S', 'D', ' ', 'F', 'l', 'a', 's', 'h', ' ',
     45          	'D', 'i', 's', 'k', ' ', ' ', ' ',
     46          	/* Product Revision Level */
     47          	'1', '.', '0', ' '
     48          #endif
     49          
     50          	/* Vendor Identification */
     51          	'H', 'e', 'r', 'o', 'j', 'e', ' ', ' ',
     52          	/* Product Identification */
     53          	'T', '5', ' ', ' ', ' ', ' ', ' ', ' ', ' ',
     54          	' ', ' ', ' ', ' ', ' ', ' ', ' ',
     55          	/* Product Revision Level */
     56          	'1', '.', '0', ' '
     57          };
     58          u8 Standard_Inquiry_Data2[] =
     59          {
     60          	0x00,          /* Direct Access Device */
     61          	0x80,          /* RMB = 1: Removable Medium */
     62          	0x02,          /* Version: No conformance claim to standard */
     63          	0x02,
     64          
     65          	36 - 4,          /* Additional Length */
     66          	0x00,          /* SCCS = 1: Storage Controller Component */
     67          	0x00,
     68          	0x00,
     69          	/* Vendor Identification */
     70          	'H', 'e', 'r', 'o', 'j', 'e', ' ', ' ',
     71          	/* Product Identification */
     72          	'T', '5', '_', 'U', 'S', 'B', ' ', 'a', 'p', 'p', ' ',
     73          	' ', ' ', ' ', ' ', ' ',
     74          	/* Product Revision Level */
     75          	'1', '.', '0', ' '
     76          };
     77          /*-*-*-*-*-*-*-*-*-*-*-*-*-*-*-*-*-*-*-*-*-*-*-*-*-*-*-*-*-*-*-*-*-*-*-*-*-*/
     78          u8 Mode_Sense6_data[] =
     79            {
     80              0x03,
     81              0x00,
     82              0x00,
     83              0x00,
     84            };
     85          
     86          /*-*-*-*-*-*-*-*-*-*-*-*-*-*-*-*-*-*-*-*-*-*-*-*-*-*-*-*-*-*-*-*-*-*-*-*-*-*/
     87          
     88          u8 Mode_Sense10_data[] =
     89            {
     90              0x00,
     91              0x06,
     92              0x00,
     93              0x00,
     94              0x00,
     95              0x00,
     96              0x00,
     97              0x00
     98            };
     99          u8 Scsi_Sense_Data[] =
    100            {
    101              0x70, /*RespCode*/
    102              0x00, /*SegmentNumber*/
    103              NO_SENSE, /* Sens_Key*/
    104              0x00,
    105              0x00,
    106              0x00,
    107              0x00, /*Information*/
    108              0x0A, /*AdditionalSenseLength*/
    109              0x00,
    110              0x00,
    111              0x00,
    112              0x00, /*CmdInformation*/
    113              NO_SENSE, /*Asc*/
    114              0x00, /*ASCQ*/
    115              0x00, /*FRUC*/
    116              0x00, /*TBD*/
    117              0x00,
    118              0x00 /*SenseKeySpecific*/
    119            };
    120          u8 ReadCapacity10_Data[] =
    121            {
    122              /* Last Logical Block */
    123              0,
    124              0,
    125              0,
    126              0,
    127          
    128              /* Block Length */
    129              0,
    130              0,
    131              0,
    132              0
    133            };
    134          
    135          u8 ReadFormatCapacity_Data [] =
    136            {
    137              0x00,
    138              0x00,
    139              0x00,
    140              0x08, /* Capacity List Length */
    141          
    142              /* Block Count */
    143              0,
    144              0,
    145              0,
    146              0,
    147          
    148              /* Block Length */
    149              0x02,/* Descriptor Code: Formatted Media */
    150              0,
    151              0,
    152              0
    153            };
    154          
    155          /******************* (C) COPYRIGHT 2010 STMicroelectronics *****END OF FILE****/


   Section sizes:

     Function/Label          Bytes
     --------------          -----
     Page00_Inquiry_Data        8
     Standard_Inquiry_Data     36
     Standard_Inquiry_Data2    36
     Mode_Sense6_data           4
     Mode_Sense10_data          8
     Scsi_Sense_Data           20
     ReadCapacity10_Data        8
     ReadFormatCapacity_Data   12

 
  16 bytes in section .bss
 116 bytes in section .data
 
 132 bytes of DATA memory

Errors: none
Warnings: none
