###############################################################################
#                                                                             #
# IAR ELF Linker V5.30.0.51174/W32 for ARM              26/Jan/2016  15:32:07 #
# Copyright 2007-2009 IAR Systems AB.                                         #
#                                                                             #
#    Output file  =  E:\H520B\FW\src\Project\EWARMv5\Debug\Exe\T6.out         #
#    Map file     =  E:\H520B\FW\src\Project\EWARMv5\Debug\List\T6.map        #
#    Command line =  E:\H520B\FW\src\Project\EWARMv5\Debug\Obj\BT816.o        #
#                    E:\H520B\FW\src\Project\EWARMv5\Debug\Obj\HJ5000_scanner #
#                    .o E:\H520B\FW\src\Project\EWARMv5\Debug\Obj\JMemory.o   #
#                    E:\H520B\FW\src\Project\EWARMv5\Debug\Obj\PCUsart.o      #
#                    E:\H520B\FW\src\Project\EWARMv5\Debug\Obj\Terminal_Para_ #
#                    m.o E:\H520B\FW\src\Project\EWARMv5\Debug\Obj\TimeBase.o #
#                     E:\H520B\FW\src\Project\EWARMv5\Debug\Obj\app.o         #
#                    E:\H520B\FW\src\Project\EWARMv5\Debug\Obj\basic_fun.o    #
#                    E:\H520B\FW\src\Project\EWARMv5\Debug\Obj\cortexm3_macro #
#                    .o E:\H520B\FW\src\Project\EWARMv5\Debug\Obj\cpu_a.o     #
#                    E:\H520B\FW\src\Project\EWARMv5\Debug\Obj\cpu_c.o        #
#                    E:\H520B\FW\src\Project\EWARMv5\Debug\Obj\crc32.o        #
#                    E:\H520B\FW\src\Project\EWARMv5\Debug\Obj\data_uart.o    #
#                    E:\H520B\FW\src\Project\EWARMv5\Debug\Obj\diskio.o       #
#                    E:\H520B\FW\src\Project\EWARMv5\Debug\Obj\ff.o           #
#                    E:\H520B\FW\src\Project\EWARMv5\Debug\Obj\hardfault_isr_ #
#                    handle_a.o E:\H520B\FW\src\Project\EWARMv5\Debug\Obj\has #
#                    h.o E:\H520B\FW\src\Project\EWARMv5\Debug\Obj\hw_config. #
#                    o E:\H520B\FW\src\Project\EWARMv5\Debug\Obj\hw_platform. #
#                    o E:\H520B\FW\src\Project\EWARMv5\Debug\Obj\keypad.o     #
#                    E:\H520B\FW\src\Project\EWARMv5\Debug\Obj\lib_ascii.o    #
#                    E:\H520B\FW\src\Project\EWARMv5\Debug\Obj\lib_mem.o      #
#                    E:\H520B\FW\src\Project\EWARMv5\Debug\Obj\lib_str.o      #
#                    E:\H520B\FW\src\Project\EWARMv5\Debug\Obj\main.o         #
#                    E:\H520B\FW\src\Project\EWARMv5\Debug\Obj\mass_mal.o     #
#                    E:\H520B\FW\src\Project\EWARMv5\Debug\Obj\memory.o       #
#                    E:\H520B\FW\src\Project\EWARMv5\Debug\Obj\os_core.o      #
#                    E:\H520B\FW\src\Project\EWARMv5\Debug\Obj\os_cpu_a.o     #
#                    E:\H520B\FW\src\Project\EWARMv5\Debug\Obj\os_cpu_c.o     #
#                    E:\H520B\FW\src\Project\EWARMv5\Debug\Obj\os_dbg.o       #
#                    E:\H520B\FW\src\Project\EWARMv5\Debug\Obj\os_flag.o      #
#                    E:\H520B\FW\src\Project\EWARMv5\Debug\Obj\os_mbox.o      #
#                    E:\H520B\FW\src\Project\EWARMv5\Debug\Obj\os_mem.o       #
#                    E:\H520B\FW\src\Project\EWARMv5\Debug\Obj\os_mutex.o     #
#                    E:\H520B\FW\src\Project\EWARMv5\Debug\Obj\os_probe.o     #
#                    E:\H520B\FW\src\Project\EWARMv5\Debug\Obj\os_q.o         #
#                    E:\H520B\FW\src\Project\EWARMv5\Debug\Obj\os_sem.o       #
#                    E:\H520B\FW\src\Project\EWARMv5\Debug\Obj\os_task.o      #
#                    E:\H520B\FW\src\Project\EWARMv5\Debug\Obj\os_time.o      #
#                    E:\H520B\FW\src\Project\EWARMv5\Debug\Obj\os_tmr.o       #
#                    E:\H520B\FW\src\Project\EWARMv5\Debug\Obj\rec_ecc.o      #
#                    E:\H520B\FW\src\Project\EWARMv5\Debug\Obj\record_m.o     #
#                    E:\H520B\FW\src\Project\EWARMv5\Debug\Obj\record_mod.o   #
#                    E:\H520B\FW\src\Project\EWARMv5\Debug\Obj\scsi_data.o    #
#                    E:\H520B\FW\src\Project\EWARMv5\Debug\Obj\spi_flash.o    #
#                    E:\H520B\FW\src\Project\EWARMv5\Debug\Obj\stm32f10x_adc. #
#                    o E:\H520B\FW\src\Project\EWARMv5\Debug\Obj\stm32f10x_bk #
#                    p.o E:\H520B\FW\src\Project\EWARMv5\Debug\Obj\stm32f10x_ #
#                    crc.o E:\H520B\FW\src\Project\EWARMv5\Debug\Obj\stm32f10 #
#                    x_dbgmcu.o E:\H520B\FW\src\Project\EWARMv5\Debug\Obj\stm #
#                    32f10x_dma.o E:\H520B\FW\src\Project\EWARMv5\Debug\Obj\s #
#                    tm32f10x_exti.o E:\H520B\FW\src\Project\EWARMv5\Debug\Ob #
#                    j\stm32f10x_flash.o E:\H520B\FW\src\Project\EWARMv5\Debu #
#                    g\Obj\stm32f10x_fsmc.o E:\H520B\FW\src\Project\EWARMv5\D #
#                    ebug\Obj\stm32f10x_gpio.o E:\H520B\FW\src\Project\EWARMv #
#                    5\Debug\Obj\stm32f10x_i2c.o                              #
#                    E:\H520B\FW\src\Project\EWARMv5\Debug\Obj\stm32f10x_it.o #
#                     E:\H520B\FW\src\Project\EWARMv5\Debug\Obj\stm32f10x_iwd #
#                    g.o E:\H520B\FW\src\Project\EWARMv5\Debug\Obj\stm32f10x_ #
#                    lib.o E:\H520B\FW\src\Project\EWARMv5\Debug\Obj\stm32f10 #
#                    x_nvic.o E:\H520B\FW\src\Project\EWARMv5\Debug\Obj\stm32 #
#                    f10x_pwr.o E:\H520B\FW\src\Project\EWARMv5\Debug\Obj\stm #
#                    32f10x_rcc.o E:\H520B\FW\src\Project\EWARMv5\Debug\Obj\s #
#                    tm32f10x_rtc.o E:\H520B\FW\src\Project\EWARMv5\Debug\Obj #
#                    \stm32f10x_spi.o E:\H520B\FW\src\Project\EWARMv5\Debug\O #
#                    bj\stm32f10x_systick.o E:\H520B\FW\src\Project\EWARMv5\D #
#                    ebug\Obj\stm32f10x_tim.o E:\H520B\FW\src\Project\EWARMv5 #
#                    \Debug\Obj\stm32f10x_usart.o                             #
#                    E:\H520B\FW\src\Project\EWARMv5\Debug\Obj\stm32f10x_vect #
#                    or.o E:\H520B\FW\src\Project\EWARMv5\Debug\Obj\usb_bot.o #
#                     E:\H520B\FW\src\Project\EWARMv5\Debug\Obj\usb_core.o    #
#                    E:\H520B\FW\src\Project\EWARMv5\Debug\Obj\usb_desc.o     #
#                    E:\H520B\FW\src\Project\EWARMv5\Debug\Obj\usb_endp.o     #
#                    E:\H520B\FW\src\Project\EWARMv5\Debug\Obj\usb_init.o     #
#                    E:\H520B\FW\src\Project\EWARMv5\Debug\Obj\usb_int.o      #
#                    E:\H520B\FW\src\Project\EWARMv5\Debug\Obj\usb_istr.o     #
#                    E:\H520B\FW\src\Project\EWARMv5\Debug\Obj\usb_mem.o      #
#                    E:\H520B\FW\src\Project\EWARMv5\Debug\Obj\usb_prop.o     #
#                    E:\H520B\FW\src\Project\EWARMv5\Debug\Obj\usb_pwr.o      #
#                    E:\H520B\FW\src\Project\EWARMv5\Debug\Obj\usb_regs.o     #
#                    E:\H520B\FW\src\Project\EWARMv5\Debug\Obj\usb_scsi.o     #
#                    E:\H520B\FW\src\Project\EWARMv5\Debug\Obj\usb_sil.o -o   #
#                    E:\H520B\FW\src\Project\EWARMv5\Debug\Exe\T6.out --map   #
#                    E:\H520B\FW\src\Project\EWARMv5\Debug\List\T6.map        #
#                    --config E:\H520B\FW\src\Project\EWARMv5\stm32f10x_debug #
#                    .icf --semihosting --entry __iar_program_start           #
#                                                                             #
#                                                                             #
###############################################################################

*******************************************************************************
*** RUNTIME MODEL ATTRIBUTES
***

__endian      = little
__thumb_aware = enabled


*******************************************************************************
*** PLACEMENT SUMMARY
***

"A1":  place at mem:0x8000000 { ro section .intvec };
"P1":  place in [from mem:0x8000000 to mem:0x800ffff] { ro };
"P3":  place in [from mem:0x20000010 to mem:0x20005000] {
          rw, block CSTACK, block HEAP };

  Section            Kind        Address    Size  Object
  -------            ----        -------    ----  ------
"A1":                                      0x140
  .intvec            const    0x08000000   0x140  stm32f10x_vector.o [1]
                            - 0x08000140   0x140

"P1":                                     0xd53a
  .text              ro code  0x08000140  0x1ace  record_mod.o [1]
  .text              ro code  0x08001c10  0x104e  xprintffull.o [3]
  .text              ro code  0x08002c60   0xbde  usb_core.o [1]
  .text              ro code  0x08003840   0xafc  app.o [1]
  .text              ro code  0x0800433c   0x9fc  BT816.o [1]
  .text              ro code  0x08004d38   0x7f8  os_core.o [1]
  .text              ro code  0x08005530   0x7e8  hw_platform.o [1]
  .text              ro code  0x08005d18   0x714  spi_flash.o [1]
  .text              ro code  0x0800642c   0x4d4  record_m.o [1]
  .text              ro code  0x08006900   0x498  rec_ecc.o [1]
  .text              ro code  0x08006d98   0x44c  usb_prop.o [1]
  .text              ro code  0x080071e4   0x440  usb_scsi.o [1]
  .text              ro code  0x08007624   0x43c  usb_bot.o [1]
  .text              ro code  0x08007a60   0x414  keypad.o [1]
  .rodata            const    0x08007e74   0x400  crc32.o [1]
  .text              ro code  0x08008274   0x388  HJ5000_scanner.o [1]
  .text              ro code  0x080085fc   0x318  stm32f10x_rcc.o [1]
  .text              ro code  0x08008914   0x304  stm32f10x_it.o [1]
  .text              ro code  0x08008c18   0x2bc  DblDiv.o [4]
  .text              ro code  0x08008ed4   0x28e  os_task.o [1]
  .text              ro code  0x08009164   0x28c  usb_regs.o [1]
  .text              ro code  0x080093f0   0x280  TimeBase.o [1]
  .text              ro code  0x08009670   0x280  os_q.o [1]
  .text              ro code  0x080098f0   0x244  usb_int.o [1]
  .text              ro code  0x08009b34   0x23c  memory.o [1]
  .text              ro code  0x08009d70   0x1c4  stm32f10x_dma.o [1]
  .text              ro code  0x08009f34   0x1c4  stm32f10x_gpio.o [1]
  .text              ro code  0x0800a0f8   0x1c4  stm32f10x_usart.o [1]
  .text              ro code  0x0800a2bc   0x1b2  main.o [1]
  .text              ro code  0x0800a470   0x1aa  stm32f10x_adc.o [1]
  .text              ro code  0x0800a61c   0x1a2  DblMul.o [4]
  .rodata            const    0x0800a7c0   0x180  basic_fun.o [1]
  .text              ro code  0x0800a940   0x17e  DblSub.o [4]
  .text              ro code  0x0800aac0   0x168  os_dbg.o [1]
  .text              ro code  0x0800ac28   0x164  stm32f10x_tim.o [1]
  .text              ro code  0x0800ad8c   0x148  basic_fun.o [1]
  .text              ro code  0x0800aed4   0x130  I64DivMod.o [4]
  .text              ro code  0x0800b004   0x124  mass_mal.o [1]
  .text              ro code  0x0800b128   0x11c  os_time.o [1]
  .text              ro code  0x0800b244   0x110  xdscale.o [3]
  .text              ro code  0x0800b354   0x10c  os_cpu_c.o [1]
  .rodata            const    0x0800b460   0x100  os_core.o [1]
  .rodata            const    0x0800b560   0x100  rec_ecc.o [1]
  .rodata            const    0x0800b660   0x100  rec_ecc.o [1]
  .rodata            const    0x0800b760   0x100  rec_ecc.o [1]
  .text              ro code  0x0800b860    0xf0  stm32f10x_exti.o [1]
  .text              ro code  0x0800b950    0xe6  DblAdd.o [4]
  .text              ro code  0x0800ba38    0xe4  Terminal_Para_m.o [1]
  .text              ro code  0x0800bb1c    0xd8  hw_config.o [1]
  .text              ro code  0x0800bbf4    0xd0  stm32f10x_nvic.o [1]
  .text              ro code  0x0800bcc4    0xbc  xxmemxmalloc.o [3]
  .text              ro code  0x0800bd80    0xb4  xdnorm.o [3]
  .text              ro code  0x0800be34    0xb0  fflush.o [3]
  CODE               ro code  0x0800bee4    0xa0  os_cpu_a.o [1]
  .text              ro code  0x0800bf84    0x9c  PCUsart.o [1]
  .text              ro code  0x0800c020    0x9c  usb_istr.o [1]
  .text              ro code  0x0800c0bc    0x8e  packbits_init2.o [4]
  .text              ro code  0x0800c14c    0x8c  xsyslock.o [3]
  .text              ro code  0x0800c1d8    0x88  xxmemxfree.o [3]
  .text              ro code  0x0800c260    0x84  xreportassert.o [3]
  .text              ro code  0x0800c2e4    0x7a  cortexm3_macro.o [1]
  .text              ro code  0x0800c360    0x7a  stm32f10x_spi.o [1]
  .text              ro code  0x0800c3dc    0x76  os_flag.o [1]
  .text              ro code  0x0800c454    0x70  ABImemcpy.o [4]
  .text              ro code  0x0800c4c4    0x70  cppinit.o [3]
  .text              ro code  0x0800c534    0x66  ABImemset.o [4]
  .text              ro code  0x0800c59c    0x62  memcmp.o [4]
  .text              ro code  0x0800c600    0x5c  JMemory.o [1]
  .text              ro code  0x0800c65c    0x5c  xencoding_sb.o [3]
  .text              ro code  0x0800c6b8    0x5a  usb_sil.o [1]
  .text              ro code  0x0800c714    0x58  os_sem.o [1]
  .text              ro code  0x0800c76c    0x58  memchr.o [4]
  .text              ro code  0x0800c7c4    0x56  DblToI32.o [4]
  .text              ro code  0x0800c81c    0x54  usb_mem.o [1]
  .text              ro code  0x0800c870    0x54  iarwstd.o [5]
  .text              ro code  0x0800c8c4    0x4c  os_mem.o [1]
  .rodata            const    0x0800c910    0x48  xlocale_c.o [3]
  .rodata            const    0x0800c958    0x44  app.o [1]
  .text              ro code  0x0800c99c    0x44  stm32f10x_flash.o [1]
  .text              ro code  0x0800c9e0    0x44  strcpy.o [4]
  .text              ro code  0x0800ca24    0x44  xassert.o [3]
  .text              ro code  0x0800ca68    0x42  strcmp.o [4]
  .rodata            const    0x0800caac    0x40  spi_flash.o [1]
  .rodata            const    0x0800caec    0x40  usb_desc.o [1]
  .text              ro code  0x0800cb2c    0x40  usb_init.o [1]
  .rodata            const    0x0800cb6c    0x3c  app.o [1]
  .text              ro code  0x0800cba8    0x3c  stm32f10x_pwr.o [1]
  .text              ro code  0x0800cbe4    0x3c  usb_pwr.o [1]
  .text              ro code  0x0800cc20    0x36  strlen.o [4]
  .text              ro code  0x0800cc58    0x34  usb_endp.o [1]
  .rodata            const    0x0800cc8c    0x30  xreportassert.o [3]
  .text              ro code  0x0800ccbc    0x30  MtxWrapper.o [3]
  .text              ro code  0x0800ccec    0x2e  DblCmpLe.o [4]
  .text              ro code  0x0800cd1c    0x2e  DblCmpGe.o [4]
  .text              ro code  0x0800cd4c    0x2e  I32ToDbl.o [4]
  .rodata            const    0x0800cd7c    0x2c  app.o [1]
  .rodata            const    0x0800cda8    0x28  hw_platform.o [1]
  .rodata            const    0x0800cdd0    0x28  usb_desc.o [1]
  .text              ro code  0x0800cdf8    0x28  crc32.o [1]
  .text              ro code  0x0800ce20    0x28  xgetmemchunk.o [3]
  .rodata            const    0x0800ce48    0x24  usb_desc.o [1]
  .text              ro code  0x0800ce6c    0x24  data_uart.o [1]
  .iar.init_table    const    0x0800ce90    0x2c  - Linker created -
  .rodata            const    0x0800cebc    0x20  BT816.o [1]
  .rodata            const    0x0800cedc    0x20  app.o [1]
  .rodata            const    0x0800cefc    0x20  app.o [1]
  .rodata            const    0x0800cf1c    0x20  usb_desc.o [1]
  .rodata            const    0x0800cf3c    0x20  usb_desc.o [1]
  .text              ro code  0x0800cf5c    0x20  printf.o [3]
  .text              ro code  0x0800cf7c    0x20  xmbtowc.o [3]
  .text              ro code  0x0800cf9c    0x20  iarwrite.o [5]
  .text              ro code  0x0800cfbc    0x1e  dwrite.o [5]
  .rodata            const    0x0800cfdc    0x1c  app.o [1]
  .text              ro code  0x0800cff8    0x1c  data_init2.o [4]
  .text              ro code  0x0800d014    0x1a  xwctomb.o [3]
  .text              ro code  0x0800d02e    0x1a  zero_init2.o [4]
  .rodata            const    0x0800d048    0x18  app.o [1]
  .rodata            const    0x0800d060    0x18  app.o [1]
  .rodata            const    0x0800d078    0x18  stm32f10x_it.o [1]
  .text              ro code  0x0800d090    0x18  cmain.o [4]
  .text              ro code  0x0800d0a8    0x16  strchr.o [4]
  .text              ro code  0x0800d0be    0x16  xprout.o [3]
  .rodata            const    0x0800d0d4    0x14  hw_platform.o [1]
  .rodata            const    0x0800d0e8    0x14  hw_platform.o [1]
  .rodata            const    0x0800d0fc    0x14  hw_platform.o [1]
  .rodata            const    0x0800d110    0x14  hw_platform.o [1]
  .rodata            const    0x0800d124    0x14  usb_desc.o [1]
  .rodata            const    0x0800d138    0x14  usb_desc.o [1]
  .text              ro code  0x0800d14c    0x14  exit.o [5]
  .text              ro code  0x0800d160    0x14  localeconv.o [3]
  .text              ro code  0x0800d174    0x14  setlocale.o [3]
  .text              ro code  0x0800d188    0x14  HJ5000_scanner.o [1]
  CODE               ro code  0x0800d19c    0x12  hardfault_isr_handle_a.o [1]
  .rodata            const    0x0800d1b0    0x10  BT816.o [1]
  .rodata            const    0x0800d1c0    0x10  BT816.o [1]
  .rodata            const    0x0800d1d0    0x10  BT816.o [1]
  .rodata            const    0x0800d1e0    0x10  BT816.o [1]
  .rodata            const    0x0800d1f0    0x10  BT816.o [1]
  .rodata            const    0x0800d200    0x10  stm32f10x_rcc.o [1]
  .rodata            const    0x0800d210    0x10  xprintffull.o [3]
  .text              ro code  0x0800d220    0x10  write.o [5]
  .text              ro code  0x0800d230     0xe  cexit.o [4]
  .text              ro code  0x0800d23e     0xe  BT816.o [1]
  .text              ro code  0x0800d24c     0xe  div.o [3]
  .rodata            const    0x0800d25c     0xc  BT816.o [1]
  .rodata            const    0x0800d268     0xc  BT816.o [1]
  .rodata            const    0x0800d274     0xc  BT816.o [1]
  .rodata            const    0x0800d280     0xc  BT816.o [1]
  .rodata            const    0x0800d28c     0xc  BT816.o [1]
  .rodata            const    0x0800d298     0xc  BT816.o [1]
  .rodata            const    0x0800d2a4     0xc  BT816.o [1]
  .rodata            const    0x0800d2b0     0xc  BT816.o [1]
  .rodata            const    0x0800d2bc     0xc  app.o [1]
  .rodata            const    0x0800d2c8     0xc  hw_platform.o [1]
  .rodata            const    0x0800d2d4     0xc  stm32f10x_it.o [1]
  .rodata            const    0x0800d2e0     0xc  stm32f10x_it.o [1]
  .rodata            const    0x0800d2ec     0xc  stm32f10x_it.o [1]
  .rodata            const    0x0800d2f8     0xc  stm32f10x_it.o [1]
  .rodata            const    0x0800d304     0xc  stm32f10x_it.o [1]
  .rodata            const    0x0800d310     0xc  stm32f10x_it.o [1]
  .rodata            const    0x0800d31c     0xc  stm32f10x_it.o [1]
  .rodata            const    0x0800d328     0xc  stm32f10x_it.o [1]
  .rodata            const    0x0800d334     0xc  stm32f10x_it.o [1]
  .rodata            const    0x0800d340     0xc  stm32f10x_it.o [1]
  .rodata            const    0x0800d34c     0xc  stm32f10x_it.o [1]
  .rodata            const    0x0800d358     0xc  stm32f10x_it.o [1]
  .rodata            const    0x0800d364     0xc  stm32f10x_it.o [1]
  .text              ro code  0x0800d370     0xc  putchar.o [3]
  .text              ro code  0x0800d37c     0xa  xmbcurmax.o [3]
  .rodata            const    0x0800d388     0x8  BT816.o [1]
  .rodata            const    0x0800d390     0x8  BT816.o [1]
  .rodata            const    0x0800d398     0x8  BT816.o [1]
  .rodata            const    0x0800d3a0     0x8  BT816.o [1]
  .rodata            const    0x0800d3a8     0x8  xprintffull.o [3]
  .rodata            const    0x0800d3b0     0x8  localeconv.o [3]
  .rodata            const    0x0800d3b8     0x8  localeconv.o [3]
  .rodata            const    0x0800d3c0     0x8  xencoding_sb.o [3]
  .rodata            const    0x0800d3c8     0x8  xencoding_sb.o [3]
  .rodata            const    0x0800d3d0     0x8  xlocale_c.o [3]
  .rodata            const    0x0800d3d8     0x8  xlocale_c.o [3]
  .text              ro code  0x0800d3e0     0x8  abort.o [3]
  .text              ro code  0x0800d3e8     0x6  exit.o [3]
  .rodata            const    0x0800d3f0     0x4  os_dbg.o [1]
  .rodata            const    0x0800d3f4     0x4  stm32f10x_rcc.o [1]
  .rodata            const    0x0800d3f8     0x4  usb_desc.o [1]
  .text              ro code  0x0800d3fc     0x2  I64DivZer.o [4]
  .text              ro code  0x0800d3fe     0x4  low_level_init.o [3]
  .rodata            const    0x0800d402     0x2  os_dbg.o [1]
  .rodata            const    0x0800d404     0x2  os_dbg.o [1]
  .rodata            const    0x0800d406     0x2  os_dbg.o [1]
  .rodata            const    0x0800d408     0x2  os_dbg.o [1]
  .rodata            const    0x0800d40a     0x2  os_dbg.o [1]
  .rodata            const    0x0800d40c     0x2  os_dbg.o [1]
  .rodata            const    0x0800d40e     0x2  os_dbg.o [1]
  .rodata            const    0x0800d410     0x2  os_dbg.o [1]
  .rodata            const    0x0800d412     0x2  os_dbg.o [1]
  .rodata            const    0x0800d414     0x2  os_dbg.o [1]
  .rodata            const    0x0800d416     0x2  os_dbg.o [1]
  .rodata            const    0x0800d418     0x2  os_dbg.o [1]
  .rodata            const    0x0800d41a     0x2  os_dbg.o [1]
  .rodata            const    0x0800d41c     0x2  os_dbg.o [1]
  .rodata            const    0x0800d41e     0x2  os_dbg.o [1]
  .rodata            const    0x0800d420     0x2  os_dbg.o [1]
  .rodata            const    0x0800d422     0x2  os_dbg.o [1]
  .rodata            const    0x0800d424     0x2  os_dbg.o [1]
  .rodata            const    0x0800d426     0x2  os_dbg.o [1]
  .rodata            const    0x0800d428     0x2  os_dbg.o [1]
  .rodata            const    0x0800d42a     0x2  os_dbg.o [1]
  .rodata            const    0x0800d42c     0x2  os_dbg.o [1]
  .rodata            const    0x0800d42e     0x2  os_dbg.o [1]
  .rodata            const    0x0800d430     0x2  os_dbg.o [1]
  .rodata            const    0x0800d432     0x2  os_dbg.o [1]
  .rodata            const    0x0800d434     0x2  os_dbg.o [1]
  .rodata            const    0x0800d436     0x2  os_dbg.o [1]
  .rodata            const    0x0800d438     0x2  os_dbg.o [1]
  .rodata            const    0x0800d43a     0x2  os_dbg.o [1]
  .rodata            const    0x0800d43c     0x2  os_dbg.o [1]
  .rodata            const    0x0800d43e     0x2  os_dbg.o [1]
  .rodata            const    0x0800d440     0x2  os_dbg.o [1]
  .rodata            const    0x0800d442     0x2  os_dbg.o [1]
  .rodata            const    0x0800d444     0x2  os_dbg.o [1]
  .rodata            const    0x0800d446     0x2  os_dbg.o [1]
  .rodata            const    0x0800d448     0x2  os_dbg.o [1]
  .rodata            const    0x0800d44a     0x2  os_dbg.o [1]
  .rodata            const    0x0800d44c     0x2  os_dbg.o [1]
  .rodata            const    0x0800d44e     0x2  os_dbg.o [1]
  .rodata            const    0x0800d450     0x2  os_dbg.o [1]
  .rodata            const    0x0800d452     0x2  os_dbg.o [1]
  .rodata            const    0x0800d454     0x2  os_dbg.o [1]
  .rodata            const    0x0800d456     0x2  os_dbg.o [1]
  .rodata            const    0x0800d458     0x2  os_dbg.o [1]
  .rodata            const    0x0800d45a     0x2  localeconv.o [3]
  .rodata            const    0x0800d45c     0x2  xlocale_c.o [3]
  .rodata            const    0x0800d45e     0x1  localeconv.o [3]
  .rodata            const    0x0800d45f     0x1  setlocale.o [3]
  .rodata            const    0x0800d460     0x1  xlocale_c.o [3]
  Initializer bytes  ro data  0x0800d461   0x219  <for P3 s0>
                            - 0x0800d67a  0xd53a

"P3", part 1 of 3:                         0xde0
  CSTACK                      0x20000010   0x800  <Block>
    CSTACK           uninit   0x20000010   0x800  <Block tail>
  HEAP                        0x20000810   0x400  <Block>
    HEAP             uninit   0x20000810   0x400  <Block tail>
  .iar.dynexit                0x20000c10   0x1e0  <Block>
    .iar.dynexit     uninit   0x20000c10     0xc  cppinit.o [3]
    .iar.dynexit     uninit   0x20000c1c   0x1d4  <Block tail>
                            - 0x20000df0   0xde0

"P3", part 2 of 3:                        0x37c4
  .bss               zero     0x20000df0  0x1000  spi_flash.o [1]
  .bss               zero     0x20001df0   0x800  memory.o [1]
  .bss               zero     0x200025f0   0x590  app.o [1]
  .bss               zero     0x20002b80   0x4d0  app.o [1]
  .bss               zero     0x20003050   0x39c  os_core.o [1]
  .bss               zero     0x200033ec   0x200  app.o [1]
  .bss               zero     0x200035ec   0x200  app.o [1]
  .bss               zero     0x200037ec   0x200  os_core.o [1]
  .bss               zero     0x200039ec   0x190  JMemory.o [1]
  .bss               zero     0x20003b7c   0x100  BT816.o [1]
  .bss               zero     0x20003c7c   0x100  os_core.o [1]
  .bss               zero     0x20003d7c   0x100  record_mod.o [1]
  .bss               zero     0x20003e7c    0x8c  os_core.o [1]
  .bss               zero     0x20003f08    0x8c  os_core.o [1]
  .bss               zero     0x20003f94    0x80  HJ5000_scanner.o [1]
  .bss               zero     0x20004014    0x60  os_core.o [1]
  .bss               zero     0x20004074    0x54  app.o [1]
  .bss               zero     0x200040c8    0x54  app.o [1]
  .bss               zero     0x2000411c    0x54  record_m.o [1]
  .bss               zero     0x20004170    0x50  os_core.o [1]
  .bss               zero     0x200041c0    0x50  xfiles.o [3]
  .bss               zero     0x20004210    0x50  xfiles.o [3]
  .bss               zero     0x20004260    0x40  usb_bot.o [1]
  .bss               zero     0x200042a0    0x3c  app.o [1]
  .bss               zero     0x200042dc    0x2c  record_mod.o [1]
  .bss               zero     0x20004308    0x20  BT816.o [1]
  .bss               zero     0x20004328    0x20  HJ5000_scanner.o [1]
  .bss               zero     0x20004348    0x20  Terminal_Para_m.o [1]
  .bss               zero     0x20004368    0x20  app.o [1]
  .bss               zero     0x20004388    0x20  usb_bot.o [1]
  .bss               zero     0x200043a8    0x1c  usb_init.o [1]
  .bss               zero     0x200043c4    0x14  os_cpu_c.o [1]
  .bss               zero     0x200043d8    0x14  xsyslock.o [3]
  .bss               zero     0x200043ec    0x10  BT816.o [1]
  .bss               zero     0x200043fc    0x10  hw_platform.o [1]
  .bss               zero     0x2000440c    0x10  record_mod.o [1]
  .bss               zero     0x2000441c    0x10  usb_bot.o [1]
  .bss               zero     0x2000442c     0xc  BT816.o [1]
  .bss               zero     0x20004438     0xc  BT816.o [1]
  .bss               zero     0x20004444     0xc  HJ5000_scanner.o [1]
  .bss               zero     0x20004450     0x8  TimeBase.o [1]
  .bss               zero     0x20004458     0x8  mass_mal.o [1]
  .bss               zero     0x20004460     0x8  mass_mal.o [1]
  .bss               zero     0x20004468     0x8  mass_mal.o [1]
  .bss               zero     0x20004470     0x8  os_core.o [1]
  .bss               zero     0x20004478     0x8  scsi_data.o [1]
  .bss               zero     0x20004480     0x8  scsi_data.o [1]
  .bss               zero     0x20004488     0x8  xxmemxmalloc.o [3]
  .bss               zero     0x20004490     0x4  HJ5000_scanner.o [1]
  .bss               zero     0x20004494     0x4  HJ5000_scanner.o [1]
  .bss               zero     0x20004498     0x4  app.o [1]
  .bss               zero     0x2000449c     0x4  app.o [1]
  .bss               zero     0x200044a0     0x4  app.o [1]
  .bss               zero     0x200044a4     0x4  app.o [1]
  .bss               zero     0x200044a8     0x4  app.o [1]
  .bss               zero     0x200044ac     0x4  app.o [1]
  .bss               zero     0x200044b0     0x4  app.o [1]
  .bss               zero     0x200044b4     0x4  hw_platform.o [1]
  .bss               zero     0x200044b8     0x4  hw_platform.o [1]
  .bss               zero     0x200044bc     0x4  hw_platform.o [1]
  .bss               zero     0x200044c0     0x4  keypad.o [1]
  .bss               zero     0x200044c4     0x4  keypad.o [1]
  .bss               zero     0x200044c8     0x4  mass_mal.o [1]
  .bss               zero     0x200044cc     0x4  memory.o [1]
  .bss               zero     0x200044d0     0x4  memory.o [1]
  .bss               zero     0x200044d4     0x4  memory.o [1]
  .bss               zero     0x200044d8     0x4  memory.o [1]
  .bss               zero     0x200044dc     0x4  memory.o [1]
  .bss               zero     0x200044e0     0x4  memory.o [1]
  .bss               zero     0x200044e4     0x4  memory.o [1]
  .bss               zero     0x200044e8     0x4  memory.o [1]
  .bss               zero     0x200044ec     0x4  os_core.o [1]
  .bss               zero     0x200044f0     0x4  os_core.o [1]
  .bss               zero     0x200044f4     0x4  os_core.o [1]
  .bss               zero     0x200044f8     0x4  os_core.o [1]
  .bss               zero     0x200044fc     0x4  os_core.o [1]
  .bss               zero     0x20004500     0x4  os_core.o [1]
  .bss               zero     0x20004504     0x4  os_core.o [1]
  .bss               zero     0x20004508     0x4  os_core.o [1]
  .bss               zero     0x2000450c     0x4  os_core.o [1]
  .bss               zero     0x20004510     0x4  os_core.o [1]
  .bss               zero     0x20004514     0x4  os_core.o [1]
  .bss               zero     0x20004518     0x4  record_m.o [1]
  .bss               zero     0x2000451c     0x4  record_m.o [1]
  .bss               zero     0x20004520     0x4  record_m.o [1]
  .bss               zero     0x20004524     0x4  record_m.o [1]
  .bss               zero     0x20004528     0x4  record_mod.o [1]
  .bss               zero     0x2000452c     0x4  record_mod.o [1]
  .bss               zero     0x20004530     0x4  record_mod.o [1]
  .bss               zero     0x20004534     0x4  record_mod.o [1]
  .bss               zero     0x20004538     0x4  spi_flash.o [1]
  .bss               zero     0x2000453c     0x4  spi_flash.o [1]
  .bss               zero     0x20004540     0x4  spi_flash.o [1]
  .bss               zero     0x20004544     0x4  spi_flash.o [1]
  .bss               zero     0x20004548     0x4  usb_bot.o [1]
  .bss               zero     0x2000454c     0x4  usb_bot.o [1]
  .bss               zero     0x20004550     0x4  usb_core.o [1]
  .bss               zero     0x20004554     0x4  usb_endp.o [1]
  .bss               zero     0x20004558     0x4  usb_init.o [1]
  .bss               zero     0x2000455c     0x4  usb_init.o [1]
  .bss               zero     0x20004560     0x4  usb_init.o [1]
  .bss               zero     0x20004564     0x4  usb_prop.o [1]
  .bss               zero     0x20004568     0x4  usb_prop.o [1]
  .bss               zero     0x2000456c     0x4  usb_prop.o [1]
  .bss               zero     0x20004570     0x4  usb_pwr.o [1]
  .bss               zero     0x20004574     0x4  xgetmemchunk.o [3]
  .bss               zero     0x20004578     0x4  MtxWrapper.o [3]
  .bss               zero     0x2000457c     0x4  MtxWrapper.o [3]
  .bss               zero     0x20004580     0x4  MtxWrapper.o [3]
  .bss               zero     0x20004584     0x4  MtxWrapper.o [3]
  .bss               zero     0x20004588     0x4  iarwstd.o [5]
  .bss               zero     0x2000458c     0x2  usb_bot.o [1]
  .bss               zero     0x2000458e     0x2  usb_init.o [1]
  .bss               zero     0x20004590     0x2  usb_int.o [1]
  .bss               zero     0x20004592     0x2  usb_int.o [1]
  .bss               zero     0x20004594     0x2  usb_istr.o [1]
  .bss               zero     0x20004596     0x1  BT816.o [1]
  .bss               zero     0x20004597     0x1  PCUsart.o [1]
  .bss               zero     0x20004598     0x1  Terminal_Para_m.o [1]
  .bss               zero     0x20004599     0x1  app.o [1]
  .bss               zero     0x2000459a     0x1  app.o [1]
  .bss               zero     0x2000459b     0x1  hw_config.o [1]
  .bss               zero     0x2000459c     0x1  hw_platform.o [1]
  .bss               zero     0x2000459d     0x1  keypad.o [1]
  .bss               zero     0x2000459e     0x1  keypad.o [1]
  .bss               zero     0x2000459f     0x1  keypad.o [1]
  .bss               zero     0x200045a0     0x1  main.o [1]
  .bss               zero     0x200045a1     0x1  memory.o [1]
  .bss               zero     0x200045a2     0x1  os_core.o [1]
  .bss               zero     0x200045a3     0x1  os_core.o [1]
  .bss               zero     0x200045a4     0x1  os_core.o [1]
  .bss               zero     0x200045a5     0x1  os_core.o [1]
  .bss               zero     0x200045a6     0x1  os_core.o [1]
  .bss               zero     0x200045a7     0x1  os_core.o [1]
  .bss               zero     0x200045a8     0x1  os_core.o [1]
  .bss               zero     0x200045a9     0x1  os_core.o [1]
  .bss               zero     0x200045aa     0x1  record_mod.o [1]
  .bss               zero     0x200045ab     0x1  record_mod.o [1]
  .bss               zero     0x200045ac     0x1  spi_flash.o [1]
  .bss               zero     0x200045ad     0x1  usb_bot.o [1]
  .bss               zero     0x200045ae     0x1  usb_core.o [1]
  .bss               zero     0x200045af     0x1  usb_init.o [1]
  .bss               zero     0x200045b0     0x1  usb_istr.o [1]
                            - 0x200045b1  0x37c1

"P3", part 3 of 3:                         0x324
  P3 s0                       0x200045b4   0x324  <Init block>
    .data            inited   0x200045b4    0x84  setlocale.o [3]
    .data            inited   0x20004638    0x4c  localeconv.o [3]
    .data            inited   0x20004684    0x40  xfiles.o [3]
    .data            inited   0x200046c4    0x40  xfiles.o [3]
    .data            inited   0x20004704    0x40  xfiles.o [3]
    .data            inited   0x20004744    0x30  usb_prop.o [1]
    .data            inited   0x20004774    0x24  scsi_data.o [1]
    .data            inited   0x20004798    0x24  scsi_data.o [1]
    .data            inited   0x200047bc    0x24  usb_prop.o [1]
    .data            inited   0x200047e0    0x20  usb_prop.o [1]
    .data            inited   0x20004800    0x20  xfiles.o [3]
    .data            inited   0x20004820    0x1c  usb_desc.o [1]
    .data            inited   0x2000483c    0x1c  usb_istr.o [1]
    .data            inited   0x20004858    0x1c  usb_istr.o [1]
    .data            inited   0x20004874    0x14  scsi_data.o [1]
    .data            inited   0x20004888    0x10  usb_prop.o [1]
    .data            inited   0x20004898    0x10  usb_prop.o [1]
    .data            inited   0x200048a8     0xc  scsi_data.o [1]
    .data            inited   0x200048b4     0x8  scsi_data.o [1]
    .data            inited   0x200048bc     0x8  usb_prop.o [1]
    .data            inited   0x200048c4     0x8  usb_prop.o [1]
    .data            inited   0x200048cc     0x4  scsi_data.o [1]
    .data            inited   0x200048d0     0x4  usb_prop.o [1]
    .data            inited   0x200048d4     0x4  cppinit.o [3]
                            - 0x200048d8   0x324


*******************************************************************************
*** INIT TABLE
***

          Address     Size
          -------     ----
Zero (__iar_zero_init2)
    1 destination range, total size 0x37c1:
          0x20000df0  0x37c1

Copy/packbits (__iar_packbits_init2)
    1 source range, total size 0x219 (66% of destination):
           0x800d461   0x219
    1 destination range, total size 0x324:
          0x200045b4   0x324


*******************************************************************************
*** MODULE SUMMARY
***

    Module                    ro code  ro data  rw data
    ------                    -------  -------  -------
E:\H520B\FW\src\Project\EWARMv5\Debug\Obj: [1]
    BT816.o                     2 570      240      329
    HJ5000_scanner.o              924               180
    JMemory.o                      92               400
    PCUsart.o                     156                 1
    Terminal_Para_m.o             228                33
    TimeBase.o                    640                 8
    app.o                       2 812      324    3 970
    basic_fun.o                   328      384
    cortexm3_macro.o              122
    crc32.o                        40    1 024
    data_uart.o                    36
    hardfault_isr_handle_a.o       18
    hw_config.o                   216                 1
    hw_platform.o               2 024      132       29
    keypad.o                    1 044                11
    main.o                        434                 1
    mass_mal.o                    292                28
    memory.o                      572             2 081
    os_core.o                   2 040      256    2 208
    os_cpu_a.o                    160
    os_cpu_c.o                    268                20
    os_dbg.o                      360       92
    os_flag.o                     118
    os_mem.o                       76
    os_q.o                        640
    os_sem.o                       88
    os_task.o                     654
    os_time.o                     284
    rec_ecc.o                   1 176      768
    record_m.o                  1 236               100
    record_mod.o                6 862               334
    scsi_data.o                             78      132
    spi_flash.o                 1 812       64    4 113
    stm32f10x_adc.o               426
    stm32f10x_dma.o               452
    stm32f10x_exti.o              240
    stm32f10x_flash.o              68
    stm32f10x_gpio.o              452
    stm32f10x_it.o                772      180
    stm32f10x_nvic.o              208
    stm32f10x_pwr.o                60
    stm32f10x_rcc.o               792       20
    stm32f10x_spi.o               122
    stm32f10x_tim.o               356
    stm32f10x_usart.o             452
    stm32f10x_vector.o                     320
    usb_bot.o                   1 084               123
    usb_core.o                  3 038                 5
    usb_desc.o                             266       28
    usb_endp.o                     52                 4
    usb_init.o                     64                43
    usb_int.o                     580                 4
    usb_istr.o                    156       38       59
    usb_mem.o                      84
    usb_prop.o                  1 100      111      180
    usb_pwr.o                      60                 4
    usb_regs.o                    652
    usb_scsi.o                  1 088
    usb_sil.o                      90
    ---------------------------------------------------
    Total:                     40 770    4 297   14 429

command line: [2]
    ---------------------------------------------------
    Total:

dl7M_tl_if.a: [3]
    MtxWrapper.o                   48                16
    abort.o                         8
    cppinit.o                     112        3       16
    div.o                          14
    exit.o                          6
    fflush.o                      176
    localeconv.o                   20       69       76
    low_level_init.o                4
    printf.o                       32
    putchar.o                      12
    setlocale.o                    20       89      132
    xassert.o                      68
    xdnorm.o                      180
    xdscale.o                     272
    xencoding_sb.o                 92       16
    xfiles.o                               151      384
    xgetmemchunk.o                 40                 4
    xlocale_c.o                             91
    xmbcurmax.o                    10
    xmbtowc.o                      32
    xprintffull.o               4 174       24
    xprout.o                       22
    xreportassert.o               132       48
    xsyslock.o                    140                20
    xwctomb.o                      26
    xxmemxfree.o                  136
    xxmemxmalloc.o                188                 8
    ---------------------------------------------------
    Total:                      5 964      491      656

rt7M_tl.a: [4]
    ABImemcpy.o                   112
    ABImemset.o                   102
    DblAdd.o                      230
    DblCmpGe.o                     46
    DblCmpLe.o                     46
    DblDiv.o                      700
    DblMul.o                      418
    DblSub.o                      382
    DblToI32.o                     86
    I32ToDbl.o                     46
    I64DivMod.o                   304
    I64DivZer.o                     2
    cexit.o                        14
    cmain.o                        24
    data_init2.o                   28
    memchr.o                       88
    memcmp.o                       98
    packbits_init2.o              142
    strchr.o                       22
    strcmp.o                       66
    strcpy.o                       68
    strlen.o                       54
    zero_init2.o                   26
    ---------------------------------------------------
    Total:                      3 104

shb_l.a: [5]
    dwrite.o                       30
    exit.o                         20
    iarwrite.o                     32
    iarwstd.o                      84                 4
    write.o                        16
    ---------------------------------------------------
    Total:                        182                 4

    Gaps                           38       16
    Linker created                          44    3 540
-------------------------------------------------------
    Grand Total:               50 058    4 848   18 629


*******************************************************************************
*** ENTRY LIST
***

Entry                      Address    Size  Type      Object
-----                      -------    ----  ----      ------
.iar.dynexit$$Base      0x20000c10           --   Gb  - Linker created -
.iar.dynexit$$Limit     0x20000df0           --   Gb  - Linker created -
ADC1_2_IRQHandler       0x08008acd     0x2  Code  Gb  stm32f10x_it.o [1]
ADC3_IRQHandler         0x08008bff     0x2  Code  Gb  stm32f10x_it.o [1]
ADCPrescTable           0x0800d3f4     0x4  Data  Lc  stm32f10x_rcc.o [1]
ADC_Cmd                 0x0800a4c1    0x1a  Code  Gb  stm32f10x_adc.o [1]
ADC_GetCalibrationStatus
                        0x0800a507    0x18  Code  Gb  stm32f10x_adc.o [1]
ADC_GetConversionValue  0x0800a613     0x6  Code  Gb  stm32f10x_adc.o [1]
ADC_GetResetCalibrationStatus
                        0x0800a4e5    0x18  Code  Gb  stm32f10x_adc.o [1]
ADC_Init                0x0800a471    0x50  Code  Gb  stm32f10x_adc.o [1]
ADC_Module_Init         0x08005531    0x9a  Code  Lc  hw_platform.o [1]
ADC_RegularChannelConfig
                        0x0800a539    0xda  Code  Gb  stm32f10x_adc.o [1]
ADC_ResetCalibration    0x0800a4db     0xa  Code  Gb  stm32f10x_adc.o [1]
ADC_SoftwareStartConvCmd
                        0x0800a51f    0x1a  Code  Gb  stm32f10x_adc.o [1]
ADC_StartCalibration    0x0800a4fd     0xa  Code  Gb  stm32f10x_adc.o [1]
APBAHBPrescTable        0x0800d200    0x10  Data  Lc  stm32f10x_rcc.o [1]
BT816_GPIO_config       0x0800433d   0x180  Code  Lc  BT816.o [1]
BT816_NVIC_config       0x080044bd    0x72  Code  Lc  BT816.o [1]
BT816_Reset             0x080046d1   0x120  Code  Gb  BT816.o [1]
BT816_RxISRHandler      0x080045a7    0xaa  Code  Gb  BT816.o [1]
BT816_enter_pair_mode   0x08004925    0x20  Code  Gb  BT816.o [1]
BT816_enter_sleep       0x08004bb9    0x14  Code  Gb  BT816.o [1]
BT816_hid_connect_last_host
                        0x08004a0d    0x20  Code  Gb  BT816.o [1]
BT816_hid_disconnect    0x08004a2d    0x20  Code  Gb  BT816.o [1]
BT816_hid_send          0x08004a6d    0xc8  Code  Gb  BT816.o [1]
BT816_hid_set_delay     0x08004b75    0x44  Code  Gb  BT816.o [1]
BT816_hid_status        0x080049d5    0x36  Code  Gb  BT816.o [1]
BT816_init              0x08004bf9   0x134  Code  Gb  BT816.o [1]
BT816_power_state       0x20004596     0x1  Data  Lc  BT816.o [1]
BT816_query_name        0x080047f5    0xac  Code  Gb  BT816.o [1]
BT816_recbuffer         0x20003b7c   0x100  Data  Gb  BT816.o [1]
BT816_res               0x2000442c     0xc  Data  Gb  BT816.o [1]
BT816_reset_resVar      0x0800458d    0x1a  Code  Lc  BT816.o [1]
BT816_send_buff         0x20004308    0x20  Data  Lc  BT816.o [1]
BT816_set_autocon       0x08004b35    0x40  Code  Gb  BT816.o [1]
BT816_set_hid_trans_mode
                        0x08004945    0x40  Code  Gb  BT816.o [1]
BT816_set_name          0x080048a1    0x7c  Code  Gb  BT816.o [1]
BT816_set_profile       0x08004985    0x50  Code  Gb  BT816.o [1]
BT816_toggle_ioskeypad  0x08004a4d    0x20  Code  Gb  BT816.o [1]
BT816_wakeup            0x08004bcd    0x28  Code  Gb  BT816.o [1]
BT816_write_cmd         0x08004651    0x80  Code  Lc  BT816.o [1]
BT_Daemon_thread        0x080040c1    0x9c  Code  Gb  app.o [1]
Block_Read_count        0x200044cc     0x4  Data  Gb  memory.o [1]
Block_offset            0x200044d0     0x4  Data  Gb  memory.o [1]
Bot_Abort               0x08007a25    0x3c  Code  Gb  usb_bot.o [1]
Bot_State               0x200045ad     0x1  Data  Gb  usb_bot.o [1]
Bulk_Data_Buff          0x20004260    0x40  Data  Gb  usb_bot.o [1]
BusFaultException       0x08008a07     0x2  Code  Gb  stm32f10x_it.o [1]
ByteSwap                0x080093e1    0x10  Code  Gb  usb_regs.o [1]
CAN_RX1_IRQHandler      0x08008ad9     0x2  Code  Gb  stm32f10x_it.o [1]
CAN_SCE_IRQHandler      0x08008adb     0x2  Code  Gb  stm32f10x_it.o [1]
CBW                     0x20004388    0x20  Data  Gb  usb_bot.o [1]
CBW_Decode              0x08007705   0x298  Code  Gb  usb_bot.o [1]
CSTACK$$Base            0x20000010           --   Gb  - Linker created -
CSTACK$$Limit           0x20000810           --   Gb  - Linker created -
CSW                     0x2000441c    0x10  Data  Gb  usb_bot.o [1]
CTR_LP                  0x080098f1   0x22c  Code  Gb  usb_int.o [1]
ClearDTOG_RX            0x08009281    0x32  Code  Gb  usb_regs.o [1]
ClearDTOG_TX            0x080092b3    0x32  Code  Gb  usb_regs.o [1]
Clear_Status_Out        0x0800925d    0x24  Code  Gb  usb_regs.o [1]
Config_Descriptor       0x20004898    0x10  Data  Gb  usb_prop.o [1]
Counter                 0x200044d4     0x4  Data  Gb  memory.o [1]
DMA1_Channel1_IRQHandler
                        0x08008a93     0x2  Code  Gb  stm32f10x_it.o [1]
DMA1_Channel2_IRQHandler
                        0x08008a95     0x2  Code  Gb  stm32f10x_it.o [1]
DMA1_Channel3_IRQHandler
                        0x08008a97     0x2  Code  Gb  stm32f10x_it.o [1]
DMA1_Channel4_IRQHandler
                        0x08008a99     0x2  Code  Gb  stm32f10x_it.o [1]
DMA1_Channel5_IRQHandler
                        0x08008a9b     0x2  Code  Gb  stm32f10x_it.o [1]
DMA1_Channel6_IRQHandler
                        0x08008a9d     0x2  Code  Gb  stm32f10x_it.o [1]
DMA1_Channel7_IRQHandler
                        0x08008aa1    0x2c  Code  Gb  stm32f10x_it.o [1]
DMA2_Channel1_IRQHandler
                        0x08008c11     0x2  Code  Gb  stm32f10x_it.o [1]
DMA2_Channel2_IRQHandler
                        0x08008c13     0x2  Code  Gb  stm32f10x_it.o [1]
DMA2_Channel3_IRQHandler
                        0x08008c15     0x2  Code  Gb  stm32f10x_it.o [1]
DMA2_Channel4_5_IRQHandler
                        0x08008c17     0x2  Code  Gb  stm32f10x_it.o [1]
DMA_ClearFlag           0x08009eed    0x12  Code  Gb  stm32f10x_dma.o [1]
DMA_Cmd                 0x08009eb5    0x1a  Code  Gb  stm32f10x_dma.o [1]
DMA_DeInit              0x08009d71   0x100  Code  Gb  stm32f10x_dma.o [1]
DMA_GetCurrDataCounter  0x08009ee7     0x6  Code  Gb  stm32f10x_dma.o [1]
DMA_GetITStatus         0x08009eff    0x26  Code  Gb  stm32f10x_dma.o [1]
DMA_ITConfig            0x08009ecf    0x18  Code  Gb  stm32f10x_dma.o [1]
DMA_Init                0x08009e71    0x44  Code  Gb  stm32f10x_dma.o [1]
DataStageIn             0x0800319b    0xb6  Code  Lc  usb_core.o [1]
DataStageOut            0x080030e3    0xb8  Code  Lc  usb_core.o [1]
Data_Buffer             0x20001df0   0x800  Data  Gb  memory.o [1]
Data_Len                0x2000458c     0x2  Data  Gb  usb_bot.o [1]
Data_Mul_MaxPacketSize  0x200045ae     0x1  Data  Gb  usb_core.o [1]
Data_Setup0             0x080033ad   0x294  Code  Lc  usb_core.o [1]
DebugMonitor            0x08008a0b     0x2  Code  Gb  stm32f10x_it.o [1]
DefaultTerminalPara     0x0800bae1    0x36  Code  Gb  Terminal_Para_m.o [1]
Device_Descriptor       0x20004888    0x10  Data  Gb  usb_prop.o [1]
Device_Info             0x200043a8    0x1c  Data  Gb  usb_init.o [1]
Device_Property         0x20004744    0x30  Data  Gb  usb_prop.o [1]
Device_Table            0x200048d0     0x4  Data  Gb  usb_prop.o [1]
DtorRecArray            0x20000c10     0xc  Data  Lc  cppinit.o [3]
EP1_IN_Callback         0x0800cc6d    0x1c  Code  Gb  usb_endp.o [1]
EP2_OUT_Callback        0x0800cc5b    0x10  Code  Gb  usb_endp.o [1]
EP3_OUT_Callback        0x0800cc59     0x2  Code  Gb  usb_endp.o [1]
EPindex                 0x200045af     0x1  Data  Gb  usb_init.o [1]
EXTI0_IRQHandler        0x08008a1b    0x22  Code  Gb  stm32f10x_it.o [1]
EXTI15_10_IRQHandler    0x08008bf1     0x2  Code  Gb  stm32f10x_it.o [1]
EXTI1_IRQHandler        0x08008a3d    0x30  Code  Gb  stm32f10x_it.o [1]
EXTI2_IRQHandler        0x08008a6d     0x2  Code  Gb  stm32f10x_it.o [1]
EXTI3_IRQHandler        0x08008a6f    0x22  Code  Gb  stm32f10x_it.o [1]
EXTI4_IRQHandler        0x08008a91     0x2  Code  Gb  stm32f10x_it.o [1]
EXTI9_5_IRQHandler      0x08008add    0x2c  Code  Gb  stm32f10x_it.o [1]
EXTI_ClearFlag          0x0800b911     0x6  Code  Gb  stm32f10x_exti.o [1]
EXTI_ClearITPendingBit  0x0800b945     0x6  Code  Gb  stm32f10x_exti.o [1]
EXTI_GenerateSWInterrupt
                        0x0800b901    0x10  Code  Gb  stm32f10x_exti.o [1]
EXTI_GetITStatus        0x0800b917    0x28  Code  Gb  stm32f10x_exti.o [1]
EXTI_Init               0x0800b861    0x94  Code  Gb  stm32f10x_exti.o [1]
EnterLowPowerMode       0x0800a411    0x4a  Code  Gb  main.o [1]
Event_capture_thread    0x08004019    0xa0  Code  Gb  app.o [1]
ExitLowPowerMode        0x0800a45b    0x14  Code  Gb  main.o [1]
FLASH_IRQHandler        0x08008a17     0x2  Code  Gb  stm32f10x_it.o [1]
FLASH_PrefetchBufferCmd
                        0x0800c9bd    0x20  Code  Gb  stm32f10x_flash.o [1]
FLASH_SetLatency        0x0800c99d    0x20  Code  Gb  stm32f10x_flash.o [1]
FSMC_IRQHandler         0x08008c01     0x2  Code  Gb  stm32f10x_it.o [1]
GPIO_AllAinConfig       0x0800a3d5    0x3c  Code  Lc  main.o [1]
GPIO_EXTILineConfig     0x0800a0a5    0x54  Code  Gb  stm32f10x_gpio.o [1]
GPIO_Init               0x08009f35    0xcc  Code  Gb  stm32f10x_gpio.o [1]
GPIO_PinRemapConfig     0x0800a029    0x7c  Code  Gb  stm32f10x_gpio.o [1]
GPIO_ReadInputDataBit   0x0800a001    0x1a  Code  Gb  stm32f10x_gpio.o [1]
GPIO_ResetBits          0x0800a021     0x6  Code  Gb  stm32f10x_gpio.o [1]
GPIO_SetBits            0x0800a01b     0x6  Code  Gb  stm32f10x_gpio.o [1]
GetEPRxAddr             0x08009339    0x18  Code  Gb  usb_regs.o [1]
GetEPRxCount            0x080093af    0x18  Code  Gb  usb_regs.o [1]
GetEPTxAddr             0x08009321    0x18  Code  Gb  usb_regs.o [1]
Get_Max_Lun             0x080071c5    0x1c  Code  Gb  usb_prop.o [1]
Get_SerialNum           0x0800bb8d    0x68  Code  Gb  hw_config.o [1]
HARDFAULT_ISR_HANDLE_d  0x0800d19d          Code  Gb  hardfault_isr_handle_a.o [1]
HEAP$$Base              0x20000810           --   Gb  - Linker created -
HEAP$$Limit             0x20000c10           --   Gb  - Linker created -
HJ5000_GPIO_config      0x08008275    0xb0  Code  Lc  HJ5000_scanner.o [1]
HJ5000_NVIC_config      0x08008325    0x3a  Code  Lc  HJ5000_scanner.o [1]
HJ5000_RxISRHandler     0x0800848d    0xac  Code  Gb  HJ5000_scanner.o [1]
HJ5000_start_stop_decode
                        0x08008539    0x20  Code  Gb  HJ5000_scanner.o [1]
HSEStartUpStatus        0x200045a0     0x1  Data  Gb  main.o [1]
HardFaultException      0x080089fd     0x8  Code  Gb  stm32f10x_it.o [1]
HexToAscii              0x0800ae25    0x12  Code  Gb  basic_fun.o [1]
I2C1_ER_IRQHandler      0x08008b3d     0x2  Code  Gb  stm32f10x_it.o [1]
I2C1_EV_IRQHandler      0x08008b3b     0x2  Code  Gb  stm32f10x_it.o [1]
I2C2_ER_IRQHandler      0x08008b41     0x2  Code  Gb  stm32f10x_it.o [1]
I2C2_EV_IRQHandler      0x08008b3f     0x2  Code  Gb  stm32f10x_it.o [1]
Idx                     0x200044d8     0x4  Data  Gb  memory.o [1]
In0_Process             0x080036e5    0x68  Code  Gb  usb_core.o [1]
Jfree                   0x0800c631    0x26  Code  Gb  JMemory.o [1]
Jmalloc                 0x0800c601    0x30  Code  Gb  JMemory.o [1]
Keyboard_ConfigDescriptor
                        0x0800ce48    0x24  Data  Gb  usb_desc.o [1]
Keyboard_DeviceDescriptor
                        0x0800d124    0x14  Data  Gb  usb_desc.o [1]
Keyboard_GetHIDDescriptor
                        0x08007155    0x10  Code  Gb  usb_prop.o [1]
Keyboard_GetProtocolValue
                        0x0800718d    0x16  Code  Gb  usb_prop.o [1]
Keyboard_GetReportDescriptor
                        0x08007145    0x10  Code  Gb  usb_prop.o [1]
Keyboard_Hid_Descriptor
                        0x200048c4     0x8  Data  Gb  usb_prop.o [1]
Keyboard_ReportDescriptor
                        0x0800caec    0x40  Data  Gb  usb_desc.o [1]
Keyboard_Report_Descriptor
                        0x200048bc     0x8  Data  Gb  usb_prop.o [1]
Keyboard_SetProtocol    0x0800717d    0x10  Code  Gb  usb_prop.o [1]
Keyboard_SetReport      0x080071a9    0x1c  Code  Gb  usb_prop.o [1]
Keypad_EXTI_ISRHandler  0x08007c19    0x50  Code  Gb  keypad.o [1]
Keypad_Init             0x08007c09    0x10  Code  Gb  keypad.o [1]
Keypad_Initport         0x08007a61    0x8c  Code  Lc  keypad.o [1]
Keypad_Int_Disable      0x08007b2f    0x3a  Code  Gb  keypad.o [1]
Keypad_Int_Enable       0x08007aed    0x42  Code  Gb  keypad.o [1]
Keypad_ReadIO           0x08007c69    0x6a  Code  Lc  keypad.o [1]
Keypad_Timer_Disable    0x08007bf9     0xc  Code  Gb  keypad.o [1]
Keypad_Timer_Enable     0x08007be5    0x14  Code  Gb  keypad.o [1]
Keypad_Timer_ISRHandler
                        0x08007cd9   0x188  Code  Gb  keypad.o [1]
Keypad_Timer_Init       0x08007b69    0x7c  Code  Gb  keypad.o [1]
MAL_GetStatus           0x0800b0cd    0x58  Code  Gb  mass_mal.o [1]
MAL_Read                0x0800b05d    0x66  Code  Gb  mass_mal.o [1]
MAL_Write               0x0800b005    0x58  Code  Gb  mass_mal.o [1]
MASS_ConfigDescriptor   0x0800cf1c    0x20  Data  Gb  usb_desc.o [1]
MASS_DeviceDescriptor   0x0800d138    0x14  Data  Gb  usb_desc.o [1]
Mass_Block_Count        0x20004468     0x8  Data  Gb  mass_mal.o [1]
Mass_Block_Size         0x20004460     0x8  Data  Gb  mass_mal.o [1]
Mass_Memory_Size        0x20004458     0x8  Data  Gb  mass_mal.o [1]
Mass_Storage_In         0x08007625    0x62  Code  Gb  usb_bot.o [1]
Mass_Storage_Out        0x08007687    0x7e  Code  Gb  usb_bot.o [1]
Max_Lun                 0x20004568     0x4  Data  Gb  usb_prop.o [1]
MemManageException      0x08008a05     0x2  Code  Gb  stm32f10x_it.o [1]
Mode_Sense10_data       0x200048b4     0x8  Data  Gb  scsi_data.o [1]
Mode_Sense6_data        0x200048cc     0x4  Data  Gb  scsi_data.o [1]
NMIException            0x08008915     0x2  Code  Gb  stm32f10x_it.o [1]
NOP_Process             0x0800383d     0x2  Code  Gb  usb_core.o [1]
NVIC_Init               0x0800bc05    0xa0  Code  Gb  stm32f10x_nvic.o [1]
NVIC_PriorityGroupConfig
                        0x0800bbf5     0xa  Code  Gb  stm32f10x_nvic.o [1]
NVIC_SetVectorTable     0x0800bcad    0x10  Code  Gb  stm32f10x_nvic.o [1]
NoData_Setup0           0x08003251   0x152  Code  Lc  usb_core.o [1]
OSCtxSw                 0x0800bf0f          Code  Gb  os_cpu_a.o [1]
OSCtxSwCtr              0x200044ec     0x4  Data  Gb  os_core.o [1]
OSDataSize              0x0800d458     0x2  Data  Gb  os_dbg.o [1]
OSDebugEn               0x0800d402     0x2  Data  Gb  os_dbg.o [1]
OSDebugInit             0x0800aac1   0x168  Code  Gb  os_dbg.o [1]
OSEndiannessTest        0x0800d3f0     0x4  Data  Gb  os_dbg.o [1]
OSEventEn               0x0800d408     0x2  Data  Gb  os_dbg.o [1]
OSEventFreeList         0x200044f0     0x4  Data  Gb  os_core.o [1]
OSEventMax              0x0800d404     0x2  Data  Gb  os_dbg.o [1]
OSEventNameSize         0x0800d406     0x2  Data  Gb  os_dbg.o [1]
OSEventSize             0x0800d40a     0x2  Data  Gb  os_dbg.o [1]
OSEventTbl              0x20003e7c    0x8c  Data  Gb  os_core.o [1]
OSEventTblSize          0x0800d40c     0x2  Data  Gb  os_dbg.o [1]
OSFlagEn                0x0800d40e     0x2  Data  Gb  os_dbg.o [1]
OSFlagFreeList          0x200044f4     0x4  Data  Gb  os_core.o [1]
OSFlagGrpSize           0x0800d410     0x2  Data  Gb  os_dbg.o [1]
OSFlagMax               0x0800d416     0x2  Data  Gb  os_dbg.o [1]
OSFlagNameSize          0x0800d418     0x2  Data  Gb  os_dbg.o [1]
OSFlagNodeSize          0x0800d412     0x2  Data  Gb  os_dbg.o [1]
OSFlagTbl               0x20004170    0x50  Data  Gb  os_core.o [1]
OSFlagWidth             0x0800d414     0x2  Data  Gb  os_dbg.o [1]
OSIdleCtr               0x200044f8     0x4  Data  Gb  os_core.o [1]
OSInit                  0x08004d39    0x30  Code  Gb  os_core.o [1]
OSInitHookBegin         0x0800b355     0x2  Code  Gb  os_cpu_c.o [1]
OSInitHookEnd           0x0800b357     0x2  Code  Gb  os_cpu_c.o [1]
OSIntCtxSw              0x0800bf17          Code  Gb  os_cpu_a.o [1]
OSIntEnter              0x08004d69    0x24  Code  Gb  os_core.o [1]
OSIntExit               0x08004d8d    0x94  Code  Gb  os_core.o [1]
OSIntNesting            0x200045a2     0x1  Data  Gb  os_core.o [1]
OSLockNesting           0x200045a3     0x1  Data  Gb  os_core.o [1]
OSLowestPrio            0x0800d41a     0x2  Data  Gb  os_dbg.o [1]
OSMboxEn                0x0800d41c     0x2  Data  Gb  os_dbg.o [1]
OSMemEn                 0x0800d41e     0x2  Data  Gb  os_dbg.o [1]
OSMemFreeList           0x2000450c     0x4  Data  Gb  os_core.o [1]
OSMemMax                0x0800d420     0x2  Data  Gb  os_dbg.o [1]
OSMemNameSize           0x0800d422     0x2  Data  Gb  os_dbg.o [1]
OSMemSize               0x0800d424     0x2  Data  Gb  os_dbg.o [1]
OSMemTbl                0x20003f08    0x8c  Data  Gb  os_core.o [1]
OSMemTblSize            0x0800d426     0x2  Data  Gb  os_dbg.o [1]
OSMutexEn               0x0800d428     0x2  Data  Gb  os_dbg.o [1]
OSPrioCur               0x200045a4     0x1  Data  Gb  os_core.o [1]
OSPrioHighRdy           0x200045a5     0x1  Data  Gb  os_core.o [1]
OSPtrSize               0x0800d42a     0x2  Data  Gb  os_dbg.o [1]
OSQCreate               0x08009671    0x98  Code  Gb  os_q.o [1]
OSQEn                   0x0800d42c     0x2  Data  Gb  os_dbg.o [1]
OSQFreeList             0x20004510     0x4  Data  Gb  os_core.o [1]
OSQMax                  0x0800d42e     0x2  Data  Gb  os_dbg.o [1]
OSQPend                 0x0800970d   0x130  Code  Gb  os_q.o [1]
OSQPost                 0x08009841    0x78  Code  Gb  os_q.o [1]
OSQSize                 0x0800d430     0x2  Data  Gb  os_dbg.o [1]
OSQTbl                  0x20004014    0x60  Data  Gb  os_core.o [1]
OSRdyGrp                0x200045a6     0x1  Data  Gb  os_core.o [1]
OSRdyTbl                0x20004470     0x8  Data  Gb  os_core.o [1]
OSRdyTblSize            0x0800d432     0x2  Data  Gb  os_dbg.o [1]
OSRunning               0x200045a7     0x1  Data  Gb  os_core.o [1]
OSSchedLock             0x08004e21    0x3a  Code  Gb  os_core.o [1]
OSSchedUnlock           0x08004e5b    0x5a  Code  Gb  os_core.o [1]
OSSemCreate             0x0800c715    0x50  Code  Gb  os_sem.o [1]
OSSemEn                 0x0800d434     0x2  Data  Gb  os_dbg.o [1]
OSStart                 0x08004eb5    0x42  Code  Gb  os_core.o [1]
OSStartHighRdy          0x0800bef3          Code  Gb  os_cpu_a.o [1]
OSStkWidth              0x0800d436     0x2  Data  Gb  os_dbg.o [1]
OSTCBCur                0x200044fc     0x4  Data  Gb  os_core.o [1]
OSTCBFreeList           0x20004500     0x4  Data  Gb  os_core.o [1]
OSTCBHighRdy            0x20004504     0x4  Data  Gb  os_core.o [1]
OSTCBInitHook           0x0800b3ef     0x2  Code  Gb  os_cpu_c.o [1]
OSTCBList               0x20004508     0x4  Data  Gb  os_core.o [1]
OSTCBPrioTbl            0x20003c7c   0x100  Data  Gb  os_core.o [1]
OSTCBPrioTblMax         0x0800d44e     0x2  Data  Gb  os_dbg.o [1]
OSTCBSize               0x0800d450     0x2  Data  Gb  os_dbg.o [1]
OSTCBTbl                0x20003050   0x39c  Data  Gb  os_core.o [1]
OSTaskCreateEn          0x0800d438     0x2  Data  Gb  os_dbg.o [1]
OSTaskCreateExt         0x08008ed5    0xd0  Code  Gb  os_task.o [1]
OSTaskCreateExtEn       0x0800d43a     0x2  Data  Gb  os_dbg.o [1]
OSTaskCreateHook        0x0800b359     0x2  Code  Gb  os_cpu_c.o [1]
OSTaskCtr               0x200045a8     0x1  Data  Gb  os_core.o [1]
OSTaskDel               0x08008fa5   0x188  Code  Gb  os_task.o [1]
OSTaskDelEn             0x0800d43c     0x2  Data  Gb  os_dbg.o [1]
OSTaskDelHook           0x0800b35b     0x2  Code  Gb  os_cpu_c.o [1]
OSTaskIdleHook          0x0800b35d    0x14  Code  Gb  os_cpu_c.o [1]
OSTaskIdleStk           0x200037ec   0x200  Data  Gb  os_core.o [1]
OSTaskIdleStkSize       0x0800d43e     0x2  Data  Gb  os_dbg.o [1]
OSTaskMax               0x0800d442     0x2  Data  Gb  os_dbg.o [1]
OSTaskNameSize          0x0800d444     0x2  Data  Gb  os_dbg.o [1]
OSTaskProfileEn         0x0800d440     0x2  Data  Gb  os_dbg.o [1]
OSTaskStatEn            0x0800d446     0x2  Data  Gb  os_dbg.o [1]
OSTaskStatStkChkEn      0x0800d44a     0x2  Data  Gb  os_dbg.o [1]
OSTaskStatStkSize       0x0800d448     0x2  Data  Gb  os_dbg.o [1]
OSTaskStkInit           0x0800b371    0x7c  Code  Gb  os_cpu_c.o [1]
OSTaskSwHook            0x0800b3ed     0x2  Code  Gb  os_cpu_c.o [1]
OSTaskSwHookEn          0x0800d44c     0x2  Data  Gb  os_dbg.o [1]
OSTickStepState         0x200045a9     0x1  Data  Gb  os_core.o [1]
OSTicksPerSec           0x0800d452     0x2  Data  Gb  os_dbg.o [1]
OSTime                  0x20004514     0x4  Data  Gb  os_core.o [1]
OSTimeDly               0x0800b129    0x6c  Code  Gb  os_time.o [1]
OSTimeDlyHMSM           0x0800b195    0xa2  Code  Gb  os_time.o [1]
OSTimeTick              0x08004ef9    0xf0  Code  Gb  os_core.o [1]
OSTimeTickHook          0x0800b3f1     0x2  Code  Gb  os_cpu_c.o [1]
OSTimeTickHookEn        0x0800d454     0x2  Data  Gb  os_dbg.o [1]
OSUnMapTbl              0x0800b460   0x100  Data  Gb  os_core.o [1]
OSVersionNbr            0x0800d456     0x2  Data  Gb  os_dbg.o [1]
OS_CPU_PendSVHandler    0x0800bf1f          Code  Gb  os_cpu_a.o [1]
OS_CPU_SR_Restore       0x0800beed          Code  Gb  os_cpu_a.o [1]
OS_CPU_SR_Save          0x0800bee5          Code  Gb  os_cpu_a.o [1]
OS_CPU_SysTickHandler   0x0800b3f5    0x24  Code  Gb  os_cpu_c.o [1]
OS_CPU_SysTickInit      0x0800b419    0x48  Code  Gb  os_cpu_c.o [1]
OS_Dummy                0x08004fe9     0x2  Code  Gb  os_core.o [1]
OS_EventTaskRdy         0x08004feb    0x90  Code  Gb  os_core.o [1]
OS_EventTaskRemove      0x080050f9    0x34  Code  Gb  os_core.o [1]
OS_EventTaskRemoveMulti
                        0x0800512d    0x40  Code  Gb  os_core.o [1]
OS_EventTaskWait        0x0800507b    0x7e  Code  Gb  os_core.o [1]
OS_EventWaitListInit    0x0800516d    0x1a  Code  Gb  os_core.o [1]
OS_FlagInit             0x0800c3dd    0x4c  Code  Gb  os_flag.o [1]
OS_FlagUnlink           0x0800c42d    0x26  Code  Gb  os_flag.o [1]
OS_InitEventList        0x08005189    0x50  Code  Lc  os_core.o [1]
OS_InitMisc             0x080051d9    0x2e  Code  Lc  os_core.o [1]
OS_InitRdyList          0x08005211    0x36  Code  Lc  os_core.o [1]
OS_InitTCBList          0x0800527d    0x60  Code  Lc  os_core.o [1]
OS_InitTaskIdle         0x0800524d    0x30  Code  Lc  os_core.o [1]
OS_MemClr               0x080052e5    0x12  Code  Gb  os_core.o [1]
OS_MemInit              0x0800c8c5    0x48  Code  Gb  os_mem.o [1]
OS_QInit                0x080098b9    0x34  Code  Gb  os_q.o [1]
OS_Sched                0x080052f7    0x5c  Code  Gb  os_core.o [1]
OS_SchedNew             0x08005369    0x20  Code  Lc  os_core.o [1]
OS_TCBInit              0x080053bd   0x16c  Code  Gb  os_core.o [1]
OS_TaskIdle             0x08005395    0x1c  Code  Gb  os_core.o [1]
OS_TaskStkClr           0x08009145    0x1e  Code  Gb  os_task.o [1]
Out0_Process            0x08003755    0x4c  Code  Gb  usb_core.o [1]
PCUsart_Init            0x0800bfe9    0x10  Code  Gb  PCUsart.o [1]
PMAToUserBufferCopy     0x0800c84b    0x22  Code  Gb  usb_mem.o [1]
PVD_IRQHandler          0x08008a11     0x2  Code  Gb  stm32f10x_it.o [1]
PWR_EnterSTOPMode       0x0800cba9    0x32  Code  Gb  stm32f10x_pwr.o [1]
Page00_Inquiry_Data     0x20004478     0x8  Data  Gb  scsi_data.o [1]
Post0_Process           0x080037a1    0x4c  Code  Gb  usb_core.o [1]
ProtocolValue           0x20004564     0x4  Data  Gb  usb_prop.o [1]
RCC_AHBPeriphClockCmd   0x08008855    0x24  Code  Gb  stm32f10x_rcc.o [1]
RCC_APB1PeriphClockCmd  0x0800889d    0x24  Code  Gb  stm32f10x_rcc.o [1]
RCC_APB2PeriphClockCmd  0x08008879    0x24  Code  Gb  stm32f10x_rcc.o [1]
RCC_Configuration       0x0800a329    0x8c  Code  Gb  main.o [1]
RCC_DeInit              0x080085fd    0x5c  Code  Gb  stm32f10x_rcc.o [1]
RCC_GetClocksFreq       0x08008771    0xe0  Code  Gb  stm32f10x_rcc.o [1]
RCC_GetFlagStatus       0x080088c1    0x44  Code  Gb  stm32f10x_rcc.o [1]
RCC_GetSYSCLKSource     0x0800871d     0xa  Code  Gb  stm32f10x_rcc.o [1]
RCC_HCLKConfig          0x08008727    0x14  Code  Gb  stm32f10x_rcc.o [1]
RCC_HSEConfig           0x08008659    0x54  Code  Gb  stm32f10x_rcc.o [1]
RCC_IRQHandler          0x08008a19     0x2  Code  Gb  stm32f10x_it.o [1]
RCC_PCLK1Config         0x0800873b    0x14  Code  Gb  stm32f10x_rcc.o [1]
RCC_PCLK2Config         0x0800874f    0x16  Code  Gb  stm32f10x_rcc.o [1]
RCC_PLLCmd              0x080086fd     0xc  Code  Gb  stm32f10x_rcc.o [1]
RCC_PLLConfig           0x080086e5    0x16  Code  Gb  stm32f10x_rcc.o [1]
RCC_SYSCLKConfig        0x08008709    0x14  Code  Gb  stm32f10x_rcc.o [1]
RCC_USBCLKConfig        0x08008765     0xc  Code  Gb  stm32f10x_rcc.o [1]
RCC_WaitForHSEStartUp   0x080086ad    0x38  Code  Gb  stm32f10x_rcc.o [1]
RTCAlarm_IRQHandler     0x08008bf3     0x2  Code  Gb  stm32f10x_it.o [1]
RTC_IRQHandler          0x08008a15     0x2  Code  Gb  stm32f10x_it.o [1]
ReadCapacity10_Data     0x20004480     0x8  Data  Gb  scsi_data.o [1]
ReadFormatCapacity_Data
                        0x200048a8     0xc  Data  Gb  scsi_data.o [1]
ReadTerminalPara        0x0800ba39    0x88  Code  Gb  Terminal_Para_m.o [1]
Read_Memory             0x08009b35   0x108  Code  Gb  memory.o [1]
Region$$Table$$Base     0x0800ce90           --   Gb  - Linker created -
Region$$Table$$Limit    0x0800cebc           --   Gb  - Linker created -
SCSI_Address_Management
                        0x0800759b    0x7e  Code  Gb  usb_scsi.o [1]
SCSI_BlkLen             0x2000454c     0x4  Data  Gb  usb_bot.o [1]
SCSI_Format_Cmd         0x08007531    0x2a  Code  Gb  usb_scsi.o [1]
SCSI_Inquiry_Cmd        0x080071e5    0x48  Code  Gb  usb_scsi.o [1]
SCSI_Invalid_Cmd        0x0800755b    0x40  Code  Gb  usb_scsi.o [1]
SCSI_LBA                0x20004548     0x4  Data  Gb  usb_bot.o [1]
SCSI_ModeSense10_Cmd    0x08007399    0x10  Code  Gb  usb_scsi.o [1]
SCSI_ModeSense6_Cmd     0x08007389    0x10  Code  Gb  usb_scsi.o [1]
SCSI_Read10_Cmd         0x080073e1    0x7c  Code  Gb  usb_scsi.o [1]
SCSI_ReadCapacity10_Cmd
                        0x080072d5    0xb4  Code  Gb  usb_scsi.o [1]
SCSI_ReadFormatCapacity_Cmd
                        0x0800722d    0xa8  Code  Gb  usb_scsi.o [1]
SCSI_RequestSense_Cmd   0x080073a9    0x1e  Code  Gb  usb_scsi.o [1]
SCSI_Start_Stop_Unit_Cmd
                        0x080073d5     0xc  Code  Gb  usb_scsi.o [1]
SCSI_TestUnitReady_Cmd  0x080074ff    0x32  Code  Gb  usb_scsi.o [1]
SCSI_Verify10_Cmd       0x080074c5    0x3a  Code  Gb  usb_scsi.o [1]
SCSI_Write10_Cmd        0x0800745d    0x64  Code  Gb  usb_scsi.o [1]
SDIO_IRQHandler         0x08008c03     0x2  Code  Gb  stm32f10x_it.o [1]
SPI1_IRQHandler         0x08008b43     0x2  Code  Gb  stm32f10x_it.o [1]
SPI2_IRQHandler         0x08008b45     0x2  Code  Gb  stm32f10x_it.o [1]
SPI3_IRQHandler         0x08008c07     0x2  Code  Gb  stm32f10x_it.o [1]
SPI_Cmd                 0x0800c39f    0x1a  Code  Gb  stm32f10x_spi.o [1]
SPI_I2S_GetFlagStatus   0x0800c3c1    0x1a  Code  Gb  stm32f10x_spi.o [1]
SPI_I2S_ReceiveData     0x0800c3bd     0x4  Code  Gb  stm32f10x_spi.o [1]
SPI_I2S_SendData        0x0800c3b9     0x4  Code  Gb  stm32f10x_spi.o [1]
SPI_Init                0x0800c361    0x3e  Code  Gb  stm32f10x_spi.o [1]
SVCHandler              0x08008a0d     0x2  Code  Gb  stm32f10x_it.o [1]
SaveRState              0x20004590     0x2  Data  Gb  usb_int.o [1]
SaveTState              0x20004592     0x2  Data  Gb  usb_int.o [1]
SaveTerminalPara        0x0800bac1    0x1a  Code  Gb  Terminal_Para_m.o [1]
Scsi_Sense_Data         0x20004874    0x14  Data  Gb  scsi_data.o [1]
SendData_To_PC          0x0800bb1d    0x6c  Code  Gb  hw_config.o [1]
SetBTABLE               0x08009165     0xe  Code  Gb  usb_regs.o [1]
SetDeviceAddress        0x080037ed    0x50  Code  Gb  usb_core.o [1]
SetEPRxAddr             0x08009303    0x1e  Code  Gb  usb_regs.o [1]
SetEPRxCount            0x0800936b    0x44  Code  Gb  usb_regs.o [1]
SetEPRxStatus           0x080091cd    0x38  Code  Gb  usb_regs.o [1]
SetEPRxValid            0x08009231    0x2c  Code  Gb  usb_regs.o [1]
SetEPTxAddr             0x080092e5    0x1e  Code  Gb  usb_regs.o [1]
SetEPTxCount            0x08009351    0x1a  Code  Gb  usb_regs.o [1]
SetEPTxStatus           0x08009193    0x3a  Code  Gb  usb_regs.o [1]
SetEPTxValid            0x08009205    0x2c  Code  Gb  usb_regs.o [1]
SetEPType               0x08009173    0x20  Code  Gb  usb_regs.o [1]
Set_CSW                 0x080079e5    0x38  Code  Gb  usb_bot.o [1]
Set_Scsi_Sense_Data     0x080073c7     0xa  Code  Gb  usb_scsi.o [1]
Set_USBClock            0x0800bf85    0x1c  Code  Lc  PCUsart.o [1]
Setup0_Process          0x08003651    0x8c  Code  Gb  usb_core.o [1]
Standard_ClearFeature   0x08002e85   0x158  Code  Gb  usb_core.o [1]
Standard_GetConfiguration
                        0x08002c61    0x2a  Code  Gb  usb_core.o [1]
Standard_GetDescriptorData
                        0x080030bf    0x24  Code  Gb  usb_core.o [1]
Standard_GetInterface   0x08002cd9    0x2a  Code  Gb  usb_core.o [1]
Standard_GetStatus      0x08002d85   0x100  Code  Gb  usb_core.o [1]
Standard_Inquiry_Data   0x20004774    0x24  Data  Gb  scsi_data.o [1]
Standard_Inquiry_Data2  0x20004798    0x24  Data  Gb  scsi_data.o [1]
Standard_SetConfiguration
                        0x08002c8b    0x4e  Code  Gb  usb_core.o [1]
Standard_SetDeviceFeature
                        0x0800309b    0x24  Code  Gb  usb_core.o [1]
Standard_SetEndPointFeature
                        0x08002fe1    0xba  Code  Gb  usb_core.o [1]
Standard_SetInterface   0x08002d03    0x82  Code  Gb  usb_core.o [1]
State_Machine_thread    0x08003b6d   0x4ac  Code  Gb  app.o [1]
Status                  0x200044c8     0x4  Data  Gb  mass_mal.o [1]
StatusInfo              0x20004550     0x4  Data  Gb  usb_core.o [1]
String_Descriptor       0x200047e0    0x20  Data  Gb  usb_prop.o [1]
TAMPER_IRQHandler       0x08008a13     0x2  Code  Gb  stm32f10x_it.o [1]
TIM1_BRK_IRQHandler     0x08008b09     0x2  Code  Gb  stm32f10x_it.o [1]
TIM1_CC_IRQHandler      0x08008b0f     0x2  Code  Gb  stm32f10x_it.o [1]
TIM1_TRG_COM_IRQHandler
                        0x08008b0d     0x2  Code  Gb  stm32f10x_it.o [1]
TIM1_UP_IRQHandler      0x08008b0b     0x2  Code  Gb  stm32f10x_it.o [1]
TIM2_IRQHandler         0x08008b11     0x8  Code  Gb  stm32f10x_it.o [1]
TIM2_UpdateISRHandler   0x080095d1    0x9a  Code  Gb  TimeBase.o [1]
TIM3_IRQHandler         0x08008b19    0x20  Code  Gb  stm32f10x_it.o [1]
TIM4_IRQHandler         0x08008b39     0x2  Code  Gb  stm32f10x_it.o [1]
TIM5_IRQHandler         0x08008c05     0x2  Code  Gb  stm32f10x_it.o [1]
TIM6_IRQHandler         0x08008c0d     0x2  Code  Gb  stm32f10x_it.o [1]
TIM7_IRQHandler         0x08008c0f     0x2  Code  Gb  stm32f10x_it.o [1]
TIM8_BRK_IRQHandler     0x08008bf7     0x2  Code  Gb  stm32f10x_it.o [1]
TIM8_CC_IRQHandler      0x08008bfd     0x2  Code  Gb  stm32f10x_it.o [1]
TIM8_TRG_COM_IRQHandler
                        0x08008bfb     0x2  Code  Gb  stm32f10x_it.o [1]
TIM8_UP_IRQHandler      0x08008bf9     0x2  Code  Gb  stm32f10x_it.o [1]
TIM_ClearFlag           0x0800ad4b     0x8  Code  Gb  stm32f10x_tim.o [1]
TIM_ClearITPendingBit   0x0800ad85     0x8  Code  Gb  stm32f10x_tim.o [1]
TIM_Cmd                 0x0800ad17    0x1c  Code  Gb  stm32f10x_tim.o [1]
TIM_GetITStatus         0x0800ad53    0x32  Code  Gb  stm32f10x_tim.o [1]
TIM_ITConfig            0x0800ad33    0x18  Code  Gb  stm32f10x_tim.o [1]
TIM_OC1Init             0x0800ac5f    0x76  Code  Gb  stm32f10x_tim.o [1]
TIM_OCStructInit        0x0800acf5    0x22  Code  Gb  stm32f10x_tim.o [1]
TIM_TimeBaseInit        0x0800ac29    0x36  Code  Gb  stm32f10x_tim.o [1]
TIM_TimeBaseStructInit  0x0800acdd    0x18  Code  Gb  stm32f10x_tim.o [1]
TimeBase_Init           0x08009423    0x6e  Code  Gb  TimeBase.o [1]
TransferState           0x200045a1     0x1  Data  Gb  memory.o [1]
Transfer_Data_Request   0x080079b1    0x32  Code  Gb  usb_bot.o [1]
UART4_IRQHandler        0x08008c09     0x2  Code  Gb  stm32f10x_it.o [1]
UART5_IRQHandler        0x08008c0b     0x2  Code  Gb  stm32f10x_it.o [1]
USART1_IRQHandler       0x08008b47     0x2  Code  Gb  stm32f10x_it.o [1]
USART2_IRQHandler       0x08008b49    0x78  Code  Gb  stm32f10x_it.o [1]
USART3_IRQHandler       0x08008bc1    0x30  Code  Gb  stm32f10x_it.o [1]
USART_ClearITPendingBit
                        0x0800a2a5    0x18  Code  Gb  stm32f10x_usart.o [1]
USART_Cmd               0x0800a195    0x1a  Code  Gb  stm32f10x_usart.o [1]
USART_DMACmd            0x0800a1ff    0x18  Code  Gb  stm32f10x_usart.o [1]
USART_GetFlagStatus     0x0800a227    0x1a  Code  Gb  stm32f10x_usart.o [1]
USART_GetITStatus       0x0800a241    0x64  Code  Gb  stm32f10x_usart.o [1]
USART_ITConfig          0x0800a1af    0x50  Code  Gb  stm32f10x_usart.o [1]
USART_Init              0x0800a0f9    0x9c  Code  Gb  stm32f10x_usart.o [1]
USART_ReceiveData       0x0800a21f     0x8  Code  Gb  stm32f10x_usart.o [1]
USART_SendData          0x0800a217     0x8  Code  Gb  stm32f10x_usart.o [1]
USBWakeUp_IRQHandler    0x08008bf5     0x2  Code  Gb  stm32f10x_it.o [1]
USB_APP_ClearFeature    0x08006f45    0x1c  Code  Gb  usb_prop.o [1]
USB_APP_Data_Setup      0x08006f71    0xd4  Code  Gb  usb_prop.o [1]
USB_APP_GetConfigDescriptor
                        0x080070f1    0x24  Code  Gb  usb_prop.o [1]
USB_APP_GetDeviceDescriptor
                        0x080070c9    0x24  Code  Gb  usb_prop.o [1]
USB_APP_GetStringDescriptor
                        0x0800711d    0x28  Code  Gb  usb_prop.o [1]
USB_APP_Get_Interface_Setting
                        0x08007165    0x18  Code  Gb  usb_prop.o [1]
USB_APP_NoData_Setup    0x08007045    0x78  Code  Gb  usb_prop.o [1]
USB_APP_Reset           0x08006dd9   0x134  Code  Gb  usb_prop.o [1]
USB_APP_SetConfiguration
                        0x08006f15    0x30  Code  Gb  usb_prop.o [1]
USB_APP_SetDeviceAddress
                        0x08006f61     0x8  Code  Gb  usb_prop.o [1]
USB_APP_Status_In       0x08006f6d     0x2  Code  Gb  usb_prop.o [1]
USB_APP_Status_Out      0x08006f6f     0x2  Code  Gb  usb_prop.o [1]
USB_APP_StringLangID    0x0800d3f8     0x4  Data  Gb  usb_desc.o [1]
USB_APP_StringProduct   0x0800cf3c    0x20  Data  Gb  usb_desc.o [1]
USB_APP_StringSerial    0x20004820    0x1c  Data  Gb  usb_desc.o [1]
USB_APP_StringVendor    0x0800cdd0    0x28  Data  Gb  usb_desc.o [1]
USB_APP_init            0x08006d99    0x40  Code  Gb  usb_prop.o [1]
USB_HP_CAN_TX_IRQHandler
                        0x08008acf     0x2  Code  Gb  stm32f10x_it.o [1]
USB_Init                0x0800cb2d    0x40  Code  Gb  usb_init.o [1]
USB_Interrupts_Config   0x0800bfa1    0x48  Code  Lc  PCUsart.o [1]
USB_Istr                0x0800c021    0x9c  Code  Gb  usb_istr.o [1]
USB_LP_CAN_RX0_IRQHandler
                        0x08008ad1     0x8  Code  Gb  stm32f10x_it.o [1]
USB_PowerOn             0x0800cbe5    0x34  Code  Gb  usb_pwr.o [1]
USB_SIL_Read            0x0800c6e7    0x2c  Code  Gb  usb_sil.o [1]
USB_SIL_Write           0x0800c6b9    0x2e  Code  Gb  usb_sil.o [1]
Unconfigure_All         0x0800a3b5    0x20  Code  Lc  main.o [1]
UsageFaultException     0x08008a09     0x2  Code  Gb  stm32f10x_it.o [1]
UsbKeyValue_Ascii_Tbl   0x0800a7c0   0x180  Data  Gb  basic_fun.o [1]
UserToPMABufferCopy     0x0800c81d    0x2e  Code  Gb  usb_mem.o [1]
User_Standard_Requests  0x200047bc    0x24  Data  Gb  usb_prop.o [1]
WWDG_IRQHandler         0x08008a0f     0x2  Code  Gb  stm32f10x_it.o [1]
Write_Memory            0x08009c3d   0x120  Code  Gb  memory.o [1]
_EncodingSb_Mbtowc      0x0800c681    0x38  Code  Gb  xencoding_sb.o [3]
_EncodingSb_Wctomb      0x0800c65d    0x1c  Code  Gb  xencoding_sb.o [3]
_Files                  0x20004800    0x20  Data  Gb  xfiles.o [3]
_GenldDefault           0x080029d5   0x258  Code  Lc  xprintffull.o [3]
_IsdstStr               0x200045d8     0x4  Data  Gb  setlocale.o [3]
_LdtobDefault           0x080025b1   0x404  Code  Lc  xprintffull.o [3]
_LitobDefault           0x08002499   0x110  Code  Lc  xprintffull.o [3]
_LocaleC_lconv          0x0800c910    0x48  Data  Gb  xlocale_c.o [3]
_LocaleEncoding         0x0800d175    0x10  Code  Gb  setlocale.o [3]
_LocaleReturnString     0x200045e8    0x50  Data  Lc  setlocale.o [3]
_Locale_LconvArray      0x200045e4     0x4  Data  Gb  setlocale.o [3]
_Locale_Profile         0x200045b4    0x1c  Data  Gb  setlocale.o [3]
_Locale_lconv           0x2000463c    0x48  Data  Gb  localeconv.o [3]
_Mbtowc                 0x0800cf7d    0x20  Code  Gb  xmbtowc.o [3]
_Printf                 0x08001c11   0x5a8  Code  Gb  xprintffull.o [3]
_Prout                  0x0800d0bf    0x16  Code  Gb  xprout.o [3]
_PutcharsDefault        0x08002c2d    0x32  Code  Lc  xprintffull.o [3]
_PutstrDefault          0x080021c1   0x2cc  Code  Lc  xprintffull.o [3]
_TzoneStr               0x200045d0     0x4  Data  Gb  setlocale.o [3]
_Wctomb                 0x0800d015    0x1a  Code  Gb  xwctomb.o [3]
__BASEPRICONFIG         0x0800c34b          Code  Gb  cortexm3_macro.o [1]
__DMB                   0x0800c2fd          Code  Gb  cortexm3_macro.o [1]
__DSB                   0x0800c2f7          Code  Gb  cortexm3_macro.o [1]
__GetBASEPRI            0x0800c351          Code  Gb  cortexm3_macro.o [1]
__ISB                   0x0800c2f1          Code  Gb  cortexm3_macro.o [1]
__MRS_CONTROL           0x0800c307          Code  Gb  cortexm3_macro.o [1]
__MRS_MSP               0x0800c323          Code  Gb  cortexm3_macro.o [1]
__MRS_PSP               0x0800c317          Code  Gb  cortexm3_macro.o [1]
__MSR_CONTROL           0x0800c30d          Code  Gb  cortexm3_macro.o [1]
__MSR_MSP               0x0800c329          Code  Gb  cortexm3_macro.o [1]
__MSR_PSP               0x0800c31d          Code  Gb  cortexm3_macro.o [1]
__READ_FAULTMASK        0x0800c345          Code  Gb  cortexm3_macro.o [1]
__READ_PRIMASK          0x0800c337          Code  Gb  cortexm3_macro.o [1]
__RESETFAULTMASK        0x0800c33d          Code  Gb  cortexm3_macro.o [1]
__RESETPRIMASK          0x0800c32f          Code  Gb  cortexm3_macro.o [1]
__REV_HalfWord          0x0800c357          Code  Gb  cortexm3_macro.o [1]
__REV_Word              0x0800c35b          Code  Gb  cortexm3_macro.o [1]
__SETFAULTMASK          0x0800c341          Code  Gb  cortexm3_macro.o [1]
__SETPRIMASK            0x0800c333          Code  Gb  cortexm3_macro.o [1]
__SEV                   0x0800c2ed          Code  Gb  cortexm3_macro.o [1]
__SVC                   0x0800c303          Code  Gb  cortexm3_macro.o [1]
__WFE                   0x0800c2e9          Code  Gb  cortexm3_macro.o [1]
__WFI                   0x0800c2e5          Code  Gb  cortexm3_macro.o [1]
__aeabi_assert          0x0800ca27    0x42  Code  Gb  xassert.o [3]
__aeabi_cdcmple         0x0800cced          Code  Gb  DblCmpLe.o [4]
__aeabi_cdrcmple        0x0800cd1d          Code  Gb  DblCmpGe.o [4]
__aeabi_d2iz            0x0800c7c5          Code  Gb  DblToI32.o [4]
__aeabi_d2uiz           0x0800c7f1          Code  Gb  DblToI32.o [4]
__aeabi_dadd            0x0800b951          Code  Gb  DblAdd.o [4]
__aeabi_ddiv            0x08008c19          Code  Gb  DblDiv.o [4]
__aeabi_dmul            0x0800a61d          Code  Gb  DblMul.o [4]
__aeabi_dsub            0x0800a941          Code  Gb  DblSub.o [4]
__aeabi_i2d             0x0800cd4d          Code  Gb  I32ToDbl.o [4]
__aeabi_ldiv0           0x0800d3fd          Code  Gb  I64DivZer.o [4]
__aeabi_ldivmod         0x0800aed5          Code  Gb  I64DivMod.o [4]
__aeabi_memcpy          0x0800c455          Code  Gb  ABImemcpy.o [4]
__aeabi_memcpy4         0x0800c46f          Code  Gb  ABImemcpy.o [4]
__aeabi_memcpy8         0x0800c46f          Code  Gb  ABImemcpy.o [4]
__aeabi_memset          0x0800c535          Code  Gb  ABImemset.o [4]
__aeabi_ui2d            0x0800cd61          Code  Gb  I32ToDbl.o [4]
__aeabi_uldivmod        0x0800aee9          Code  Gb  I64DivMod.o [4]
__call_dtors            0x0800c4f1     0x4  Code  Gb  cppinit.o [3]
__cstart_call_dtors     0x0800d233          Code  Gb  cexit.o [4]
__cxa_atexit            0x0800c4c5    0x2c  Code  Gb  cppinit.o [3]
__cxa_finalize          0x0800c4f5    0x3c  Code  Gb  cppinit.o [3]
__data_Aldata           0x20004488     0x8  Data  Gb  xxmemxmalloc.o [3]
__data_GetMemChunk      0x0800ce21    0x28  Code  Gb  xgetmemchunk.o [3]
__dwrite                0x0800cfbd    0x1e  Code  Gb  dwrite.o [5]
__exit                  0x0800d14d    0x14  Code  Gb  exit.o [5]
__iar_Dnorm             0x0800bd81    0xb4  Code  Gb  xdnorm.o [3]
__iar_Dscale            0x0800b245   0x110  Code  Gb  xdscale.o [3]
__iar_EmptyStepPoint    0x0800ca25     0x2  Code  Gb  xassert.o [3]
__iar_Locksyslock       0x0800c175    0x4c  Code  Gb  xsyslock.o [3]
__iar_Mbcurmax          0x0800d37d     0xa  Code  Gb  xmbcurmax.o [3]
__iar_Memchr            0x0800c76d          Code  Gb  memchr.o [4]
__iar_Memset            0x0800c535          Code  Gb  ABImemset.o [4]
__iar_Memset_word       0x0800c53d          Code  Gb  ABImemset.o [4]
__iar_Mtxdst            0x0800ccc3     0x6  Code  Gb  MtxWrapper.o [3]
__iar_Mtxinit           0x0800ccbd     0x6  Code  Gb  MtxWrapper.o [3]
__iar_Mtxlock           0x0800ccc9     0x4  Code  Gb  MtxWrapper.o [3]
__iar_Mtxunlock         0x0800ccd7     0x6  Code  Gb  MtxWrapper.o [3]
__iar_ReportAssert      0x0800c281    0x64  Code  Gb  xreportassert.o [3]
__iar_Stderr            0x20004704    0x40  Data  Gb  xfiles.o [3]
__iar_Stdin             0x20004684    0x40  Data  Gb  xfiles.o [3]
__iar_Stdout            0x200046c4    0x40  Data  Gb  xfiles.o [3]
__iar_Strchr            0x0800d0a9          Code  Gb  strchr.o [4]
__iar_Tls_setup__IsdstStr
                        0x200045dc     0x4  Data  Gb  setlocale.o [3]
__iar_Tls_setup__Locale_Profile
                        0x200045e0     0x4  Data  Gb  setlocale.o [3]
__iar_Tls_setup__Locale_lconv
                        0x20004638     0x4  Data  Gb  localeconv.o [3]
__iar_Tls_setup__TzoneStr
                        0x200045d4     0x4  Data  Gb  setlocale.o [3]
__iar_Unlocksyslock     0x0800c1c1    0x14  Code  Gb  xsyslock.o [3]
__iar_d2uiz             0x0800c7fb          Code  Gb  DblToI32.o [4]
__iar_dadd              0x0800b963          Code  Gb  DblAdd.o [4]
__iar_data_init2        0x0800cff9    0x1c  Code  Gb  data_init2.o [4]
__iar_dsub              0x0800a953          Code  Gb  DblSub.o [4]
__iar_dsubStart         0x0800a965          Code  Gb  DblSub.o [4]
__iar_packbits_init2    0x0800c0bd    0x8e  Code  Gb  packbits_init2.o [4]
__iar_program_start     0x0800d091          Code  Gb  cmain.o [4]
__iar_sh_stdout         0x0800c885    0x3c  Code  Gb  iarwstd.o [5]
__iar_sh_stdout_close   0x0800c871    0x14  Code  Gb  iarwstd.o [5]
__iar_sh_stdout_handle  0x20004588     0x4  Data  Lc  iarwstd.o [5]
__iar_sh_write          0x0800cf9d    0x20  Code  Gb  iarwrite.o [5]
__iar_strcmp            0x0800ca69          Code  Gb  strcmp.o [4]
__iar_ui2d              0x0800cd63          Code  Gb  I32ToDbl.o [4]
__iar_zero_init2        0x0800d02f    0x1a  Code  Gb  zero_init2.o [4]
__low_level_init        0x0800d3ff     0x4  Code  Gb  low_level_init.o [3]
__vector_table          0x08000000   0x140  Data  Gb  stm32f10x_vector.o [1]
__write                 0x0800d221    0x10  Code  Gb  write.o [5]
_exit                   0x0800d231          Code  Gb  cexit.o [4]
_main                   0x0800d0a3          Code  Gb  cmain.o [4]
abort                   0x0800d3e1     0x8  Code  Gb  abort.o [3]
addressbits             0x0800b760   0x100  Data  Lc  rec_ecc.o [1]
app_init                0x08003ab9    0xb0  Code  Gb  app.o [1]
app_init_thread         0x080041b1    0xe8  Code  Gb  app.o [1]
app_startup             0x080042a1    0x88  Code  Gb  app.o [1]
ascii_to_keyreport      0x0800ae39    0x98  Code  Gb  basic_fun.o [1]
bDeviceState            0x20004570     0x4  Data  Gb  usb_pwr.o [1]
bIntPackSOF             0x200045b0     0x1  Data  Gb  usb_istr.o [1]
barcode                 0x200040c8    0x54  Data  Gb  app.o [1]
barcode_cash            0x20002b80   0x4d0  Data  Lc  app.o [1]
barcode_hid_send        0x08003a5d    0x5c  Code  Lc  app.o [1]
barcode_pool            0x200042a0    0x3c  Data  Lc  app.o [1]
batch_node              0x20004074    0x54  Data  Lc  app.o [1]
bitsperbyte             0x0800b660   0x100  Data  Lc  rec_ecc.o [1]
buffer                  0x20000df0  0x1000  Data  Lc  spi_flash.o [1]
calculate_ecc           0x08006901   0x3a4  Code  Gb  rec_ecc.o [1]
charge_detect_io_cnt    0x200044bc     0x4  Data  Gb  hw_platform.o [1]
charge_state_cnt        0x200044b4     0x4  Data  Lc  hw_platform.o [1]
check_vtimer_handle     0x080094f9    0x18  Code  Lc  TimeBase.o [1]
clearlocks              0x0800c14d    0x26  Code  Lc  xsyslock.o [3]
correct_data            0x08006ca5    0xf4  Code  Gb  rec_ecc.o [1]
count_in                0x20004554     0x4  Data  Gb  usb_endp.o [1]
crc32                   0x0800cdf9    0x28  Code  Gb  crc32.o [1]
crc32_tab               0x08007e74   0x400  Data  Lc  crc32.o [1]
current_cache_block     0x2000453c     0x4  Data  Lc  spi_flash.o [1]
current_led_state       0x2000459c     0x1  Data  Lc  hw_platform.o [1]
current_logical_index   0x2000451c     0x4  Data  Lc  record_m.o [1]
current_node_offset     0x20004520     0x4  Data  Gb  record_m.o [1]
current_press_key       0x2000459d     0x1  Data  Lc  keypad.o [1]
delay_ms                0x08009409    0x1a  Code  Gb  TimeBase.o [1]
delay_us                0x080093f1    0x18  Code  Gb  TimeBase.o [1]
delete_one_node         0x08006861    0x1e  Code  Gb  record_m.o [1]
device_current_state    0x200044a8     0x4  Data  Gb  app.o [1]
div                     0x0800d24d     0xe  Code  Gb  div.o [3]
ebuf                    0x200041c0    0x50  Data  Lc  xfiles.o [3]
eccdata_tmp             0x20003d7c   0x100  Data  Gb  record_mod.o [1]
ecckey_cal              0x2000452c     0x4  Data  Gb  record_mod.o [1]
ecckey_read             0x20004528     0x4  Data  Gb  record_mod.o [1]
enter_into_BT_Mode      0x080039e3    0x4e  Code  Lc  app.o [1]
enter_into_Memory_Mode  0x08003961    0x14  Code  Lc  app.o [1]
enter_into_USB_HID_Mode
                        0x08003977    0x60  Code  Lc  app.o [1]
event_pool              0x20004368    0x20  Data  Lc  app.o [1]
exit                    0x0800d3e9     0x6  Code  Gb  exit.o [3]
exit_from_BT_Mode       0x08003a31    0x2a  Code  Lc  app.o [1]
exit_from_Memory_Mode   0x08003975     0x2  Code  Lc  app.o [1]
exit_from_USB_HID_Mode  0x080039d7     0xc  Code  Lc  app.o [1]
fatfs_sector_offset     0x20004544     0x4  Data  Gb  spi_flash.o [1]
fflush                  0x0800bea9    0x3c  Code  Gb  fflush.o [3]
fflushOne               0x0800be35    0x74  Code  Lc  fflush.o [3]
flash_state             0x200045ac     0x1  Data  Lc  spi_flash.o [1]
flasize                 0x20004538     0x4  Data  Gb  spi_flash.o [1]
fputc                   0x0800ce6d    0x20  Code  Gb  data_uart.o [1]
free                    0x0800c1d9    0x88  Code  Gb  xxmemxfree.o [3]
g_mass_storage_device_type
                        0x20004597     0x1  Data  Gb  PCUsart.o [1]
g_pReqCmd               0x20004490     0x4  Data  Gb  HJ5000_scanner.o [1]
g_param                 0x20004348    0x20  Data  Gb  Terminal_Para_m.o [1]
g_rec_offset            0x20004524     0x4  Data  Gb  record_m.o [1]
g_receive_buff          0x20003f94    0x80  Data  Gb  HJ5000_scanner.o [1]
g_resCmd                0x20004444     0xc  Data  Gb  HJ5000_scanner.o [1]
g_send_buff             0x20004328    0x20  Data  Gb  HJ5000_scanner.o [1]
g_usb_type              0x2000459b     0x1  Data  Gb  hw_config.o [1]
get_delete_node         0x08006505    0x42  Code  Lc  record_m.o [1]
get_first_valid_node    0x08006547    0x40  Code  Lc  record_m.o [1]
get_node                0x08006885    0x72  Code  Gb  record_m.o [1]
get_spi_flash_capacity  0x080062e9     0x6  Code  Gb  spi_flash.o [1]
hard_fault_handler_c    0x08008919    0xe4  Code  Gb  stm32f10x_it.o [1]
hex_to_str              0x0800ad8d    0x98  Code  Gb  basic_fun.o [1]
hw_platform_ChargeState_Detect
                        0x080057b5    0x38  Code  Gb  hw_platform.o [1]
hw_platform_USBcable_Insert_Detect
                        0x080057f5    0x30  Code  Gb  hw_platform.o [1]
hw_platform_beep_ctrl   0x0800589b    0x48  Code  Gb  hw_platform.o [1]
hw_platform_beep_motor_ctrl
                        0x080058e3    0x58  Code  Gb  hw_platform.o [1]
hw_platform_get_PowerClass
                        0x08005739    0x76  Code  Gb  hw_platform.o [1]
hw_platform_init        0x08005725    0x14  Code  Gb  hw_platform.o [1]
hw_platform_led_ctrl    0x08005825    0x76  Code  Gb  hw_platform.o [1]
hw_platform_start_led_blink
                        0x080059d5   0x228  Code  Gb  hw_platform.o [1]
hw_platform_stop_led_blink
                        0x08005bfd   0x106  Code  Gb  hw_platform.o [1]
id_array                0x0800caac    0x40  Data  Gb  spi_flash.o [1]
invparity               0x0800b560   0x100  Data  Lc  rec_ecc.o [1]
keyboard_output_report_value
                        0x2000456c     0x4  Data  Gb  usb_prop.o [1]
keypad_state            0x2000459e     0x1  Data  Lc  keypad.o [1]
keypress_timeout        0x200044ac     0x4  Data  Gb  app.o [1]
last_charge_detect_io_cnt
                        0x200044b8     0x4  Data  Lc  hw_platform.o [1]
led_blue_blink_timer_hook
                        0x08005969    0x24  Code  Lc  hw_platform.o [1]
led_green_blink_timer_hook
                        0x0800598d    0x24  Code  Lc  hw_platform.o [1]
led_red_blink_timer_hook
                        0x08005945    0x24  Code  Lc  hw_platform.o [1]
led_timer_h             0x200043fc    0x10  Data  Lc  hw_platform.o [1]
led_yellow_blink_timer_hook
                        0x080059b1    0x24  Code  Lc  hw_platform.o [1]
localeconv              0x0800d161    0x14  Code  Gb  localeconv.o [3]
lowpower_cnt            0x2000459a     0x1  Data  Lc  app.o [1]
lowpower_state          0x20004599     0x1  Data  Lc  app.o [1]
lowpower_tip            0x08004169    0x46  Code  Gb  app.o [1]
main                    0x0800a2bd    0x6c  Code  Gb  main.o [1]
malloc                  0x0800bcc5    0xbc  Code  Gb  xxmemxmalloc.o [3]
memchr                  0x0800c76d          Code  Gb  memchr.o [4]
memcmp                  0x0800c59d          Code  Gb  memcmp.o [4]
memcpy                  0x0800d23f     0xe  Code  Wk  BT816.o [1]
memset                  0x0800d189    0x14  Code  Wk  HJ5000_scanner.o [1]
mtx                     0x200043dc    0x10  Data  Lc  xsyslock.o [3]
mtxdst                  0x2000457c     0x4  Data  Lc  MtxWrapper.o [3]
mtxinit                 0x20004578     0x4  Data  Lc  MtxWrapper.o [3]
mtxlock                 0x20004580     0x4  Data  Lc  MtxWrapper.o [3]
mtxunlock               0x20004584     0x4  Data  Lc  MtxWrapper.o [3]
next_abi_dtor_rec       0x200048d4     0x4  Data  Lc  cppinit.o [3]
obuf                    0x20004210    0x50  Data  Lc  xfiles.o [3]
out                     0x0800c261    0x20  Code  Lc  xreportassert.o [3]
pBarcode_Queue          0x2000449c     0x4  Data  Lc  app.o [1]
pEpInt_IN               0x2000483c    0x1c  Data  Gb  usb_istr.o [1]
pEpInt_OUT              0x20004858    0x1c  Data  Gb  usb_istr.o [1]
pEvent_Queue            0x200044a0     0x4  Data  Gb  app.o [1]
pIOSem                  0x200044a4     0x4  Data  Lc  app.o [1]
pInformation            0x20004558     0x4  Data  Gb  usb_init.o [1]
pProperty               0x2000455c     0x4  Data  Gb  usb_init.o [1]
pUser_Standard_Requests
                        0x20004560     0x4  Data  Gb  usb_init.o [1]
p_allocate_addr         0x200039ec   0x190  Data  Lc  JMemory.o [1]
p_init_thread_stk       0x20004498     0x4  Data  Lc  app.o [1]
pack_set_command        0x080083c1    0x5a  Code  Lc  HJ5000_scanner.o [1]
param_format            0x080018b5     0xe  Code  Gb  record_mod.o [1]
param_init              0x08001c01     0xe  Code  Gb  record_mod.o [1]
param_mod_state         0x20004598     0x1  Data  Lc  Terminal_Para_m.o [1]
param_read              0x080018c5   0x108  Code  Gb  record_mod.o [1]
param_write             0x080019cd   0x234  Code  Gb  record_mod.o [1]
platform_misc_port_init
                        0x080055cb   0x15a  Code  Lc  hw_platform.o [1]
press_cnt               0x200044c0     0x4  Data  Lc  keypad.o [1]
printf                  0x0800cf5d    0x20  Code  Gb  printf.o [3]
pull_barcode_from_cash  0x080038f5    0x6c  Code  Gb  app.o [1]
push_barcode_into_cash  0x08003881    0x72  Code  Gb  app.o [1]
putchar                 0x0800d371     0xc  Code  Gb  putchar.o [3]
rec_LA_to_PA            0x080066c9    0xe8  Code  Gb  record_m.o [1]
rec_PA_to_LA            0x080067b1    0xac  Code  Gb  record_m.o [1]
rec_cnt                 0x20004518     0x4  Data  Lc  record_m.o [1]
rec_copy4kblk           0x08000221    0x62  Code  Lc  record_mod.o [1]
rec_getindex            0x08000283    0x18  Code  Lc  record_mod.o [1]
rec_getrecspc           0x08000179    0x3a  Code  Lc  record_mod.o [1]
rec_module_buffer       0x2000411c    0x54  Data  Gb  record_m.o [1]
rec_readsimprit         0x08000141    0x38  Code  Lc  record_mod.o [1]
rec_searchby_tag        0x08006635    0x94  Code  Gb  record_m.o [1]
rec_writesimprit        0x080001b3    0x62  Code  Lc  record_mod.o [1]
recinfo                 0x200042dc    0x2c  Data  Lc  record_mod.o [1]
recmod_flasize          0x20004540     0x4  Data  Gb  spi_flash.o [1]
record_add              0x08006589    0x94  Code  Gb  record_m.o [1]
record_clear            0x08006623    0x12  Code  Gb  record_m.o [1]
record_count            0x080009dd    0x96  Code  Gb  record_mod.o [1]
record_count_ext        0x08000a73    0x46  Code  Gb  record_mod.o [1]
record_delall           0x080017f9    0xbc  Code  Gb  record_mod.o [1]
record_format           0x0800029d   0x2bc  Code  Gb  record_mod.o [1]
record_init             0x08000559   0x47c  Code  Gb  record_mod.o [1]
record_modify           0x08000d11    0xac  Code  Gb  record_mod.o [1]
record_module_count     0x0800661d     0x6  Code  Gb  record_m.o [1]
record_module_init      0x0800642d    0xa4  Code  Gb  record_m.o [1]
record_module_read      0x080064d1    0x34  Code  Gb  record_m.o [1]
record_read             0x08000ab9   0x24c  Code  Gb  record_mod.o [1]
record_replace          0x08000dc1   0x4f4  Code  Gb  record_mod.o [1]
record_write            0x080012b5   0x544  Code  Gb  record_mod.o [1]
recover_record_by_logfile
                        0x080068fd     0x4  Code  Gb  record_m.o [1]
release_cnt             0x200044c4     0x4  Data  Lc  keypad.o [1]
reset_resVar            0x0800835f    0x1a  Code  Gb  HJ5000_scanner.o [1]
reset_timer             0x08009511    0x28  Code  Gb  TimeBase.o [1]
scan_barcode_ok_tip     0x08003841    0x40  Code  Lc  app.o [1]
scan_key_trig           0x2000459f     0x1  Data  Gb  keypad.o [1]
scanner_get_barcode     0x0800855d    0x98  Code  Gb  HJ5000_scanner.o [1]
scanner_mod_init        0x0800841d    0x6c  Code  Gb  HJ5000_scanner.o [1]
send_data_to_BT816S01   0x08004531    0x58  Code  Lc  BT816.o [1]
send_data_to_scanner    0x08008379    0x38  Code  Lc  HJ5000_scanner.o [1]
simprit                 0x2000440c    0x10  Data  Lc  record_mod.o [1]
spi_flash_erasesector   0x08005eb9    0x4c  Code  Gb  spi_flash.o [1]
spi_flash_init          0x08005d19   0x180  Code  Gb  spi_flash.o [1]
spi_flash_page_write    0x08005f8b    0x64  Code  Gb  spi_flash.o [1]
spi_flash_post_write    0x080062ef    0x6c  Code  Gb  spi_flash.o [1]
spi_flash_raddr         0x080061b5    0x5e  Code  Gb  spi_flash.o [1]
spi_flash_rpage         0x08005f05    0x86  Code  Gb  spi_flash.o [1]
spi_flash_send_byte     0x08006213    0x48  Code  Gb  spi_flash.o [1]
spi_flash_valid         0x08005e99    0x1c  Code  Gb  spi_flash.o [1]
spi_flash_waddr         0x08005fef   0x1c6  Code  Gb  spi_flash.o [1]
spi_flash_wait_for_write_end
                        0x0800627f    0x64  Code  Gb  spi_flash.o [1]
spi_flash_write         0x0800635b    0xc4  Code  Gb  spi_flash.o [1]
spi_flash_write_enable  0x08006261    0x1e  Code  Gb  spi_flash.o [1]
start_real_timer        0x0800959d    0x1a  Code  Gb  TimeBase.o [1]
start_timer             0x08009491    0x68  Code  Gb  TimeBase.o [1]
stop_real_timer         0x080095b7    0x1a  Code  Gb  TimeBase.o [1]
stop_timer              0x08009539    0x64  Code  Gb  TimeBase.o [1]
strchr                  0x0800d0a9          Code  Gb  strchr.o [4]
strcmp                  0x0800ca69          Code  Gb  strcmp.o [4]
strcpy                  0x0800c9e1          Code  Gb  strcpy.o [4]
strlen                  0x0800cc21          Code  Gb  strlen.o [4]
syslock_o               0x200043d8     0x4  Data  Lc  xsyslock.o [3]
system_err_tip          0x080041af     0x2  Code  Gb  app.o [1]
test_var1               0x20004530     0x4  Data  Lc  record_mod.o [1]
test_var2               0x20004534     0x4  Data  Lc  record_mod.o [1]
thread_bt_stk           0x200035ec   0x200  Data  Lc  app.o [1]
thread_eventcapture_stk
                        0x200033ec   0x200  Data  Lc  app.o [1]
thread_statemachine_stk
                        0x200025f0   0x590  Data  Lc  app.o [1]
tmpfgrb                 0x200045ab     0x1  Data  Lc  record_mod.o [1]
tmpfgwi                 0x200045aa     0x1  Data  Lc  record_mod.o [1]
token                   0x20004438     0xc  Data  Lc  BT816.o [1]
token_value             0x200043ec    0x10  Data  Lc  BT816.o [1]
usb_device_init         0x0800bff9    0x28  Code  Gb  PCUsart.o [1]
v_timer_list            0x20004450     0x8  Data  Gb  TimeBase.o [1]
wInterrupt_Mask         0x2000458e     0x2  Data  Gb  usb_init.o [1]
wIstr                   0x20004594     0x2  Data  Gb  usb_istr.o [1]
wait_time_out           0x20004494     0x4  Data  Lc  HJ5000_scanner.o [1]
write_cmd_to_scanner    0x080083b5     0xc  Code  Lc  HJ5000_scanner.o [1]


[1] = E:\H520B\FW\src\Project\EWARMv5\Debug\Obj
[2] = command line
[3] = dl7M_tl_if.a
[4] = rt7M_tl.a
[5] = shb_l.a

  50 058 bytes of readonly  code memory
   4 848 bytes of readonly  data memory
  18 629 bytes of readwrite data memory

Errors: none
Warnings: none
