###############################################################################
#                                                                             #
# IAR ELF Linker V5.30.0.51174/W32 for ARM              23/Sep/2015  16:12:50 #
# Copyright 2007-2009 IAR Systems AB.                                         #
#                                                                             #
#    Output file  =  E:\H520B\FW\src\Project\EWARMv5\Debug\Exe\T6.out         #
#    Map file     =  E:\H520B\FW\src\Project\EWARMv5\Debug\List\T6.map        #
#    Command line =  E:\H520B\FW\src\Project\EWARMv5\Debug\Obj\HJ5000_scanner #
#                    .o E:\H520B\FW\src\Project\EWARMv5\Debug\Obj\JMemory.o   #
#                    E:\H520B\FW\src\Project\EWARMv5\Debug\Obj\PCUsart.o      #
#                    E:\H520B\FW\src\Project\EWARMv5\Debug\Obj\Terminal_Para. #
#                    o E:\H520B\FW\src\Project\EWARMv5\Debug\Obj\TimeBase.o   #
#                    E:\H520B\FW\src\Project\EWARMv5\Debug\Obj\WBTDS01.o      #
#                    E:\H520B\FW\src\Project\EWARMv5\Debug\Obj\app.o          #
#                    E:\H520B\FW\src\Project\EWARMv5\Debug\Obj\basic_fun.o    #
#                    E:\H520B\FW\src\Project\EWARMv5\Debug\Obj\cortexm3_macro #
#                    .o E:\H520B\FW\src\Project\EWARMv5\Debug\Obj\cpu_a.o     #
#                    E:\H520B\FW\src\Project\EWARMv5\Debug\Obj\cpu_c.o        #
#                    E:\H520B\FW\src\Project\EWARMv5\Debug\Obj\crc32.o        #
#                    E:\H520B\FW\src\Project\EWARMv5\Debug\Obj\data_uart.o    #
#                    E:\H520B\FW\src\Project\EWARMv5\Debug\Obj\diskio.o       #
#                    E:\H520B\FW\src\Project\EWARMv5\Debug\Obj\ff.o           #
#                    E:\H520B\FW\src\Project\EWARMv5\Debug\Obj\hardfault_isr_ #
#                    handle_a.o E:\H520B\FW\src\Project\EWARMv5\Debug\Obj\has #
#                    h.o E:\H520B\FW\src\Project\EWARMv5\Debug\Obj\hw_config. #
#                    o E:\H520B\FW\src\Project\EWARMv5\Debug\Obj\hw_platform. #
#                    o E:\H520B\FW\src\Project\EWARMv5\Debug\Obj\keypad.o     #
#                    E:\H520B\FW\src\Project\EWARMv5\Debug\Obj\lib_ascii.o    #
#                    E:\H520B\FW\src\Project\EWARMv5\Debug\Obj\lib_mem.o      #
#                    E:\H520B\FW\src\Project\EWARMv5\Debug\Obj\lib_str.o      #
#                    E:\H520B\FW\src\Project\EWARMv5\Debug\Obj\main.o         #
#                    E:\H520B\FW\src\Project\EWARMv5\Debug\Obj\mass_mal.o     #
#                    E:\H520B\FW\src\Project\EWARMv5\Debug\Obj\memory.o       #
#                    E:\H520B\FW\src\Project\EWARMv5\Debug\Obj\os_core.o      #
#                    E:\H520B\FW\src\Project\EWARMv5\Debug\Obj\os_cpu_a.o     #
#                    E:\H520B\FW\src\Project\EWARMv5\Debug\Obj\os_cpu_c.o     #
#                    E:\H520B\FW\src\Project\EWARMv5\Debug\Obj\os_dbg.o       #
#                    E:\H520B\FW\src\Project\EWARMv5\Debug\Obj\os_flag.o      #
#                    E:\H520B\FW\src\Project\EWARMv5\Debug\Obj\os_mbox.o      #
#                    E:\H520B\FW\src\Project\EWARMv5\Debug\Obj\os_mem.o       #
#                    E:\H520B\FW\src\Project\EWARMv5\Debug\Obj\os_mutex.o     #
#                    E:\H520B\FW\src\Project\EWARMv5\Debug\Obj\os_probe.o     #
#                    E:\H520B\FW\src\Project\EWARMv5\Debug\Obj\os_q.o         #
#                    E:\H520B\FW\src\Project\EWARMv5\Debug\Obj\os_sem.o       #
#                    E:\H520B\FW\src\Project\EWARMv5\Debug\Obj\os_task.o      #
#                    E:\H520B\FW\src\Project\EWARMv5\Debug\Obj\os_time.o      #
#                    E:\H520B\FW\src\Project\EWARMv5\Debug\Obj\os_tmr.o       #
#                    E:\H520B\FW\src\Project\EWARMv5\Debug\Obj\record.o       #
#                    E:\H520B\FW\src\Project\EWARMv5\Debug\Obj\scsi_data.o    #
#                    E:\H520B\FW\src\Project\EWARMv5\Debug\Obj\spi_flash.o    #
#                    E:\H520B\FW\src\Project\EWARMv5\Debug\Obj\stm32f10x_adc. #
#                    o E:\H520B\FW\src\Project\EWARMv5\Debug\Obj\stm32f10x_bk #
#                    p.o E:\H520B\FW\src\Project\EWARMv5\Debug\Obj\stm32f10x_ #
#                    crc.o E:\H520B\FW\src\Project\EWARMv5\Debug\Obj\stm32f10 #
#                    x_dbgmcu.o E:\H520B\FW\src\Project\EWARMv5\Debug\Obj\stm #
#                    32f10x_dma.o E:\H520B\FW\src\Project\EWARMv5\Debug\Obj\s #
#                    tm32f10x_exti.o E:\H520B\FW\src\Project\EWARMv5\Debug\Ob #
#                    j\stm32f10x_flash.o E:\H520B\FW\src\Project\EWARMv5\Debu #
#                    g\Obj\stm32f10x_fsmc.o E:\H520B\FW\src\Project\EWARMv5\D #
#                    ebug\Obj\stm32f10x_gpio.o E:\H520B\FW\src\Project\EWARMv #
#                    5\Debug\Obj\stm32f10x_i2c.o                              #
#                    E:\H520B\FW\src\Project\EWARMv5\Debug\Obj\stm32f10x_it.o #
#                     E:\H520B\FW\src\Project\EWARMv5\Debug\Obj\stm32f10x_iwd #
#                    g.o E:\H520B\FW\src\Project\EWARMv5\Debug\Obj\stm32f10x_ #
#                    lib.o E:\H520B\FW\src\Project\EWARMv5\Debug\Obj\stm32f10 #
#                    x_nvic.o E:\H520B\FW\src\Project\EWARMv5\Debug\Obj\stm32 #
#                    f10x_pwr.o E:\H520B\FW\src\Project\EWARMv5\Debug\Obj\stm #
#                    32f10x_rcc.o E:\H520B\FW\src\Project\EWARMv5\Debug\Obj\s #
#                    tm32f10x_rtc.o E:\H520B\FW\src\Project\EWARMv5\Debug\Obj #
#                    \stm32f10x_spi.o E:\H520B\FW\src\Project\EWARMv5\Debug\O #
#                    bj\stm32f10x_systick.o E:\H520B\FW\src\Project\EWARMv5\D #
#                    ebug\Obj\stm32f10x_tim.o E:\H520B\FW\src\Project\EWARMv5 #
#                    \Debug\Obj\stm32f10x_usart.o                             #
#                    E:\H520B\FW\src\Project\EWARMv5\Debug\Obj\stm32f10x_vect #
#                    or.o E:\H520B\FW\src\Project\EWARMv5\Debug\Obj\usb_bot.o #
#                     E:\H520B\FW\src\Project\EWARMv5\Debug\Obj\usb_core.o    #
#                    E:\H520B\FW\src\Project\EWARMv5\Debug\Obj\usb_desc.o     #
#                    E:\H520B\FW\src\Project\EWARMv5\Debug\Obj\usb_endp.o     #
#                    E:\H520B\FW\src\Project\EWARMv5\Debug\Obj\usb_init.o     #
#                    E:\H520B\FW\src\Project\EWARMv5\Debug\Obj\usb_int.o      #
#                    E:\H520B\FW\src\Project\EWARMv5\Debug\Obj\usb_istr.o     #
#                    E:\H520B\FW\src\Project\EWARMv5\Debug\Obj\usb_mem.o      #
#                    E:\H520B\FW\src\Project\EWARMv5\Debug\Obj\usb_prop.o     #
#                    E:\H520B\FW\src\Project\EWARMv5\Debug\Obj\usb_pwr.o      #
#                    E:\H520B\FW\src\Project\EWARMv5\Debug\Obj\usb_regs.o     #
#                    E:\H520B\FW\src\Project\EWARMv5\Debug\Obj\usb_scsi.o     #
#                    E:\H520B\FW\src\Project\EWARMv5\Debug\Obj\usb_sil.o -o   #
#                    E:\H520B\FW\src\Project\EWARMv5\Debug\Exe\T6.out --map   #
#                    E:\H520B\FW\src\Project\EWARMv5\Debug\List\T6.map        #
#                    --config E:\H520B\FW\src\Project\EWARMv5\stm32f10x_debug #
#                    .icf --semihosting --entry __iar_program_start           #
#                                                                             #
#                                                                             #
###############################################################################

*******************************************************************************
*** RUNTIME MODEL ATTRIBUTES
***

__endian      = little
__thumb_aware = enabled


*******************************************************************************
*** PLACEMENT SUMMARY
***

"A1":  place at mem:0x8000000 { ro section .intvec };
"P1":  place in [from mem:0x8000000 to mem:0x800ffff] { ro };
"P3":  place in [from mem:0x20000010 to mem:0x20005000] {
          rw, block CSTACK, block HEAP };

  Section            Kind        Address    Size  Object
  -------            ----        -------    ----  ------
"A1":                                      0x140
  .intvec            const    0x08000000   0x140  stm32f10x_vector.o [1]
                            - 0x08000140   0x140

"P1":                                     0xd59a
  .text              ro code  0x08000140  0x1fdc  ff.o [1]
  .text              ro code  0x0800211c  0x1084  record.o [1]
  .text              ro code  0x080031a0  0x104e  xprintffull.o [3]
  .text              ro code  0x080041f0   0xbde  usb_core.o [1]
  .text              ro code  0x08004dd0   0x9f8  app.o [1]
  .text              ro code  0x080057c8   0x7f8  os_core.o [1]
  .text              ro code  0x08005fc0   0x6c8  spi_flash.o [1]
  .text              ro code  0x08006688   0x690  WBTDS01.o [1]
  .text              ro code  0x08006d18   0x470  keypad.o [1]
  .text              ro code  0x08007188   0x44c  usb_prop.o [1]
  .text              ro code  0x080075d4   0x440  usb_scsi.o [1]
  .text              ro code  0x08007a14   0x43c  usb_bot.o [1]
  .rodata            const    0x08007e50   0x400  crc32.o [1]
  .text              ro code  0x08008250   0x3cc  hw_platform.o [1]
  .text              ro code  0x0800861c   0x384  HJ5000_scanner.o [1]
  .text              ro code  0x080089a0   0x320  stm32f10x_it.o [1]
  .text              ro code  0x08008cc0   0x318  stm32f10x_rcc.o [1]
  .text              ro code  0x08008fd8   0x2bc  DblDiv.o [4]
  .text              ro code  0x08009294   0x28e  os_task.o [1]
  .text              ro code  0x08009524   0x28c  usb_regs.o [1]
  .text              ro code  0x080097b0   0x280  os_q.o [1]
  .text              ro code  0x08009a30   0x244  usb_int.o [1]
  .text              ro code  0x08009c74   0x23c  memory.o [1]
  .text              ro code  0x08009eb0   0x1c4  stm32f10x_dma.o [1]
  .text              ro code  0x0800a074   0x1c4  stm32f10x_gpio.o [1]
  .text              ro code  0x0800a238   0x1c4  stm32f10x_usart.o [1]
  .text              ro code  0x0800a3fc   0x1a2  stm32f10x_adc.o [1]
  .text              ro code  0x0800a5a0   0x1a2  DblMul.o [4]
  .text              ro code  0x0800a744   0x198  main.o [1]
  .rodata            const    0x0800a8dc   0x180  basic_fun.o [1]
  .text              ro code  0x0800aa5c   0x17e  DblSub.o [4]
  .text              ro code  0x0800abdc   0x168  os_dbg.o [1]
  .text              ro code  0x0800ad44   0x164  stm32f10x_tim.o [1]
  .text              ro code  0x0800aea8   0x130  I64DivMod.o [4]
  .text              ro code  0x0800afd8   0x11c  os_time.o [1]
  .text              ro code  0x0800b0f4   0x110  mass_mal.o [1]
  .text              ro code  0x0800b204   0x110  xdscale.o [3]
  .text              ro code  0x0800b314   0x10c  os_cpu_c.o [1]
  .rodata            const    0x0800b420   0x100  os_core.o [1]
  .text              ro code  0x0800b520    0xfc  TimeBase.o [1]
  .text              ro code  0x0800b61c    0xf0  stm32f10x_exti.o [1]
  .text              ro code  0x0800b70c    0xe6  DblAdd.o [4]
  .text              ro code  0x0800b7f4    0xd8  hw_config.o [1]
  .text              ro code  0x0800b8cc    0xd0  stm32f10x_nvic.o [1]
  .text              ro code  0x0800b99c    0xbc  xxmemxmalloc.o [3]
  .text              ro code  0x0800ba58    0xb4  diskio.o [1]
  .text              ro code  0x0800bb0c    0xb4  xdnorm.o [3]
  .text              ro code  0x0800bbc0    0xb0  fflush.o [3]
  .text              ro code  0x0800bc70    0xa0  data_uart.o [1]
  CODE               ro code  0x0800bd10    0xa0  os_cpu_a.o [1]
  .text              ro code  0x0800bdb0    0x9c  PCUsart.o [1]
  .text              ro code  0x0800be4c    0x9c  basic_fun.o [1]
  .text              ro code  0x0800bee8    0x9c  usb_istr.o [1]
  .text              ro code  0x0800bf84    0x8e  packbits_init2.o [4]
  .text              ro code  0x0800c014    0x8c  xsyslock.o [3]
  .text              ro code  0x0800c0a0    0x88  xxmemxfree.o [3]
  .text              ro code  0x0800c128    0x84  xreportassert.o [3]
  .text              ro code  0x0800c1ac    0x7a  cortexm3_macro.o [1]
  .text              ro code  0x0800c228    0x7a  stm32f10x_spi.o [1]
  .text              ro code  0x0800c2a4    0x76  os_flag.o [1]
  .text              ro code  0x0800c31c    0x70  ABImemcpy.o [4]
  .text              ro code  0x0800c38c    0x70  cppinit.o [3]
  .text              ro code  0x0800c3fc    0x66  ABImemset.o [4]
  .text              ro code  0x0800c464    0x62  memcmp.o [4]
  .text              ro code  0x0800c4c8    0x5c  JMemory.o [1]
  .text              ro code  0x0800c524    0x5c  xencoding_sb.o [3]
  .text              ro code  0x0800c580    0x5a  usb_sil.o [1]
  .text              ro code  0x0800c5dc    0x58  os_sem.o [1]
  .text              ro code  0x0800c634    0x58  memchr.o [4]
  .text              ro code  0x0800c68c    0x56  DblToI32.o [4]
  .text              ro code  0x0800c6e4    0x54  usb_mem.o [1]
  .text              ro code  0x0800c738    0x54  iarwstd.o [5]
  .text              ro code  0x0800c78c    0x4c  os_mem.o [1]
  .rodata            const    0x0800c7d8    0x48  xlocale_c.o [3]
  .text              ro code  0x0800c820    0x44  stm32f10x_flash.o [1]
  .text              ro code  0x0800c864    0x44  strcpy.o [4]
  .text              ro code  0x0800c8a8    0x44  xassert.o [3]
  .text              ro code  0x0800c8ec    0x42  strcmp.o [4]
  .rodata            const    0x0800c930    0x40  spi_flash.o [1]
  .rodata            const    0x0800c970    0x40  usb_desc.o [1]
  .text              ro code  0x0800c9b0    0x40  usb_init.o [1]
  .text              ro code  0x0800c9f0    0x3c  stm32f10x_pwr.o [1]
  .text              ro code  0x0800ca2c    0x3c  usb_pwr.o [1]
  .text              ro code  0x0800ca68    0x36  strlen.o [4]
  .text              ro code  0x0800caa0    0x34  usb_endp.o [1]
  .rodata            const    0x0800cad4    0x30  xreportassert.o [3]
  .text              ro code  0x0800cb04    0x30  MtxWrapper.o [3]
  .text              ro code  0x0800cb34    0x2e  DblCmpLe.o [4]
  .text              ro code  0x0800cb64    0x2e  DblCmpGe.o [4]
  .text              ro code  0x0800cb94    0x2e  I32ToDbl.o [4]
  .rodata            const    0x0800cbc4    0x2c  ff.o [1]
  .rodata            const    0x0800cbf0    0x28  usb_desc.o [1]
  .text              ro code  0x0800cc18    0x28  crc32.o [1]
  .text              ro code  0x0800cc40    0x28  xgetmemchunk.o [3]
  .rodata            const    0x0800cc68    0x24  WBTDS01.o [1]
  .rodata            const    0x0800cc8c    0x24  app.o [1]
  .rodata            const    0x0800ccb0    0x24  usb_desc.o [1]
  .iar.init_table    const    0x0800ccd4    0x2c  - Linker created -
  .rodata            const    0x0800cd00    0x20  app.o [1]
  .rodata            const    0x0800cd20    0x20  app.o [1]
  .rodata            const    0x0800cd40    0x20  app.o [1]
  .rodata            const    0x0800cd60    0x20  app.o [1]
  .rodata            const    0x0800cd80    0x20  app.o [1]
  .rodata            const    0x0800cda0    0x20  usb_desc.o [1]
  .rodata            const    0x0800cdc0    0x20  usb_desc.o [1]
  .text              ro code  0x0800cde0    0x20  printf.o [3]
  .text              ro code  0x0800ce00    0x20  xmbtowc.o [3]
  .text              ro code  0x0800ce20    0x20  iarwrite.o [5]
  .text              ro code  0x0800ce40    0x1e  strcat.o [3]
  .text              ro code  0x0800ce5e    0x1e  dwrite.o [5]
  .rodata            const    0x0800ce7c    0x1c  WBTDS01.o [1]
  .rodata            const    0x0800ce98    0x1c  app.o [1]
  .rodata            const    0x0800ceb4    0x1c  app.o [1]
  .rodata            const    0x0800ced0    0x1c  app.o [1]
  .rodata            const    0x0800ceec    0x1c  app.o [1]
  .rodata            const    0x0800cf08    0x1c  app.o [1]
  .rodata            const    0x0800cf24    0x1c  app.o [1]
  .text              ro code  0x0800cf40    0x1c  data_init2.o [4]
  .text              ro code  0x0800cf5c    0x1a  xwctomb.o [3]
  .text              ro code  0x0800cf76    0x1a  zero_init2.o [4]
  .rodata            const    0x0800cf90    0x18  app.o [1]
  .rodata            const    0x0800cfa8    0x18  app.o [1]
  .rodata            const    0x0800cfc0    0x18  app.o [1]
  .rodata            const    0x0800cfd8    0x18  app.o [1]
  .rodata            const    0x0800cff0    0x18  app.o [1]
  .rodata            const    0x0800d008    0x18  app.o [1]
  .rodata            const    0x0800d020    0x18  app.o [1]
  .rodata            const    0x0800d038    0x18  app.o [1]
  .rodata            const    0x0800d050    0x18  app.o [1]
  .rodata            const    0x0800d068    0x18  ff.o [1]
  .rodata            const    0x0800d080    0x18  stm32f10x_it.o [1]
  .text              ro code  0x0800d098    0x18  cmain.o [4]
  .text              ro code  0x0800d0b0    0x18  hash.o [1]
  .text              ro code  0x0800d0c8    0x16  strchr.o [4]
  .text              ro code  0x0800d0de    0x16  xprout.o [3]
  .rodata            const    0x0800d0f4    0x14  WBTDS01.o [1]
  .rodata            const    0x0800d108    0x14  WBTDS01.o [1]
  .rodata            const    0x0800d11c    0x14  app.o [1]
  .rodata            const    0x0800d130    0x14  ff.o [1]
  .rodata            const    0x0800d144    0x14  ff.o [1]
  .rodata            const    0x0800d158    0x14  main.o [1]
  .rodata            const    0x0800d16c    0x14  usb_desc.o [1]
  .rodata            const    0x0800d180    0x14  usb_desc.o [1]
  .text              ro code  0x0800d194    0x14  exit.o [5]
  .text              ro code  0x0800d1a8    0x14  localeconv.o [3]
  .text              ro code  0x0800d1bc    0x14  setlocale.o [3]
  .text              ro code  0x0800d1d0    0x14  HJ5000_scanner.o [1]
  CODE               ro code  0x0800d1e4    0x12  hardfault_isr_handle_a.o [1]
  .rodata            const    0x0800d1f8    0x10  WBTDS01.o [1]
  .rodata            const    0x0800d208    0x10  record.o [1]
  .rodata            const    0x0800d218    0x10  record.o [1]
  .rodata            const    0x0800d228    0x10  stm32f10x_rcc.o [1]
  .rodata            const    0x0800d238    0x10  xprintffull.o [3]
  .text              ro code  0x0800d248    0x10  write.o [5]
  .text              ro code  0x0800d258     0xe  cexit.o [4]
  .text              ro code  0x0800d266     0xe  HJ5000_scanner.o [1]
  .text              ro code  0x0800d274     0xe  div.o [3]
  .rodata            const    0x0800d284     0xc  WBTDS01.o [1]
  .rodata            const    0x0800d290     0xc  WBTDS01.o [1]
  .rodata            const    0x0800d29c     0xc  WBTDS01.o [1]
  .rodata            const    0x0800d2a8     0xc  WBTDS01.o [1]
  .rodata            const    0x0800d2b4     0xc  WBTDS01.o [1]
  .rodata            const    0x0800d2c0     0xc  WBTDS01.o [1]
  .rodata            const    0x0800d2cc     0xc  WBTDS01.o [1]
  .rodata            const    0x0800d2d8     0xc  app.o [1]
  .rodata            const    0x0800d2e4     0xc  app.o [1]
  .rodata            const    0x0800d2f0     0xc  app.o [1]
  .rodata            const    0x0800d2fc     0xc  app.o [1]
  .rodata            const    0x0800d308     0xc  ff.o [1]
  .rodata            const    0x0800d314     0xc  record.o [1]
  .rodata            const    0x0800d320     0xc  record.o [1]
  .rodata            const    0x0800d32c     0xc  stm32f10x_it.o [1]
  .rodata            const    0x0800d338     0xc  stm32f10x_it.o [1]
  .rodata            const    0x0800d344     0xc  stm32f10x_it.o [1]
  .rodata            const    0x0800d350     0xc  stm32f10x_it.o [1]
  .rodata            const    0x0800d35c     0xc  stm32f10x_it.o [1]
  .rodata            const    0x0800d368     0xc  stm32f10x_it.o [1]
  .rodata            const    0x0800d374     0xc  stm32f10x_it.o [1]
  .rodata            const    0x0800d380     0xc  stm32f10x_it.o [1]
  .rodata            const    0x0800d38c     0xc  stm32f10x_it.o [1]
  .rodata            const    0x0800d398     0xc  stm32f10x_it.o [1]
  .rodata            const    0x0800d3a4     0xc  stm32f10x_it.o [1]
  .rodata            const    0x0800d3b0     0xc  stm32f10x_it.o [1]
  .rodata            const    0x0800d3bc     0xc  stm32f10x_it.o [1]
  .text              ro code  0x0800d3c8     0xc  putchar.o [3]
  .text              ro code  0x0800d3d4     0xa  xmbcurmax.o [3]
  .rodata            const    0x0800d3e0     0x8  WBTDS01.o [1]
  .rodata            const    0x0800d3e8     0x8  WBTDS01.o [1]
  .rodata            const    0x0800d3f0     0x8  WBTDS01.o [1]
  .rodata            const    0x0800d3f8     0x8  record.o [1]
  .rodata            const    0x0800d400     0x8  record.o [1]
  .rodata            const    0x0800d408     0x8  xprintffull.o [3]
  .rodata            const    0x0800d410     0x8  localeconv.o [3]
  .rodata            const    0x0800d418     0x8  localeconv.o [3]
  .rodata            const    0x0800d420     0x8  xencoding_sb.o [3]
  .rodata            const    0x0800d428     0x8  xencoding_sb.o [3]
  .rodata            const    0x0800d430     0x8  xlocale_c.o [3]
  .rodata            const    0x0800d438     0x8  xlocale_c.o [3]
  .text              ro code  0x0800d440     0x8  abort.o [3]
  .text              ro code  0x0800d448     0x6  exit.o [3]
  .rodata            const    0x0800d450     0x4  os_dbg.o [1]
  .rodata            const    0x0800d454     0x4  stm32f10x_rcc.o [1]
  .rodata            const    0x0800d458     0x4  usb_desc.o [1]
  .text              ro code  0x0800d45c     0x2  I64DivZer.o [4]
  .text              ro code  0x0800d45e     0x4  low_level_init.o [3]
  .rodata            const    0x0800d462     0x2  os_dbg.o [1]
  .rodata            const    0x0800d464     0x2  os_dbg.o [1]
  .rodata            const    0x0800d466     0x2  os_dbg.o [1]
  .rodata            const    0x0800d468     0x2  os_dbg.o [1]
  .rodata            const    0x0800d46a     0x2  os_dbg.o [1]
  .rodata            const    0x0800d46c     0x2  os_dbg.o [1]
  .rodata            const    0x0800d46e     0x2  os_dbg.o [1]
  .rodata            const    0x0800d470     0x2  os_dbg.o [1]
  .rodata            const    0x0800d472     0x2  os_dbg.o [1]
  .rodata            const    0x0800d474     0x2  os_dbg.o [1]
  .rodata            const    0x0800d476     0x2  os_dbg.o [1]
  .rodata            const    0x0800d478     0x2  os_dbg.o [1]
  .rodata            const    0x0800d47a     0x2  os_dbg.o [1]
  .rodata            const    0x0800d47c     0x2  os_dbg.o [1]
  .rodata            const    0x0800d47e     0x2  os_dbg.o [1]
  .rodata            const    0x0800d480     0x2  os_dbg.o [1]
  .rodata            const    0x0800d482     0x2  os_dbg.o [1]
  .rodata            const    0x0800d484     0x2  os_dbg.o [1]
  .rodata            const    0x0800d486     0x2  os_dbg.o [1]
  .rodata            const    0x0800d488     0x2  os_dbg.o [1]
  .rodata            const    0x0800d48a     0x2  os_dbg.o [1]
  .rodata            const    0x0800d48c     0x2  os_dbg.o [1]
  .rodata            const    0x0800d48e     0x2  os_dbg.o [1]
  .rodata            const    0x0800d490     0x2  os_dbg.o [1]
  .rodata            const    0x0800d492     0x2  os_dbg.o [1]
  .rodata            const    0x0800d494     0x2  os_dbg.o [1]
  .rodata            const    0x0800d496     0x2  os_dbg.o [1]
  .rodata            const    0x0800d498     0x2  os_dbg.o [1]
  .rodata            const    0x0800d49a     0x2  os_dbg.o [1]
  .rodata            const    0x0800d49c     0x2  os_dbg.o [1]
  .rodata            const    0x0800d49e     0x2  os_dbg.o [1]
  .rodata            const    0x0800d4a0     0x2  os_dbg.o [1]
  .rodata            const    0x0800d4a2     0x2  os_dbg.o [1]
  .rodata            const    0x0800d4a4     0x2  os_dbg.o [1]
  .rodata            const    0x0800d4a6     0x2  os_dbg.o [1]
  .rodata            const    0x0800d4a8     0x2  os_dbg.o [1]
  .rodata            const    0x0800d4aa     0x2  os_dbg.o [1]
  .rodata            const    0x0800d4ac     0x2  os_dbg.o [1]
  .rodata            const    0x0800d4ae     0x2  os_dbg.o [1]
  .rodata            const    0x0800d4b0     0x2  os_dbg.o [1]
  .rodata            const    0x0800d4b2     0x2  os_dbg.o [1]
  .rodata            const    0x0800d4b4     0x2  os_dbg.o [1]
  .rodata            const    0x0800d4b6     0x2  os_dbg.o [1]
  .rodata            const    0x0800d4b8     0x2  os_dbg.o [1]
  .rodata            const    0x0800d4ba     0x2  localeconv.o [3]
  .rodata            const    0x0800d4bc     0x2  xlocale_c.o [3]
  .rodata            const    0x0800d4be     0x1  localeconv.o [3]
  .rodata            const    0x0800d4bf     0x1  setlocale.o [3]
  .rodata            const    0x0800d4c0     0x1  xlocale_c.o [3]
  Initializer bytes  ro data  0x0800d4c1   0x219  <for P3 s0>
                            - 0x0800d6da  0xd59a

"P3", part 1 of 3:                         0xce0
  CSTACK                      0x20000010   0x800  <Block>
    CSTACK           uninit   0x20000010   0x800  <Block tail>
  HEAP                        0x20000810   0x300  <Block>
    HEAP             uninit   0x20000810   0x300  <Block tail>
  .iar.dynexit                0x20000b10   0x1e0  <Block>
    .iar.dynexit     uninit   0x20000b10     0xc  cppinit.o [3]
    .iar.dynexit     uninit   0x20000b1c   0x1d4  <Block tail>
                            - 0x20000cf0   0xce0

"P3", part 2 of 3:                        0x3c64
  .bss               zero     0x20000cf0  0x1000  spi_flash.o [1]
  .bss               zero     0x20001cf0   0x800  memory.o [1]
  .bss               zero     0x200024f0   0x4d0  app.o [1]
  .bss               zero     0x200029c0   0x400  app.o [1]
  .bss               zero     0x20002dc0   0x39c  os_core.o [1]
  .bss               zero     0x2000315c   0x230  record.o [1]
  .bss               zero     0x2000338c   0x224  Terminal_Para.o [1]
  .bss               zero     0x200035b0   0x224  record.o [1]
  .bss               zero     0x200037d4   0x224  record.o [1]
  .bss               zero     0x200039f8   0x200  app.o [1]
  .bss               zero     0x20003bf8   0x200  app.o [1]
  .bss               zero     0x20003df8   0x200  os_core.o [1]
  .bss               zero     0x20003ff8   0x190  JMemory.o [1]
  .bss               zero     0x20004188   0x100  os_core.o [1]
  .bss               zero     0x20004288    0x8c  os_core.o [1]
  .bss               zero     0x20004314    0x8c  os_core.o [1]
  .bss               zero     0x200043a0    0x80  HJ5000_scanner.o [1]
  .bss               zero     0x20004420    0x80  WBTDS01.o [1]
  .bss               zero     0x200044a0    0x70  record.o [1]
  .bss               zero     0x20004510    0x60  os_core.o [1]
  .bss               zero     0x20004570    0x50  os_core.o [1]
  .bss               zero     0x200045c0    0x50  xfiles.o [3]
  .bss               zero     0x20004610    0x50  xfiles.o [3]
  .bss               zero     0x20004660    0x40  usb_bot.o [1]
  .bss               zero     0x200046a0    0x3c  app.o [1]
  .bss               zero     0x200046dc    0x20  HJ5000_scanner.o [1]
  .bss               zero     0x200046fc    0x20  Terminal_Para.o [1]
  .bss               zero     0x2000471c    0x20  WBTDS01.o [1]
  .bss               zero     0x2000473c    0x20  app.o [1]
  .bss               zero     0x2000475c    0x20  usb_bot.o [1]
  .bss               zero     0x2000477c    0x1c  record.o [1]
  .bss               zero     0x20004798    0x1c  usb_init.o [1]
  .bss               zero     0x200047b4    0x14  os_cpu_c.o [1]
  .bss               zero     0x200047c8    0x14  xsyslock.o [3]
  .bss               zero     0x200047dc    0x10  usb_bot.o [1]
  .bss               zero     0x200047ec     0xc  HJ5000_scanner.o [1]
  .bss               zero     0x200047f8     0xc  WBTDS01.o [1]
  .bss               zero     0x20004804     0x8  ff.o [1]
  .bss               zero     0x2000480c     0x8  mass_mal.o [1]
  .bss               zero     0x20004814     0x8  mass_mal.o [1]
  .bss               zero     0x2000481c     0x8  mass_mal.o [1]
  .bss               zero     0x20004824     0x8  os_core.o [1]
  .bss               zero     0x2000482c     0x8  scsi_data.o [1]
  .bss               zero     0x20004834     0x8  scsi_data.o [1]
  .bss               zero     0x2000483c     0x8  xxmemxmalloc.o [3]
  .bss               zero     0x20004844     0x4  HJ5000_scanner.o [1]
  .bss               zero     0x20004848     0x4  HJ5000_scanner.o [1]
  .bss               zero     0x2000484c     0x4  TimeBase.o [1]
  .bss               zero     0x20004850     0x4  app.o [1]
  .bss               zero     0x20004854     0x4  app.o [1]
  .bss               zero     0x20004858     0x4  app.o [1]
  .bss               zero     0x2000485c     0x4  app.o [1]
  .bss               zero     0x20004860     0x4  app.o [1]
  .bss               zero     0x20004864     0x4  app.o [1]
  .bss               zero     0x20004868     0x4  hw_platform.o [1]
  .bss               zero     0x2000486c     0x4  hw_platform.o [1]
  .bss               zero     0x20004870     0x4  hw_platform.o [1]
  .bss               zero     0x20004874     0x4  hw_platform.o [1]
  .bss               zero     0x20004878     0x4  keypad.o [1]
  .bss               zero     0x2000487c     0x4  keypad.o [1]
  .bss               zero     0x20004880     0x4  mass_mal.o [1]
  .bss               zero     0x20004884     0x4  memory.o [1]
  .bss               zero     0x20004888     0x4  memory.o [1]
  .bss               zero     0x2000488c     0x4  memory.o [1]
  .bss               zero     0x20004890     0x4  memory.o [1]
  .bss               zero     0x20004894     0x4  memory.o [1]
  .bss               zero     0x20004898     0x4  memory.o [1]
  .bss               zero     0x2000489c     0x4  memory.o [1]
  .bss               zero     0x200048a0     0x4  memory.o [1]
  .bss               zero     0x200048a4     0x4  os_core.o [1]
  .bss               zero     0x200048a8     0x4  os_core.o [1]
  .bss               zero     0x200048ac     0x4  os_core.o [1]
  .bss               zero     0x200048b0     0x4  os_core.o [1]
  .bss               zero     0x200048b4     0x4  os_core.o [1]
  .bss               zero     0x200048b8     0x4  os_core.o [1]
  .bss               zero     0x200048bc     0x4  os_core.o [1]
  .bss               zero     0x200048c0     0x4  os_core.o [1]
  .bss               zero     0x200048c4     0x4  os_core.o [1]
  .bss               zero     0x200048c8     0x4  os_core.o [1]
  .bss               zero     0x200048cc     0x4  os_core.o [1]
  .bss               zero     0x200048d0     0x4  record.o [1]
  .bss               zero     0x200048d4     0x4  record.o [1]
  .bss               zero     0x200048d8     0x4  record.o [1]
  .bss               zero     0x200048dc     0x4  record.o [1]
  .bss               zero     0x200048e0     0x4  record.o [1]
  .bss               zero     0x200048e4     0x4  spi_flash.o [1]
  .bss               zero     0x200048e8     0x4  spi_flash.o [1]
  .bss               zero     0x200048ec     0x4  usb_bot.o [1]
  .bss               zero     0x200048f0     0x4  usb_bot.o [1]
  .bss               zero     0x200048f4     0x4  usb_core.o [1]
  .bss               zero     0x200048f8     0x4  usb_endp.o [1]
  .bss               zero     0x200048fc     0x4  usb_init.o [1]
  .bss               zero     0x20004900     0x4  usb_init.o [1]
  .bss               zero     0x20004904     0x4  usb_init.o [1]
  .bss               zero     0x20004908     0x4  usb_prop.o [1]
  .bss               zero     0x2000490c     0x4  usb_prop.o [1]
  .bss               zero     0x20004910     0x4  usb_prop.o [1]
  .bss               zero     0x20004914     0x4  usb_pwr.o [1]
  .bss               zero     0x20004918     0x4  xgetmemchunk.o [3]
  .bss               zero     0x2000491c     0x4  MtxWrapper.o [3]
  .bss               zero     0x20004920     0x4  MtxWrapper.o [3]
  .bss               zero     0x20004924     0x4  MtxWrapper.o [3]
  .bss               zero     0x20004928     0x4  MtxWrapper.o [3]
  .bss               zero     0x2000492c     0x4  iarwstd.o [5]
  .bss               zero     0x20004930     0x2  ff.o [1]
  .bss               zero     0x20004932     0x2  hw_platform.o [1]
  .bss               zero     0x20004934     0x2  usb_bot.o [1]
  .bss               zero     0x20004936     0x2  usb_init.o [1]
  .bss               zero     0x20004938     0x2  usb_int.o [1]
  .bss               zero     0x2000493a     0x2  usb_int.o [1]
  .bss               zero     0x2000493c     0x2  usb_istr.o [1]
  .bss               zero     0x2000493e     0x1  PCUsart.o [1]
  .bss               zero     0x2000493f     0x1  hw_config.o [1]
  .bss               zero     0x20004940     0x1  hw_platform.o [1]
  .bss               zero     0x20004941     0x1  hw_platform.o [1]
  .bss               zero     0x20004942     0x1  keypad.o [1]
  .bss               zero     0x20004943     0x1  keypad.o [1]
  .bss               zero     0x20004944     0x1  main.o [1]
  .bss               zero     0x20004945     0x1  memory.o [1]
  .bss               zero     0x20004946     0x1  os_core.o [1]
  .bss               zero     0x20004947     0x1  os_core.o [1]
  .bss               zero     0x20004948     0x1  os_core.o [1]
  .bss               zero     0x20004949     0x1  os_core.o [1]
  .bss               zero     0x2000494a     0x1  os_core.o [1]
  .bss               zero     0x2000494b     0x1  os_core.o [1]
  .bss               zero     0x2000494c     0x1  os_core.o [1]
  .bss               zero     0x2000494d     0x1  os_core.o [1]
  .bss               zero     0x2000494e     0x1  spi_flash.o [1]
  .bss               zero     0x2000494f     0x1  usb_bot.o [1]
  .bss               zero     0x20004950     0x1  usb_core.o [1]
  .bss               zero     0x20004951     0x1  usb_init.o [1]
  .bss               zero     0x20004952     0x1  usb_istr.o [1]
                            - 0x20004953  0x3c63

"P3", part 3 of 3:                         0x324
  P3 s0                       0x20004954   0x324  <Init block>
    .data            inited   0x20004954    0x84  setlocale.o [3]
    .data            inited   0x200049d8    0x4c  localeconv.o [3]
    .data            inited   0x20004a24    0x40  xfiles.o [3]
    .data            inited   0x20004a64    0x40  xfiles.o [3]
    .data            inited   0x20004aa4    0x40  xfiles.o [3]
    .data            inited   0x20004ae4    0x30  usb_prop.o [1]
    .data            inited   0x20004b14    0x24  scsi_data.o [1]
    .data            inited   0x20004b38    0x24  scsi_data.o [1]
    .data            inited   0x20004b5c    0x24  usb_prop.o [1]
    .data            inited   0x20004b80    0x20  usb_prop.o [1]
    .data            inited   0x20004ba0    0x20  xfiles.o [3]
    .data            inited   0x20004bc0    0x1c  usb_desc.o [1]
    .data            inited   0x20004bdc    0x1c  usb_istr.o [1]
    .data            inited   0x20004bf8    0x1c  usb_istr.o [1]
    .data            inited   0x20004c14    0x14  scsi_data.o [1]
    .data            inited   0x20004c28    0x10  usb_prop.o [1]
    .data            inited   0x20004c38    0x10  usb_prop.o [1]
    .data            inited   0x20004c48     0xc  scsi_data.o [1]
    .data            inited   0x20004c54     0x8  scsi_data.o [1]
    .data            inited   0x20004c5c     0x8  usb_prop.o [1]
    .data            inited   0x20004c64     0x8  usb_prop.o [1]
    .data            inited   0x20004c6c     0x4  scsi_data.o [1]
    .data            inited   0x20004c70     0x4  usb_prop.o [1]
    .data            inited   0x20004c74     0x4  cppinit.o [3]
                            - 0x20004c78   0x324


*******************************************************************************
*** INIT TABLE
***

          Address     Size
          -------     ----
Zero (__iar_zero_init2)
    1 destination range, total size 0x3c63:
          0x20000cf0  0x3c63

Copy/packbits (__iar_packbits_init2)
    1 source range, total size 0x219 (66% of destination):
           0x800d4c1   0x219
    1 destination range, total size 0x324:
          0x20004954   0x324


*******************************************************************************
*** MODULE SUMMARY
***

    Module                    ro code  ro data  rw data
    ------                    -------  -------  -------
E:\H520B\FW\src\Project\EWARMv5\Debug\Obj: [1]
    HJ5000_scanner.o              934               180
    JMemory.o                      92               400
    PCUsart.o                     156                 1
    Terminal_Para.o                                 580
    TimeBase.o                    252                 4
    WBTDS01.o                   1 680      228      172
    app.o                       2 552      648    3 396
    basic_fun.o                   156      384
    cortexm3_macro.o              122
    crc32.o                        40    1 024
    data_uart.o                   160
    diskio.o                      180
    ff.o                        8 156      120       10
    hardfault_isr_handle_a.o       18
    hash.o                         24
    hw_config.o                   216                 1
    hw_platform.o                 972                20
    keypad.o                    1 136                10
    main.o                        408       20        1
    mass_mal.o                    272                28
    memory.o                      572             2 081
    os_core.o                   2 040      256    2 208
    os_cpu_a.o                    160
    os_cpu_c.o                    268                20
    os_dbg.o                      360       92
    os_flag.o                     118
    os_mem.o                       76
    os_q.o                        640
    os_sem.o                       88
    os_task.o                     654
    os_time.o                     284
    record.o                    4 228       72    1 816
    scsi_data.o                             78      132
    spi_flash.o                 1 736       64    4 105
    stm32f10x_adc.o               418
    stm32f10x_dma.o               452
    stm32f10x_exti.o              240
    stm32f10x_flash.o              68
    stm32f10x_gpio.o              452
    stm32f10x_it.o                800      180
    stm32f10x_nvic.o              208
    stm32f10x_pwr.o                60
    stm32f10x_rcc.o               792       20
    stm32f10x_spi.o               122
    stm32f10x_tim.o               356
    stm32f10x_usart.o             452
    stm32f10x_vector.o                     320
    usb_bot.o                   1 084               123
    usb_core.o                  3 038                 5
    usb_desc.o                             266       28
    usb_endp.o                     52                 4
    usb_init.o                     64                43
    usb_int.o                     580                 4
    usb_istr.o                    156       38       59
    usb_mem.o                      84
    usb_prop.o                  1 100      111      180
    usb_pwr.o                      60                 4
    usb_regs.o                    652
    usb_scsi.o                  1 088
    usb_sil.o                      90
    ---------------------------------------------------
    Total:                     41 218    3 921   15 615

command line: [2]
    ---------------------------------------------------
    Total:

dl7M_tl_if.a: [3]
    MtxWrapper.o                   48                16
    abort.o                         8
    cppinit.o                     112        3       16
    div.o                          14
    exit.o                          6
    fflush.o                      176
    localeconv.o                   20       69       76
    low_level_init.o                4
    printf.o                       32
    putchar.o                      12
    setlocale.o                    20       89      132
    strcat.o                       30
    xassert.o                      68
    xdnorm.o                      180
    xdscale.o                     272
    xencoding_sb.o                 92       16
    xfiles.o                               151      384
    xgetmemchunk.o                 40                 4
    xlocale_c.o                             91
    xmbcurmax.o                    10
    xmbtowc.o                      32
    xprintffull.o               4 174       24
    xprout.o                       22
    xreportassert.o               132       48
    xsyslock.o                    140                20
    xwctomb.o                      26
    xxmemxfree.o                  136
    xxmemxmalloc.o                188                 8
    ---------------------------------------------------
    Total:                      5 994      491      656

rt7M_tl.a: [4]
    ABImemcpy.o                   112
    ABImemset.o                   102
    DblAdd.o                      230
    DblCmpGe.o                     46
    DblCmpLe.o                     46
    DblDiv.o                      700
    DblMul.o                      418
    DblSub.o                      382
    DblToI32.o                     86
    I32ToDbl.o                     46
    I64DivMod.o                   304
    I64DivZer.o                     2
    cexit.o                        14
    cmain.o                        24
    data_init2.o                   28
    memchr.o                       88
    memcmp.o                       98
    packbits_init2.o              142
    strchr.o                       22
    strcmp.o                       66
    strcpy.o                       68
    strlen.o                       54
    zero_init2.o                   26
    ---------------------------------------------------
    Total:                      3 104

shb_l.a: [5]
    dwrite.o                       30
    exit.o                         20
    iarwrite.o                     32
    iarwstd.o                      84                 4
    write.o                        16
    ---------------------------------------------------
    Total:                        182                 4

    Gaps                           36       12
    Linker created                          44    3 284
-------------------------------------------------------
    Grand Total:               50 534    4 468   19 559


*******************************************************************************
*** ENTRY LIST
***

Entry                      Address    Size  Type      Object
-----                      -------    ----  ----      ------
.iar.dynexit$$Base      0x20000b10           --   Gb  - Linker created -
.iar.dynexit$$Limit     0x20000cf0           --   Gb  - Linker created -
ADC1_2_IRQHandler       0x08008b79     0x2  Code  Gb  stm32f10x_it.o [1]
ADC3_IRQHandler         0x08008ca7     0x2  Code  Gb  stm32f10x_it.o [1]
ADCPrescTable           0x0800d454     0x4  Data  Lc  stm32f10x_rcc.o [1]
ADC_Cmd                 0x0800a44d    0x1a  Code  Gb  stm32f10x_adc.o [1]
ADC_GetCalibrationStatus
                        0x0800a493    0x18  Code  Gb  stm32f10x_adc.o [1]
ADC_GetResetCalibrationStatus
                        0x0800a471    0x18  Code  Gb  stm32f10x_adc.o [1]
ADC_Init                0x0800a3fd    0x50  Code  Gb  stm32f10x_adc.o [1]
ADC_Module_Init         0x08008251    0xa0  Code  Lc  hw_platform.o [1]
ADC_RegularChannelConfig
                        0x0800a4c5    0xda  Code  Gb  stm32f10x_adc.o [1]
ADC_ResetCalibration    0x0800a467     0xa  Code  Gb  stm32f10x_adc.o [1]
ADC_SoftwareStartConvCmd
                        0x0800a4ab    0x1a  Code  Gb  stm32f10x_adc.o [1]
ADC_StartCalibration    0x0800a489     0xa  Code  Gb  stm32f10x_adc.o [1]
APBAHBPrescTable        0x0800d228    0x10  Data  Lc  stm32f10x_rcc.o [1]
BT_Daemon_thread        0x080055a1    0xbc  Code  Gb  app.o [1]
Block_Read_count        0x20004884     0x4  Data  Gb  memory.o [1]
Block_offset            0x20004888     0x4  Data  Gb  memory.o [1]
Bot_Abort               0x08007e15    0x3c  Code  Gb  usb_bot.o [1]
Bot_State               0x2000494f     0x1  Data  Gb  usb_bot.o [1]
Bulk_Data_Buff          0x20004660    0x40  Data  Gb  usb_bot.o [1]
BusFaultException       0x08008a93     0x2  Code  Gb  stm32f10x_it.o [1]
ByteSwap                0x080097a1    0x10  Code  Gb  usb_regs.o [1]
CAN_RX1_IRQHandler      0x08008b85     0x2  Code  Gb  stm32f10x_it.o [1]
CAN_SCE_IRQHandler      0x08008b87     0x2  Code  Gb  stm32f10x_it.o [1]
CBW                     0x2000475c    0x20  Data  Gb  usb_bot.o [1]
CBW_Decode              0x08007af5   0x298  Code  Gb  usb_bot.o [1]
CSTACK$$Base            0x20000010           --   Gb  - Linker created -
CSTACK$$Limit           0x20000810           --   Gb  - Linker created -
CSW                     0x200047dc    0x10  Data  Gb  usb_bot.o [1]
CTR_LP                  0x08009a31   0x22c  Code  Gb  usb_int.o [1]
ClearDTOG_RX            0x08009641    0x32  Code  Gb  usb_regs.o [1]
ClearDTOG_TX            0x08009673    0x32  Code  Gb  usb_regs.o [1]
Clear_Status_Out        0x0800961d    0x24  Code  Gb  usb_regs.o [1]
Config_Descriptor       0x20004c38    0x10  Data  Gb  usb_prop.o [1]
Counter                 0x2000488c     0x4  Data  Gb  memory.o [1]
DMA1_Channel1_IRQHandler
                        0x08008b3f     0x2  Code  Gb  stm32f10x_it.o [1]
DMA1_Channel2_IRQHandler
                        0x08008b41     0x2  Code  Gb  stm32f10x_it.o [1]
DMA1_Channel3_IRQHandler
                        0x08008b43     0x2  Code  Gb  stm32f10x_it.o [1]
DMA1_Channel4_IRQHandler
                        0x08008b45     0x2  Code  Gb  stm32f10x_it.o [1]
DMA1_Channel5_IRQHandler
                        0x08008b47     0x2  Code  Gb  stm32f10x_it.o [1]
DMA1_Channel6_IRQHandler
                        0x08008b49     0x2  Code  Gb  stm32f10x_it.o [1]
DMA1_Channel7_IRQHandler
                        0x08008b4d    0x2c  Code  Gb  stm32f10x_it.o [1]
DMA2_Channel1_IRQHandler
                        0x08008cb9     0x2  Code  Gb  stm32f10x_it.o [1]
DMA2_Channel2_IRQHandler
                        0x08008cbb     0x2  Code  Gb  stm32f10x_it.o [1]
DMA2_Channel3_IRQHandler
                        0x08008cbd     0x2  Code  Gb  stm32f10x_it.o [1]
DMA2_Channel4_5_IRQHandler
                        0x08008cbf     0x2  Code  Gb  stm32f10x_it.o [1]
DMA_ClearFlag           0x0800a02d    0x12  Code  Gb  stm32f10x_dma.o [1]
DMA_Cmd                 0x08009ff5    0x1a  Code  Gb  stm32f10x_dma.o [1]
DMA_DeInit              0x08009eb1   0x100  Code  Gb  stm32f10x_dma.o [1]
DMA_GetCurrDataCounter  0x0800a027     0x6  Code  Gb  stm32f10x_dma.o [1]
DMA_GetITStatus         0x0800a03f    0x26  Code  Gb  stm32f10x_dma.o [1]
DMA_ITConfig            0x0800a00f    0x18  Code  Gb  stm32f10x_dma.o [1]
DMA_Init                0x08009fb1    0x44  Code  Gb  stm32f10x_dma.o [1]
DataStageIn             0x0800472b    0xb6  Code  Lc  usb_core.o [1]
DataStageOut            0x08004673    0xb8  Code  Lc  usb_core.o [1]
Data_Buffer             0x20001cf0   0x800  Data  Gb  memory.o [1]
Data_Len                0x20004934     0x2  Data  Gb  usb_bot.o [1]
Data_Mul_MaxPacketSize  0x20004950     0x1  Data  Gb  usb_core.o [1]
Data_Setup0             0x0800493d   0x294  Code  Lc  usb_core.o [1]
DebugMonitor            0x08008a97     0x2  Code  Gb  stm32f10x_it.o [1]
Delay                   0x0800b521     0xa  Code  Gb  TimeBase.o [1]
Device_Descriptor       0x20004c28    0x10  Data  Gb  usb_prop.o [1]
Device_Info             0x20004798    0x1c  Data  Gb  usb_init.o [1]
Device_Property         0x20004ae4    0x30  Data  Gb  usb_prop.o [1]
Device_Table            0x20004c70     0x4  Data  Gb  usb_prop.o [1]
DtorRecArray            0x20000b10     0xc  Data  Lc  cppinit.o [3]
EP1_IN_Callback         0x0800cab5    0x1c  Code  Gb  usb_endp.o [1]
EP2_OUT_Callback        0x0800caa3    0x10  Code  Gb  usb_endp.o [1]
EP3_OUT_Callback        0x0800caa1     0x2  Code  Gb  usb_endp.o [1]
EPindex                 0x20004951     0x1  Data  Gb  usb_init.o [1]
EXTI0_IRQHandler        0x08008aa7    0x22  Code  Gb  stm32f10x_it.o [1]
EXTI15_10_IRQHandler    0x08008c99     0x2  Code  Gb  stm32f10x_it.o [1]
EXTI1_IRQHandler        0x08008ac9    0x30  Code  Gb  stm32f10x_it.o [1]
EXTI2_IRQHandler        0x08008af9     0x2  Code  Gb  stm32f10x_it.o [1]
EXTI3_IRQHandler        0x08008afb    0x22  Code  Gb  stm32f10x_it.o [1]
EXTI4_IRQHandler        0x08008b1d    0x22  Code  Gb  stm32f10x_it.o [1]
EXTI9_5_IRQHandler      0x08008b89    0x2c  Code  Gb  stm32f10x_it.o [1]
EXTI_ClearFlag          0x0800b6cd     0x6  Code  Gb  stm32f10x_exti.o [1]
EXTI_ClearITPendingBit  0x0800b701     0x6  Code  Gb  stm32f10x_exti.o [1]
EXTI_GenerateSWInterrupt
                        0x0800b6bd    0x10  Code  Gb  stm32f10x_exti.o [1]
EXTI_GetITStatus        0x0800b6d3    0x28  Code  Gb  stm32f10x_exti.o [1]
EXTI_Init               0x0800b61d    0x94  Code  Gb  stm32f10x_exti.o [1]
EnterLowPowerMode       0x0800a86d    0x3a  Code  Gb  main.o [1]
Event_capture_thread    0x08005509    0x94  Code  Gb  app.o [1]
ExitLowPowerMode        0x0800a8ad    0x30  Code  Gb  main.o [1]
FLASH_IRQHandler        0x08008aa3     0x2  Code  Gb  stm32f10x_it.o [1]
FLASH_PrefetchBufferCmd
                        0x0800c841    0x20  Code  Gb  stm32f10x_flash.o [1]
FLASH_SetLatency        0x0800c821    0x20  Code  Gb  stm32f10x_flash.o [1]
FSMC_IRQHandler         0x08008ca9     0x2  Code  Gb  stm32f10x_it.o [1]
FatFs                   0x20004804     0x8  Data  Lc  ff.o [1]
Fsid                    0x20004930     0x2  Data  Lc  ff.o [1]
GPIO_AllAinConfig       0x0800a831    0x3c  Code  Lc  main.o [1]
GPIO_EXTILineConfig     0x0800a1e5    0x54  Code  Gb  stm32f10x_gpio.o [1]
GPIO_Init               0x0800a075    0xcc  Code  Gb  stm32f10x_gpio.o [1]
GPIO_PinRemapConfig     0x0800a169    0x7c  Code  Gb  stm32f10x_gpio.o [1]
GPIO_ReadInputDataBit   0x0800a141    0x1a  Code  Gb  stm32f10x_gpio.o [1]
GPIO_ResetBits          0x0800a161     0x6  Code  Gb  stm32f10x_gpio.o [1]
GPIO_SetBits            0x0800a15b     0x6  Code  Gb  stm32f10x_gpio.o [1]
GetEPRxAddr             0x080096f9    0x18  Code  Gb  usb_regs.o [1]
GetEPRxCount            0x0800976f    0x18  Code  Gb  usb_regs.o [1]
GetEPTxAddr             0x080096e1    0x18  Code  Gb  usb_regs.o [1]
Get_Max_Lun             0x080075b5    0x1c  Code  Gb  usb_prop.o [1]
Get_SerialNum           0x0800b865    0x68  Code  Gb  hw_config.o [1]
HARDFAULT_ISR_HANDLE_d  0x0800d1e5          Code  Gb  hardfault_isr_handle_a.o [1]
HEAP$$Base              0x20000810           --   Gb  - Linker created -
HEAP$$Limit             0x20000b10           --   Gb  - Linker created -
HJ5000_GPIO_config      0x0800861d    0x84  Code  Lc  HJ5000_scanner.o [1]
HJ5000_NVIC_config      0x080086a1    0x3a  Code  Lc  HJ5000_scanner.o [1]
HJ5000_RxISRHandler     0x08008885    0x52  Code  Gb  HJ5000_scanner.o [1]
HJ5000_start_stop_decode
                        0x080088d7    0x28  Code  Gb  HJ5000_scanner.o [1]
HSEStartUpStatus        0x20004944     0x1  Data  Gb  main.o [1]
HardFaultException      0x08008a89     0x8  Code  Gb  stm32f10x_it.o [1]
HashString              0x0800d0b1    0x18  Code  Gb  hash.o [1]
I2C1_ER_IRQHandler      0x08008be9     0x2  Code  Gb  stm32f10x_it.o [1]
I2C1_EV_IRQHandler      0x08008be7     0x2  Code  Gb  stm32f10x_it.o [1]
I2C2_ER_IRQHandler      0x08008bed     0x2  Code  Gb  stm32f10x_it.o [1]
I2C2_EV_IRQHandler      0x08008beb     0x2  Code  Gb  stm32f10x_it.o [1]
Idx                     0x20004890     0x4  Data  Gb  memory.o [1]
In0_Process             0x08004c75    0x68  Code  Gb  usb_core.o [1]
Jfree                   0x0800c4f9    0x26  Code  Gb  JMemory.o [1]
Jmalloc                 0x0800c4c9    0x30  Code  Gb  JMemory.o [1]
Keyboard_ConfigDescriptor
                        0x0800ccb0    0x24  Data  Gb  usb_desc.o [1]
Keyboard_DeviceDescriptor
                        0x0800d16c    0x14  Data  Gb  usb_desc.o [1]
Keyboard_GetHIDDescriptor
                        0x08007545    0x10  Code  Gb  usb_prop.o [1]
Keyboard_GetProtocolValue
                        0x0800757d    0x16  Code  Gb  usb_prop.o [1]
Keyboard_GetReportDescriptor
                        0x08007535    0x10  Code  Gb  usb_prop.o [1]
Keyboard_Hid_Descriptor
                        0x20004c64     0x8  Data  Gb  usb_prop.o [1]
Keyboard_ReportDescriptor
                        0x0800c970    0x40  Data  Gb  usb_desc.o [1]
Keyboard_Report_Descriptor
                        0x20004c5c     0x8  Data  Gb  usb_prop.o [1]
Keyboard_SetProtocol    0x0800756d    0x10  Code  Gb  usb_prop.o [1]
Keyboard_SetReport      0x08007599    0x1c  Code  Gb  usb_prop.o [1]
Keypad_EXTI_ISRHandler  0x08006ef1    0x3c  Code  Gb  keypad.o [1]
Keypad_Init             0x08006ee1    0x10  Code  Gb  keypad.o [1]
Keypad_Initport         0x08006d19    0x88  Code  Lc  keypad.o [1]
Keypad_Int_Disable      0x08006df5    0x4c  Code  Gb  keypad.o [1]
Keypad_Int_Enable       0x08006da1    0x54  Code  Gb  keypad.o [1]
Keypad_ReadIO           0x08006f2d    0x78  Code  Lc  keypad.o [1]
Keypad_Timer_Disable    0x08006ed1     0xc  Code  Gb  keypad.o [1]
Keypad_Timer_Enable     0x08006ebd    0x14  Code  Gb  keypad.o [1]
Keypad_Timer_ISRHandler
                        0x08006fad   0x1d0  Code  Gb  keypad.o [1]
Keypad_Timer_Init       0x08006e41    0x7c  Code  Gb  keypad.o [1]
MAL_GetStatus           0x0800b1a9    0x58  Code  Gb  mass_mal.o [1]
MAL_Read                0x0800b147    0x5c  Code  Gb  mass_mal.o [1]
MAL_Write               0x0800b0f5    0x52  Code  Gb  mass_mal.o [1]
MASS_ConfigDescriptor   0x0800cda0    0x20  Data  Gb  usb_desc.o [1]
MASS_DeviceDescriptor   0x0800d180    0x14  Data  Gb  usb_desc.o [1]
Mass_Block_Count        0x2000481c     0x8  Data  Gb  mass_mal.o [1]
Mass_Block_Size         0x20004814     0x8  Data  Gb  mass_mal.o [1]
Mass_Memory_Size        0x2000480c     0x8  Data  Gb  mass_mal.o [1]
Mass_Storage_In         0x08007a15    0x62  Code  Gb  usb_bot.o [1]
Mass_Storage_Out        0x08007a77    0x7e  Code  Gb  usb_bot.o [1]
Max_Lun                 0x2000490c     0x4  Data  Gb  usb_prop.o [1]
MemManageException      0x08008a91     0x2  Code  Gb  stm32f10x_it.o [1]
Mode_Sense10_data       0x20004c54     0x8  Data  Gb  scsi_data.o [1]
Mode_Sense6_data        0x20004c6c     0x4  Data  Gb  scsi_data.o [1]
NMIException            0x080089a1     0x2  Code  Gb  stm32f10x_it.o [1]
NOP_Process             0x08004dcd     0x2  Code  Gb  usb_core.o [1]
NVIC_Init               0x0800b8dd    0xa0  Code  Gb  stm32f10x_nvic.o [1]
NVIC_PriorityGroupConfig
                        0x0800b8cd     0xa  Code  Gb  stm32f10x_nvic.o [1]
NVIC_SetVectorTable     0x0800b985    0x10  Code  Gb  stm32f10x_nvic.o [1]
NoData_Setup0           0x080047e1   0x152  Code  Lc  usb_core.o [1]
OSCtxSw                 0x0800bd3b          Code  Gb  os_cpu_a.o [1]
OSCtxSwCtr              0x200048a4     0x4  Data  Gb  os_core.o [1]
OSDataSize              0x0800d4b8     0x2  Data  Gb  os_dbg.o [1]
OSDebugEn               0x0800d462     0x2  Data  Gb  os_dbg.o [1]
OSDebugInit             0x0800abdd   0x168  Code  Gb  os_dbg.o [1]
OSEndiannessTest        0x0800d450     0x4  Data  Gb  os_dbg.o [1]
OSEventEn               0x0800d468     0x2  Data  Gb  os_dbg.o [1]
OSEventFreeList         0x200048a8     0x4  Data  Gb  os_core.o [1]
OSEventMax              0x0800d464     0x2  Data  Gb  os_dbg.o [1]
OSEventNameSize         0x0800d466     0x2  Data  Gb  os_dbg.o [1]
OSEventSize             0x0800d46a     0x2  Data  Gb  os_dbg.o [1]
OSEventTbl              0x20004288    0x8c  Data  Gb  os_core.o [1]
OSEventTblSize          0x0800d46c     0x2  Data  Gb  os_dbg.o [1]
OSFlagEn                0x0800d46e     0x2  Data  Gb  os_dbg.o [1]
OSFlagFreeList          0x200048ac     0x4  Data  Gb  os_core.o [1]
OSFlagGrpSize           0x0800d470     0x2  Data  Gb  os_dbg.o [1]
OSFlagMax               0x0800d476     0x2  Data  Gb  os_dbg.o [1]
OSFlagNameSize          0x0800d478     0x2  Data  Gb  os_dbg.o [1]
OSFlagNodeSize          0x0800d472     0x2  Data  Gb  os_dbg.o [1]
OSFlagTbl               0x20004570    0x50  Data  Gb  os_core.o [1]
OSFlagWidth             0x0800d474     0x2  Data  Gb  os_dbg.o [1]
OSIdleCtr               0x200048b0     0x4  Data  Gb  os_core.o [1]
OSInit                  0x080057c9    0x30  Code  Gb  os_core.o [1]
OSInitHookBegin         0x0800b315     0x2  Code  Gb  os_cpu_c.o [1]
OSInitHookEnd           0x0800b317     0x2  Code  Gb  os_cpu_c.o [1]
OSIntCtxSw              0x0800bd43          Code  Gb  os_cpu_a.o [1]
OSIntEnter              0x080057f9    0x24  Code  Gb  os_core.o [1]
OSIntExit               0x0800581d    0x94  Code  Gb  os_core.o [1]
OSIntNesting            0x20004946     0x1  Data  Gb  os_core.o [1]
OSLockNesting           0x20004947     0x1  Data  Gb  os_core.o [1]
OSLowestPrio            0x0800d47a     0x2  Data  Gb  os_dbg.o [1]
OSMboxEn                0x0800d47c     0x2  Data  Gb  os_dbg.o [1]
OSMemEn                 0x0800d47e     0x2  Data  Gb  os_dbg.o [1]
OSMemFreeList           0x200048c4     0x4  Data  Gb  os_core.o [1]
OSMemMax                0x0800d480     0x2  Data  Gb  os_dbg.o [1]
OSMemNameSize           0x0800d482     0x2  Data  Gb  os_dbg.o [1]
OSMemSize               0x0800d484     0x2  Data  Gb  os_dbg.o [1]
OSMemTbl                0x20004314    0x8c  Data  Gb  os_core.o [1]
OSMemTblSize            0x0800d486     0x2  Data  Gb  os_dbg.o [1]
OSMutexEn               0x0800d488     0x2  Data  Gb  os_dbg.o [1]
OSPrioCur               0x20004948     0x1  Data  Gb  os_core.o [1]
OSPrioHighRdy           0x20004949     0x1  Data  Gb  os_core.o [1]
OSPtrSize               0x0800d48a     0x2  Data  Gb  os_dbg.o [1]
OSQCreate               0x080097b1    0x98  Code  Gb  os_q.o [1]
OSQEn                   0x0800d48c     0x2  Data  Gb  os_dbg.o [1]
OSQFreeList             0x200048c8     0x4  Data  Gb  os_core.o [1]
OSQMax                  0x0800d48e     0x2  Data  Gb  os_dbg.o [1]
OSQPend                 0x0800984d   0x130  Code  Gb  os_q.o [1]
OSQPost                 0x08009981    0x78  Code  Gb  os_q.o [1]
OSQSize                 0x0800d490     0x2  Data  Gb  os_dbg.o [1]
OSQTbl                  0x20004510    0x60  Data  Gb  os_core.o [1]
OSRdyGrp                0x2000494a     0x1  Data  Gb  os_core.o [1]
OSRdyTbl                0x20004824     0x8  Data  Gb  os_core.o [1]
OSRdyTblSize            0x0800d492     0x2  Data  Gb  os_dbg.o [1]
OSRunning               0x2000494b     0x1  Data  Gb  os_core.o [1]
OSSchedLock             0x080058b1    0x3a  Code  Gb  os_core.o [1]
OSSchedUnlock           0x080058eb    0x5a  Code  Gb  os_core.o [1]
OSSemCreate             0x0800c5dd    0x50  Code  Gb  os_sem.o [1]
OSSemEn                 0x0800d494     0x2  Data  Gb  os_dbg.o [1]
OSStart                 0x08005945    0x42  Code  Gb  os_core.o [1]
OSStartHighRdy          0x0800bd1f          Code  Gb  os_cpu_a.o [1]
OSStkWidth              0x0800d496     0x2  Data  Gb  os_dbg.o [1]
OSTCBCur                0x200048b4     0x4  Data  Gb  os_core.o [1]
OSTCBFreeList           0x200048b8     0x4  Data  Gb  os_core.o [1]
OSTCBHighRdy            0x200048bc     0x4  Data  Gb  os_core.o [1]
OSTCBInitHook           0x0800b3af     0x2  Code  Gb  os_cpu_c.o [1]
OSTCBList               0x200048c0     0x4  Data  Gb  os_core.o [1]
OSTCBPrioTbl            0x20004188   0x100  Data  Gb  os_core.o [1]
OSTCBPrioTblMax         0x0800d4ae     0x2  Data  Gb  os_dbg.o [1]
OSTCBSize               0x0800d4b0     0x2  Data  Gb  os_dbg.o [1]
OSTCBTbl                0x20002dc0   0x39c  Data  Gb  os_core.o [1]
OSTaskCreateEn          0x0800d498     0x2  Data  Gb  os_dbg.o [1]
OSTaskCreateExt         0x08009295    0xd0  Code  Gb  os_task.o [1]
OSTaskCreateExtEn       0x0800d49a     0x2  Data  Gb  os_dbg.o [1]
OSTaskCreateHook        0x0800b319     0x2  Code  Gb  os_cpu_c.o [1]
OSTaskCtr               0x2000494c     0x1  Data  Gb  os_core.o [1]
OSTaskDel               0x08009365   0x188  Code  Gb  os_task.o [1]
OSTaskDelEn             0x0800d49c     0x2  Data  Gb  os_dbg.o [1]
OSTaskDelHook           0x0800b31b     0x2  Code  Gb  os_cpu_c.o [1]
OSTaskIdleHook          0x0800b31d    0x14  Code  Gb  os_cpu_c.o [1]
OSTaskIdleStk           0x20003df8   0x200  Data  Gb  os_core.o [1]
OSTaskIdleStkSize       0x0800d49e     0x2  Data  Gb  os_dbg.o [1]
OSTaskMax               0x0800d4a2     0x2  Data  Gb  os_dbg.o [1]
OSTaskNameSize          0x0800d4a4     0x2  Data  Gb  os_dbg.o [1]
OSTaskProfileEn         0x0800d4a0     0x2  Data  Gb  os_dbg.o [1]
OSTaskStatEn            0x0800d4a6     0x2  Data  Gb  os_dbg.o [1]
OSTaskStatStkChkEn      0x0800d4aa     0x2  Data  Gb  os_dbg.o [1]
OSTaskStatStkSize       0x0800d4a8     0x2  Data  Gb  os_dbg.o [1]
OSTaskStkInit           0x0800b331    0x7c  Code  Gb  os_cpu_c.o [1]
OSTaskSwHook            0x0800b3ad     0x2  Code  Gb  os_cpu_c.o [1]
OSTaskSwHookEn          0x0800d4ac     0x2  Data  Gb  os_dbg.o [1]
OSTickStepState         0x2000494d     0x1  Data  Gb  os_core.o [1]
OSTicksPerSec           0x0800d4b2     0x2  Data  Gb  os_dbg.o [1]
OSTime                  0x200048cc     0x4  Data  Gb  os_core.o [1]
OSTimeDly               0x0800afd9    0x6c  Code  Gb  os_time.o [1]
OSTimeDlyHMSM           0x0800b045    0xa2  Code  Gb  os_time.o [1]
OSTimeTick              0x08005989    0xf0  Code  Gb  os_core.o [1]
OSTimeTickHook          0x0800b3b1     0x2  Code  Gb  os_cpu_c.o [1]
OSTimeTickHookEn        0x0800d4b4     0x2  Data  Gb  os_dbg.o [1]
OSUnMapTbl              0x0800b420   0x100  Data  Gb  os_core.o [1]
OSVersionNbr            0x0800d4b6     0x2  Data  Gb  os_dbg.o [1]
OS_CPU_PendSVHandler    0x0800bd4b          Code  Gb  os_cpu_a.o [1]
OS_CPU_SR_Restore       0x0800bd19          Code  Gb  os_cpu_a.o [1]
OS_CPU_SR_Save          0x0800bd11          Code  Gb  os_cpu_a.o [1]
OS_CPU_SysTickHandler   0x0800b3b5    0x24  Code  Gb  os_cpu_c.o [1]
OS_CPU_SysTickInit      0x0800b3d9    0x48  Code  Gb  os_cpu_c.o [1]
OS_Dummy                0x08005a79     0x2  Code  Gb  os_core.o [1]
OS_EventTaskRdy         0x08005a7b    0x90  Code  Gb  os_core.o [1]
OS_EventTaskRemove      0x08005b89    0x34  Code  Gb  os_core.o [1]
OS_EventTaskRemoveMulti
                        0x08005bbd    0x40  Code  Gb  os_core.o [1]
OS_EventTaskWait        0x08005b0b    0x7e  Code  Gb  os_core.o [1]
OS_EventWaitListInit    0x08005bfd    0x1a  Code  Gb  os_core.o [1]
OS_FlagInit             0x0800c2a5    0x4c  Code  Gb  os_flag.o [1]
OS_FlagUnlink           0x0800c2f5    0x26  Code  Gb  os_flag.o [1]
OS_InitEventList        0x08005c19    0x50  Code  Lc  os_core.o [1]
OS_InitMisc             0x08005c69    0x2e  Code  Lc  os_core.o [1]
OS_InitRdyList          0x08005ca1    0x36  Code  Lc  os_core.o [1]
OS_InitTCBList          0x08005d0d    0x60  Code  Lc  os_core.o [1]
OS_InitTaskIdle         0x08005cdd    0x30  Code  Lc  os_core.o [1]
OS_MemClr               0x08005d75    0x12  Code  Gb  os_core.o [1]
OS_MemInit              0x0800c78d    0x48  Code  Gb  os_mem.o [1]
OS_QInit                0x080099f9    0x34  Code  Gb  os_q.o [1]
OS_Sched                0x08005d87    0x5c  Code  Gb  os_core.o [1]
OS_SchedNew             0x08005df9    0x20  Code  Lc  os_core.o [1]
OS_TCBInit              0x08005e4d   0x16c  Code  Gb  os_core.o [1]
OS_TaskIdle             0x08005e25    0x1c  Code  Gb  os_core.o [1]
OS_TaskStkClr           0x08009505    0x1e  Code  Gb  os_task.o [1]
Out0_Process            0x08004ce5    0x4c  Code  Gb  usb_core.o [1]
PCUsart_Init            0x0800be15    0x10  Code  Gb  PCUsart.o [1]
PMAToUserBufferCopy     0x0800c713    0x22  Code  Gb  usb_mem.o [1]
PVD_IRQHandler          0x08008a9d     0x2  Code  Gb  stm32f10x_it.o [1]
PWR_EnterSTOPMode       0x0800c9f1    0x32  Code  Gb  stm32f10x_pwr.o [1]
Page00_Inquiry_Data     0x2000482c     0x8  Data  Gb  scsi_data.o [1]
Post0_Process           0x08004d31    0x4c  Code  Gb  usb_core.o [1]
ProtocolValue           0x20004908     0x4  Data  Gb  usb_prop.o [1]
RCC_AHBPeriphClockCmd   0x08008f19    0x24  Code  Gb  stm32f10x_rcc.o [1]
RCC_APB1PeriphClockCmd  0x08008f61    0x24  Code  Gb  stm32f10x_rcc.o [1]
RCC_APB2PeriphClockCmd  0x08008f3d    0x24  Code  Gb  stm32f10x_rcc.o [1]
RCC_Configuration       0x0800a789    0x8c  Code  Gb  main.o [1]
RCC_DeInit              0x08008cc1    0x5c  Code  Gb  stm32f10x_rcc.o [1]
RCC_GetClocksFreq       0x08008e35    0xe0  Code  Gb  stm32f10x_rcc.o [1]
RCC_GetFlagStatus       0x08008f85    0x44  Code  Gb  stm32f10x_rcc.o [1]
RCC_GetSYSCLKSource     0x08008de1     0xa  Code  Gb  stm32f10x_rcc.o [1]
RCC_HCLKConfig          0x08008deb    0x14  Code  Gb  stm32f10x_rcc.o [1]
RCC_HSEConfig           0x08008d1d    0x54  Code  Gb  stm32f10x_rcc.o [1]
RCC_IRQHandler          0x08008aa5     0x2  Code  Gb  stm32f10x_it.o [1]
RCC_PCLK1Config         0x08008dff    0x14  Code  Gb  stm32f10x_rcc.o [1]
RCC_PCLK2Config         0x08008e13    0x16  Code  Gb  stm32f10x_rcc.o [1]
RCC_PLLCmd              0x08008dc1     0xc  Code  Gb  stm32f10x_rcc.o [1]
RCC_PLLConfig           0x08008da9    0x16  Code  Gb  stm32f10x_rcc.o [1]
RCC_SYSCLKConfig        0x08008dcd    0x14  Code  Gb  stm32f10x_rcc.o [1]
RCC_USBCLKConfig        0x08008e29     0xc  Code  Gb  stm32f10x_rcc.o [1]
RCC_WaitForHSEStartUp   0x08008d71    0x38  Code  Gb  stm32f10x_rcc.o [1]
RTCAlarm_IRQHandler     0x08008c9b     0x2  Code  Gb  stm32f10x_it.o [1]
RTC_IRQHandler          0x08008aa1     0x2  Code  Gb  stm32f10x_it.o [1]
ReadCapacity10_Data     0x20004834     0x8  Data  Gb  scsi_data.o [1]
ReadFormatCapacity_Data
                        0x20004c48     0xc  Data  Gb  scsi_data.o [1]
Read_Memory             0x08009c75   0x108  Code  Gb  memory.o [1]
Region$$Table$$Base     0x0800ccd4           --   Gb  - Linker created -
Region$$Table$$Limit    0x0800cd00           --   Gb  - Linker created -
SCSI_Address_Management
                        0x0800798b    0x7e  Code  Gb  usb_scsi.o [1]
SCSI_BlkLen             0x200048f0     0x4  Data  Gb  usb_bot.o [1]
SCSI_Format_Cmd         0x08007921    0x2a  Code  Gb  usb_scsi.o [1]
SCSI_Inquiry_Cmd        0x080075d5    0x48  Code  Gb  usb_scsi.o [1]
SCSI_Invalid_Cmd        0x0800794b    0x40  Code  Gb  usb_scsi.o [1]
SCSI_LBA                0x200048ec     0x4  Data  Gb  usb_bot.o [1]
SCSI_ModeSense10_Cmd    0x08007789    0x10  Code  Gb  usb_scsi.o [1]
SCSI_ModeSense6_Cmd     0x08007779    0x10  Code  Gb  usb_scsi.o [1]
SCSI_Read10_Cmd         0x080077d1    0x7c  Code  Gb  usb_scsi.o [1]
SCSI_ReadCapacity10_Cmd
                        0x080076c5    0xb4  Code  Gb  usb_scsi.o [1]
SCSI_ReadFormatCapacity_Cmd
                        0x0800761d    0xa8  Code  Gb  usb_scsi.o [1]
SCSI_RequestSense_Cmd   0x08007799    0x1e  Code  Gb  usb_scsi.o [1]
SCSI_Start_Stop_Unit_Cmd
                        0x080077c5     0xc  Code  Gb  usb_scsi.o [1]
SCSI_TestUnitReady_Cmd  0x080078ef    0x32  Code  Gb  usb_scsi.o [1]
SCSI_Verify10_Cmd       0x080078b5    0x3a  Code  Gb  usb_scsi.o [1]
SCSI_Write10_Cmd        0x0800784d    0x64  Code  Gb  usb_scsi.o [1]
SDIO_IRQHandler         0x08008cab     0x2  Code  Gb  stm32f10x_it.o [1]
SPI1_IRQHandler         0x08008bef     0x2  Code  Gb  stm32f10x_it.o [1]
SPI2_IRQHandler         0x08008bf1     0x2  Code  Gb  stm32f10x_it.o [1]
SPI3_IRQHandler         0x08008caf     0x2  Code  Gb  stm32f10x_it.o [1]
SPI_Cmd                 0x0800c267    0x1a  Code  Gb  stm32f10x_spi.o [1]
SPI_I2S_GetFlagStatus   0x0800c289    0x1a  Code  Gb  stm32f10x_spi.o [1]
SPI_I2S_ReceiveData     0x0800c285     0x4  Code  Gb  stm32f10x_spi.o [1]
SPI_I2S_SendData        0x0800c281     0x4  Code  Gb  stm32f10x_spi.o [1]
SPI_Init                0x0800c229    0x3e  Code  Gb  stm32f10x_spi.o [1]
SVCHandler              0x08008a99     0x2  Code  Gb  stm32f10x_it.o [1]
SaveRState              0x20004938     0x2  Data  Gb  usb_int.o [1]
SaveTState              0x2000493a     0x2  Data  Gb  usb_int.o [1]
Scsi_Sense_Data         0x20004c14    0x14  Data  Gb  scsi_data.o [1]
SendData_To_PC          0x0800b7f5    0x6c  Code  Gb  hw_config.o [1]
SetBTABLE               0x08009525     0xe  Code  Gb  usb_regs.o [1]
SetDeviceAddress        0x08004d7d    0x50  Code  Gb  usb_core.o [1]
SetEPRxAddr             0x080096c3    0x1e  Code  Gb  usb_regs.o [1]
SetEPRxCount            0x0800972b    0x44  Code  Gb  usb_regs.o [1]
SetEPRxStatus           0x0800958d    0x38  Code  Gb  usb_regs.o [1]
SetEPRxValid            0x080095f1    0x2c  Code  Gb  usb_regs.o [1]
SetEPTxAddr             0x080096a5    0x1e  Code  Gb  usb_regs.o [1]
SetEPTxCount            0x08009711    0x1a  Code  Gb  usb_regs.o [1]
SetEPTxStatus           0x08009553    0x3a  Code  Gb  usb_regs.o [1]
SetEPTxValid            0x080095c5    0x2c  Code  Gb  usb_regs.o [1]
SetEPType               0x08009533    0x20  Code  Gb  usb_regs.o [1]
Set_CSW                 0x08007dd5    0x38  Code  Gb  usb_bot.o [1]
Set_Scsi_Sense_Data     0x080077b7     0xa  Code  Gb  usb_scsi.o [1]
Set_USBClock            0x0800bdb1    0x1c  Code  Lc  PCUsart.o [1]
Setup0_Process          0x08004be1    0x8c  Code  Gb  usb_core.o [1]
Standard_ClearFeature   0x08004415   0x158  Code  Gb  usb_core.o [1]
Standard_GetConfiguration
                        0x080041f1    0x2a  Code  Gb  usb_core.o [1]
Standard_GetDescriptorData
                        0x0800464f    0x24  Code  Gb  usb_core.o [1]
Standard_GetInterface   0x08004269    0x2a  Code  Gb  usb_core.o [1]
Standard_GetStatus      0x08004315   0x100  Code  Gb  usb_core.o [1]
Standard_Inquiry_Data   0x20004b14    0x24  Data  Gb  scsi_data.o [1]
Standard_Inquiry_Data2  0x20004b38    0x24  Data  Gb  scsi_data.o [1]
Standard_SetConfiguration
                        0x0800421b    0x4e  Code  Gb  usb_core.o [1]
Standard_SetDeviceFeature
                        0x0800462b    0x24  Code  Gb  usb_core.o [1]
Standard_SetEndPointFeature
                        0x08004571    0xba  Code  Gb  usb_core.o [1]
Standard_SetInterface   0x08004293    0x82  Code  Gb  usb_core.o [1]
State_Machine_thread    0x0800500d   0x4fc  Code  Gb  app.o [1]
Status                  0x20004880     0x4  Data  Gb  mass_mal.o [1]
StatusInfo              0x200048f4     0x4  Data  Gb  usb_core.o [1]
String_Descriptor       0x20004b80    0x20  Data  Gb  usb_prop.o [1]
TAMPER_IRQHandler       0x08008a9f     0x2  Code  Gb  stm32f10x_it.o [1]
TIM1_BRK_IRQHandler     0x08008bb5     0x2  Code  Gb  stm32f10x_it.o [1]
TIM1_CC_IRQHandler      0x08008bbb     0x2  Code  Gb  stm32f10x_it.o [1]
TIM1_TRG_COM_IRQHandler
                        0x08008bb9     0x2  Code  Gb  stm32f10x_it.o [1]
TIM1_UP_IRQHandler      0x08008bb7     0x2  Code  Gb  stm32f10x_it.o [1]
TIM2_IRQHandler         0x08008bbd     0x8  Code  Gb  stm32f10x_it.o [1]
TIM2_UpdateISRHandler   0x0800b5ef    0x2a  Code  Gb  TimeBase.o [1]
TIM3_IRQHandler         0x08008bc5    0x20  Code  Gb  stm32f10x_it.o [1]
TIM4_IRQHandler         0x08008be5     0x2  Code  Gb  stm32f10x_it.o [1]
TIM5_IRQHandler         0x08008cad     0x2  Code  Gb  stm32f10x_it.o [1]
TIM6_IRQHandler         0x08008cb5     0x2  Code  Gb  stm32f10x_it.o [1]
TIM7_IRQHandler         0x08008cb7     0x2  Code  Gb  stm32f10x_it.o [1]
TIM8_BRK_IRQHandler     0x08008c9f     0x2  Code  Gb  stm32f10x_it.o [1]
TIM8_CC_IRQHandler      0x08008ca5     0x2  Code  Gb  stm32f10x_it.o [1]
TIM8_TRG_COM_IRQHandler
                        0x08008ca3     0x2  Code  Gb  stm32f10x_it.o [1]
TIM8_UP_IRQHandler      0x08008ca1     0x2  Code  Gb  stm32f10x_it.o [1]
TIM_ClearFlag           0x0800ae67     0x8  Code  Gb  stm32f10x_tim.o [1]
TIM_ClearITPendingBit   0x0800aea1     0x8  Code  Gb  stm32f10x_tim.o [1]
TIM_Cmd                 0x0800ae33    0x1c  Code  Gb  stm32f10x_tim.o [1]
TIM_GetITStatus         0x0800ae6f    0x32  Code  Gb  stm32f10x_tim.o [1]
TIM_ITConfig            0x0800ae4f    0x18  Code  Gb  stm32f10x_tim.o [1]
TIM_OC1Init             0x0800ad7b    0x76  Code  Gb  stm32f10x_tim.o [1]
TIM_OCStructInit        0x0800ae11    0x22  Code  Gb  stm32f10x_tim.o [1]
TIM_TimeBaseInit        0x0800ad45    0x36  Code  Gb  stm32f10x_tim.o [1]
TIM_TimeBaseStructInit  0x0800adf9    0x18  Code  Gb  stm32f10x_tim.o [1]
TimeBase_Init           0x0800b52b    0x74  Code  Gb  TimeBase.o [1]
TransferState           0x20004945     0x1  Data  Gb  memory.o [1]
Transfer_Data_Request   0x08007da1    0x32  Code  Gb  usb_bot.o [1]
UART4_IRQHandler        0x08008cb1     0x2  Code  Gb  stm32f10x_it.o [1]
UART5_IRQHandler        0x08008cb3     0x2  Code  Gb  stm32f10x_it.o [1]
USART1_IRQHandler       0x08008bf3     0x2  Code  Gb  stm32f10x_it.o [1]
USART2_IRQHandler       0x08008bf5    0x74  Code  Gb  stm32f10x_it.o [1]
USART3_IRQHandler       0x08008c69    0x30  Code  Gb  stm32f10x_it.o [1]
USART_ClearITPendingBit
                        0x0800a3e5    0x18  Code  Gb  stm32f10x_usart.o [1]
USART_Cmd               0x0800a2d5    0x1a  Code  Gb  stm32f10x_usart.o [1]
USART_DMACmd            0x0800a33f    0x18  Code  Gb  stm32f10x_usart.o [1]
USART_GetFlagStatus     0x0800a367    0x1a  Code  Gb  stm32f10x_usart.o [1]
USART_GetITStatus       0x0800a381    0x64  Code  Gb  stm32f10x_usart.o [1]
USART_ITConfig          0x0800a2ef    0x50  Code  Gb  stm32f10x_usart.o [1]
USART_Init              0x0800a239    0x9c  Code  Gb  stm32f10x_usart.o [1]
USART_ReceiveData       0x0800a35f     0x8  Code  Gb  stm32f10x_usart.o [1]
USART_SendData          0x0800a357     0x8  Code  Gb  stm32f10x_usart.o [1]
USBWakeUp_IRQHandler    0x08008c9d     0x2  Code  Gb  stm32f10x_it.o [1]
USB_APP_ClearFeature    0x08007335    0x1c  Code  Gb  usb_prop.o [1]
USB_APP_Data_Setup      0x08007361    0xd4  Code  Gb  usb_prop.o [1]
USB_APP_GetConfigDescriptor
                        0x080074e1    0x24  Code  Gb  usb_prop.o [1]
USB_APP_GetDeviceDescriptor
                        0x080074b9    0x24  Code  Gb  usb_prop.o [1]
USB_APP_GetStringDescriptor
                        0x0800750d    0x28  Code  Gb  usb_prop.o [1]
USB_APP_Get_Interface_Setting
                        0x08007555    0x18  Code  Gb  usb_prop.o [1]
USB_APP_NoData_Setup    0x08007435    0x78  Code  Gb  usb_prop.o [1]
USB_APP_Reset           0x080071c9   0x134  Code  Gb  usb_prop.o [1]
USB_APP_SetConfiguration
                        0x08007305    0x30  Code  Gb  usb_prop.o [1]
USB_APP_SetDeviceAddress
                        0x08007351     0x8  Code  Gb  usb_prop.o [1]
USB_APP_Status_In       0x0800735d     0x2  Code  Gb  usb_prop.o [1]
USB_APP_Status_Out      0x0800735f     0x2  Code  Gb  usb_prop.o [1]
USB_APP_StringLangID    0x0800d458     0x4  Data  Gb  usb_desc.o [1]
USB_APP_StringProduct   0x0800cdc0    0x20  Data  Gb  usb_desc.o [1]
USB_APP_StringSerial    0x20004bc0    0x1c  Data  Gb  usb_desc.o [1]
USB_APP_StringVendor    0x0800cbf0    0x28  Data  Gb  usb_desc.o [1]
USB_APP_init            0x08007189    0x40  Code  Gb  usb_prop.o [1]
USB_HP_CAN_TX_IRQHandler
                        0x08008b7b     0x2  Code  Gb  stm32f10x_it.o [1]
USB_Init                0x0800c9b1    0x40  Code  Gb  usb_init.o [1]
USB_Interrupts_Config   0x0800bdcd    0x48  Code  Lc  PCUsart.o [1]
USB_Istr                0x0800bee9    0x9c  Code  Gb  usb_istr.o [1]
USB_LP_CAN_RX0_IRQHandler
                        0x08008b7d     0x8  Code  Gb  stm32f10x_it.o [1]
USB_PowerOn             0x0800ca2d    0x34  Code  Gb  usb_pwr.o [1]
USB_SIL_Read            0x0800c5af    0x2c  Code  Gb  usb_sil.o [1]
USB_SIL_Write           0x0800c581    0x2e  Code  Gb  usb_sil.o [1]
Unconfigure_All         0x0800a815    0x1a  Code  Lc  main.o [1]
UsageFaultException     0x08008a95     0x2  Code  Gb  stm32f10x_it.o [1]
UsbKeyValue_Ascii_Tbl   0x0800a8dc   0x180  Data  Gb  basic_fun.o [1]
UserToPMABufferCopy     0x0800c6e5    0x2e  Code  Gb  usb_mem.o [1]
User_Standard_Requests  0x20004b5c    0x24  Data  Gb  usb_prop.o [1]
WBTD_GPIO_config        0x08006689   0x14c  Code  Lc  WBTDS01.o [1]
WBTD_NVIC_config        0x080067d5    0x72  Code  Lc  WBTDS01.o [1]
WBTD_Reset              0x08006a1d    0x30  Code  Gb  WBTDS01.o [1]
WBTD_RxISRHandler       0x080068c9    0xf8  Code  Gb  WBTDS01.o [1]
WBTD_got_notify_type    0x08006cdd    0x38  Code  Gb  WBTDS01.o [1]
WBTD_hid_send           0x08006c15    0x64  Code  Gb  WBTDS01.o [1]
WBTD_init               0x08006c79    0x60  Code  Gb  WBTDS01.o [1]
WBTD_query_version      0x08006a51    0xb0  Code  Gb  WBTDS01.o [1]
WBTD_reset_resVar       0x080068ad    0x1a  Code  Lc  WBTDS01.o [1]
WBTD_set_autocon        0x08006b85    0x40  Code  Gb  WBTDS01.o [1]
WBTD_set_name           0x08006b01    0x80  Code  Gb  WBTDS01.o [1]
WBTD_set_profile        0x08006bc5    0x50  Code  Gb  WBTDS01.o [1]
WBTD_write_cmd          0x080069c1    0x5c  Code  Lc  WBTDS01.o [1]
WWDG_IRQHandler         0x08008a9b     0x2  Code  Gb  stm32f10x_it.o [1]
Write_Memory            0x08009d7d   0x120  Code  Gb  memory.o [1]
_EncodingSb_Mbtowc      0x0800c549    0x38  Code  Gb  xencoding_sb.o [3]
_EncodingSb_Wctomb      0x0800c525    0x1c  Code  Gb  xencoding_sb.o [3]
_Files                  0x20004ba0    0x20  Data  Gb  xfiles.o [3]
_GenldDefault           0x08003f65   0x258  Code  Lc  xprintffull.o [3]
_IsdstStr               0x20004978     0x4  Data  Gb  setlocale.o [3]
_LdtobDefault           0x08003b41   0x404  Code  Lc  xprintffull.o [3]
_LitobDefault           0x08003a29   0x110  Code  Lc  xprintffull.o [3]
_LocaleC_lconv          0x0800c7d8    0x48  Data  Gb  xlocale_c.o [3]
_LocaleEncoding         0x0800d1bd    0x10  Code  Gb  setlocale.o [3]
_LocaleReturnString     0x20004988    0x50  Data  Lc  setlocale.o [3]
_Locale_LconvArray      0x20004984     0x4  Data  Gb  setlocale.o [3]
_Locale_Profile         0x20004954    0x1c  Data  Gb  setlocale.o [3]
_Locale_lconv           0x200049dc    0x48  Data  Gb  localeconv.o [3]
_Mbtowc                 0x0800ce01    0x20  Code  Gb  xmbtowc.o [3]
_Printf                 0x080031a1   0x5a8  Code  Gb  xprintffull.o [3]
_Prout                  0x0800d0df    0x16  Code  Gb  xprout.o [3]
_PutcharsDefault        0x080041bd    0x32  Code  Lc  xprintffull.o [3]
_PutstrDefault          0x08003751   0x2cc  Code  Lc  xprintffull.o [3]
_TzoneStr               0x20004970     0x4  Data  Gb  setlocale.o [3]
_Wctomb                 0x0800cf5d    0x1a  Code  Gb  xwctomb.o [3]
__BASEPRICONFIG         0x0800c213          Code  Gb  cortexm3_macro.o [1]
__DMB                   0x0800c1c5          Code  Gb  cortexm3_macro.o [1]
__DSB                   0x0800c1bf          Code  Gb  cortexm3_macro.o [1]
__GetBASEPRI            0x0800c219          Code  Gb  cortexm3_macro.o [1]
__ISB                   0x0800c1b9          Code  Gb  cortexm3_macro.o [1]
__MRS_CONTROL           0x0800c1cf          Code  Gb  cortexm3_macro.o [1]
__MRS_MSP               0x0800c1eb          Code  Gb  cortexm3_macro.o [1]
__MRS_PSP               0x0800c1df          Code  Gb  cortexm3_macro.o [1]
__MSR_CONTROL           0x0800c1d5          Code  Gb  cortexm3_macro.o [1]
__MSR_MSP               0x0800c1f1          Code  Gb  cortexm3_macro.o [1]
__MSR_PSP               0x0800c1e5          Code  Gb  cortexm3_macro.o [1]
__READ_FAULTMASK        0x0800c20d          Code  Gb  cortexm3_macro.o [1]
__READ_PRIMASK          0x0800c1ff          Code  Gb  cortexm3_macro.o [1]
__RESETFAULTMASK        0x0800c205          Code  Gb  cortexm3_macro.o [1]
__RESETPRIMASK          0x0800c1f7          Code  Gb  cortexm3_macro.o [1]
__REV_HalfWord          0x0800c21f          Code  Gb  cortexm3_macro.o [1]
__REV_Word              0x0800c223          Code  Gb  cortexm3_macro.o [1]
__SETFAULTMASK          0x0800c209          Code  Gb  cortexm3_macro.o [1]
__SETPRIMASK            0x0800c1fb          Code  Gb  cortexm3_macro.o [1]
__SEV                   0x0800c1b5          Code  Gb  cortexm3_macro.o [1]
__SVC                   0x0800c1cb          Code  Gb  cortexm3_macro.o [1]
__WFE                   0x0800c1b1          Code  Gb  cortexm3_macro.o [1]
__WFI                   0x0800c1ad          Code  Gb  cortexm3_macro.o [1]
__aeabi_assert          0x0800c8ab    0x42  Code  Gb  xassert.o [3]
__aeabi_cdcmple         0x0800cb35          Code  Gb  DblCmpLe.o [4]
__aeabi_cdrcmple        0x0800cb65          Code  Gb  DblCmpGe.o [4]
__aeabi_d2iz            0x0800c68d          Code  Gb  DblToI32.o [4]
__aeabi_d2uiz           0x0800c6b9          Code  Gb  DblToI32.o [4]
__aeabi_dadd            0x0800b70d          Code  Gb  DblAdd.o [4]
__aeabi_ddiv            0x08008fd9          Code  Gb  DblDiv.o [4]
__aeabi_dmul            0x0800a5a1          Code  Gb  DblMul.o [4]
__aeabi_dsub            0x0800aa5d          Code  Gb  DblSub.o [4]
__aeabi_i2d             0x0800cb95          Code  Gb  I32ToDbl.o [4]
__aeabi_ldiv0           0x0800d45d          Code  Gb  I64DivZer.o [4]
__aeabi_ldivmod         0x0800aea9          Code  Gb  I64DivMod.o [4]
__aeabi_memcpy          0x0800c31d          Code  Gb  ABImemcpy.o [4]
__aeabi_memcpy4         0x0800c337          Code  Gb  ABImemcpy.o [4]
__aeabi_memcpy8         0x0800c337          Code  Gb  ABImemcpy.o [4]
__aeabi_memset          0x0800c3fd          Code  Gb  ABImemset.o [4]
__aeabi_ui2d            0x0800cba9          Code  Gb  I32ToDbl.o [4]
__aeabi_uldivmod        0x0800aebd          Code  Gb  I64DivMod.o [4]
__call_dtors            0x0800c3b9     0x4  Code  Gb  cppinit.o [3]
__cstart_call_dtors     0x0800d25b          Code  Gb  cexit.o [4]
__cxa_atexit            0x0800c38d    0x2c  Code  Gb  cppinit.o [3]
__cxa_finalize          0x0800c3bd    0x3c  Code  Gb  cppinit.o [3]
__data_Aldata           0x2000483c     0x8  Data  Gb  xxmemxmalloc.o [3]
__data_GetMemChunk      0x0800cc41    0x28  Code  Gb  xgetmemchunk.o [3]
__dwrite                0x0800ce5f    0x1e  Code  Gb  dwrite.o [5]
__exit                  0x0800d195    0x14  Code  Gb  exit.o [5]
__iar_Dnorm             0x0800bb0d    0xb4  Code  Gb  xdnorm.o [3]
__iar_Dscale            0x0800b205   0x110  Code  Gb  xdscale.o [3]
__iar_EmptyStepPoint    0x0800c8a9     0x2  Code  Gb  xassert.o [3]
__iar_Locksyslock       0x0800c03d    0x4c  Code  Gb  xsyslock.o [3]
__iar_Mbcurmax          0x0800d3d5     0xa  Code  Gb  xmbcurmax.o [3]
__iar_Memchr            0x0800c635          Code  Gb  memchr.o [4]
__iar_Memset            0x0800c3fd          Code  Gb  ABImemset.o [4]
__iar_Memset_word       0x0800c405          Code  Gb  ABImemset.o [4]
__iar_Mtxdst            0x0800cb0b     0x6  Code  Gb  MtxWrapper.o [3]
__iar_Mtxinit           0x0800cb05     0x6  Code  Gb  MtxWrapper.o [3]
__iar_Mtxlock           0x0800cb11     0x4  Code  Gb  MtxWrapper.o [3]
__iar_Mtxunlock         0x0800cb1f     0x6  Code  Gb  MtxWrapper.o [3]
__iar_ReportAssert      0x0800c149    0x64  Code  Gb  xreportassert.o [3]
__iar_Stderr            0x20004aa4    0x40  Data  Gb  xfiles.o [3]
__iar_Stdin             0x20004a24    0x40  Data  Gb  xfiles.o [3]
__iar_Stdout            0x20004a64    0x40  Data  Gb  xfiles.o [3]
__iar_Strchr            0x0800d0c9          Code  Gb  strchr.o [4]
__iar_Tls_setup__IsdstStr
                        0x2000497c     0x4  Data  Gb  setlocale.o [3]
__iar_Tls_setup__Locale_Profile
                        0x20004980     0x4  Data  Gb  setlocale.o [3]
__iar_Tls_setup__Locale_lconv
                        0x200049d8     0x4  Data  Gb  localeconv.o [3]
__iar_Tls_setup__TzoneStr
                        0x20004974     0x4  Data  Gb  setlocale.o [3]
__iar_Unlocksyslock     0x0800c089    0x14  Code  Gb  xsyslock.o [3]
__iar_d2uiz             0x0800c6c3          Code  Gb  DblToI32.o [4]
__iar_dadd              0x0800b71f          Code  Gb  DblAdd.o [4]
__iar_data_init2        0x0800cf41    0x1c  Code  Gb  data_init2.o [4]
__iar_dsub              0x0800aa6f          Code  Gb  DblSub.o [4]
__iar_dsubStart         0x0800aa81          Code  Gb  DblSub.o [4]
__iar_packbits_init2    0x0800bf85    0x8e  Code  Gb  packbits_init2.o [4]
__iar_program_start     0x0800d099          Code  Gb  cmain.o [4]
__iar_sh_stdout         0x0800c74d    0x3c  Code  Gb  iarwstd.o [5]
__iar_sh_stdout_close   0x0800c739    0x14  Code  Gb  iarwstd.o [5]
__iar_sh_stdout_handle  0x2000492c     0x4  Data  Lc  iarwstd.o [5]
__iar_sh_write          0x0800ce21    0x20  Code  Gb  iarwrite.o [5]
__iar_strcmp            0x0800c8ed          Code  Gb  strcmp.o [4]
__iar_ui2d              0x0800cbab          Code  Gb  I32ToDbl.o [4]
__iar_zero_init2        0x0800cf77    0x1a  Code  Gb  zero_init2.o [4]
__low_level_init        0x0800d45f     0x4  Code  Gb  low_level_init.o [3]
__vector_table          0x08000000   0x140  Data  Gb  stm32f10x_vector.o [1]
__write                 0x0800d249    0x10  Code  Gb  write.o [5]
_exit                   0x0800d259          Code  Gb  cexit.o [4]
_main                   0x0800d0ab          Code  Gb  cmain.o [4]
abort                   0x0800d441     0x8  Code  Gb  abort.o [3]
app_init                0x08004f65    0xa4  Code  Gb  app.o [1]
app_init_thread         0x0800566d    0xb8  Code  Gb  app.o [1]
app_startup             0x08005725    0x90  Code  Gb  app.o [1]
ascii_to_keyreport      0x0800be4d    0x98  Code  Gb  basic_fun.o [1]
bDeviceState            0x20004914     0x4  Data  Gb  usb_pwr.o [1]
bIntPackSOF             0x20004952     0x1  Data  Gb  usb_istr.o [1]
barcode_cash            0x200024f0   0x4d0  Data  Lc  app.o [1]
barcode_hid_send        0x08004f09    0x5c  Code  Lc  app.o [1]
barcode_pool            0x200046a0    0x3c  Data  Lc  app.o [1]
buffer                  0x20000cf0  0x1000  Data  Lc  spi_flash.o [1]
calc_check_value        0x080023b9    0x1e  Code  Lc  record.o [1]
charge_detect_io_cnt    0x20004870     0x4  Data  Gb  hw_platform.o [1]
charge_state_cnt        0x20004868     0x4  Data  Lc  hw_platform.o [1]
check_fs                0x08000b3d    0x78  Code  Lc  ff.o [1]
chk_chr                 0x08000185    0x14  Code  Lc  ff.o [1]
chk_mounted             0x08000bb5   0x2dc  Code  Gb  ff.o [1]
clear_log_file          0x08002593    0x56  Code  Gb  record.o [1]
clearlocks              0x0800c015    0x26  Code  Lc  xsyslock.o [3]
clust2sect              0x08000629    0x18  Code  Gb  ff.o [1]
count_in                0x200048f8     0x4  Data  Gb  usb_endp.o [1]
crc32                   0x0800cc19    0x28  Code  Gb  crc32.o [1]
crc32_tab               0x08007e50   0x400  Data  Lc  crc32.o [1]
create_chain            0x08000575    0xb4  Code  Lc  ff.o [1]
create_name             0x08000911   0x180  Code  Lc  ff.o [1]
current_blink_frq       0x20004932     0x2  Data  Lc  hw_platform.o [1]
current_blink_led       0x20004940     0x1  Data  Lc  hw_platform.o [1]
current_cache_block     0x200048e8     0x4  Data  Lc  spi_flash.o [1]
current_led_state       0x20004941     0x1  Data  Lc  hw_platform.o [1]
current_node_offset     0x200048d0     0x4  Data  Gb  record.o [1]
current_press_key       0x20004942     0x1  Data  Lc  keypad.o [1]
current_timer_cnt       0x20004874     0x4  Data  Lc  hw_platform.o [1]
data_uart_init          0x0800bc71    0x7c  Code  Gb  data_uart.o [1]
delete_one_node         0x08002c65   0x53c  Code  Gb  record.o [1]
device_current_state    0x20004860     0x4  Data  Gb  app.o [1]
dir                     0x2000477c    0x1c  Data  Gb  record.o [1]
dir_find                0x08000827    0x62  Code  Lc  ff.o [1]
dir_next                0x080006f1   0x136  Code  Lc  ff.o [1]
dir_register            0x08000889    0x88  Code  Lc  ff.o [1]
dir_seek                0x08000641    0xb0  Code  Lc  ff.o [1]
disk_initialize         0x0800ba59    0x12  Code  Gb  diskio.o [1]
disk_ioctl              0x0800bad3    0x3a  Code  Gb  diskio.o [1]
disk_read               0x0800ba81    0x34  Code  Gb  diskio.o [1]
disk_status             0x0800ba6f    0x12  Code  Gb  diskio.o [1]
disk_write              0x0800bab5    0x1e  Code  Gb  diskio.o [1]
div                     0x0800d275     0xe  Code  Gb  div.o [3]
ebuf                    0x200045c0    0x50  Data  Lc  xfiles.o [3]
enter_into_BT_Mode      0x08004eb9    0x24  Code  Lc  app.o [1]
enter_into_Memory_Mode  0x08004e69    0x10  Code  Lc  app.o [1]
enter_into_USB_HID_Mode
                        0x08004e89    0x18  Code  Lc  app.o [1]
event_pool              0x2000473c    0x20  Data  Lc  app.o [1]
exit                    0x0800d449     0x6  Code  Gb  exit.o [3]
exit_from_BT_Mode       0x08004edd    0x2c  Code  Lc  app.o [1]
exit_from_Memory_Mode   0x08004e79    0x10  Code  Lc  app.o [1]
exit_from_USB_HID_Mode  0x08004ea1    0x18  Code  Lc  app.o [1]
f_close                 0x08001569    0x18  Code  Gb  ff.o [1]
f_lseek                 0x08001581   0x1de  Code  Gb  ff.o [1]
f_mkdir                 0x08001881   0x1e4  Code  Gb  ff.o [1]
f_mkfs                  0x08001a65   0x6b8  Code  Gb  ff.o [1]
f_mount                 0x08000ebd    0x34  Code  Gb  ff.o [1]
f_open                  0x08000ef1   0x1b0  Code  Gb  ff.o [1]
f_opendir               0x0800175f    0x76  Code  Gb  ff.o [1]
f_read                  0x080010a1   0x1ea  Code  Gb  ff.o [1]
f_sync                  0x080014ad    0xbc  Code  Gb  ff.o [1]
f_truncate              0x080017d5    0xac  Code  Gb  ff.o [1]
f_write                 0x0800128b   0x222  Code  Gb  ff.o [1]
fflush                  0x0800bc35    0x3c  Code  Gb  fflush.o [3]
fflushOne               0x0800bbc1    0x74  Code  Lc  fflush.o [3]
file1                   0x2000338c   0x224  Data  Gb  Terminal_Para.o [1]
file2                   0x200035b0   0x224  Data  Gb  record.o [1]
file3                   0x200037d4   0x224  Data  Gb  record.o [1]
flash_state             0x2000494e     0x1  Data  Lc  spi_flash.o [1]
flasize                 0x200048e4     0x4  Data  Gb  spi_flash.o [1]
follow_path             0x08000a91    0xa8  Code  Lc  ff.o [1]
fputc                   0x0800bced    0x20  Code  Gb  data_uart.o [1]
free                    0x0800c0a1    0x88  Code  Gb  xxmemxfree.o [3]
fs                      0x2000315c   0x230  Data  Gb  record.o [1]
g_mass_storage_device_type
                        0x2000493e     0x1  Data  Gb  PCUsart.o [1]
g_pReqCmd               0x20004844     0x4  Data  Gb  HJ5000_scanner.o [1]
g_param                 0x200046fc    0x20  Data  Gb  Terminal_Para.o [1]
g_rec_offset            0x200048d4     0x4  Data  Gb  record.o [1]
g_receive_buff          0x200043a0    0x80  Data  Gb  HJ5000_scanner.o [1]
g_resCmd                0x200047ec     0xc  Data  Gb  HJ5000_scanner.o [1]
g_send_buff             0x200046dc    0x20  Data  Gb  HJ5000_scanner.o [1]
g_usb_type              0x2000493f     0x1  Data  Gb  hw_config.o [1]
get_fat                 0x080002e3    0xfe  Code  Gb  ff.o [1]
get_fattime             0x0800ba6b     0x4  Code  Gb  diskio.o [1]
get_node                0x08002ba1    0xb4  Code  Gb  record.o [1]
get_spi_flash_capacity  0x08006541     0x8  Code  Gb  spi_flash.o [1]
hard_fault_handler_c    0x080089a5    0xe4  Code  Gb  stm32f10x_it.o [1]
hw_platform_ChargeState_Detect
                        0x08008455    0x38  Code  Gb  hw_platform.o [1]
hw_platform_USBcable_Insert_Detect
                        0x08008495    0x30  Code  Gb  hw_platform.o [1]
hw_platform_beep_ctrl   0x0800853d    0x48  Code  Gb  hw_platform.o [1]
hw_platform_get_PowerClass
                        0x08008451     0x4  Code  Gb  hw_platform.o [1]
hw_platform_init        0x08008445     0xc  Code  Gb  hw_platform.o [1]
hw_platform_led_ctrl    0x080084c5    0x72  Code  Gb  hw_platform.o [1]
hw_platform_start_led_blink
                        0x080085c5    0x30  Code  Gb  hw_platform.o [1]
hw_platform_stop_led_blink
                        0x08008601    0x12  Code  Gb  hw_platform.o [1]
id_array                0x0800c930    0x40  Data  Gb  spi_flash.o [1]
init_data_info_file     0x08002189    0x64  Code  Lc  record.o [1]
init_hash_table_file    0x0800211d    0x6a  Code  Lc  record.o [1]
keyboard_output_report_value
                        0x20004910     0x4  Data  Gb  usb_prop.o [1]
keypad_state            0x20004943     0x1  Data  Lc  keypad.o [1]
keypress_timeout        0x20004864     0x4  Data  Gb  app.o [1]
last_charge_detect_io_cnt
                        0x2000486c     0x4  Data  Lc  hw_platform.o [1]
led_blink_timer_hook    0x08008585    0x3e  Code  Lc  hw_platform.o [1]
localeconv              0x0800d1a9    0x14  Code  Gb  localeconv.o [3]
log_len                 0x200048e0     0x4  Data  Lc  record.o [1]
main                    0x0800a745    0x44  Code  Gb  main.o [1]
malloc                  0x0800b99d    0xbc  Code  Gb  xxmemxmalloc.o [3]
mem_cmp                 0x08000165    0x20  Code  Lc  ff.o [1]
mem_cpy                 0x08000141    0x14  Code  Lc  ff.o [1]
mem_set                 0x08000155    0x10  Code  Lc  ff.o [1]
memchr                  0x0800c635          Code  Gb  memchr.o [4]
memcmp                  0x0800c465          Code  Gb  memcmp.o [4]
memcpy                  0x0800d267     0xe  Code  Wk  HJ5000_scanner.o [1]
memset                  0x0800d1d1    0x14  Code  Wk  HJ5000_scanner.o [1]
move_window             0x08000199    0x74  Code  Lc  ff.o [1]
mtx                     0x200047cc    0x10  Data  Lc  xsyslock.o [3]
mtxdst                  0x20004920     0x4  Data  Lc  MtxWrapper.o [3]
mtxinit                 0x2000491c     0x4  Data  Lc  MtxWrapper.o [3]
mtxlock                 0x20004924     0x4  Data  Lc  MtxWrapper.o [3]
mtxunlock               0x20004928     0x4  Data  Lc  MtxWrapper.o [3]
next_abi_dtor_rec       0x20004c74     0x4  Data  Lc  cppinit.o [3]
next_node_offset        0x200048dc     0x4  Data  Lc  record.o [1]
obuf                    0x20004610    0x50  Data  Lc  xfiles.o [3]
out                     0x0800c129    0x20  Code  Lc  xreportassert.o [3]
pBarcode_Queue          0x20004854     0x4  Data  Lc  app.o [1]
pEpInt_IN               0x20004bdc    0x1c  Data  Gb  usb_istr.o [1]
pEpInt_OUT              0x20004bf8    0x1c  Data  Gb  usb_istr.o [1]
pEvent_Queue            0x20004858     0x4  Data  Gb  app.o [1]
pIOSem                  0x2000485c     0x4  Data  Lc  app.o [1]
pInformation            0x200048fc     0x4  Data  Gb  usb_init.o [1]
pProperty               0x20004900     0x4  Data  Gb  usb_init.o [1]
pUser_Standard_Requests
                        0x20004904     0x4  Data  Gb  usb_init.o [1]
p_allocate_addr         0x20003ff8   0x190  Data  Lc  JMemory.o [1]
p_init_thread_stk       0x20004850     0x4  Data  Lc  app.o [1]
pack_ctrl_command       0x08008793    0x84  Code  Lc  HJ5000_scanner.o [1]
pack_set_command        0x08008739    0x5a  Code  Lc  HJ5000_scanner.o [1]
platform_misc_port_init
                        0x080082f1   0x154  Code  Lc  hw_platform.o [1]
press_cnt               0x20004878     0x4  Data  Lc  keypad.o [1]
prev_node_offset        0x200048d8     0x4  Data  Lc  record.o [1]
printf                  0x0800cde1    0x20  Code  Gb  printf.o [3]
push_barcode_into_cash  0x08004dd1    0x96  Code  Gb  app.o [1]
put_fat                 0x080003e1   0x124  Code  Gb  ff.o [1]
putchar                 0x0800d3c9     0xc  Code  Gb  putchar.o [3]
rec_module_buffer       0x200044a0    0x70  Data  Gb  record.o [1]
rec_search              0x08002a85    0xf2  Code  Lc  record.o [1]
rec_searchby_tag        0x08002b81    0x1c  Code  Gb  record.o [1]
record_add              0x080025f1   0x324  Code  Gb  record.o [1]
record_clear            0x080029a5    0xd8  Code  Gb  record.o [1]
record_module_count     0x08002915    0x90  Code  Gb  record.o [1]
record_module_init      0x080021ed   0x10c  Code  Gb  record.o [1]
record_module_read      0x080022fd    0xbc  Code  Gb  record.o [1]
release_cnt             0x2000487c     0x4  Data  Lc  keypad.o [1]
remove_chain            0x08000505    0x70  Code  Lc  ff.o [1]
reset_resVar            0x080086db    0x14  Code  Lc  HJ5000_scanner.o [1]
save_log_file           0x0800247d   0x116  Code  Lc  record.o [1]
scanner_get_barcode     0x08008905    0x94  Code  Gb  HJ5000_scanner.o [1]
scanner_mod_init        0x08008819    0x6c  Code  Gb  HJ5000_scanner.o [1]
send_data_to_WBTDS01    0x08006849    0x5c  Code  Lc  WBTDS01.o [1]
send_data_to_scanner    0x080086ef    0x38  Code  Lc  HJ5000_scanner.o [1]
spi_flash_erasesector   0x08006111    0x4c  Code  Gb  spi_flash.o [1]
spi_flash_init          0x08005fc1   0x14c  Code  Gb  spi_flash.o [1]
spi_flash_page_write    0x080061e3    0x64  Code  Gb  spi_flash.o [1]
spi_flash_post_write    0x08006549    0x6c  Code  Gb  spi_flash.o [1]
spi_flash_raddr         0x0800640d    0x5e  Code  Gb  spi_flash.o [1]
spi_flash_rpage         0x0800615d    0x86  Code  Gb  spi_flash.o [1]
spi_flash_send_byte     0x0800646b    0x48  Code  Gb  spi_flash.o [1]
spi_flash_waddr         0x08006247   0x1c6  Code  Gb  spi_flash.o [1]
spi_flash_wait_for_write_end
                        0x080064d7    0x64  Code  Gb  spi_flash.o [1]
spi_flash_write         0x080065b5    0xc6  Code  Gb  spi_flash.o [1]
spi_flash_write_enable  0x080064b9    0x1e  Code  Gb  spi_flash.o [1]
start_timer             0x0800b59f    0x30  Code  Gb  TimeBase.o [1]
stop_timer              0x0800b5cf    0x20  Code  Gb  TimeBase.o [1]
strcat                  0x0800ce41    0x1e  Code  Wk  strcat.o [3]
strchr                  0x0800d0c9          Code  Gb  strchr.o [4]
strcmp                  0x0800c8ed          Code  Gb  strcmp.o [4]
strcpy                  0x0800c865          Code  Gb  strcpy.o [4]
strlen                  0x0800ca69          Code  Gb  strlen.o [4]
sync                    0x0800020d    0xd6  Code  Lc  ff.o [1]
syslock_o               0x200047c8     0x4  Data  Lc  xsyslock.o [3]
system_err_tip          0x08005669     0x2  Code  Gb  app.o [1]
thread_bt_stk           0x20003bf8   0x200  Data  Lc  app.o [1]
thread_eventcapture_stk
                        0x200039f8   0x200  Data  Lc  app.o [1]
thread_statemachine_stk
                        0x200029c0   0x400  Data  Lc  app.o [1]
timer_isr_hook          0x2000484c     0x4  Data  Lc  TimeBase.o [1]
update_link_info_after_addNode
                        0x080023d7    0xa6  Code  Lc  record.o [1]
usb_device_init         0x0800be25    0x28  Code  Gb  PCUsart.o [1]
validate                0x08000e91    0x2c  Code  Lc  ff.o [1]
wInterrupt_Mask         0x20004936     0x2  Data  Gb  usb_init.o [1]
wIstr                   0x2000493c     0x2  Data  Gb  usb_istr.o [1]
wait_time_out           0x20004848     0x4  Data  Lc  HJ5000_scanner.o [1]
wbtd_recbuffer          0x20004420    0x80  Data  Gb  WBTDS01.o [1]
wbtd_res                0x200047f8     0xc  Data  Gb  WBTDS01.o [1]
wbtd_send_buff          0x2000471c    0x20  Data  Lc  WBTDS01.o [1]
write_cmd_to_scanner    0x0800872d     0xc  Code  Lc  HJ5000_scanner.o [1]


[1] = E:\H520B\FW\src\Project\EWARMv5\Debug\Obj
[2] = command line
[3] = dl7M_tl_if.a
[4] = rt7M_tl.a
[5] = shb_l.a

  50 534 bytes of readonly  code memory
   4 468 bytes of readonly  data memory
  19 559 bytes of readwrite data memory

Errors: none
Warnings: none
