###############################################################################
#                                                                             #
# IAR ELF Linker V5.30.0.51174/W32 for ARM              13/Oct/2015  16:46:26 #
# Copyright 2007-2009 IAR Systems AB.                                         #
#                                                                             #
#    Output file  =  E:\H520B\FW\src\Project\EWARMv5\Debug\Exe\T6.out         #
#    Map file     =  E:\H520B\FW\src\Project\EWARMv5\Debug\List\T6.map        #
#    Command line =  E:\H520B\FW\src\Project\EWARMv5\Debug\Obj\BT816.o        #
#                    E:\H520B\FW\src\Project\EWARMv5\Debug\Obj\HJ5000_scanner #
#                    .o E:\H520B\FW\src\Project\EWARMv5\Debug\Obj\JMemory.o   #
#                    E:\H520B\FW\src\Project\EWARMv5\Debug\Obj\PCUsart.o      #
#                    E:\H520B\FW\src\Project\EWARMv5\Debug\Obj\Terminal_Para_ #
#                    m.o E:\H520B\FW\src\Project\EWARMv5\Debug\Obj\TimeBase.o #
#                     E:\H520B\FW\src\Project\EWARMv5\Debug\Obj\WBTDS01.o     #
#                    E:\H520B\FW\src\Project\EWARMv5\Debug\Obj\app.o          #
#                    E:\H520B\FW\src\Project\EWARMv5\Debug\Obj\basic_fun.o    #
#                    E:\H520B\FW\src\Project\EWARMv5\Debug\Obj\cortexm3_macro #
#                    .o E:\H520B\FW\src\Project\EWARMv5\Debug\Obj\cpu_a.o     #
#                    E:\H520B\FW\src\Project\EWARMv5\Debug\Obj\cpu_c.o        #
#                    E:\H520B\FW\src\Project\EWARMv5\Debug\Obj\crc32.o        #
#                    E:\H520B\FW\src\Project\EWARMv5\Debug\Obj\data_uart.o    #
#                    E:\H520B\FW\src\Project\EWARMv5\Debug\Obj\hardfault_isr_ #
#                    handle_a.o E:\H520B\FW\src\Project\EWARMv5\Debug\Obj\has #
#                    h.o E:\H520B\FW\src\Project\EWARMv5\Debug\Obj\hw_config. #
#                    o E:\H520B\FW\src\Project\EWARMv5\Debug\Obj\hw_platform. #
#                    o E:\H520B\FW\src\Project\EWARMv5\Debug\Obj\keypad.o     #
#                    E:\H520B\FW\src\Project\EWARMv5\Debug\Obj\lib_ascii.o    #
#                    E:\H520B\FW\src\Project\EWARMv5\Debug\Obj\lib_mem.o      #
#                    E:\H520B\FW\src\Project\EWARMv5\Debug\Obj\lib_str.o      #
#                    E:\H520B\FW\src\Project\EWARMv5\Debug\Obj\main.o         #
#                    E:\H520B\FW\src\Project\EWARMv5\Debug\Obj\mass_mal.o     #
#                    E:\H520B\FW\src\Project\EWARMv5\Debug\Obj\memory.o       #
#                    E:\H520B\FW\src\Project\EWARMv5\Debug\Obj\os_core.o      #
#                    E:\H520B\FW\src\Project\EWARMv5\Debug\Obj\os_cpu_a.o     #
#                    E:\H520B\FW\src\Project\EWARMv5\Debug\Obj\os_cpu_c.o     #
#                    E:\H520B\FW\src\Project\EWARMv5\Debug\Obj\os_dbg.o       #
#                    E:\H520B\FW\src\Project\EWARMv5\Debug\Obj\os_flag.o      #
#                    E:\H520B\FW\src\Project\EWARMv5\Debug\Obj\os_mbox.o      #
#                    E:\H520B\FW\src\Project\EWARMv5\Debug\Obj\os_mem.o       #
#                    E:\H520B\FW\src\Project\EWARMv5\Debug\Obj\os_mutex.o     #
#                    E:\H520B\FW\src\Project\EWARMv5\Debug\Obj\os_probe.o     #
#                    E:\H520B\FW\src\Project\EWARMv5\Debug\Obj\os_q.o         #
#                    E:\H520B\FW\src\Project\EWARMv5\Debug\Obj\os_sem.o       #
#                    E:\H520B\FW\src\Project\EWARMv5\Debug\Obj\os_task.o      #
#                    E:\H520B\FW\src\Project\EWARMv5\Debug\Obj\os_time.o      #
#                    E:\H520B\FW\src\Project\EWARMv5\Debug\Obj\os_tmr.o       #
#                    E:\H520B\FW\src\Project\EWARMv5\Debug\Obj\rec_ecc.o      #
#                    E:\H520B\FW\src\Project\EWARMv5\Debug\Obj\record_m.o     #
#                    E:\H520B\FW\src\Project\EWARMv5\Debug\Obj\record_mod.o   #
#                    E:\H520B\FW\src\Project\EWARMv5\Debug\Obj\scsi_data.o    #
#                    E:\H520B\FW\src\Project\EWARMv5\Debug\Obj\spi_flash.o    #
#                    E:\H520B\FW\src\Project\EWARMv5\Debug\Obj\stm32f10x_adc. #
#                    o E:\H520B\FW\src\Project\EWARMv5\Debug\Obj\stm32f10x_bk #
#                    p.o E:\H520B\FW\src\Project\EWARMv5\Debug\Obj\stm32f10x_ #
#                    crc.o E:\H520B\FW\src\Project\EWARMv5\Debug\Obj\stm32f10 #
#                    x_dbgmcu.o E:\H520B\FW\src\Project\EWARMv5\Debug\Obj\stm #
#                    32f10x_dma.o E:\H520B\FW\src\Project\EWARMv5\Debug\Obj\s #
#                    tm32f10x_exti.o E:\H520B\FW\src\Project\EWARMv5\Debug\Ob #
#                    j\stm32f10x_flash.o E:\H520B\FW\src\Project\EWARMv5\Debu #
#                    g\Obj\stm32f10x_fsmc.o E:\H520B\FW\src\Project\EWARMv5\D #
#                    ebug\Obj\stm32f10x_gpio.o E:\H520B\FW\src\Project\EWARMv #
#                    5\Debug\Obj\stm32f10x_i2c.o                              #
#                    E:\H520B\FW\src\Project\EWARMv5\Debug\Obj\stm32f10x_it.o #
#                     E:\H520B\FW\src\Project\EWARMv5\Debug\Obj\stm32f10x_iwd #
#                    g.o E:\H520B\FW\src\Project\EWARMv5\Debug\Obj\stm32f10x_ #
#                    lib.o E:\H520B\FW\src\Project\EWARMv5\Debug\Obj\stm32f10 #
#                    x_nvic.o E:\H520B\FW\src\Project\EWARMv5\Debug\Obj\stm32 #
#                    f10x_pwr.o E:\H520B\FW\src\Project\EWARMv5\Debug\Obj\stm #
#                    32f10x_rcc.o E:\H520B\FW\src\Project\EWARMv5\Debug\Obj\s #
#                    tm32f10x_rtc.o E:\H520B\FW\src\Project\EWARMv5\Debug\Obj #
#                    \stm32f10x_spi.o E:\H520B\FW\src\Project\EWARMv5\Debug\O #
#                    bj\stm32f10x_systick.o E:\H520B\FW\src\Project\EWARMv5\D #
#                    ebug\Obj\stm32f10x_tim.o E:\H520B\FW\src\Project\EWARMv5 #
#                    \Debug\Obj\stm32f10x_usart.o                             #
#                    E:\H520B\FW\src\Project\EWARMv5\Debug\Obj\stm32f10x_vect #
#                    or.o E:\H520B\FW\src\Project\EWARMv5\Debug\Obj\usb_bot.o #
#                     E:\H520B\FW\src\Project\EWARMv5\Debug\Obj\usb_core.o    #
#                    E:\H520B\FW\src\Project\EWARMv5\Debug\Obj\usb_desc.o     #
#                    E:\H520B\FW\src\Project\EWARMv5\Debug\Obj\usb_endp.o     #
#                    E:\H520B\FW\src\Project\EWARMv5\Debug\Obj\usb_init.o     #
#                    E:\H520B\FW\src\Project\EWARMv5\Debug\Obj\usb_int.o      #
#                    E:\H520B\FW\src\Project\EWARMv5\Debug\Obj\usb_istr.o     #
#                    E:\H520B\FW\src\Project\EWARMv5\Debug\Obj\usb_mem.o      #
#                    E:\H520B\FW\src\Project\EWARMv5\Debug\Obj\usb_prop.o     #
#                    E:\H520B\FW\src\Project\EWARMv5\Debug\Obj\usb_pwr.o      #
#                    E:\H520B\FW\src\Project\EWARMv5\Debug\Obj\usb_regs.o     #
#                    E:\H520B\FW\src\Project\EWARMv5\Debug\Obj\usb_scsi.o     #
#                    E:\H520B\FW\src\Project\EWARMv5\Debug\Obj\usb_sil.o -o   #
#                    E:\H520B\FW\src\Project\EWARMv5\Debug\Exe\T6.out --map   #
#                    E:\H520B\FW\src\Project\EWARMv5\Debug\List\T6.map        #
#                    --config E:\H520B\FW\src\Project\EWARMv5\stm32f10x_debug #
#                    .icf --semihosting --entry __iar_program_start           #
#                                                                             #
#                                                                             #
###############################################################################

*******************************************************************************
*** RUNTIME MODEL ATTRIBUTES
***

__endian      = little
__thumb_aware = enabled


*******************************************************************************
*** PLACEMENT SUMMARY
***

"A1":  place at mem:0x8000000 { ro section .intvec };
"P1":  place in [from mem:0x8000000 to mem:0x800ffff] { ro };
"P3":  place in [from mem:0x20000010 to mem:0x20005000] {
          rw, block CSTACK, block HEAP };

  Section            Kind        Address    Size  Object
  -------            ----        -------    ----  ------
"A1":                                      0x140
  .intvec            const    0x08000000   0x140  stm32f10x_vector.o [1]
                            - 0x08000140   0x140

"P1":                                     0xd8a6
  .text              ro code  0x08000140  0x1ace  record_mod.o [1]
  .text              ro code  0x08001c10  0x104e  xprintffull.o [3]
  .text              ro code  0x08002c60   0xc88  app.o [1]
  .text              ro code  0x080038e8   0xbde  usb_core.o [1]
  .text              ro code  0x080044c8   0x9e0  BT816.o [1]
  .text              ro code  0x08004ea8   0x7f8  os_core.o [1]
  .text              ro code  0x080056a0   0x7e8  hw_platform.o [1]
  .text              ro code  0x08005e88   0x714  spi_flash.o [1]
  .text              ro code  0x0800659c   0x4d4  record_m.o [1]
  .text              ro code  0x08006a70   0x498  rec_ecc.o [1]
  .text              ro code  0x08006f08   0x44c  usb_prop.o [1]
  .text              ro code  0x08007354   0x440  usb_scsi.o [1]
  .text              ro code  0x08007794   0x43c  usb_bot.o [1]
  .text              ro code  0x08007bd0   0x428  keypad.o [1]
  .rodata            const    0x08007ff8   0x400  crc32.o [1]
  .text              ro code  0x080083f8   0x388  HJ5000_scanner.o [1]
  .text              ro code  0x08008780   0x318  stm32f10x_rcc.o [1]
  .text              ro code  0x08008a98   0x304  stm32f10x_it.o [1]
  .text              ro code  0x08008d9c   0x2bc  DblDiv.o [4]
  .text              ro code  0x08009058   0x28e  os_task.o [1]
  .text              ro code  0x080092e8   0x28c  usb_regs.o [1]
  .text              ro code  0x08009574   0x280  os_q.o [1]
  .text              ro code  0x080097f4   0x24c  TimeBase.o [1]
  .text              ro code  0x08009a40   0x244  usb_int.o [1]
  .text              ro code  0x08009c84   0x23c  memory.o [1]
  .text              ro code  0x08009ec0   0x1c4  stm32f10x_dma.o [1]
  .text              ro code  0x0800a084   0x1c4  stm32f10x_gpio.o [1]
  .text              ro code  0x0800a248   0x1c4  stm32f10x_usart.o [1]
  .text              ro code  0x0800a40c   0x1aa  stm32f10x_adc.o [1]
  .text              ro code  0x0800a5b8   0x1a2  DblMul.o [4]
  .rodata            const    0x0800a75c   0x180  basic_fun.o [1]
  .text              ro code  0x0800a8dc   0x17e  DblSub.o [4]
  .text              ro code  0x0800aa5c   0x168  os_dbg.o [1]
  .text              ro code  0x0800abc4   0x164  stm32f10x_tim.o [1]
  .text              ro code  0x0800ad28   0x148  basic_fun.o [1]
  .text              ro code  0x0800ae70   0x130  I64DivMod.o [4]
  .text              ro code  0x0800afa0   0x12c  main.o [1]
  .text              ro code  0x0800b0cc   0x124  mass_mal.o [1]
  .text              ro code  0x0800b1f0   0x11c  os_time.o [1]
  .text              ro code  0x0800b30c   0x110  xdscale.o [3]
  .text              ro code  0x0800b41c   0x10c  os_cpu_c.o [1]
  .rodata            const    0x0800b528   0x100  os_core.o [1]
  .rodata            const    0x0800b628   0x100  rec_ecc.o [1]
  .rodata            const    0x0800b728   0x100  rec_ecc.o [1]
  .rodata            const    0x0800b828   0x100  rec_ecc.o [1]
  .text              ro code  0x0800b928    0xec  stm32f10x_exti.o [1]
  .text              ro code  0x0800ba14    0xe6  DblAdd.o [4]
  .text              ro code  0x0800bafc    0xe4  Terminal_Para_m.o [1]
  .text              ro code  0x0800bbe0    0xd8  hw_config.o [1]
  .text              ro code  0x0800bcb8    0xd0  stm32f10x_nvic.o [1]
  .text              ro code  0x0800bd88    0xbc  xxmemxmalloc.o [3]
  .text              ro code  0x0800be44    0xb4  xdnorm.o [3]
  .text              ro code  0x0800bef8    0xb0  fflush.o [3]
  .text              ro code  0x0800bfa8    0xa0  data_uart.o [1]
  CODE               ro code  0x0800c048    0xa0  os_cpu_a.o [1]
  .text              ro code  0x0800c0e8    0x9c  PCUsart.o [1]
  .text              ro code  0x0800c184    0x9c  usb_istr.o [1]
  .text              ro code  0x0800c220    0x8e  packbits_init2.o [4]
  .text              ro code  0x0800c2b0    0x8c  xsyslock.o [3]
  .text              ro code  0x0800c33c    0x88  xxmemxfree.o [3]
  .text              ro code  0x0800c3c4    0x84  xreportassert.o [3]
  .text              ro code  0x0800c448    0x7a  cortexm3_macro.o [1]
  .text              ro code  0x0800c4c4    0x7a  stm32f10x_spi.o [1]
  .text              ro code  0x0800c540    0x76  os_flag.o [1]
  .text              ro code  0x0800c5b8    0x70  ABImemcpy.o [4]
  .text              ro code  0x0800c628    0x70  cppinit.o [3]
  .text              ro code  0x0800c698    0x66  ABImemset.o [4]
  .text              ro code  0x0800c700    0x62  memcmp.o [4]
  .text              ro code  0x0800c764    0x5c  JMemory.o [1]
  .text              ro code  0x0800c7c0    0x5c  xencoding_sb.o [3]
  .text              ro code  0x0800c81c    0x5a  usb_sil.o [1]
  .text              ro code  0x0800c878    0x58  os_sem.o [1]
  .text              ro code  0x0800c8d0    0x58  memchr.o [4]
  .text              ro code  0x0800c928    0x56  DblToI32.o [4]
  .text              ro code  0x0800c980    0x54  usb_mem.o [1]
  .text              ro code  0x0800c9d4    0x54  iarwstd.o [5]
  .text              ro code  0x0800ca28    0x4c  os_mem.o [1]
  .rodata            const    0x0800ca74    0x48  xlocale_c.o [3]
  .rodata            const    0x0800cabc    0x44  app.o [1]
  .text              ro code  0x0800cb00    0x44  stm32f10x_flash.o [1]
  .text              ro code  0x0800cb44    0x44  strcpy.o [4]
  .text              ro code  0x0800cb88    0x44  xassert.o [3]
  .text              ro code  0x0800cbcc    0x42  strcmp.o [4]
  .rodata            const    0x0800cc10    0x40  spi_flash.o [1]
  .rodata            const    0x0800cc50    0x40  usb_desc.o [1]
  .text              ro code  0x0800cc90    0x40  usb_init.o [1]
  .rodata            const    0x0800ccd0    0x3c  app.o [1]
  .text              ro code  0x0800cd0c    0x3c  usb_pwr.o [1]
  .text              ro code  0x0800cd48    0x36  strlen.o [4]
  .text              ro code  0x0800cd80    0x34  usb_endp.o [1]
  .rodata            const    0x0800cdb4    0x30  xreportassert.o [3]
  .text              ro code  0x0800cde4    0x30  MtxWrapper.o [3]
  .text              ro code  0x0800ce14    0x2e  DblCmpLe.o [4]
  .text              ro code  0x0800ce44    0x2e  DblCmpGe.o [4]
  .text              ro code  0x0800ce74    0x2e  I32ToDbl.o [4]
  .rodata            const    0x0800cea4    0x2c  app.o [1]
  .rodata            const    0x0800ced0    0x28  hw_platform.o [1]
  .rodata            const    0x0800cef8    0x28  usb_desc.o [1]
  .text              ro code  0x0800cf20    0x28  crc32.o [1]
  .text              ro code  0x0800cf48    0x28  xgetmemchunk.o [3]
  .rodata            const    0x0800cf70    0x24  app.o [1]
  .rodata            const    0x0800cf94    0x24  app.o [1]
  .rodata            const    0x0800cfb8    0x24  usb_desc.o [1]
  .iar.init_table    const    0x0800cfdc    0x2c  - Linker created -
  .rodata            const    0x0800d008    0x20  BT816.o [1]
  .rodata            const    0x0800d028    0x20  app.o [1]
  .rodata            const    0x0800d048    0x20  app.o [1]
  .rodata            const    0x0800d068    0x20  app.o [1]
  .rodata            const    0x0800d088    0x20  app.o [1]
  .rodata            const    0x0800d0a8    0x20  app.o [1]
  .rodata            const    0x0800d0c8    0x20  usb_desc.o [1]
  .rodata            const    0x0800d0e8    0x20  usb_desc.o [1]
  .text              ro code  0x0800d108    0x20  printf.o [3]
  .text              ro code  0x0800d128    0x20  xmbtowc.o [3]
  .text              ro code  0x0800d148    0x20  iarwrite.o [5]
  .text              ro code  0x0800d168    0x1e  dwrite.o [5]
  .rodata            const    0x0800d188    0x1c  BT816.o [1]
  .rodata            const    0x0800d1a4    0x1c  BT816.o [1]
  .rodata            const    0x0800d1c0    0x1c  app.o [1]
  .rodata            const    0x0800d1dc    0x1c  app.o [1]
  .rodata            const    0x0800d1f8    0x1c  app.o [1]
  .rodata            const    0x0800d214    0x1c  app.o [1]
  .rodata            const    0x0800d230    0x1c  app.o [1]
  .rodata            const    0x0800d24c    0x1c  app.o [1]
  .rodata            const    0x0800d268    0x1c  app.o [1]
  .rodata            const    0x0800d284    0x1c  app.o [1]
  .text              ro code  0x0800d2a0    0x1c  data_init2.o [4]
  .text              ro code  0x0800d2bc    0x1a  xwctomb.o [3]
  .text              ro code  0x0800d2d6    0x1a  zero_init2.o [4]
  .rodata            const    0x0800d2f0    0x18  BT816.o [1]
  .rodata            const    0x0800d308    0x18  app.o [1]
  .rodata            const    0x0800d320    0x18  app.o [1]
  .rodata            const    0x0800d338    0x18  app.o [1]
  .rodata            const    0x0800d350    0x18  app.o [1]
  .rodata            const    0x0800d368    0x18  app.o [1]
  .rodata            const    0x0800d380    0x18  app.o [1]
  .rodata            const    0x0800d398    0x18  stm32f10x_it.o [1]
  .text              ro code  0x0800d3b0    0x18  cmain.o [4]
  .text              ro code  0x0800d3c8    0x16  strchr.o [4]
  .text              ro code  0x0800d3de    0x16  xprout.o [3]
  .rodata            const    0x0800d3f4    0x14  app.o [1]
  .rodata            const    0x0800d408    0x14  hw_platform.o [1]
  .rodata            const    0x0800d41c    0x14  hw_platform.o [1]
  .rodata            const    0x0800d430    0x14  hw_platform.o [1]
  .rodata            const    0x0800d444    0x14  hw_platform.o [1]
  .rodata            const    0x0800d458    0x14  main.o [1]
  .rodata            const    0x0800d46c    0x14  usb_desc.o [1]
  .rodata            const    0x0800d480    0x14  usb_desc.o [1]
  .text              ro code  0x0800d494    0x14  exit.o [5]
  .text              ro code  0x0800d4a8    0x14  localeconv.o [3]
  .text              ro code  0x0800d4bc    0x14  setlocale.o [3]
  .text              ro code  0x0800d4d0    0x14  HJ5000_scanner.o [1]
  CODE               ro code  0x0800d4e4    0x12  hardfault_isr_handle_a.o [1]
  .rodata            const    0x0800d4f8    0x10  BT816.o [1]
  .rodata            const    0x0800d508    0x10  BT816.o [1]
  .rodata            const    0x0800d518    0x10  BT816.o [1]
  .rodata            const    0x0800d528    0x10  BT816.o [1]
  .rodata            const    0x0800d538    0x10  stm32f10x_rcc.o [1]
  .rodata            const    0x0800d548    0x10  xprintffull.o [3]
  .text              ro code  0x0800d558    0x10  write.o [5]
  .text              ro code  0x0800d568     0xe  cexit.o [4]
  .text              ro code  0x0800d576     0xe  BT816.o [1]
  .text              ro code  0x0800d584     0xe  div.o [3]
  .rodata            const    0x0800d594     0xc  BT816.o [1]
  .rodata            const    0x0800d5a0     0xc  BT816.o [1]
  .rodata            const    0x0800d5ac     0xc  BT816.o [1]
  .rodata            const    0x0800d5b8     0xc  BT816.o [1]
  .rodata            const    0x0800d5c4     0xc  BT816.o [1]
  .rodata            const    0x0800d5d0     0xc  BT816.o [1]
  .rodata            const    0x0800d5dc     0xc  BT816.o [1]
  .rodata            const    0x0800d5e8     0xc  BT816.o [1]
  .rodata            const    0x0800d5f4     0xc  app.o [1]
  .rodata            const    0x0800d600     0xc  app.o [1]
  .rodata            const    0x0800d60c     0xc  app.o [1]
  .rodata            const    0x0800d618     0xc  app.o [1]
  .rodata            const    0x0800d624     0xc  hw_platform.o [1]
  .rodata            const    0x0800d630     0xc  stm32f10x_it.o [1]
  .rodata            const    0x0800d63c     0xc  stm32f10x_it.o [1]
  .rodata            const    0x0800d648     0xc  stm32f10x_it.o [1]
  .rodata            const    0x0800d654     0xc  stm32f10x_it.o [1]
  .rodata            const    0x0800d660     0xc  stm32f10x_it.o [1]
  .rodata            const    0x0800d66c     0xc  stm32f10x_it.o [1]
  .rodata            const    0x0800d678     0xc  stm32f10x_it.o [1]
  .rodata            const    0x0800d684     0xc  stm32f10x_it.o [1]
  .rodata            const    0x0800d690     0xc  stm32f10x_it.o [1]
  .rodata            const    0x0800d69c     0xc  stm32f10x_it.o [1]
  .rodata            const    0x0800d6a8     0xc  stm32f10x_it.o [1]
  .rodata            const    0x0800d6b4     0xc  stm32f10x_it.o [1]
  .rodata            const    0x0800d6c0     0xc  stm32f10x_it.o [1]
  .text              ro code  0x0800d6cc     0xc  putchar.o [3]
  .text              ro code  0x0800d6d8     0xa  xmbcurmax.o [3]
  .rodata            const    0x0800d6e4     0x8  BT816.o [1]
  .rodata            const    0x0800d6ec     0x8  BT816.o [1]
  .rodata            const    0x0800d6f4     0x8  BT816.o [1]
  .rodata            const    0x0800d6fc     0x8  BT816.o [1]
  .rodata            const    0x0800d704     0x8  BT816.o [1]
  .rodata            const    0x0800d70c     0x8  BT816.o [1]
  .rodata            const    0x0800d714     0x8  xprintffull.o [3]
  .rodata            const    0x0800d71c     0x8  localeconv.o [3]
  .rodata            const    0x0800d724     0x8  localeconv.o [3]
  .rodata            const    0x0800d72c     0x8  xencoding_sb.o [3]
  .rodata            const    0x0800d734     0x8  xencoding_sb.o [3]
  .rodata            const    0x0800d73c     0x8  xlocale_c.o [3]
  .rodata            const    0x0800d744     0x8  xlocale_c.o [3]
  .text              ro code  0x0800d74c     0x8  abort.o [3]
  .text              ro code  0x0800d754     0x6  exit.o [3]
  .rodata            const    0x0800d75c     0x4  os_dbg.o [1]
  .rodata            const    0x0800d760     0x4  stm32f10x_rcc.o [1]
  .rodata            const    0x0800d764     0x4  usb_desc.o [1]
  .text              ro code  0x0800d768     0x2  I64DivZer.o [4]
  .text              ro code  0x0800d76a     0x4  low_level_init.o [3]
  .rodata            const    0x0800d76e     0x2  os_dbg.o [1]
  .rodata            const    0x0800d770     0x2  os_dbg.o [1]
  .rodata            const    0x0800d772     0x2  os_dbg.o [1]
  .rodata            const    0x0800d774     0x2  os_dbg.o [1]
  .rodata            const    0x0800d776     0x2  os_dbg.o [1]
  .rodata            const    0x0800d778     0x2  os_dbg.o [1]
  .rodata            const    0x0800d77a     0x2  os_dbg.o [1]
  .rodata            const    0x0800d77c     0x2  os_dbg.o [1]
  .rodata            const    0x0800d77e     0x2  os_dbg.o [1]
  .rodata            const    0x0800d780     0x2  os_dbg.o [1]
  .rodata            const    0x0800d782     0x2  os_dbg.o [1]
  .rodata            const    0x0800d784     0x2  os_dbg.o [1]
  .rodata            const    0x0800d786     0x2  os_dbg.o [1]
  .rodata            const    0x0800d788     0x2  os_dbg.o [1]
  .rodata            const    0x0800d78a     0x2  os_dbg.o [1]
  .rodata            const    0x0800d78c     0x2  os_dbg.o [1]
  .rodata            const    0x0800d78e     0x2  os_dbg.o [1]
  .rodata            const    0x0800d790     0x2  os_dbg.o [1]
  .rodata            const    0x0800d792     0x2  os_dbg.o [1]
  .rodata            const    0x0800d794     0x2  os_dbg.o [1]
  .rodata            const    0x0800d796     0x2  os_dbg.o [1]
  .rodata            const    0x0800d798     0x2  os_dbg.o [1]
  .rodata            const    0x0800d79a     0x2  os_dbg.o [1]
  .rodata            const    0x0800d79c     0x2  os_dbg.o [1]
  .rodata            const    0x0800d79e     0x2  os_dbg.o [1]
  .rodata            const    0x0800d7a0     0x2  os_dbg.o [1]
  .rodata            const    0x0800d7a2     0x2  os_dbg.o [1]
  .rodata            const    0x0800d7a4     0x2  os_dbg.o [1]
  .rodata            const    0x0800d7a6     0x2  os_dbg.o [1]
  .rodata            const    0x0800d7a8     0x2  os_dbg.o [1]
  .rodata            const    0x0800d7aa     0x2  os_dbg.o [1]
  .rodata            const    0x0800d7ac     0x2  os_dbg.o [1]
  .rodata            const    0x0800d7ae     0x2  os_dbg.o [1]
  .rodata            const    0x0800d7b0     0x2  os_dbg.o [1]
  .rodata            const    0x0800d7b2     0x2  os_dbg.o [1]
  .rodata            const    0x0800d7b4     0x2  os_dbg.o [1]
  .rodata            const    0x0800d7b6     0x2  os_dbg.o [1]
  .rodata            const    0x0800d7b8     0x2  os_dbg.o [1]
  .rodata            const    0x0800d7ba     0x2  os_dbg.o [1]
  .rodata            const    0x0800d7bc     0x2  os_dbg.o [1]
  .rodata            const    0x0800d7be     0x2  os_dbg.o [1]
  .rodata            const    0x0800d7c0     0x2  os_dbg.o [1]
  .rodata            const    0x0800d7c2     0x2  os_dbg.o [1]
  .rodata            const    0x0800d7c4     0x2  os_dbg.o [1]
  .rodata            const    0x0800d7c6     0x2  localeconv.o [3]
  .rodata            const    0x0800d7c8     0x2  xlocale_c.o [3]
  .rodata            const    0x0800d7ca     0x1  localeconv.o [3]
  .rodata            const    0x0800d7cb     0x1  setlocale.o [3]
  .rodata            const    0x0800d7cc     0x1  xlocale_c.o [3]
  Initializer bytes  ro data  0x0800d7cd   0x219  <for P3 s0>
                            - 0x0800d9e6  0xd8a6

"P3", part 1 of 3:                         0xde0
  CSTACK                      0x20000010   0x800  <Block>
    CSTACK           uninit   0x20000010   0x800  <Block tail>
  HEAP                        0x20000810   0x400  <Block>
    HEAP             uninit   0x20000810   0x400  <Block tail>
  .iar.dynexit                0x20000c10   0x1e0  <Block>
    .iar.dynexit     uninit   0x20000c10     0xc  cppinit.o [3]
    .iar.dynexit     uninit   0x20000c1c   0x1d4  <Block tail>
                            - 0x20000df0   0xde0

"P3", part 2 of 3:                        0x376c
  .bss               zero     0x20000df0  0x1000  spi_flash.o [1]
  .bss               zero     0x20001df0   0x800  memory.o [1]
  .bss               zero     0x200025f0   0x590  app.o [1]
  .bss               zero     0x20002b80   0x4d0  app.o [1]
  .bss               zero     0x20003050   0x39c  os_core.o [1]
  .bss               zero     0x200033ec   0x200  app.o [1]
  .bss               zero     0x200035ec   0x200  app.o [1]
  .bss               zero     0x200037ec   0x200  os_core.o [1]
  .bss               zero     0x200039ec   0x190  JMemory.o [1]
  .bss               zero     0x20003b7c   0x100  BT816.o [1]
  .bss               zero     0x20003c7c   0x100  os_core.o [1]
  .bss               zero     0x20003d7c   0x100  record_mod.o [1]
  .bss               zero     0x20003e7c    0x8c  os_core.o [1]
  .bss               zero     0x20003f08    0x8c  os_core.o [1]
  .bss               zero     0x20003f94    0x80  HJ5000_scanner.o [1]
  .bss               zero     0x20004014    0x60  os_core.o [1]
  .bss               zero     0x20004074    0x54  app.o [1]
  .bss               zero     0x200040c8    0x54  record_m.o [1]
  .bss               zero     0x2000411c    0x50  os_core.o [1]
  .bss               zero     0x2000416c    0x50  xfiles.o [3]
  .bss               zero     0x200041bc    0x50  xfiles.o [3]
  .bss               zero     0x2000420c    0x40  usb_bot.o [1]
  .bss               zero     0x2000424c    0x3c  app.o [1]
  .bss               zero     0x20004288    0x2c  record_mod.o [1]
  .bss               zero     0x200042b4    0x20  BT816.o [1]
  .bss               zero     0x200042d4    0x20  HJ5000_scanner.o [1]
  .bss               zero     0x200042f4    0x20  Terminal_Para_m.o [1]
  .bss               zero     0x20004314    0x20  app.o [1]
  .bss               zero     0x20004334    0x20  usb_bot.o [1]
  .bss               zero     0x20004354    0x1c  usb_init.o [1]
  .bss               zero     0x20004370    0x14  os_cpu_c.o [1]
  .bss               zero     0x20004384    0x14  xsyslock.o [3]
  .bss               zero     0x20004398    0x10  BT816.o [1]
  .bss               zero     0x200043a8    0x10  hw_platform.o [1]
  .bss               zero     0x200043b8    0x10  record_mod.o [1]
  .bss               zero     0x200043c8    0x10  usb_bot.o [1]
  .bss               zero     0x200043d8     0xc  BT816.o [1]
  .bss               zero     0x200043e4     0xc  BT816.o [1]
  .bss               zero     0x200043f0     0xc  HJ5000_scanner.o [1]
  .bss               zero     0x200043fc     0x8  TimeBase.o [1]
  .bss               zero     0x20004404     0x8  mass_mal.o [1]
  .bss               zero     0x2000440c     0x8  mass_mal.o [1]
  .bss               zero     0x20004414     0x8  mass_mal.o [1]
  .bss               zero     0x2000441c     0x8  os_core.o [1]
  .bss               zero     0x20004424     0x8  scsi_data.o [1]
  .bss               zero     0x2000442c     0x8  scsi_data.o [1]
  .bss               zero     0x20004434     0x8  xxmemxmalloc.o [3]
  .bss               zero     0x2000443c     0x4  HJ5000_scanner.o [1]
  .bss               zero     0x20004440     0x4  HJ5000_scanner.o [1]
  .bss               zero     0x20004444     0x4  app.o [1]
  .bss               zero     0x20004448     0x4  app.o [1]
  .bss               zero     0x2000444c     0x4  app.o [1]
  .bss               zero     0x20004450     0x4  app.o [1]
  .bss               zero     0x20004454     0x4  app.o [1]
  .bss               zero     0x20004458     0x4  app.o [1]
  .bss               zero     0x2000445c     0x4  app.o [1]
  .bss               zero     0x20004460     0x4  hw_platform.o [1]
  .bss               zero     0x20004464     0x4  hw_platform.o [1]
  .bss               zero     0x20004468     0x4  hw_platform.o [1]
  .bss               zero     0x2000446c     0x4  keypad.o [1]
  .bss               zero     0x20004470     0x4  keypad.o [1]
  .bss               zero     0x20004474     0x4  mass_mal.o [1]
  .bss               zero     0x20004478     0x4  memory.o [1]
  .bss               zero     0x2000447c     0x4  memory.o [1]
  .bss               zero     0x20004480     0x4  memory.o [1]
  .bss               zero     0x20004484     0x4  memory.o [1]
  .bss               zero     0x20004488     0x4  memory.o [1]
  .bss               zero     0x2000448c     0x4  memory.o [1]
  .bss               zero     0x20004490     0x4  memory.o [1]
  .bss               zero     0x20004494     0x4  memory.o [1]
  .bss               zero     0x20004498     0x4  os_core.o [1]
  .bss               zero     0x2000449c     0x4  os_core.o [1]
  .bss               zero     0x200044a0     0x4  os_core.o [1]
  .bss               zero     0x200044a4     0x4  os_core.o [1]
  .bss               zero     0x200044a8     0x4  os_core.o [1]
  .bss               zero     0x200044ac     0x4  os_core.o [1]
  .bss               zero     0x200044b0     0x4  os_core.o [1]
  .bss               zero     0x200044b4     0x4  os_core.o [1]
  .bss               zero     0x200044b8     0x4  os_core.o [1]
  .bss               zero     0x200044bc     0x4  os_core.o [1]
  .bss               zero     0x200044c0     0x4  os_core.o [1]
  .bss               zero     0x200044c4     0x4  record_m.o [1]
  .bss               zero     0x200044c8     0x4  record_m.o [1]
  .bss               zero     0x200044cc     0x4  record_m.o [1]
  .bss               zero     0x200044d0     0x4  record_m.o [1]
  .bss               zero     0x200044d4     0x4  record_mod.o [1]
  .bss               zero     0x200044d8     0x4  record_mod.o [1]
  .bss               zero     0x200044dc     0x4  record_mod.o [1]
  .bss               zero     0x200044e0     0x4  record_mod.o [1]
  .bss               zero     0x200044e4     0x4  spi_flash.o [1]
  .bss               zero     0x200044e8     0x4  spi_flash.o [1]
  .bss               zero     0x200044ec     0x4  spi_flash.o [1]
  .bss               zero     0x200044f0     0x4  spi_flash.o [1]
  .bss               zero     0x200044f4     0x4  usb_bot.o [1]
  .bss               zero     0x200044f8     0x4  usb_bot.o [1]
  .bss               zero     0x200044fc     0x4  usb_core.o [1]
  .bss               zero     0x20004500     0x4  usb_endp.o [1]
  .bss               zero     0x20004504     0x4  usb_init.o [1]
  .bss               zero     0x20004508     0x4  usb_init.o [1]
  .bss               zero     0x2000450c     0x4  usb_init.o [1]
  .bss               zero     0x20004510     0x4  usb_prop.o [1]
  .bss               zero     0x20004514     0x4  usb_prop.o [1]
  .bss               zero     0x20004518     0x4  usb_prop.o [1]
  .bss               zero     0x2000451c     0x4  usb_pwr.o [1]
  .bss               zero     0x20004520     0x4  xgetmemchunk.o [3]
  .bss               zero     0x20004524     0x4  MtxWrapper.o [3]
  .bss               zero     0x20004528     0x4  MtxWrapper.o [3]
  .bss               zero     0x2000452c     0x4  MtxWrapper.o [3]
  .bss               zero     0x20004530     0x4  MtxWrapper.o [3]
  .bss               zero     0x20004534     0x4  iarwstd.o [5]
  .bss               zero     0x20004538     0x2  usb_bot.o [1]
  .bss               zero     0x2000453a     0x2  usb_init.o [1]
  .bss               zero     0x2000453c     0x2  usb_int.o [1]
  .bss               zero     0x2000453e     0x2  usb_int.o [1]
  .bss               zero     0x20004540     0x2  usb_istr.o [1]
  .bss               zero     0x20004542     0x1  BT816.o [1]
  .bss               zero     0x20004543     0x1  PCUsart.o [1]
  .bss               zero     0x20004544     0x1  Terminal_Para_m.o [1]
  .bss               zero     0x20004545     0x1  app.o [1]
  .bss               zero     0x20004546     0x1  app.o [1]
  .bss               zero     0x20004547     0x1  hw_config.o [1]
  .bss               zero     0x20004548     0x1  hw_platform.o [1]
  .bss               zero     0x20004549     0x1  keypad.o [1]
  .bss               zero     0x2000454a     0x1  keypad.o [1]
  .bss               zero     0x2000454b     0x1  main.o [1]
  .bss               zero     0x2000454c     0x1  memory.o [1]
  .bss               zero     0x2000454d     0x1  os_core.o [1]
  .bss               zero     0x2000454e     0x1  os_core.o [1]
  .bss               zero     0x2000454f     0x1  os_core.o [1]
  .bss               zero     0x20004550     0x1  os_core.o [1]
  .bss               zero     0x20004551     0x1  os_core.o [1]
  .bss               zero     0x20004552     0x1  os_core.o [1]
  .bss               zero     0x20004553     0x1  os_core.o [1]
  .bss               zero     0x20004554     0x1  os_core.o [1]
  .bss               zero     0x20004555     0x1  record_mod.o [1]
  .bss               zero     0x20004556     0x1  record_mod.o [1]
  .bss               zero     0x20004557     0x1  spi_flash.o [1]
  .bss               zero     0x20004558     0x1  usb_bot.o [1]
  .bss               zero     0x20004559     0x1  usb_core.o [1]
  .bss               zero     0x2000455a     0x1  usb_init.o [1]
  .bss               zero     0x2000455b     0x1  usb_istr.o [1]
                            - 0x2000455c  0x376c

"P3", part 3 of 3:                         0x324
  P3 s0                       0x2000455c   0x324  <Init block>
    .data            inited   0x2000455c    0x84  setlocale.o [3]
    .data            inited   0x200045e0    0x4c  localeconv.o [3]
    .data            inited   0x2000462c    0x40  xfiles.o [3]
    .data            inited   0x2000466c    0x40  xfiles.o [3]
    .data            inited   0x200046ac    0x40  xfiles.o [3]
    .data            inited   0x200046ec    0x30  usb_prop.o [1]
    .data            inited   0x2000471c    0x24  scsi_data.o [1]
    .data            inited   0x20004740    0x24  scsi_data.o [1]
    .data            inited   0x20004764    0x24  usb_prop.o [1]
    .data            inited   0x20004788    0x20  usb_prop.o [1]
    .data            inited   0x200047a8    0x20  xfiles.o [3]
    .data            inited   0x200047c8    0x1c  usb_desc.o [1]
    .data            inited   0x200047e4    0x1c  usb_istr.o [1]
    .data            inited   0x20004800    0x1c  usb_istr.o [1]
    .data            inited   0x2000481c    0x14  scsi_data.o [1]
    .data            inited   0x20004830    0x10  usb_prop.o [1]
    .data            inited   0x20004840    0x10  usb_prop.o [1]
    .data            inited   0x20004850     0xc  scsi_data.o [1]
    .data            inited   0x2000485c     0x8  scsi_data.o [1]
    .data            inited   0x20004864     0x8  usb_prop.o [1]
    .data            inited   0x2000486c     0x8  usb_prop.o [1]
    .data            inited   0x20004874     0x4  scsi_data.o [1]
    .data            inited   0x20004878     0x4  usb_prop.o [1]
    .data            inited   0x2000487c     0x4  cppinit.o [3]
                            - 0x20004880   0x324


*******************************************************************************
*** INIT TABLE
***

          Address     Size
          -------     ----
Zero (__iar_zero_init2)
    1 destination range, total size 0x376c:
          0x20000df0  0x376c

Copy/packbits (__iar_packbits_init2)
    1 source range, total size 0x219 (66% of destination):
           0x800d7cd   0x219
    1 destination range, total size 0x324:
          0x2000455c   0x324


*******************************************************************************
*** MODULE SUMMARY
***

    Module                    ro code  ro data  rw data
    ------                    -------  -------  -------
E:\H520B\FW\src\Project\EWARMv5\Debug\Obj: [1]
    BT816.o                     2 542      320      329
    HJ5000_scanner.o              924               180
    JMemory.o                      92               400
    PCUsart.o                     156                 1
    Terminal_Para_m.o             228                33
    TimeBase.o                    588                 8
    app.o                       3 208      840    3 886
    basic_fun.o                   328      384
    cortexm3_macro.o              122
    crc32.o                        40    1 024
    data_uart.o                   160
    hardfault_isr_handle_a.o       18
    hw_config.o                   216                 1
    hw_platform.o               2 024      132       29
    keypad.o                    1 064                10
    main.o                        300       20        1
    mass_mal.o                    292                28
    memory.o                      572             2 081
    os_core.o                   2 040      256    2 208
    os_cpu_a.o                    160
    os_cpu_c.o                    268                20
    os_dbg.o                      360       92
    os_flag.o                     118
    os_mem.o                       76
    os_q.o                        640
    os_sem.o                       88
    os_task.o                     654
    os_time.o                     284
    rec_ecc.o                   1 176      768
    record_m.o                  1 236               100
    record_mod.o                6 862               334
    scsi_data.o                             78      132
    spi_flash.o                 1 812       64    4 113
    stm32f10x_adc.o               426
    stm32f10x_dma.o               452
    stm32f10x_exti.o              236
    stm32f10x_flash.o              68
    stm32f10x_gpio.o              452
    stm32f10x_it.o                772      180
    stm32f10x_nvic.o              208
    stm32f10x_rcc.o               792       20
    stm32f10x_spi.o               122
    stm32f10x_tim.o               356
    stm32f10x_usart.o             452
    stm32f10x_vector.o                     320
    usb_bot.o                   1 084               123
    usb_core.o                  3 038                 5
    usb_desc.o                             266       28
    usb_endp.o                     52                 4
    usb_init.o                     64                43
    usb_int.o                     580                 4
    usb_istr.o                    156       38       59
    usb_mem.o                      84
    usb_prop.o                  1 100      111      180
    usb_pwr.o                      60                 4
    usb_regs.o                    652
    usb_scsi.o                  1 088
    usb_sil.o                      90
    ---------------------------------------------------
    Total:                     41 032    4 913   14 344

command line: [2]
    ---------------------------------------------------
    Total:

dl7M_tl_if.a: [3]
    MtxWrapper.o                   48                16
    abort.o                         8
    cppinit.o                     112        3       16
    div.o                          14
    exit.o                          6
    fflush.o                      176
    localeconv.o                   20       69       76
    low_level_init.o                4
    printf.o                       32
    putchar.o                      12
    setlocale.o                    20       89      132
    xassert.o                      68
    xdnorm.o                      180
    xdscale.o                     272
    xencoding_sb.o                 92       16
    xfiles.o                               151      384
    xgetmemchunk.o                 40                 4
    xlocale_c.o                             91
    xmbcurmax.o                    10
    xmbtowc.o                      32
    xprintffull.o               4 174       24
    xprout.o                       22
    xreportassert.o               132       48
    xsyslock.o                    140                20
    xwctomb.o                      26
    xxmemxfree.o                  136
    xxmemxmalloc.o                188                 8
    ---------------------------------------------------
    Total:                      5 964      491      656

rt7M_tl.a: [4]
    ABImemcpy.o                   112
    ABImemset.o                   102
    DblAdd.o                      230
    DblCmpGe.o                     46
    DblCmpLe.o                     46
    DblDiv.o                      700
    DblMul.o                      418
    DblSub.o                      382
    DblToI32.o                     86
    I32ToDbl.o                     46
    I64DivMod.o                   304
    I64DivZer.o                     2
    cexit.o                        14
    cmain.o                        24
    data_init2.o                   28
    memchr.o                       88
    memcmp.o                       98
    packbits_init2.o              142
    strchr.o                       22
    strcmp.o                       66
    strcpy.o                       68
    strlen.o                       54
    zero_init2.o                   26
    ---------------------------------------------------
    Total:                      3 104

shb_l.a: [5]
    dwrite.o                       30
    exit.o                         20
    iarwrite.o                     32
    iarwstd.o                      84                 4
    write.o                        16
    ---------------------------------------------------
    Total:                        182                 4

    Gaps                           36       16
    Linker created                          44    3 540
-------------------------------------------------------
    Grand Total:               50 318    5 464   18 544


*******************************************************************************
*** ENTRY LIST
***

Entry                      Address    Size  Type      Object
-----                      -------    ----  ----      ------
.iar.dynexit$$Base      0x20000c10           --   Gb  - Linker created -
.iar.dynexit$$Limit     0x20000df0           --   Gb  - Linker created -
ADC1_2_IRQHandler       0x08008c51     0x2  Code  Gb  stm32f10x_it.o [1]
ADC3_IRQHandler         0x08008d83     0x2  Code  Gb  stm32f10x_it.o [1]
ADCPrescTable           0x0800d760     0x4  Data  Lc  stm32f10x_rcc.o [1]
ADC_Cmd                 0x0800a45d    0x1a  Code  Gb  stm32f10x_adc.o [1]
ADC_GetCalibrationStatus
                        0x0800a4a3    0x18  Code  Gb  stm32f10x_adc.o [1]
ADC_GetConversionValue  0x0800a5af     0x6  Code  Gb  stm32f10x_adc.o [1]
ADC_GetResetCalibrationStatus
                        0x0800a481    0x18  Code  Gb  stm32f10x_adc.o [1]
ADC_Init                0x0800a40d    0x50  Code  Gb  stm32f10x_adc.o [1]
ADC_Module_Init         0x080056a1    0x9a  Code  Lc  hw_platform.o [1]
ADC_RegularChannelConfig
                        0x0800a4d5    0xda  Code  Gb  stm32f10x_adc.o [1]
ADC_ResetCalibration    0x0800a477     0xa  Code  Gb  stm32f10x_adc.o [1]
ADC_SoftwareStartConvCmd
                        0x0800a4bb    0x1a  Code  Gb  stm32f10x_adc.o [1]
ADC_StartCalibration    0x0800a499     0xa  Code  Gb  stm32f10x_adc.o [1]
APBAHBPrescTable        0x0800d538    0x10  Data  Lc  stm32f10x_rcc.o [1]
BT816_GPIO_config       0x080044c9   0x180  Code  Lc  BT816.o [1]
BT816_NVIC_config       0x08004649    0x78  Code  Lc  BT816.o [1]
BT816_Reset             0x08004861   0x168  Code  Gb  BT816.o [1]
BT816_RxISRHandler      0x08004737    0xa8  Code  Gb  BT816.o [1]
BT816_enter_pair_mode   0x08004b01    0x20  Code  Gb  BT816.o [1]
BT816_enter_sleep       0x08004d75    0x14  Code  Gb  BT816.o [1]
BT816_hid_disconnect    0x08004be9    0x20  Code  Gb  BT816.o [1]
BT816_hid_send          0x08004c29    0xc8  Code  Gb  BT816.o [1]
BT816_hid_send_test     0x08004e85    0x24  Code  Gb  BT816.o [1]
BT816_hid_set_delay     0x08004d31    0x44  Code  Gb  BT816.o [1]
BT816_hid_status        0x08004bb1    0x36  Code  Gb  BT816.o [1]
BT816_init              0x08004db5    0xc4  Code  Gb  BT816.o [1]
BT816_power_state       0x20004542     0x1  Data  Lc  BT816.o [1]
BT816_query_name        0x080049d1    0xac  Code  Gb  BT816.o [1]
BT816_recbuffer         0x20003b7c   0x100  Data  Gb  BT816.o [1]
BT816_res               0x200043d8     0xc  Data  Gb  BT816.o [1]
BT816_reset_resVar      0x0800471d    0x1a  Code  Lc  BT816.o [1]
BT816_send_buff         0x200042b4    0x20  Data  Lc  BT816.o [1]
BT816_set_autocon       0x08004cf1    0x40  Code  Gb  BT816.o [1]
BT816_set_hid_trans_mode
                        0x08004b21    0x40  Code  Gb  BT816.o [1]
BT816_set_name          0x08004a7d    0x7c  Code  Gb  BT816.o [1]
BT816_set_profile       0x08004b61    0x50  Code  Gb  BT816.o [1]
BT816_toggle_ioskeypad  0x08004c09    0x20  Code  Gb  BT816.o [1]
BT816_wakeup            0x08004d89    0x28  Code  Gb  BT816.o [1]
BT816_write_cmd         0x080047df    0x80  Code  Lc  BT816.o [1]
BT_Daemon_thread        0x08003611    0xd8  Code  Gb  app.o [1]
Block_Read_count        0x20004478     0x4  Data  Gb  memory.o [1]
Block_offset            0x2000447c     0x4  Data  Gb  memory.o [1]
Bot_Abort               0x08007b95    0x3c  Code  Gb  usb_bot.o [1]
Bot_State               0x20004558     0x1  Data  Gb  usb_bot.o [1]
Bulk_Data_Buff          0x2000420c    0x40  Data  Gb  usb_bot.o [1]
BusFaultException       0x08008b8b     0x2  Code  Gb  stm32f10x_it.o [1]
ByteSwap                0x08009565    0x10  Code  Gb  usb_regs.o [1]
CAN_RX1_IRQHandler      0x08008c5d     0x2  Code  Gb  stm32f10x_it.o [1]
CAN_SCE_IRQHandler      0x08008c5f     0x2  Code  Gb  stm32f10x_it.o [1]
CBW                     0x20004334    0x20  Data  Gb  usb_bot.o [1]
CBW_Decode              0x08007875   0x298  Code  Gb  usb_bot.o [1]
CSTACK$$Base            0x20000010           --   Gb  - Linker created -
CSTACK$$Limit           0x20000810           --   Gb  - Linker created -
CSW                     0x200043c8    0x10  Data  Gb  usb_bot.o [1]
CTR_LP                  0x08009a41   0x22c  Code  Gb  usb_int.o [1]
ClearDTOG_RX            0x08009405    0x32  Code  Gb  usb_regs.o [1]
ClearDTOG_TX            0x08009437    0x32  Code  Gb  usb_regs.o [1]
Clear_Status_Out        0x080093e1    0x24  Code  Gb  usb_regs.o [1]
Config_Descriptor       0x20004840    0x10  Data  Gb  usb_prop.o [1]
Counter                 0x20004480     0x4  Data  Gb  memory.o [1]
DMA1_Channel1_IRQHandler
                        0x08008c17     0x2  Code  Gb  stm32f10x_it.o [1]
DMA1_Channel2_IRQHandler
                        0x08008c19     0x2  Code  Gb  stm32f10x_it.o [1]
DMA1_Channel3_IRQHandler
                        0x08008c1b     0x2  Code  Gb  stm32f10x_it.o [1]
DMA1_Channel4_IRQHandler
                        0x08008c1d     0x2  Code  Gb  stm32f10x_it.o [1]
DMA1_Channel5_IRQHandler
                        0x08008c1f     0x2  Code  Gb  stm32f10x_it.o [1]
DMA1_Channel6_IRQHandler
                        0x08008c21     0x2  Code  Gb  stm32f10x_it.o [1]
DMA1_Channel7_IRQHandler
                        0x08008c25    0x2c  Code  Gb  stm32f10x_it.o [1]
DMA2_Channel1_IRQHandler
                        0x08008d95     0x2  Code  Gb  stm32f10x_it.o [1]
DMA2_Channel2_IRQHandler
                        0x08008d97     0x2  Code  Gb  stm32f10x_it.o [1]
DMA2_Channel3_IRQHandler
                        0x08008d99     0x2  Code  Gb  stm32f10x_it.o [1]
DMA2_Channel4_5_IRQHandler
                        0x08008d9b     0x2  Code  Gb  stm32f10x_it.o [1]
DMA_ClearFlag           0x0800a03d    0x12  Code  Gb  stm32f10x_dma.o [1]
DMA_Cmd                 0x0800a005    0x1a  Code  Gb  stm32f10x_dma.o [1]
DMA_DeInit              0x08009ec1   0x100  Code  Gb  stm32f10x_dma.o [1]
DMA_GetCurrDataCounter  0x0800a037     0x6  Code  Gb  stm32f10x_dma.o [1]
DMA_GetITStatus         0x0800a04f    0x26  Code  Gb  stm32f10x_dma.o [1]
DMA_ITConfig            0x0800a01f    0x18  Code  Gb  stm32f10x_dma.o [1]
DMA_Init                0x08009fc1    0x44  Code  Gb  stm32f10x_dma.o [1]
DataStageIn             0x08003e23    0xb6  Code  Lc  usb_core.o [1]
DataStageOut            0x08003d6b    0xb8  Code  Lc  usb_core.o [1]
Data_Buffer             0x20001df0   0x800  Data  Gb  memory.o [1]
Data_Len                0x20004538     0x2  Data  Gb  usb_bot.o [1]
Data_Mul_MaxPacketSize  0x20004559     0x1  Data  Gb  usb_core.o [1]
Data_Setup0             0x08004035   0x294  Code  Lc  usb_core.o [1]
DebugMonitor            0x08008b8f     0x2  Code  Gb  stm32f10x_it.o [1]
DefaultTerminalPara     0x0800bba5    0x36  Code  Gb  Terminal_Para_m.o [1]
Device_Descriptor       0x20004830    0x10  Data  Gb  usb_prop.o [1]
Device_Info             0x20004354    0x1c  Data  Gb  usb_init.o [1]
Device_Property         0x200046ec    0x30  Data  Gb  usb_prop.o [1]
Device_Table            0x20004878     0x4  Data  Gb  usb_prop.o [1]
DtorRecArray            0x20000c10     0xc  Data  Lc  cppinit.o [3]
EP1_IN_Callback         0x0800cd95    0x1c  Code  Gb  usb_endp.o [1]
EP2_OUT_Callback        0x0800cd83    0x10  Code  Gb  usb_endp.o [1]
EP3_OUT_Callback        0x0800cd81     0x2  Code  Gb  usb_endp.o [1]
EPindex                 0x2000455a     0x1  Data  Gb  usb_init.o [1]
EXTI0_IRQHandler        0x08008b9f    0x22  Code  Gb  stm32f10x_it.o [1]
EXTI15_10_IRQHandler    0x08008d75     0x2  Code  Gb  stm32f10x_it.o [1]
EXTI1_IRQHandler        0x08008bc1    0x30  Code  Gb  stm32f10x_it.o [1]
EXTI2_IRQHandler        0x08008bf1     0x2  Code  Gb  stm32f10x_it.o [1]
EXTI3_IRQHandler        0x08008bf3    0x22  Code  Gb  stm32f10x_it.o [1]
EXTI4_IRQHandler        0x08008c15     0x2  Code  Gb  stm32f10x_it.o [1]
EXTI9_5_IRQHandler      0x08008c61    0x2c  Code  Gb  stm32f10x_it.o [1]
EXTI_ClearITPendingBit  0x0800ba09     0x6  Code  Gb  stm32f10x_exti.o [1]
EXTI_GenerateSWInterrupt
                        0x0800b9c9    0x10  Code  Gb  stm32f10x_exti.o [1]
EXTI_GetITStatus        0x0800b9d9    0x28  Code  Gb  stm32f10x_exti.o [1]
EXTI_Init               0x0800b929    0x94  Code  Gb  stm32f10x_exti.o [1]
Event_capture_thread    0x08003541    0xc8  Code  Gb  app.o [1]
FLASH_IRQHandler        0x08008b9b     0x2  Code  Gb  stm32f10x_it.o [1]
FLASH_PrefetchBufferCmd
                        0x0800cb21    0x20  Code  Gb  stm32f10x_flash.o [1]
FLASH_SetLatency        0x0800cb01    0x20  Code  Gb  stm32f10x_flash.o [1]
FSMC_IRQHandler         0x08008d85     0x2  Code  Gb  stm32f10x_it.o [1]
GPIO_AllAinConfig       0x0800b091    0x3c  Code  Lc  main.o [1]
GPIO_EXTILineConfig     0x0800a1f5    0x54  Code  Gb  stm32f10x_gpio.o [1]
GPIO_Init               0x0800a085    0xcc  Code  Gb  stm32f10x_gpio.o [1]
GPIO_PinRemapConfig     0x0800a179    0x7c  Code  Gb  stm32f10x_gpio.o [1]
GPIO_ReadInputDataBit   0x0800a151    0x1a  Code  Gb  stm32f10x_gpio.o [1]
GPIO_ResetBits          0x0800a171     0x6  Code  Gb  stm32f10x_gpio.o [1]
GPIO_SetBits            0x0800a16b     0x6  Code  Gb  stm32f10x_gpio.o [1]
GetEPRxAddr             0x080094bd    0x18  Code  Gb  usb_regs.o [1]
GetEPRxCount            0x08009533    0x18  Code  Gb  usb_regs.o [1]
GetEPTxAddr             0x080094a5    0x18  Code  Gb  usb_regs.o [1]
Get_Max_Lun             0x08007335    0x1c  Code  Gb  usb_prop.o [1]
Get_SerialNum           0x0800bc51    0x68  Code  Gb  hw_config.o [1]
HARDFAULT_ISR_HANDLE_d  0x0800d4e5          Code  Gb  hardfault_isr_handle_a.o [1]
HEAP$$Base              0x20000810           --   Gb  - Linker created -
HEAP$$Limit             0x20000c10           --   Gb  - Linker created -
HJ5000_GPIO_config      0x080083f9    0x84  Code  Lc  HJ5000_scanner.o [1]
HJ5000_NVIC_config      0x0800847d    0x3a  Code  Lc  HJ5000_scanner.o [1]
HJ5000_RxISRHandler     0x08008661    0x52  Code  Gb  HJ5000_scanner.o [1]
HJ5000_start_stop_decode
                        0x080086b3    0x28  Code  Gb  HJ5000_scanner.o [1]
HSEStartUpStatus        0x2000454b     0x1  Data  Gb  main.o [1]
HardFaultException      0x08008b81     0x8  Code  Gb  stm32f10x_it.o [1]
HexToAscii              0x0800adc1    0x12  Code  Gb  basic_fun.o [1]
I2C1_ER_IRQHandler      0x08008cc1     0x2  Code  Gb  stm32f10x_it.o [1]
I2C1_EV_IRQHandler      0x08008cbf     0x2  Code  Gb  stm32f10x_it.o [1]
I2C2_ER_IRQHandler      0x08008cc5     0x2  Code  Gb  stm32f10x_it.o [1]
I2C2_EV_IRQHandler      0x08008cc3     0x2  Code  Gb  stm32f10x_it.o [1]
Idx                     0x20004484     0x4  Data  Gb  memory.o [1]
In0_Process             0x0800436d    0x68  Code  Gb  usb_core.o [1]
Jfree                   0x0800c795    0x26  Code  Gb  JMemory.o [1]
Jmalloc                 0x0800c765    0x30  Code  Gb  JMemory.o [1]
Keyboard_ConfigDescriptor
                        0x0800cfb8    0x24  Data  Gb  usb_desc.o [1]
Keyboard_DeviceDescriptor
                        0x0800d46c    0x14  Data  Gb  usb_desc.o [1]
Keyboard_GetHIDDescriptor
                        0x080072c5    0x10  Code  Gb  usb_prop.o [1]
Keyboard_GetProtocolValue
                        0x080072fd    0x16  Code  Gb  usb_prop.o [1]
Keyboard_GetReportDescriptor
                        0x080072b5    0x10  Code  Gb  usb_prop.o [1]
Keyboard_Hid_Descriptor
                        0x2000486c     0x8  Data  Gb  usb_prop.o [1]
Keyboard_ReportDescriptor
                        0x0800cc50    0x40  Data  Gb  usb_desc.o [1]
Keyboard_Report_Descriptor
                        0x20004864     0x8  Data  Gb  usb_prop.o [1]
Keyboard_SetProtocol    0x080072ed    0x10  Code  Gb  usb_prop.o [1]
Keyboard_SetReport      0x08007319    0x1c  Code  Gb  usb_prop.o [1]
Keypad_EXTI_ISRHandler  0x08007d7d    0x34  Code  Gb  keypad.o [1]
Keypad_Init             0x08007d6d    0x10  Code  Gb  keypad.o [1]
Keypad_Initport         0x08007bd1    0x80  Code  Lc  keypad.o [1]
Keypad_Int_Disable      0x08007c93    0x3a  Code  Gb  keypad.o [1]
Keypad_Int_Enable       0x08007c51    0x42  Code  Gb  keypad.o [1]
Keypad_ReadIO           0x08007db1    0x6a  Code  Lc  keypad.o [1]
Keypad_Timer_Disable    0x08007d5d     0xc  Code  Gb  keypad.o [1]
Keypad_Timer_Enable     0x08007d49    0x14  Code  Gb  keypad.o [1]
Keypad_Timer_ISRHandler
                        0x08007e25   0x1c8  Code  Gb  keypad.o [1]
Keypad_Timer_Init       0x08007ccd    0x7c  Code  Gb  keypad.o [1]
MAL_GetStatus           0x0800b195    0x58  Code  Gb  mass_mal.o [1]
MAL_Read                0x0800b125    0x66  Code  Gb  mass_mal.o [1]
MAL_Write               0x0800b0cd    0x58  Code  Gb  mass_mal.o [1]
MASS_ConfigDescriptor   0x0800d0c8    0x20  Data  Gb  usb_desc.o [1]
MASS_DeviceDescriptor   0x0800d480    0x14  Data  Gb  usb_desc.o [1]
Mass_Block_Count        0x20004414     0x8  Data  Gb  mass_mal.o [1]
Mass_Block_Size         0x2000440c     0x8  Data  Gb  mass_mal.o [1]
Mass_Memory_Size        0x20004404     0x8  Data  Gb  mass_mal.o [1]
Mass_Storage_In         0x08007795    0x62  Code  Gb  usb_bot.o [1]
Mass_Storage_Out        0x080077f7    0x7e  Code  Gb  usb_bot.o [1]
Max_Lun                 0x20004514     0x4  Data  Gb  usb_prop.o [1]
MemManageException      0x08008b89     0x2  Code  Gb  stm32f10x_it.o [1]
Mode_Sense10_data       0x2000485c     0x8  Data  Gb  scsi_data.o [1]
Mode_Sense6_data        0x20004874     0x4  Data  Gb  scsi_data.o [1]
NMIException            0x08008a99     0x2  Code  Gb  stm32f10x_it.o [1]
NOP_Process             0x080044c5     0x2  Code  Gb  usb_core.o [1]
NVIC_Init               0x0800bcc9    0xa0  Code  Gb  stm32f10x_nvic.o [1]
NVIC_PriorityGroupConfig
                        0x0800bcb9     0xa  Code  Gb  stm32f10x_nvic.o [1]
NVIC_SetVectorTable     0x0800bd71    0x10  Code  Gb  stm32f10x_nvic.o [1]
NoData_Setup0           0x08003ed9   0x152  Code  Lc  usb_core.o [1]
OSCtxSw                 0x0800c073          Code  Gb  os_cpu_a.o [1]
OSCtxSwCtr              0x20004498     0x4  Data  Gb  os_core.o [1]
OSDataSize              0x0800d7c4     0x2  Data  Gb  os_dbg.o [1]
OSDebugEn               0x0800d76e     0x2  Data  Gb  os_dbg.o [1]
OSDebugInit             0x0800aa5d   0x168  Code  Gb  os_dbg.o [1]
OSEndiannessTest        0x0800d75c     0x4  Data  Gb  os_dbg.o [1]
OSEventEn               0x0800d774     0x2  Data  Gb  os_dbg.o [1]
OSEventFreeList         0x2000449c     0x4  Data  Gb  os_core.o [1]
OSEventMax              0x0800d770     0x2  Data  Gb  os_dbg.o [1]
OSEventNameSize         0x0800d772     0x2  Data  Gb  os_dbg.o [1]
OSEventSize             0x0800d776     0x2  Data  Gb  os_dbg.o [1]
OSEventTbl              0x20003e7c    0x8c  Data  Gb  os_core.o [1]
OSEventTblSize          0x0800d778     0x2  Data  Gb  os_dbg.o [1]
OSFlagEn                0x0800d77a     0x2  Data  Gb  os_dbg.o [1]
OSFlagFreeList          0x200044a0     0x4  Data  Gb  os_core.o [1]
OSFlagGrpSize           0x0800d77c     0x2  Data  Gb  os_dbg.o [1]
OSFlagMax               0x0800d782     0x2  Data  Gb  os_dbg.o [1]
OSFlagNameSize          0x0800d784     0x2  Data  Gb  os_dbg.o [1]
OSFlagNodeSize          0x0800d77e     0x2  Data  Gb  os_dbg.o [1]
OSFlagTbl               0x2000411c    0x50  Data  Gb  os_core.o [1]
OSFlagWidth             0x0800d780     0x2  Data  Gb  os_dbg.o [1]
OSIdleCtr               0x200044a4     0x4  Data  Gb  os_core.o [1]
OSInit                  0x08004ea9    0x30  Code  Gb  os_core.o [1]
OSInitHookBegin         0x0800b41d     0x2  Code  Gb  os_cpu_c.o [1]
OSInitHookEnd           0x0800b41f     0x2  Code  Gb  os_cpu_c.o [1]
OSIntCtxSw              0x0800c07b          Code  Gb  os_cpu_a.o [1]
OSIntEnter              0x08004ed9    0x24  Code  Gb  os_core.o [1]
OSIntExit               0x08004efd    0x94  Code  Gb  os_core.o [1]
OSIntNesting            0x2000454d     0x1  Data  Gb  os_core.o [1]
OSLockNesting           0x2000454e     0x1  Data  Gb  os_core.o [1]
OSLowestPrio            0x0800d786     0x2  Data  Gb  os_dbg.o [1]
OSMboxEn                0x0800d788     0x2  Data  Gb  os_dbg.o [1]
OSMemEn                 0x0800d78a     0x2  Data  Gb  os_dbg.o [1]
OSMemFreeList           0x200044b8     0x4  Data  Gb  os_core.o [1]
OSMemMax                0x0800d78c     0x2  Data  Gb  os_dbg.o [1]
OSMemNameSize           0x0800d78e     0x2  Data  Gb  os_dbg.o [1]
OSMemSize               0x0800d790     0x2  Data  Gb  os_dbg.o [1]
OSMemTbl                0x20003f08    0x8c  Data  Gb  os_core.o [1]
OSMemTblSize            0x0800d792     0x2  Data  Gb  os_dbg.o [1]
OSMutexEn               0x0800d794     0x2  Data  Gb  os_dbg.o [1]
OSPrioCur               0x2000454f     0x1  Data  Gb  os_core.o [1]
OSPrioHighRdy           0x20004550     0x1  Data  Gb  os_core.o [1]
OSPtrSize               0x0800d796     0x2  Data  Gb  os_dbg.o [1]
OSQCreate               0x08009575    0x98  Code  Gb  os_q.o [1]
OSQEn                   0x0800d798     0x2  Data  Gb  os_dbg.o [1]
OSQFreeList             0x200044bc     0x4  Data  Gb  os_core.o [1]
OSQMax                  0x0800d79a     0x2  Data  Gb  os_dbg.o [1]
OSQPend                 0x08009611   0x130  Code  Gb  os_q.o [1]
OSQPost                 0x08009745    0x78  Code  Gb  os_q.o [1]
OSQSize                 0x0800d79c     0x2  Data  Gb  os_dbg.o [1]
OSQTbl                  0x20004014    0x60  Data  Gb  os_core.o [1]
OSRdyGrp                0x20004551     0x1  Data  Gb  os_core.o [1]
OSRdyTbl                0x2000441c     0x8  Data  Gb  os_core.o [1]
OSRdyTblSize            0x0800d79e     0x2  Data  Gb  os_dbg.o [1]
OSRunning               0x20004552     0x1  Data  Gb  os_core.o [1]
OSSchedLock             0x08004f91    0x3a  Code  Gb  os_core.o [1]
OSSchedUnlock           0x08004fcb    0x5a  Code  Gb  os_core.o [1]
OSSemCreate             0x0800c879    0x50  Code  Gb  os_sem.o [1]
OSSemEn                 0x0800d7a0     0x2  Data  Gb  os_dbg.o [1]
OSStart                 0x08005025    0x42  Code  Gb  os_core.o [1]
OSStartHighRdy          0x0800c057          Code  Gb  os_cpu_a.o [1]
OSStkWidth              0x0800d7a2     0x2  Data  Gb  os_dbg.o [1]
OSTCBCur                0x200044a8     0x4  Data  Gb  os_core.o [1]
OSTCBFreeList           0x200044ac     0x4  Data  Gb  os_core.o [1]
OSTCBHighRdy            0x200044b0     0x4  Data  Gb  os_core.o [1]
OSTCBInitHook           0x0800b4b7     0x2  Code  Gb  os_cpu_c.o [1]
OSTCBList               0x200044b4     0x4  Data  Gb  os_core.o [1]
OSTCBPrioTbl            0x20003c7c   0x100  Data  Gb  os_core.o [1]
OSTCBPrioTblMax         0x0800d7ba     0x2  Data  Gb  os_dbg.o [1]
OSTCBSize               0x0800d7bc     0x2  Data  Gb  os_dbg.o [1]
OSTCBTbl                0x20003050   0x39c  Data  Gb  os_core.o [1]
OSTaskCreateEn          0x0800d7a4     0x2  Data  Gb  os_dbg.o [1]
OSTaskCreateExt         0x08009059    0xd0  Code  Gb  os_task.o [1]
OSTaskCreateExtEn       0x0800d7a6     0x2  Data  Gb  os_dbg.o [1]
OSTaskCreateHook        0x0800b421     0x2  Code  Gb  os_cpu_c.o [1]
OSTaskCtr               0x20004553     0x1  Data  Gb  os_core.o [1]
OSTaskDel               0x08009129   0x188  Code  Gb  os_task.o [1]
OSTaskDelEn             0x0800d7a8     0x2  Data  Gb  os_dbg.o [1]
OSTaskDelHook           0x0800b423     0x2  Code  Gb  os_cpu_c.o [1]
OSTaskIdleHook          0x0800b425    0x14  Code  Gb  os_cpu_c.o [1]
OSTaskIdleStk           0x200037ec   0x200  Data  Gb  os_core.o [1]
OSTaskIdleStkSize       0x0800d7aa     0x2  Data  Gb  os_dbg.o [1]
OSTaskMax               0x0800d7ae     0x2  Data  Gb  os_dbg.o [1]
OSTaskNameSize          0x0800d7b0     0x2  Data  Gb  os_dbg.o [1]
OSTaskProfileEn         0x0800d7ac     0x2  Data  Gb  os_dbg.o [1]
OSTaskStatEn            0x0800d7b2     0x2  Data  Gb  os_dbg.o [1]
OSTaskStatStkChkEn      0x0800d7b6     0x2  Data  Gb  os_dbg.o [1]
OSTaskStatStkSize       0x0800d7b4     0x2  Data  Gb  os_dbg.o [1]
OSTaskStkInit           0x0800b439    0x7c  Code  Gb  os_cpu_c.o [1]
OSTaskSwHook            0x0800b4b5     0x2  Code  Gb  os_cpu_c.o [1]
OSTaskSwHookEn          0x0800d7b8     0x2  Data  Gb  os_dbg.o [1]
OSTickStepState         0x20004554     0x1  Data  Gb  os_core.o [1]
OSTicksPerSec           0x0800d7be     0x2  Data  Gb  os_dbg.o [1]
OSTime                  0x200044c0     0x4  Data  Gb  os_core.o [1]
OSTimeDly               0x0800b1f1    0x6c  Code  Gb  os_time.o [1]
OSTimeDlyHMSM           0x0800b25d    0xa2  Code  Gb  os_time.o [1]
OSTimeTick              0x08005069    0xf0  Code  Gb  os_core.o [1]
OSTimeTickHook          0x0800b4b9     0x2  Code  Gb  os_cpu_c.o [1]
OSTimeTickHookEn        0x0800d7c0     0x2  Data  Gb  os_dbg.o [1]
OSUnMapTbl              0x0800b528   0x100  Data  Gb  os_core.o [1]
OSVersionNbr            0x0800d7c2     0x2  Data  Gb  os_dbg.o [1]
OS_CPU_PendSVHandler    0x0800c083          Code  Gb  os_cpu_a.o [1]
OS_CPU_SR_Restore       0x0800c051          Code  Gb  os_cpu_a.o [1]
OS_CPU_SR_Save          0x0800c049          Code  Gb  os_cpu_a.o [1]
OS_CPU_SysTickHandler   0x0800b4bd    0x24  Code  Gb  os_cpu_c.o [1]
OS_CPU_SysTickInit      0x0800b4e1    0x48  Code  Gb  os_cpu_c.o [1]
OS_Dummy                0x08005159     0x2  Code  Gb  os_core.o [1]
OS_EventTaskRdy         0x0800515b    0x90  Code  Gb  os_core.o [1]
OS_EventTaskRemove      0x08005269    0x34  Code  Gb  os_core.o [1]
OS_EventTaskRemoveMulti
                        0x0800529d    0x40  Code  Gb  os_core.o [1]
OS_EventTaskWait        0x080051eb    0x7e  Code  Gb  os_core.o [1]
OS_EventWaitListInit    0x080052dd    0x1a  Code  Gb  os_core.o [1]
OS_FlagInit             0x0800c541    0x4c  Code  Gb  os_flag.o [1]
OS_FlagUnlink           0x0800c591    0x26  Code  Gb  os_flag.o [1]
OS_InitEventList        0x080052f9    0x50  Code  Lc  os_core.o [1]
OS_InitMisc             0x08005349    0x2e  Code  Lc  os_core.o [1]
OS_InitRdyList          0x08005381    0x36  Code  Lc  os_core.o [1]
OS_InitTCBList          0x080053ed    0x60  Code  Lc  os_core.o [1]
OS_InitTaskIdle         0x080053bd    0x30  Code  Lc  os_core.o [1]
OS_MemClr               0x08005455    0x12  Code  Gb  os_core.o [1]
OS_MemInit              0x0800ca29    0x48  Code  Gb  os_mem.o [1]
OS_QInit                0x080097bd    0x34  Code  Gb  os_q.o [1]
OS_Sched                0x08005467    0x5c  Code  Gb  os_core.o [1]
OS_SchedNew             0x080054d9    0x20  Code  Lc  os_core.o [1]
OS_TCBInit              0x0800552d   0x16c  Code  Gb  os_core.o [1]
OS_TaskIdle             0x08005505    0x1c  Code  Gb  os_core.o [1]
OS_TaskStkClr           0x080092c9    0x1e  Code  Gb  os_task.o [1]
Out0_Process            0x080043dd    0x4c  Code  Gb  usb_core.o [1]
PCUsart_Init            0x0800c14d    0x10  Code  Gb  PCUsart.o [1]
PMAToUserBufferCopy     0x0800c9af    0x22  Code  Gb  usb_mem.o [1]
PVD_IRQHandler          0x08008b95     0x2  Code  Gb  stm32f10x_it.o [1]
Page00_Inquiry_Data     0x20004424     0x8  Data  Gb  scsi_data.o [1]
Post0_Process           0x08004429    0x4c  Code  Gb  usb_core.o [1]
ProtocolValue           0x20004510     0x4  Data  Gb  usb_prop.o [1]
RCC_AHBPeriphClockCmd   0x080089d9    0x24  Code  Gb  stm32f10x_rcc.o [1]
RCC_APB1PeriphClockCmd  0x08008a21    0x24  Code  Gb  stm32f10x_rcc.o [1]
RCC_APB2PeriphClockCmd  0x080089fd    0x24  Code  Gb  stm32f10x_rcc.o [1]
RCC_Configuration       0x0800afe5    0x8c  Code  Gb  main.o [1]
RCC_DeInit              0x08008781    0x5c  Code  Gb  stm32f10x_rcc.o [1]
RCC_GetClocksFreq       0x080088f5    0xe0  Code  Gb  stm32f10x_rcc.o [1]
RCC_GetFlagStatus       0x08008a45    0x44  Code  Gb  stm32f10x_rcc.o [1]
RCC_GetSYSCLKSource     0x080088a1     0xa  Code  Gb  stm32f10x_rcc.o [1]
RCC_HCLKConfig          0x080088ab    0x14  Code  Gb  stm32f10x_rcc.o [1]
RCC_HSEConfig           0x080087dd    0x54  Code  Gb  stm32f10x_rcc.o [1]
RCC_IRQHandler          0x08008b9d     0x2  Code  Gb  stm32f10x_it.o [1]
RCC_PCLK1Config         0x080088bf    0x14  Code  Gb  stm32f10x_rcc.o [1]
RCC_PCLK2Config         0x080088d3    0x16  Code  Gb  stm32f10x_rcc.o [1]
RCC_PLLCmd              0x08008881     0xc  Code  Gb  stm32f10x_rcc.o [1]
RCC_PLLConfig           0x08008869    0x16  Code  Gb  stm32f10x_rcc.o [1]
RCC_SYSCLKConfig        0x0800888d    0x14  Code  Gb  stm32f10x_rcc.o [1]
RCC_USBCLKConfig        0x080088e9     0xc  Code  Gb  stm32f10x_rcc.o [1]
RCC_WaitForHSEStartUp   0x08008831    0x38  Code  Gb  stm32f10x_rcc.o [1]
RTCAlarm_IRQHandler     0x08008d77     0x2  Code  Gb  stm32f10x_it.o [1]
RTC_IRQHandler          0x08008b99     0x2  Code  Gb  stm32f10x_it.o [1]
ReadCapacity10_Data     0x2000442c     0x8  Data  Gb  scsi_data.o [1]
ReadFormatCapacity_Data
                        0x20004850     0xc  Data  Gb  scsi_data.o [1]
ReadTerminalPara        0x0800bafd    0x88  Code  Gb  Terminal_Para_m.o [1]
Read_Memory             0x08009c85   0x108  Code  Gb  memory.o [1]
Region$$Table$$Base     0x0800cfdc           --   Gb  - Linker created -
Region$$Table$$Limit    0x0800d008           --   Gb  - Linker created -
SCSI_Address_Management
                        0x0800770b    0x7e  Code  Gb  usb_scsi.o [1]
SCSI_BlkLen             0x200044f8     0x4  Data  Gb  usb_bot.o [1]
SCSI_Format_Cmd         0x080076a1    0x2a  Code  Gb  usb_scsi.o [1]
SCSI_Inquiry_Cmd        0x08007355    0x48  Code  Gb  usb_scsi.o [1]
SCSI_Invalid_Cmd        0x080076cb    0x40  Code  Gb  usb_scsi.o [1]
SCSI_LBA                0x200044f4     0x4  Data  Gb  usb_bot.o [1]
SCSI_ModeSense10_Cmd    0x08007509    0x10  Code  Gb  usb_scsi.o [1]
SCSI_ModeSense6_Cmd     0x080074f9    0x10  Code  Gb  usb_scsi.o [1]
SCSI_Read10_Cmd         0x08007551    0x7c  Code  Gb  usb_scsi.o [1]
SCSI_ReadCapacity10_Cmd
                        0x08007445    0xb4  Code  Gb  usb_scsi.o [1]
SCSI_ReadFormatCapacity_Cmd
                        0x0800739d    0xa8  Code  Gb  usb_scsi.o [1]
SCSI_RequestSense_Cmd   0x08007519    0x1e  Code  Gb  usb_scsi.o [1]
SCSI_Start_Stop_Unit_Cmd
                        0x08007545     0xc  Code  Gb  usb_scsi.o [1]
SCSI_TestUnitReady_Cmd  0x0800766f    0x32  Code  Gb  usb_scsi.o [1]
SCSI_Verify10_Cmd       0x08007635    0x3a  Code  Gb  usb_scsi.o [1]
SCSI_Write10_Cmd        0x080075cd    0x64  Code  Gb  usb_scsi.o [1]
SDIO_IRQHandler         0x08008d87     0x2  Code  Gb  stm32f10x_it.o [1]
SPI1_IRQHandler         0x08008cc7     0x2  Code  Gb  stm32f10x_it.o [1]
SPI2_IRQHandler         0x08008cc9     0x2  Code  Gb  stm32f10x_it.o [1]
SPI3_IRQHandler         0x08008d8b     0x2  Code  Gb  stm32f10x_it.o [1]
SPI_Cmd                 0x0800c503    0x1a  Code  Gb  stm32f10x_spi.o [1]
SPI_I2S_GetFlagStatus   0x0800c525    0x1a  Code  Gb  stm32f10x_spi.o [1]
SPI_I2S_ReceiveData     0x0800c521     0x4  Code  Gb  stm32f10x_spi.o [1]
SPI_I2S_SendData        0x0800c51d     0x4  Code  Gb  stm32f10x_spi.o [1]
SPI_Init                0x0800c4c5    0x3e  Code  Gb  stm32f10x_spi.o [1]
SVCHandler              0x08008b91     0x2  Code  Gb  stm32f10x_it.o [1]
SaveRState              0x2000453c     0x2  Data  Gb  usb_int.o [1]
SaveTState              0x2000453e     0x2  Data  Gb  usb_int.o [1]
SaveTerminalPara        0x0800bb85    0x1a  Code  Gb  Terminal_Para_m.o [1]
Scsi_Sense_Data         0x2000481c    0x14  Data  Gb  scsi_data.o [1]
SendData_To_PC          0x0800bbe1    0x6c  Code  Gb  hw_config.o [1]
SetBTABLE               0x080092e9     0xe  Code  Gb  usb_regs.o [1]
SetDeviceAddress        0x08004475    0x50  Code  Gb  usb_core.o [1]
SetEPRxAddr             0x08009487    0x1e  Code  Gb  usb_regs.o [1]
SetEPRxCount            0x080094ef    0x44  Code  Gb  usb_regs.o [1]
SetEPRxStatus           0x08009351    0x38  Code  Gb  usb_regs.o [1]
SetEPRxValid            0x080093b5    0x2c  Code  Gb  usb_regs.o [1]
SetEPTxAddr             0x08009469    0x1e  Code  Gb  usb_regs.o [1]
SetEPTxCount            0x080094d5    0x1a  Code  Gb  usb_regs.o [1]
SetEPTxStatus           0x08009317    0x3a  Code  Gb  usb_regs.o [1]
SetEPTxValid            0x08009389    0x2c  Code  Gb  usb_regs.o [1]
SetEPType               0x080092f7    0x20  Code  Gb  usb_regs.o [1]
Set_CSW                 0x08007b55    0x38  Code  Gb  usb_bot.o [1]
Set_Scsi_Sense_Data     0x08007537     0xa  Code  Gb  usb_scsi.o [1]
Set_USBClock            0x0800c0e9    0x1c  Code  Lc  PCUsart.o [1]
Setup0_Process          0x080042d9    0x8c  Code  Gb  usb_core.o [1]
Standard_ClearFeature   0x08003b0d   0x158  Code  Gb  usb_core.o [1]
Standard_GetConfiguration
                        0x080038e9    0x2a  Code  Gb  usb_core.o [1]
Standard_GetDescriptorData
                        0x08003d47    0x24  Code  Gb  usb_core.o [1]
Standard_GetInterface   0x08003961    0x2a  Code  Gb  usb_core.o [1]
Standard_GetStatus      0x08003a0d   0x100  Code  Gb  usb_core.o [1]
Standard_Inquiry_Data   0x2000471c    0x24  Data  Gb  scsi_data.o [1]
Standard_Inquiry_Data2  0x20004740    0x24  Data  Gb  scsi_data.o [1]
Standard_SetConfiguration
                        0x08003913    0x4e  Code  Gb  usb_core.o [1]
Standard_SetDeviceFeature
                        0x08003d23    0x24  Code  Gb  usb_core.o [1]
Standard_SetEndPointFeature
                        0x08003c69    0xba  Code  Gb  usb_core.o [1]
Standard_SetInterface   0x0800398b    0x82  Code  Gb  usb_core.o [1]
State_Machine_thread    0x08002fdd   0x560  Code  Gb  app.o [1]
Status                  0x20004474     0x4  Data  Gb  mass_mal.o [1]
StatusInfo              0x200044fc     0x4  Data  Gb  usb_core.o [1]
String_Descriptor       0x20004788    0x20  Data  Gb  usb_prop.o [1]
TAMPER_IRQHandler       0x08008b97     0x2  Code  Gb  stm32f10x_it.o [1]
TIM1_BRK_IRQHandler     0x08008c8d     0x2  Code  Gb  stm32f10x_it.o [1]
TIM1_CC_IRQHandler      0x08008c93     0x2  Code  Gb  stm32f10x_it.o [1]
TIM1_TRG_COM_IRQHandler
                        0x08008c91     0x2  Code  Gb  stm32f10x_it.o [1]
TIM1_UP_IRQHandler      0x08008c8f     0x2  Code  Gb  stm32f10x_it.o [1]
TIM2_IRQHandler         0x08008c95     0x8  Code  Gb  stm32f10x_it.o [1]
TIM2_UpdateISRHandler   0x080099a1    0x9a  Code  Gb  TimeBase.o [1]
TIM3_IRQHandler         0x08008c9d    0x20  Code  Gb  stm32f10x_it.o [1]
TIM4_IRQHandler         0x08008cbd     0x2  Code  Gb  stm32f10x_it.o [1]
TIM5_IRQHandler         0x08008d89     0x2  Code  Gb  stm32f10x_it.o [1]
TIM6_IRQHandler         0x08008d91     0x2  Code  Gb  stm32f10x_it.o [1]
TIM7_IRQHandler         0x08008d93     0x2  Code  Gb  stm32f10x_it.o [1]
TIM8_BRK_IRQHandler     0x08008d7b     0x2  Code  Gb  stm32f10x_it.o [1]
TIM8_CC_IRQHandler      0x08008d81     0x2  Code  Gb  stm32f10x_it.o [1]
TIM8_TRG_COM_IRQHandler
                        0x08008d7f     0x2  Code  Gb  stm32f10x_it.o [1]
TIM8_UP_IRQHandler      0x08008d7d     0x2  Code  Gb  stm32f10x_it.o [1]
TIM_ClearFlag           0x0800ace7     0x8  Code  Gb  stm32f10x_tim.o [1]
TIM_ClearITPendingBit   0x0800ad21     0x8  Code  Gb  stm32f10x_tim.o [1]
TIM_Cmd                 0x0800acb3    0x1c  Code  Gb  stm32f10x_tim.o [1]
TIM_GetITStatus         0x0800acef    0x32  Code  Gb  stm32f10x_tim.o [1]
TIM_ITConfig            0x0800accf    0x18  Code  Gb  stm32f10x_tim.o [1]
TIM_OC1Init             0x0800abfb    0x76  Code  Gb  stm32f10x_tim.o [1]
TIM_OCStructInit        0x0800ac91    0x22  Code  Gb  stm32f10x_tim.o [1]
TIM_TimeBaseInit        0x0800abc5    0x36  Code  Gb  stm32f10x_tim.o [1]
TIM_TimeBaseStructInit  0x0800ac79    0x18  Code  Gb  stm32f10x_tim.o [1]
TimeBase_Init           0x08009827    0x6e  Code  Gb  TimeBase.o [1]
TransferState           0x2000454c     0x1  Data  Gb  memory.o [1]
Transfer_Data_Request   0x08007b21    0x32  Code  Gb  usb_bot.o [1]
UART4_IRQHandler        0x08008d8d     0x2  Code  Gb  stm32f10x_it.o [1]
UART5_IRQHandler        0x08008d8f     0x2  Code  Gb  stm32f10x_it.o [1]
USART1_IRQHandler       0x08008ccb     0x2  Code  Gb  stm32f10x_it.o [1]
USART2_IRQHandler       0x08008ccd    0x78  Code  Gb  stm32f10x_it.o [1]
USART3_IRQHandler       0x08008d45    0x30  Code  Gb  stm32f10x_it.o [1]
USART_ClearITPendingBit
                        0x0800a3f5    0x18  Code  Gb  stm32f10x_usart.o [1]
USART_Cmd               0x0800a2e5    0x1a  Code  Gb  stm32f10x_usart.o [1]
USART_DMACmd            0x0800a34f    0x18  Code  Gb  stm32f10x_usart.o [1]
USART_GetFlagStatus     0x0800a377    0x1a  Code  Gb  stm32f10x_usart.o [1]
USART_GetITStatus       0x0800a391    0x64  Code  Gb  stm32f10x_usart.o [1]
USART_ITConfig          0x0800a2ff    0x50  Code  Gb  stm32f10x_usart.o [1]
USART_Init              0x0800a249    0x9c  Code  Gb  stm32f10x_usart.o [1]
USART_ReceiveData       0x0800a36f     0x8  Code  Gb  stm32f10x_usart.o [1]
USART_SendData          0x0800a367     0x8  Code  Gb  stm32f10x_usart.o [1]
USBWakeUp_IRQHandler    0x08008d79     0x2  Code  Gb  stm32f10x_it.o [1]
USB_APP_ClearFeature    0x080070b5    0x1c  Code  Gb  usb_prop.o [1]
USB_APP_Data_Setup      0x080070e1    0xd4  Code  Gb  usb_prop.o [1]
USB_APP_GetConfigDescriptor
                        0x08007261    0x24  Code  Gb  usb_prop.o [1]
USB_APP_GetDeviceDescriptor
                        0x08007239    0x24  Code  Gb  usb_prop.o [1]
USB_APP_GetStringDescriptor
                        0x0800728d    0x28  Code  Gb  usb_prop.o [1]
USB_APP_Get_Interface_Setting
                        0x080072d5    0x18  Code  Gb  usb_prop.o [1]
USB_APP_NoData_Setup    0x080071b5    0x78  Code  Gb  usb_prop.o [1]
USB_APP_Reset           0x08006f49   0x134  Code  Gb  usb_prop.o [1]
USB_APP_SetConfiguration
                        0x08007085    0x30  Code  Gb  usb_prop.o [1]
USB_APP_SetDeviceAddress
                        0x080070d1     0x8  Code  Gb  usb_prop.o [1]
USB_APP_Status_In       0x080070dd     0x2  Code  Gb  usb_prop.o [1]
USB_APP_Status_Out      0x080070df     0x2  Code  Gb  usb_prop.o [1]
USB_APP_StringLangID    0x0800d764     0x4  Data  Gb  usb_desc.o [1]
USB_APP_StringProduct   0x0800d0e8    0x20  Data  Gb  usb_desc.o [1]
USB_APP_StringSerial    0x200047c8    0x1c  Data  Gb  usb_desc.o [1]
USB_APP_StringVendor    0x0800cef8    0x28  Data  Gb  usb_desc.o [1]
USB_APP_init            0x08006f09    0x40  Code  Gb  usb_prop.o [1]
USB_HP_CAN_TX_IRQHandler
                        0x08008c53     0x2  Code  Gb  stm32f10x_it.o [1]
USB_Init                0x0800cc91    0x40  Code  Gb  usb_init.o [1]
USB_Interrupts_Config   0x0800c105    0x48  Code  Lc  PCUsart.o [1]
USB_Istr                0x0800c185    0x9c  Code  Gb  usb_istr.o [1]
USB_LP_CAN_RX0_IRQHandler
                        0x08008c55     0x8  Code  Gb  stm32f10x_it.o [1]
USB_PowerOn             0x0800cd0d    0x34  Code  Gb  usb_pwr.o [1]
USB_SIL_Read            0x0800c84b    0x2c  Code  Gb  usb_sil.o [1]
USB_SIL_Write           0x0800c81d    0x2e  Code  Gb  usb_sil.o [1]
Unconfigure_All         0x0800b071    0x20  Code  Lc  main.o [1]
UsageFaultException     0x08008b8d     0x2  Code  Gb  stm32f10x_it.o [1]
UsbKeyValue_Ascii_Tbl   0x0800a75c   0x180  Data  Gb  basic_fun.o [1]
UserToPMABufferCopy     0x0800c981    0x2e  Code  Gb  usb_mem.o [1]
User_Standard_Requests  0x20004764    0x24  Data  Gb  usb_prop.o [1]
WWDG_IRQHandler         0x08008b93     0x2  Code  Gb  stm32f10x_it.o [1]
Write_Memory            0x08009d8d   0x120  Code  Gb  memory.o [1]
_EncodingSb_Mbtowc      0x0800c7e5    0x38  Code  Gb  xencoding_sb.o [3]
_EncodingSb_Wctomb      0x0800c7c1    0x1c  Code  Gb  xencoding_sb.o [3]
_Files                  0x200047a8    0x20  Data  Gb  xfiles.o [3]
_GenldDefault           0x080029d5   0x258  Code  Lc  xprintffull.o [3]
_IsdstStr               0x20004580     0x4  Data  Gb  setlocale.o [3]
_LdtobDefault           0x080025b1   0x404  Code  Lc  xprintffull.o [3]
_LitobDefault           0x08002499   0x110  Code  Lc  xprintffull.o [3]
_LocaleC_lconv          0x0800ca74    0x48  Data  Gb  xlocale_c.o [3]
_LocaleEncoding         0x0800d4bd    0x10  Code  Gb  setlocale.o [3]
_LocaleReturnString     0x20004590    0x50  Data  Lc  setlocale.o [3]
_Locale_LconvArray      0x2000458c     0x4  Data  Gb  setlocale.o [3]
_Locale_Profile         0x2000455c    0x1c  Data  Gb  setlocale.o [3]
_Locale_lconv           0x200045e4    0x48  Data  Gb  localeconv.o [3]
_Mbtowc                 0x0800d129    0x20  Code  Gb  xmbtowc.o [3]
_Printf                 0x08001c11   0x5a8  Code  Gb  xprintffull.o [3]
_Prout                  0x0800d3df    0x16  Code  Gb  xprout.o [3]
_PutcharsDefault        0x08002c2d    0x32  Code  Lc  xprintffull.o [3]
_PutstrDefault          0x080021c1   0x2cc  Code  Lc  xprintffull.o [3]
_TzoneStr               0x20004578     0x4  Data  Gb  setlocale.o [3]
_Wctomb                 0x0800d2bd    0x1a  Code  Gb  xwctomb.o [3]
__BASEPRICONFIG         0x0800c4af          Code  Gb  cortexm3_macro.o [1]
__DMB                   0x0800c461          Code  Gb  cortexm3_macro.o [1]
__DSB                   0x0800c45b          Code  Gb  cortexm3_macro.o [1]
[...]
__RESETPRIMASK          0x0800c493          Code  Gb  cortexm3_macro.o [1]
__REV_HalfWord          0x0800c4bb          Code  Gb  cortexm3_macro.o [1]
__REV_Word              0x0800c4bf          Code  Gb  cortexm3_macro.o [1]
__SETFAULTMASK          0x0800c4a5          Code  Gb  cortexm3_macro.o [1]
__SETPRIMASK            0x0800c497          Code  Gb  cortexm3_macro.o [1]
__SEV                   0x0800c451          Code  Gb  cortexm3_macro.o [1]
__SVC                   0x0800c467          Code  Gb  cortexm3_macro.o [1]
__WFE                   0x0800c44d          Code  Gb  cortexm3_macro.o [1]
__WFI                   0x0800c449          Code  Gb  cortexm3_macro.o [1]
__aeabi_assert          0x0800cb8b    0x42  Code  Gb  xassert.o [3]
__aeabi_cdcmple         0x0800ce15          Code  Gb  DblCmpLe.o [4]
__aeabi_cdrcmple        0x0800ce45          Code  Gb  DblCmpGe.o [4]
__aeabi_d2iz            0x0800c929          Code  Gb  DblToI32.o [4]
__aeabi_d2uiz           0x0800c955          Code  Gb  DblToI32.o [4]
__aeabi_dadd            0x0800ba15          Code  Gb  DblAdd.o [4]
__aeabi_ddiv            0x08008d9d          Code  Gb  DblDiv.o [4]
__aeabi_dmul            0x0800a5b9          Code  Gb  DblMul.o [4]
__aeabi_dsub            0x0800a8dd          Code  Gb  DblSub.o [4]
__aeabi_i2d             0x0800ce75          Code  Gb  I32ToDbl.o [4]
__aeabi_ldiv0           0x0800d769          Code  Gb  I64DivZer.o [4]
__aeabi_ldivmod         0x0800ae71          Code  Gb  I64DivMod.o [4]
__aeabi_memcpy          0x0800c5b9          Code  Gb  ABImemcpy.o [4]
__aeabi_memcpy4         0x0800c5d3          Code  Gb  ABImemcpy.o [4]
__aeabi_memcpy8         0x0800c5d3          Code  Gb  ABImemcpy.o [4]
__aeabi_memset          0x0800c699          Code  Gb  ABImemset.o [4]
__aeabi_ui2d            0x0800ce89          Code  Gb  I32ToDbl.o [4]
__aeabi_uldivmod        0x0800ae85          Code  Gb  I64DivMod.o [4]
__call_dtors            0x0800c655     0x4  Code  Gb  cppinit.o [3]
__cstart_call_dtors     0x0800d56b          Code  Gb  cexit.o [4]
__cxa_atexit            0x0800c629    0x2c  Code  Gb  cppinit.o [3]
__cxa_finalize          0x0800c659    0x3c  Code  Gb  cppinit.o [3]
__data_Aldata           0x20004434     0x8  Data  Gb  xxmemxmalloc.o [3]
__data_GetMemChunk      0x0800cf49    0x28  Code  Gb  xgetmemchunk.o [3]
__dwrite                0x0800d169    0x1e  Code  Gb  dwrite.o [5]
__exit                  0x0800d495    0x14  Code  Gb  exit.o [5]
__iar_Dnorm             0x0800be45    0xb4  Code  Gb  xdnorm.o [3]
__iar_Dscale            0x0800b30d   0x110  Code  Gb  xdscale.o [3]
__iar_EmptyStepPoint    0x0800cb89     0x2  Code  Gb  xassert.o [3]
__iar_Locksyslock       0x0800c2d9    0x4c  Code  Gb  xsyslock.o [3]
__iar_Mbcurmax          0x0800d6d9     0xa  Code  Gb  xmbcurmax.o [3]
__iar_Memchr            0x0800c8d1          Code  Gb  memchr.o [4]
__iar_Memset            0x0800c699          Code  Gb  ABImemset.o [4]
__iar_Memset_word       0x0800c6a1          Code  Gb  ABImemset.o [4]
__iar_Mtxdst            0x0800cdeb     0x6  Code  Gb  MtxWrapper.o [3]
__iar_Mtxinit           0x0800cde5     0x6  Code  Gb  MtxWrapper.o [3]
__iar_Mtxlock           0x0800cdf1     0x4  Code  Gb  MtxWrapper.o [3]
__iar_Mtxunlock         0x0800cdff     0x6  Code  Gb  MtxWrapper.o [3]
__iar_ReportAssert      0x0800c3e5    0x64  Code  Gb  xreportassert.o [3]
__iar_Stderr            0x200046ac    0x40  Data  Gb  xfiles.o [3]
__iar_Stdin             0x2000462c    0x40  Data  Gb  xfiles.o [3]
__iar_Stdout            0x2000466c    0x40  Data  Gb  xfiles.o [3]
__iar_Strchr            0x0800d3c9          Code  Gb  strchr.o [4]
__iar_Tls_setup__IsdstStr
                        0x20004584     0x4  Data  Gb  setlocale.o [3]
__iar_Tls_setup__Locale_Profile
                        0x20004588     0x4  Data  Gb  setlocale.o [3]
__iar_Tls_setup__Locale_lconv
                        0x200045e0     0x4  Data  Gb  localeconv.o [3]
__iar_Tls_setup__TzoneStr
                        0x2000457c     0x4  Data  Gb  setlocale.o [3]
__iar_Unlocksyslock     0x0800c325    0x14  Code  Gb  xsyslock.o [3]
__iar_d2uiz             0x0800c95f          Code  Gb  DblToI32.o [4]
__iar_dadd              0x0800ba27          Code  Gb  DblAdd.o [4]
__iar_data_init2        0x0800d2a1    0x1c  Code  Gb  data_init2.o [4]
__iar_dsub              0x0800a8ef          Code  Gb  DblSub.o [4]
__iar_dsubStart         0x0800a901          Code  Gb  DblSub.o [4]
__iar_packbits_init2    0x0800c221    0x8e  Code  Gb  packbits_init2.o [4]
__iar_program_start     0x0800d3b1          Code  Gb  cmain.o [4]
__iar_sh_stdout         0x0800c9e9    0x3c  Code  Gb  iarwstd.o [5]
__iar_sh_stdout_close   0x0800c9d5    0x14  Code  Gb  iarwstd.o [5]
__iar_sh_stdout_handle  0x20004534     0x4  Data  Lc  iarwstd.o [5]
__iar_sh_write          0x0800d149    0x20  Code  Gb  iarwrite.o [5]
__iar_strcmp            0x0800cbcd          Code  Gb  strcmp.o [4]
__iar_ui2d              0x0800ce8b          Code  Gb  I32ToDbl.o [4]
__iar_zero_init2        0x0800d2d7    0x1a  Code  Gb  zero_init2.o [4]
__low_level_init        0x0800d76b     0x4  Code  Gb  low_level_init.o [3]
__vector_table          0x08000000   0x140  Data  Gb  stm32f10x_vector.o [1]
__write                 0x0800d559    0x10  Code  Gb  write.o [5]
_exit                   0x0800d569          Code  Gb  cexit.o [4]
_main                   0x0800d3c3          Code  Gb  cmain.o [4]
abort                   0x0800d74d     0x8  Code  Gb  abort.o [3]
addressbits             0x0800b828   0x100  Data  Lc  rec_ecc.o [1]
app_init                0x08002f29    0xb0  Code  Gb  app.o [1]
app_init_thread         0x08003741    0xf8  Code  Gb  app.o [1]
app_startup             0x0800384d    0x9c  Code  Gb  app.o [1]
ascii_to_keyreport      0x0800add5    0x98  Code  Gb  basic_fun.o [1]
bDeviceState            0x2000451c     0x4  Data  Gb  usb_pwr.o [1]
bIntPackSOF             0x2000455b     0x1  Data  Gb  usb_istr.o [1]
barcode_cash            0x20002b80   0x4d0  Data  Lc  app.o [1]
barcode_hid_send        0x08002ecd    0x5c  Code  Lc  app.o [1]
barcode_pool            0x2000424c    0x3c  Data  Lc  app.o [1]
batch_node              0x20004074    0x54  Data  Lc  app.o [1]
bitsperbyte             0x0800b728   0x100  Data  Lc  rec_ecc.o [1]
buffer                  0x20000df0  0x1000  Data  Lc  spi_flash.o [1]
calculate_ecc           0x08006a71   0x3a4  Code  Gb  rec_ecc.o [1]
charge_detect_io_cnt    0x20004468     0x4  Data  Gb  hw_platform.o [1]
charge_state_cnt        0x20004460     0x4  Data  Lc  hw_platform.o [1]
check_vtimer_handle     0x080098fd    0x18  Code  Lc  TimeBase.o [1]
clearlocks              0x0800c2b1    0x26  Code  Lc  xsyslock.o [3]
correct_data            0x08006e15    0xf4  Code  Gb  rec_ecc.o [1]
count_in                0x20004500     0x4  Data  Gb  usb_endp.o [1]
crc32                   0x0800cf21    0x28  Code  Gb  crc32.o [1]
crc32_tab               0x08007ff8   0x400  Data  Lc  crc32.o [1]
current_cache_block     0x200044e8     0x4  Data  Lc  spi_flash.o [1]
current_led_state       0x20004548     0x1  Data  Lc  hw_platform.o [1]
current_logical_index   0x200044c8     0x4  Data  Lc  record_m.o [1]
current_node_offset     0x200044cc     0x4  Data  Gb  record_m.o [1]
current_press_key       0x20004549     0x1  Data  Lc  keypad.o [1]
data_uart_init          0x0800bfa9    0x7c  Code  Gb  data_uart.o [1]
delay_ms                0x0800980d    0x1a  Code  Gb  TimeBase.o [1]
delay_us                0x080097f5    0x18  Code  Gb  TimeBase.o [1]
delete_one_node         0x080069d1    0x1e  Code  Gb  record_m.o [1]
device_current_state    0x20004454     0x4  Data  Gb  app.o [1]
div                     0x0800d585     0xe  Code  Gb  div.o [3]
ebuf                    0x2000416c    0x50  Data  Lc  xfiles.o [3]
eccdata_tmp             0x20003d7c   0x100  Data  Gb  record_mod.o [1]
ecckey_cal              0x200044d8     0x4  Data  Gb  record_mod.o [1]
ecckey_read             0x200044d4     0x4  Data  Gb  record_mod.o [1]
enter_into_BT_Mode      0x08002e35    0x5c  Code  Lc  app.o [1]
enter_into_Memory_Mode  0x08002d81    0x20  Code  Lc  app.o [1]
enter_into_USB_HID_Mode
                        0x08002db1    0x6c  Code  Lc  app.o [1]
event_pool              0x20004314    0x20  Data  Lc  app.o [1]
exit                    0x0800d755     0x6  Code  Gb  exit.o [3]
exit_from_BT_Mode       0x08002e91    0x3c  Code  Lc  app.o [1]
exit_from_Memory_Mode   0x08002da1    0x10  Code  Lc  app.o [1]
exit_from_USB_HID_Mode  0x08002e1d    0x18  Code  Lc  app.o [1]
fatfs_sector_offset     0x200044f0     0x4  Data  Gb  spi_flash.o [1]
fflush                  0x0800bf6d    0x3c  Code  Gb  fflush.o [3]
fflushOne               0x0800bef9    0x74  Code  Lc  fflush.o [3]
flash_state             0x20004557     0x1  Data  Lc  spi_flash.o [1]
flasize                 0x200044e4     0x4  Data  Gb  spi_flash.o [1]
fputc                   0x0800c025    0x20  Code  Gb  data_uart.o [1]
free                    0x0800c33d    0x88  Code  Gb  xxmemxfree.o [3]
g_mass_storage_device_type
                        0x20004543     0x1  Data  Gb  PCUsart.o [1]
g_pReqCmd               0x2000443c     0x4  Data  Gb  HJ5000_scanner.o [1]
g_param                 0x200042f4    0x20  Data  Gb  Terminal_Para_m.o [1]
g_rec_offset            0x200044d0     0x4  Data  Gb  record_m.o [1]
g_receive_buff          0x20003f94    0x80  Data  Gb  HJ5000_scanner.o [1]
g_resCmd                0x200043f0     0xc  Data  Gb  HJ5000_scanner.o [1]
g_send_buff             0x200042d4    0x20  Data  Gb  HJ5000_scanner.o [1]
g_usb_type              0x20004547     0x1  Data  Gb  hw_config.o [1]
get_delete_node         0x08006675    0x42  Code  Lc  record_m.o [1]
get_first_valid_node    0x080066b7    0x40  Code  Lc  record_m.o [1]
get_node                0x080069f5    0x72  Code  Gb  record_m.o [1]
get_spi_flash_capacity  0x08006459     0x6  Code  Gb  spi_flash.o [1]
hard_fault_handler_c    0x08008a9d    0xe4  Code  Gb  stm32f10x_it.o [1]
hex_to_str              0x0800ad29    0x98  Code  Gb  basic_fun.o [1]
hw_platform_ChargeState_Detect
                        0x08005925    0x38  Code  Gb  hw_platform.o [1]
hw_platform_USBcable_Insert_Detect
                        0x08005965    0x30  Code  Gb  hw_platform.o [1]
hw_platform_beep_ctrl   0x08005a0b    0x48  Code  Gb  hw_platform.o [1]
hw_platform_beep_motor_ctrl
                        0x08005a53    0x58  Code  Gb  hw_platform.o [1]
hw_platform_get_PowerClass
                        0x080058a9    0x76  Code  Gb  hw_platform.o [1]
hw_platform_init        0x08005895    0x14  Code  Gb  hw_platform.o [1]
hw_platform_led_ctrl    0x08005995    0x76  Code  Gb  hw_platform.o [1]
hw_platform_start_led_blink
                        0x08005b45   0x228  Code  Gb  hw_platform.o [1]
hw_platform_stop_led_blink
                        0x08005d6d   0x106  Code  Gb  hw_platform.o [1]
id_array                0x0800cc10    0x40  Data  Gb  spi_flash.o [1]
invparity               0x0800b628   0x100  Data  Lc  rec_ecc.o [1]
keyboard_output_report_value
                        0x20004518     0x4  Data  Gb  usb_prop.o [1]
keypad_state            0x2000454a     0x1  Data  Lc  keypad.o [1]
keypress_timeout        0x20004458     0x4  Data  Gb  app.o [1]
last_charge_detect_io_cnt
                        0x20004464     0x4  Data  Lc  hw_platform.o [1]
led_blue_blink_timer_hook
                        0x08005ad9    0x24  Code  Lc  hw_platform.o [1]
led_green_blink_timer_hook
                        0x08005afd    0x24  Code  Lc  hw_platform.o [1]
led_red_blink_timer_hook
                        0x08005ab5    0x24  Code  Lc  hw_platform.o [1]
led_timer_h             0x200043a8    0x10  Data  Lc  hw_platform.o [1]
led_yellow_blink_timer_hook
                        0x08005b21    0x24  Code  Lc  hw_platform.o [1]
localeconv              0x0800d4a9    0x14  Code  Gb  localeconv.o [3]
lowpower_cnt            0x20004546     0x1  Data  Lc  app.o [1]
lowpower_state          0x20004545     0x1  Data  Lc  app.o [1]
lowpower_tip            0x080036f9    0x46  Code  Gb  app.o [1]
main                    0x0800afa1    0x44  Code  Gb  main.o [1]
malloc                  0x0800bd89    0xbc  Code  Gb  xxmemxmalloc.o [3]
memchr                  0x0800c8d1          Code  Gb  memchr.o [4]
memcmp                  0x0800c701          Code  Gb  memcmp.o [4]
memcpy                  0x0800d577     0xe  Code  Wk  BT816.o [1]
memset                  0x0800d4d1    0x14  Code  Wk  HJ5000_scanner.o [1]
mtx                     0x20004388    0x10  Data  Lc  xsyslock.o [3]
mtxdst                  0x20004528     0x4  Data  Lc  MtxWrapper.o [3]
mtxinit                 0x20004524     0x4  Data  Lc  MtxWrapper.o [3]
mtxlock                 0x2000452c     0x4  Data  Lc  MtxWrapper.o [3]
mtxunlock               0x20004530     0x4  Data  Lc  MtxWrapper.o [3]
next_abi_dtor_rec       0x2000487c     0x4  Data  Lc  cppinit.o [3]
obuf                    0x200041bc    0x50  Data  Lc  xfiles.o [3]
out                     0x0800c3c5    0x20  Code  Lc  xreportassert.o [3]
pBarcode_Queue          0x20004448     0x4  Data  Lc  app.o [1]
pEpInt_IN               0x200047e4    0x1c  Data  Gb  usb_istr.o [1]
pEpInt_OUT              0x20004800    0x1c  Data  Gb  usb_istr.o [1]
pEvent_Queue            0x2000444c     0x4  Data  Gb  app.o [1]
pIOSem                  0x20004450     0x4  Data  Lc  app.o [1]
pInformation            0x20004504     0x4  Data  Gb  usb_init.o [1]
pProperty               0x20004508     0x4  Data  Gb  usb_init.o [1]
pUser_Standard_Requests
                        0x2000450c     0x4  Data  Gb  usb_init.o [1]
p_allocate_addr         0x200039ec   0x190  Data  Lc  JMemory.o [1]
p_init_thread_stk       0x20004444     0x4  Data  Lc  app.o [1]
pack_ctrl_command       0x0800856f    0x84  Code  Lc  HJ5000_scanner.o [1]
pack_set_command        0x08008515    0x5a  Code  Lc  HJ5000_scanner.o [1]
param_format            0x080018b5     0xe  Code  Gb  record_mod.o [1]
param_init              0x08001c01     0xe  Code  Gb  record_mod.o [1]
param_mod_state         0x20004544     0x1  Data  Lc  Terminal_Para_m.o [1]
param_read              0x080018c5   0x108  Code  Gb  record_mod.o [1]
param_write             0x080019cd   0x234  Code  Gb  record_mod.o [1]
platform_misc_port_init
                        0x0800573b   0x15a  Code  Lc  hw_platform.o [1]
press_cnt               0x2000446c     0x4  Data  Lc  keypad.o [1]
printf                  0x0800d109    0x20  Code  Gb  printf.o [3]
pull_barcode_from_cash  0x08002d15    0x6c  Code  Gb  app.o [1]
push_barcode_into_cash  0x08002ca1    0x72  Code  Gb  app.o [1]
putchar                 0x0800d6cd     0xc  Code  Gb  putchar.o [3]
rec_LA_to_PA            0x08006839    0xe8  Code  Gb  record_m.o [1]
rec_PA_to_LA            0x08006921    0xac  Code  Gb  record_m.o [1]
rec_cnt                 0x200044c4     0x4  Data  Lc  record_m.o [1]
rec_copy4kblk           0x08000221    0x62  Code  Lc  record_mod.o [1]
rec_getindex            0x08000283    0x18  Code  Lc  record_mod.o [1]
rec_getrecspc           0x08000179    0x3a  Code  Lc  record_mod.o [1]
rec_module_buffer       0x200040c8    0x54  Data  Gb  record_m.o [1]
rec_readsimprit         0x08000141    0x38  Code  Lc  record_mod.o [1]
rec_searchby_tag        0x080067a5    0x94  Code  Gb  record_m.o [1]
rec_writesimprit        0x080001b3    0x62  Code  Lc  record_mod.o [1]
recinfo                 0x20004288    0x2c  Data  Lc  record_mod.o [1]
recmod_flasize          0x200044ec     0x4  Data  Gb  spi_flash.o [1]
record_add              0x080066f9    0x94  Code  Gb  record_m.o [1]
record_clear            0x08006793    0x12  Code  Gb  record_m.o [1]
record_count            0x080009dd    0x96  Code  Gb  record_mod.o [1]
record_count_ext        0x08000a73    0x46  Code  Gb  record_mod.o [1]
record_delall           0x080017f9    0xbc  Code  Gb  record_mod.o [1]
record_format           0x0800029d   0x2bc  Code  Gb  record_mod.o [1]
record_init             0x08000559   0x47c  Code  Gb  record_mod.o [1]
record_modify           0x08000d11    0xac  Code  Gb  record_mod.o [1]
record_module_count     0x0800678d     0x6  Code  Gb  record_m.o [1]
record_module_init      0x0800659d    0xa4  Code  Gb  record_m.o [1]
record_module_read      0x08006641    0x34  Code  Gb  record_m.o [1]
record_read             0x08000ab9   0x24c  Code  Gb  record_mod.o [1]
record_replace          0x08000dc1   0x4f4  Code  Gb  record_mod.o [1]
record_write            0x080012b5   0x544  Code  Gb  record_mod.o [1]
recover_record_by_logfile
                        0x08006a6d     0x4  Code  Gb  record_m.o [1]
release_cnt             0x20004470     0x4  Data  Lc  keypad.o [1]
reset_resVar            0x080084b7    0x14  Code  Lc  HJ5000_scanner.o [1]
reset_timer             0x08009915    0x28  Code  Gb  TimeBase.o [1]
scan_barcode_ok_tip     0x08002c61    0x40  Code  Lc  app.o [1]
scanner_get_barcode     0x080086e1    0x98  Code  Gb  HJ5000_scanner.o [1]
scanner_mod_init        0x080085f5    0x6c  Code  Gb  HJ5000_scanner.o [1]
send_data_to_BT816S01   0x080046c1    0x58  Code  Lc  BT816.o [1]
send_data_to_scanner    0x080084cb    0x38  Code  Lc  HJ5000_scanner.o [1]
simprit                 0x200043b8    0x10  Data  Lc  record_mod.o [1]
spi_flash_erasesector   0x08006029    0x4c  Code  Gb  spi_flash.o [1]
spi_flash_init          0x08005e89   0x180  Code  Gb  spi_flash.o [1]
spi_flash_page_write    0x080060fb    0x64  Code  Gb  spi_flash.o [1]
spi_flash_post_write    0x0800645f    0x6c  Code  Gb  spi_flash.o [1]
spi_flash_raddr         0x08006325    0x5e  Code  Gb  spi_flash.o [1]
spi_flash_rpage         0x08006075    0x86  Code  Gb  spi_flash.o [1]
spi_flash_send_byte     0x08006383    0x48  Code  Gb  spi_flash.o [1]
spi_flash_valid         0x08006009    0x1c  Code  Gb  spi_flash.o [1]
spi_flash_waddr         0x0800615f   0x1c6  Code  Gb  spi_flash.o [1]
spi_flash_wait_for_write_end
                        0x080063ef    0x64  Code  Gb  spi_flash.o [1]
spi_flash_write         0x080064cb    0xc4  Code  Gb  spi_flash.o [1]
spi_flash_write_enable  0x080063d1    0x1e  Code  Gb  spi_flash.o [1]
start_timer             0x08009895    0x68  Code  Gb  TimeBase.o [1]
stop_timer              0x0800993d    0x64  Code  Gb  TimeBase.o [1]
strchr                  0x0800d3c9          Code  Gb  strchr.o [4]
strcmp                  0x0800cbcd          Code  Gb  strcmp.o [4]
strcpy                  0x0800cb45          Code  Gb  strcpy.o [4]
strlen                  0x0800cd49          Code  Gb  strlen.o [4]
syslock_o               0x20004384     0x4  Data  Lc  xsyslock.o [3]
system_err_tip          0x0800373f     0x2  Code  Gb  app.o [1]
test_var1               0x200044dc     0x4  Data  Lc  record_mod.o [1]
test_var2               0x200044e0     0x4  Data  Lc  record_mod.o [1]
thread_bt_stk           0x200035ec   0x200  Data  Lc  app.o [1]
thread_eventcapture_stk
                        0x200033ec   0x200  Data  Lc  app.o [1]
thread_statemachine_stk
                        0x200025f0   0x590  Data  Lc  app.o [1]
tmpfgrb                 0x20004556     0x1  Data  Lc  record_mod.o [1]
tmpfgwi                 0x20004555     0x1  Data  Lc  record_mod.o [1]
token                   0x200043e4     0xc  Data  Lc  BT816.o [1]
token_value             0x20004398    0x10  Data  Lc  BT816.o [1]
usb_device_init         0x0800c15d    0x28  Code  Gb  PCUsart.o [1]
v_timer_list            0x200043fc     0x8  Data  Gb  TimeBase.o [1]
wInterrupt_Mask         0x2000453a     0x2  Data  Gb  usb_init.o [1]
wIstr                   0x20004540     0x2  Data  Gb  usb_istr.o [1]
wait_time_out           0x20004440     0x4  Data  Lc  HJ5000_scanner.o [1]
write_cmd_to_scanner    0x08008509     0xc  Code  Lc  HJ5000_scanner.o [1]


[1] = E:\H520B\FW\src\Project\EWARMv5\Debug\Obj
[2] = command line
[3] = dl7M_tl_if.a
[4] = rt7M_tl.a
[5] = shb_l.a

  50 318 bytes of readonly  code memory
   5 464 bytes of readonly  data memory
  18 544 bytes of readwrite data memory

Errors: none
Warnings: none
