###############################################################################
#                                                                             #
# IAR ELF Linker V5.30.0.51174/W32 for ARM              12/Sep/2015  15:36:03 #
# Copyright 2007-2009 IAR Systems AB.                                         #
#                                                                             #
#    Output file  =  E:\H520B\FW\src\Project\EWARMv5\Debug\Exe\T6.out         #
#    Map file     =  E:\H520B\FW\src\Project\EWARMv5\Debug\List\T6.map        #
#    Command line =  E:\H520B\FW\src\Project\EWARMv5\Debug\Obj\HJ5000_scanner #
#                    .o E:\H520B\FW\src\Project\EWARMv5\Debug\Obj\JMemory.o   #
#                    E:\H520B\FW\src\Project\EWARMv5\Debug\Obj\PCUsart.o      #
#                    E:\H520B\FW\src\Project\EWARMv5\Debug\Obj\Terminal_Para. #
#                    o E:\H520B\FW\src\Project\EWARMv5\Debug\Obj\TimeBase.o   #
#                    E:\H520B\FW\src\Project\EWARMv5\Debug\Obj\WBTDS01.o      #
#                    E:\H520B\FW\src\Project\EWARMv5\Debug\Obj\app.o          #
#                    E:\H520B\FW\src\Project\EWARMv5\Debug\Obj\basic_fun.o    #
#                    E:\H520B\FW\src\Project\EWARMv5\Debug\Obj\cortexm3_macro #
#                    .o E:\H520B\FW\src\Project\EWARMv5\Debug\Obj\cpu_a.o     #
#                    E:\H520B\FW\src\Project\EWARMv5\Debug\Obj\cpu_c.o        #
#                    E:\H520B\FW\src\Project\EWARMv5\Debug\Obj\crc32.o        #
#                    E:\H520B\FW\src\Project\EWARMv5\Debug\Obj\data_uart.o    #
#                    E:\H520B\FW\src\Project\EWARMv5\Debug\Obj\diskio.o       #
#                    E:\H520B\FW\src\Project\EWARMv5\Debug\Obj\ff.o           #
#                    E:\H520B\FW\src\Project\EWARMv5\Debug\Obj\hardfault_isr_ #
#                    handle_a.o E:\H520B\FW\src\Project\EWARMv5\Debug\Obj\has #
#                    h.o E:\H520B\FW\src\Project\EWARMv5\Debug\Obj\hw_config. #
#                    o E:\H520B\FW\src\Project\EWARMv5\Debug\Obj\hw_platform. #
#                    o E:\H520B\FW\src\Project\EWARMv5\Debug\Obj\keypad.o     #
#                    E:\H520B\FW\src\Project\EWARMv5\Debug\Obj\lib_ascii.o    #
#                    E:\H520B\FW\src\Project\EWARMv5\Debug\Obj\lib_mem.o      #
#                    E:\H520B\FW\src\Project\EWARMv5\Debug\Obj\lib_str.o      #
#                    E:\H520B\FW\src\Project\EWARMv5\Debug\Obj\main.o         #
#                    E:\H520B\FW\src\Project\EWARMv5\Debug\Obj\mass_mal.o     #
#                    E:\H520B\FW\src\Project\EWARMv5\Debug\Obj\memory.o       #
#                    E:\H520B\FW\src\Project\EWARMv5\Debug\Obj\os_core.o      #
#                    E:\H520B\FW\src\Project\EWARMv5\Debug\Obj\os_cpu_a.o     #
#                    E:\H520B\FW\src\Project\EWARMv5\Debug\Obj\os_cpu_c.o     #
#                    E:\H520B\FW\src\Project\EWARMv5\Debug\Obj\os_dbg.o       #
#                    E:\H520B\FW\src\Project\EWARMv5\Debug\Obj\os_flag.o      #
#                    E:\H520B\FW\src\Project\EWARMv5\Debug\Obj\os_mbox.o      #
#                    E:\H520B\FW\src\Project\EWARMv5\Debug\Obj\os_mem.o       #
#                    E:\H520B\FW\src\Project\EWARMv5\Debug\Obj\os_mutex.o     #
#                    E:\H520B\FW\src\Project\EWARMv5\Debug\Obj\os_probe.o     #
#                    E:\H520B\FW\src\Project\EWARMv5\Debug\Obj\os_q.o         #
#                    E:\H520B\FW\src\Project\EWARMv5\Debug\Obj\os_sem.o       #
#                    E:\H520B\FW\src\Project\EWARMv5\Debug\Obj\os_task.o      #
#                    E:\H520B\FW\src\Project\EWARMv5\Debug\Obj\os_time.o      #
#                    E:\H520B\FW\src\Project\EWARMv5\Debug\Obj\os_tmr.o       #
#                    E:\H520B\FW\src\Project\EWARMv5\Debug\Obj\record.o       #
#                    E:\H520B\FW\src\Project\EWARMv5\Debug\Obj\scsi_data.o    #
#                    E:\H520B\FW\src\Project\EWARMv5\Debug\Obj\spi_flash.o    #
#                    E:\H520B\FW\src\Project\EWARMv5\Debug\Obj\stm32f10x_adc. #
#                    o E:\H520B\FW\src\Project\EWARMv5\Debug\Obj\stm32f10x_bk #
#                    p.o E:\H520B\FW\src\Project\EWARMv5\Debug\Obj\stm32f10x_ #
#                    crc.o E:\H520B\FW\src\Project\EWARMv5\Debug\Obj\stm32f10 #
#                    x_dbgmcu.o E:\H520B\FW\src\Project\EWARMv5\Debug\Obj\stm #
#                    32f10x_exti.o E:\H520B\FW\src\Project\EWARMv5\Debug\Obj\ #
#                    stm32f10x_flash.o E:\H520B\FW\src\Project\EWARMv5\Debug\ #
#                    Obj\stm32f10x_fsmc.o E:\H520B\FW\src\Project\EWARMv5\Deb #
#                    ug\Obj\stm32f10x_gpio.o E:\H520B\FW\src\Project\EWARMv5\ #
#                    Debug\Obj\stm32f10x_i2c.o E:\H520B\FW\src\Project\EWARMv #
#                    5\Debug\Obj\stm32f10x_it.o E:\H520B\FW\src\Project\EWARM #
#                    v5\Debug\Obj\stm32f10x_iwdg.o                            #
#                    E:\H520B\FW\src\Project\EWARMv5\Debug\Obj\stm32f10x_lib. #
#                    o E:\H520B\FW\src\Project\EWARMv5\Debug\Obj\stm32f10x_nv #
#                    ic.o E:\H520B\FW\src\Project\EWARMv5\Debug\Obj\stm32f10x #
#                    _pwr.o E:\H520B\FW\src\Project\EWARMv5\Debug\Obj\stm32f1 #
#                    0x_rcc.o E:\H520B\FW\src\Project\EWARMv5\Debug\Obj\stm32 #
#                    f10x_rtc.o E:\H520B\FW\src\Project\EWARMv5\Debug\Obj\stm #
#                    32f10x_spi.o E:\H520B\FW\src\Project\EWARMv5\Debug\Obj\s #
#                    tm32f10x_systick.o E:\H520B\FW\src\Project\EWARMv5\Debug #
#                    \Obj\stm32f10x_tim.o E:\H520B\FW\src\Project\EWARMv5\Deb #
#                    ug\Obj\stm32f10x_usart.o E:\H520B\FW\src\Project\EWARMv5 #
#                    \Debug\Obj\stm32f10x_vector.o                            #
#                    E:\H520B\FW\src\Project\EWARMv5\Debug\Obj\usb_bot.o      #
#                    E:\H520B\FW\src\Project\EWARMv5\Debug\Obj\usb_core.o     #
#                    E:\H520B\FW\src\Project\EWARMv5\Debug\Obj\usb_desc.o     #
#                    E:\H520B\FW\src\Project\EWARMv5\Debug\Obj\usb_endp.o     #
#                    E:\H520B\FW\src\Project\EWARMv5\Debug\Obj\usb_init.o     #
#                    E:\H520B\FW\src\Project\EWARMv5\Debug\Obj\usb_int.o      #
#                    E:\H520B\FW\src\Project\EWARMv5\Debug\Obj\usb_istr.o     #
#                    E:\H520B\FW\src\Project\EWARMv5\Debug\Obj\usb_mem.o      #
#                    E:\H520B\FW\src\Project\EWARMv5\Debug\Obj\usb_prop.o     #
#                    E:\H520B\FW\src\Project\EWARMv5\Debug\Obj\usb_pwr.o      #
#                    E:\H520B\FW\src\Project\EWARMv5\Debug\Obj\usb_regs.o     #
#                    E:\H520B\FW\src\Project\EWARMv5\Debug\Obj\usb_scsi.o     #
#                    E:\H520B\FW\src\Project\EWARMv5\Debug\Obj\usb_sil.o -o   #
#                    E:\H520B\FW\src\Project\EWARMv5\Debug\Exe\T6.out --map   #
#                    E:\H520B\FW\src\Project\EWARMv5\Debug\List\T6.map        #
#                    --config E:\H520B\FW\src\Project\EWARMv5\stm32f10x_debug #
#                    .icf --semihosting --entry __iar_program_start           #
#                                                                             #
#                                                                             #
###############################################################################

*******************************************************************************
*** RUNTIME MODEL ATTRIBUTES
***

__endian      = little
__thumb_aware = enabled


*******************************************************************************
*** PLACEMENT SUMMARY
***

"A1":  place at mem:0x8000000 { ro section .intvec };
"P1":  place in [from mem:0x8000000 to mem:0x800ffff] { ro };
"P3":  place in [from mem:0x20000010 to mem:0x20005000] {
          rw, block CSTACK, block HEAP };

  Section            Kind        Address    Size  Object
  -------            ----        -------    ----  ------
"A1":                                      0x140
  .intvec            const    0x08000000   0x140  stm32f10x_vector.o [1]
                            - 0x08000140   0x140

"P1":                                     0xbd26
  .text              ro code  0x08000140  0x1696  ff.o [1]
  .text              ro code  0x080017d8  0x104e  xprintffull.o [3]
  .text              ro code  0x08002828   0xf74  record.o [1]
  .text              ro code  0x0800379c   0xbde  usb_core.o [1]
  .text              ro code  0x0800437c   0x804  app.o [1]
  .text              ro code  0x08004b80   0x7f4  os_core.o [1]
  .text              ro code  0x08005374   0x6c8  spi_flash.o [1]
  .text              ro code  0x08005a3c   0x59c  WBTDS01.o [1]
  .text              ro code  0x08005fd8   0x440  usb_scsi.o [1]
  .text              ro code  0x08006418   0x43c  usb_bot.o [1]
  .rodata            const    0x08006854   0x400  crc32.o [1]
  .text              ro code  0x08006c54   0x3f8  usb_prop.o [1]
  .text              ro code  0x0800704c   0x360  hw_platform.o [1]
  .text              ro code  0x080073ac   0x34c  keypad.o [1]
  .text              ro code  0x080076f8   0x2e8  stm32f10x_rcc.o [1]
  .text              ro code  0x080079e0   0x2bc  DblDiv.o [4]
  .text              ro code  0x08007c9c   0x2a0  stm32f10x_it.o [1]
  .text              ro code  0x08007f3c   0x28c  usb_regs.o [1]
  .text              ro code  0x080081c8   0x280  os_q.o [1]
  .text              ro code  0x08008448   0x244  usb_int.o [1]
  .text              ro code  0x0800868c   0x23c  memory.o [1]
  .text              ro code  0x080088c8   0x200  HJ5000_scanner.o [1]
  .text              ro code  0x08008ac8   0x1ac  stm32f10x_usart.o [1]
  .text              ro code  0x08008c74   0x1aa  stm32f10x_adc.o [1]
  .text              ro code  0x08008e20   0x1a2  DblMul.o [4]
  .rodata            const    0x08008fc4   0x180  basic_fun.o [1]
  .text              ro code  0x08009144   0x17e  DblSub.o [4]
  .text              ro code  0x080092c4   0x168  os_dbg.o [1]
  .text              ro code  0x0800942c   0x164  stm32f10x_tim.o [1]
  .text              ro code  0x08009590   0x148  stm32f10x_gpio.o [1]
  .text              ro code  0x080096d8   0x130  I64DivMod.o [4]
  .text              ro code  0x08009808   0x12c  main.o [1]
  .text              ro code  0x08009934   0x11c  os_time.o [1]
  .text              ro code  0x08009a50   0x110  mass_mal.o [1]
  .text              ro code  0x08009b60   0x110  xdscale.o [3]
  .text              ro code  0x08009c70   0x10c  os_cpu_c.o [1]
  .rodata            const    0x08009d7c   0x100  os_core.o [1]
  .text              ro code  0x08009e7c    0xfc  TimeBase.o [1]
  .text              ro code  0x08009f78    0xfa  os_task.o [1]
  .text              ro code  0x0800a074    0xec  stm32f10x_exti.o [1]
  .text              ro code  0x0800a160    0xe6  DblAdd.o [4]
  .text              ro code  0x0800a248    0xd8  hw_config.o [1]
  .text              ro code  0x0800a320    0xd0  stm32f10x_nvic.o [1]
  .text              ro code  0x0800a3f0    0xbc  xxmemxmalloc.o [3]
  .text              ro code  0x0800a4ac    0xb6  diskio.o [1]
  .text              ro code  0x0800a562    0xb4  xdnorm.o [3]
  .text              ro code  0x0800a618    0xb0  fflush.o [3]
  .text              ro code  0x0800a6c8    0xa0  data_uart.o [1]
  CODE               ro code  0x0800a768    0xa0  os_cpu_a.o [1]
  .text              ro code  0x0800a808    0x9c  basic_fun.o [1]
  .text              ro code  0x0800a8a4    0x9c  usb_istr.o [1]
  .text              ro code  0x0800a940    0x8e  packbits_init2.o [4]
  .text              ro code  0x0800a9d0    0x8c  xsyslock.o [3]
  .text              ro code  0x0800aa5c    0x88  xxmemxfree.o [3]
  .text              ro code  0x0800aae4    0x84  xreportassert.o [3]
  .text              ro code  0x0800ab68    0x7a  cortexm3_macro.o [1]
  .text              ro code  0x0800abe4    0x7a  stm32f10x_spi.o [1]
  .text              ro code  0x0800ac60    0x70  ABImemcpy.o [4]
  .text              ro code  0x0800acd0    0x70  cppinit.o [3]
  .text              ro code  0x0800ad40    0x66  ABImemset.o [4]
  .text              ro code  0x0800ada8    0x62  memcmp.o [4]
  .text              ro code  0x0800ae0c    0x5c  JMemory.o [1]
  .text              ro code  0x0800ae68    0x5c  xencoding_sb.o [3]
  .text              ro code  0x0800aec4    0x5a  usb_sil.o [1]
  .text              ro code  0x0800af20    0x58  os_sem.o [1]
  .text              ro code  0x0800af78    0x58  memchr.o [4]
  .text              ro code  0x0800afd0    0x56  DblToI32.o [4]
  .text              ro code  0x0800b028    0x54  usb_mem.o [1]
  .text              ro code  0x0800b07c    0x54  iarwstd.o [5]
  .text              ro code  0x0800b0d0    0x50  os_flag.o [1]
  .text              ro code  0x0800b120    0x4c  os_mem.o [1]
  .rodata            const    0x0800b16c    0x48  xlocale_c.o [3]
  .text              ro code  0x0800b1b4    0x44  stm32f10x_flash.o [1]
  .text              ro code  0x0800b1f8    0x44  strcpy.o [4]
  .text              ro code  0x0800b23c    0x44  xassert.o [3]
  .text              ro code  0x0800b280    0x42  strcmp.o [4]
  .rodata            const    0x0800b2c4    0x40  spi_flash.o [1]
  .rodata            const    0x0800b304    0x40  usb_desc.o [1]
  .text              ro code  0x0800b344    0x3c  usb_pwr.o [1]
  .text              ro code  0x0800b380    0x36  strlen.o [4]
  .text              ro code  0x0800b3b8    0x34  usb_endp.o [1]
  .rodata            const    0x0800b3ec    0x30  xreportassert.o [3]
  .text              ro code  0x0800b41c    0x30  MtxWrapper.o [3]
  .text              ro code  0x0800b44c    0x2e  DblCmpLe.o [4]
  .text              ro code  0x0800b47c    0x2e  DblCmpGe.o [4]
  .text              ro code  0x0800b4ac    0x2e  I32ToDbl.o [4]
  .rodata            const    0x0800b4dc    0x28  usb_desc.o [1]
  .text              ro code  0x0800b504    0x28  crc32.o [1]
  .text              ro code  0x0800b52c    0x28  xgetmemchunk.o [3]
  .rodata            const    0x0800b554    0x24  WBTDS01.o [1]
  .rodata            const    0x0800b578    0x24  app.o [1]
  .rodata            const    0x0800b59c    0x24  usb_desc.o [1]
  .iar.init_table    const    0x0800b5c0    0x2c  - Linker created -
  .rodata            const    0x0800b5ec    0x20  app.o [1]
  .rodata            const    0x0800b60c    0x20  app.o [1]
  .rodata            const    0x0800b62c    0x20  app.o [1]
  .rodata            const    0x0800b64c    0x20  app.o [1]
  .rodata            const    0x0800b66c    0x20  app.o [1]
  .rodata            const    0x0800b68c    0x20  usb_desc.o [1]
  .rodata            const    0x0800b6ac    0x20  usb_desc.o [1]
  .text              ro code  0x0800b6cc    0x20  printf.o [3]
  .text              ro code  0x0800b6ec    0x20  xmbtowc.o [3]
  .text              ro code  0x0800b70c    0x20  iarwrite.o [5]
  .text              ro code  0x0800b72c    0x1e  strcat.o [3]
  .text              ro code  0x0800b74a    0x1e  dwrite.o [5]
  .rodata            const    0x0800b768    0x1c  app.o [1]
  .rodata            const    0x0800b784    0x1c  app.o [1]
  .text              ro code  0x0800b7a0    0x1c  data_init2.o [4]
  .text              ro code  0x0800b7bc    0x1a  xwctomb.o [3]
  .text              ro code  0x0800b7d6    0x1a  zero_init2.o [4]
  .rodata            const    0x0800b7f0    0x18  app.o [1]
  .rodata            const    0x0800b808    0x18  app.o [1]
  .rodata            const    0x0800b820    0x18  app.o [1]
  .rodata            const    0x0800b838    0x18  app.o [1]
  .rodata            const    0x0800b850    0x18  app.o [1]
  .rodata            const    0x0800b868    0x18  app.o [1]
  .rodata            const    0x0800b880    0x18  stm32f10x_it.o [1]
  .text              ro code  0x0800b898    0x18  cmain.o [4]
  .text              ro code  0x0800b8b0    0x18  hash.o [1]
  .text              ro code  0x0800b8c8    0x16  strchr.o [4]
  .text              ro code  0x0800b8de    0x16  xprout.o [3]
  .rodata            const    0x0800b8f4    0x14  app.o [1]
  .rodata            const    0x0800b908    0x14  app.o [1]
  .rodata            const    0x0800b91c    0x14  main.o [1]
  .rodata            const    0x0800b930    0x14  usb_desc.o [1]
  .rodata            const    0x0800b944    0x14  usb_desc.o [1]
  .text              ro code  0x0800b958    0x14  exit.o [5]
  .text              ro code  0x0800b96c    0x14  localeconv.o [3]
  .text              ro code  0x0800b980    0x14  setlocale.o [3]
  .text              ro code  0x0800b994    0x14  HJ5000_scanner.o [1]
  CODE               ro code  0x0800b9a8    0x12  hardfault_isr_handle_a.o [1]
  .rodata            const    0x0800b9bc    0x10  WBTDS01.o [1]
  .rodata            const    0x0800b9cc    0x10  WBTDS01.o [1]
  .rodata            const    0x0800b9dc    0x10  record.o [1]
  .rodata            const    0x0800b9ec    0x10  record.o [1]
  .rodata            const    0x0800b9fc    0x10  stm32f10x_rcc.o [1]
  .rodata            const    0x0800ba0c    0x10  xprintffull.o [3]
  .text              ro code  0x0800ba1c    0x10  write.o [5]
  .text              ro code  0x0800ba2c     0xe  cexit.o [4]
  .text              ro code  0x0800ba3a     0xe  HJ5000_scanner.o [1]
  .text              ro code  0x0800ba48     0xe  div.o [3]
  .rodata            const    0x0800ba58     0xc  WBTDS01.o [1]
  .rodata            const    0x0800ba64     0xc  WBTDS01.o [1]
  .rodata            const    0x0800ba70     0xc  WBTDS01.o [1]
  .rodata            const    0x0800ba7c     0xc  WBTDS01.o [1]
  .rodata            const    0x0800ba88     0xc  app.o [1]
  .rodata            const    0x0800ba94     0xc  app.o [1]
  .rodata            const    0x0800baa0     0xc  app.o [1]
  .rodata            const    0x0800baac     0xc  app.o [1]
  .rodata            const    0x0800bab8     0xc  ff.o [1]
  .rodata            const    0x0800bac4     0xc  record.o [1]
  .rodata            const    0x0800bad0     0xc  record.o [1]
  .rodata            const    0x0800badc     0xc  stm32f10x_it.o [1]
  .rodata            const    0x0800bae8     0xc  stm32f10x_it.o [1]
  .rodata            const    0x0800baf4     0xc  stm32f10x_it.o [1]
  .rodata            const    0x0800bb00     0xc  stm32f10x_it.o [1]
  .rodata            const    0x0800bb0c     0xc  stm32f10x_it.o [1]
  .rodata            const    0x0800bb18     0xc  stm32f10x_it.o [1]
  .rodata            const    0x0800bb24     0xc  stm32f10x_it.o [1]
  .rodata            const    0x0800bb30     0xc  stm32f10x_it.o [1]
  .rodata            const    0x0800bb3c     0xc  stm32f10x_it.o [1]
  .rodata            const    0x0800bb48     0xc  stm32f10x_it.o [1]
  .rodata            const    0x0800bb54     0xc  stm32f10x_it.o [1]
  .rodata            const    0x0800bb60     0xc  stm32f10x_it.o [1]
  .rodata            const    0x0800bb6c     0xc  stm32f10x_it.o [1]
  .text              ro code  0x0800bb78     0xc  putchar.o [3]
  .text              ro code  0x0800bb84     0xa  xmbcurmax.o [3]
  .rodata            const    0x0800bb90     0x8  WBTDS01.o [1]
  .rodata            const    0x0800bb98     0x8  WBTDS01.o [1]
  .rodata            const    0x0800bba0     0x8  WBTDS01.o [1]
  .rodata            const    0x0800bba8     0x8  record.o [1]
  .rodata            const    0x0800bbb0     0x8  record.o [1]
  .rodata            const    0x0800bbb8     0x8  xprintffull.o [3]
  .rodata            const    0x0800bbc0     0x8  localeconv.o [3]
  .rodata            const    0x0800bbc8     0x8  localeconv.o [3]
  .rodata            const    0x0800bbd0     0x8  xencoding_sb.o [3]
  .rodata            const    0x0800bbd8     0x8  xencoding_sb.o [3]
  .rodata            const    0x0800bbe0     0x8  xlocale_c.o [3]
  .rodata            const    0x0800bbe8     0x8  xlocale_c.o [3]
  .text              ro code  0x0800bbf0     0x8  abort.o [3]
  .text              ro code  0x0800bbf8     0x6  exit.o [3]
  .rodata            const    0x0800bc00     0x4  os_dbg.o [1]
  .rodata            const    0x0800bc04     0x4  stm32f10x_rcc.o [1]
  .rodata            const    0x0800bc08     0x4  usb_desc.o [1]
  .text              ro code  0x0800bc0c     0x2  I64DivZer.o [4]
  .text              ro code  0x0800bc0e     0x4  low_level_init.o [3]
  .rodata            const    0x0800bc12     0x2  os_dbg.o [1]
  .rodata            const    0x0800bc14     0x2  os_dbg.o [1]
  .rodata            const    0x0800bc16     0x2  os_dbg.o [1]
  .rodata            const    0x0800bc18     0x2  os_dbg.o [1]
  .rodata            const    0x0800bc1a     0x2  os_dbg.o [1]
  .rodata            const    0x0800bc1c     0x2  os_dbg.o [1]
  .rodata            const    0x0800bc1e     0x2  os_dbg.o [1]
  .rodata            const    0x0800bc20     0x2  os_dbg.o [1]
  .rodata            const    0x0800bc22     0x2  os_dbg.o [1]
  .rodata            const    0x0800bc24     0x2  os_dbg.o [1]
  .rodata            const    0x0800bc26     0x2  os_dbg.o [1]
  .rodata            const    0x0800bc28     0x2  os_dbg.o [1]
  .rodata            const    0x0800bc2a     0x2  os_dbg.o [1]
  .rodata            const    0x0800bc2c     0x2  os_dbg.o [1]
  .rodata            const    0x0800bc2e     0x2  os_dbg.o [1]
  .rodata            const    0x0800bc30     0x2  os_dbg.o [1]
  .rodata            const    0x0800bc32     0x2  os_dbg.o [1]
  .rodata            const    0x0800bc34     0x2  os_dbg.o [1]
  .rodata            const    0x0800bc36     0x2  os_dbg.o [1]
  .rodata            const    0x0800bc38     0x2  os_dbg.o [1]
  .rodata            const    0x0800bc3a     0x2  os_dbg.o [1]
  .rodata            const    0x0800bc3c     0x2  os_dbg.o [1]
  .rodata            const    0x0800bc3e     0x2  os_dbg.o [1]
  .rodata            const    0x0800bc40     0x2  os_dbg.o [1]
  .rodata            const    0x0800bc42     0x2  os_dbg.o [1]
  .rodata            const    0x0800bc44     0x2  os_dbg.o [1]
  .rodata            const    0x0800bc46     0x2  os_dbg.o [1]
  .rodata            const    0x0800bc48     0x2  os_dbg.o [1]
  .rodata            const    0x0800bc4a     0x2  os_dbg.o [1]
  .rodata            const    0x0800bc4c     0x2  os_dbg.o [1]
  .rodata            const    0x0800bc4e     0x2  os_dbg.o [1]
  .rodata            const    0x0800bc50     0x2  os_dbg.o [1]
  .rodata            const    0x0800bc52     0x2  os_dbg.o [1]
  .rodata            const    0x0800bc54     0x2  os_dbg.o [1]
  .rodata            const    0x0800bc56     0x2  os_dbg.o [1]
  .rodata            const    0x0800bc58     0x2  os_dbg.o [1]
  .rodata            const    0x0800bc5a     0x2  os_dbg.o [1]
  .rodata            const    0x0800bc5c     0x2  os_dbg.o [1]
  .rodata            const    0x0800bc5e     0x2  os_dbg.o [1]
  .rodata            const    0x0800bc60     0x2  os_dbg.o [1]
  .rodata            const    0x0800bc62     0x2  os_dbg.o [1]
  .rodata            const    0x0800bc64     0x2  os_dbg.o [1]
  .rodata            const    0x0800bc66     0x2  os_dbg.o [1]
  .rodata            const    0x0800bc68     0x2  os_dbg.o [1]
  .rodata            const    0x0800bc6a     0x2  localeconv.o [3]
  .rodata            const    0x0800bc6c     0x2  xlocale_c.o [3]
  .rodata            const    0x0800bc6e     0x1  localeconv.o [3]
  .rodata            const    0x0800bc6f     0x1  setlocale.o [3]
  .rodata            const    0x0800bc70     0x1  xlocale_c.o [3]
  Initializer bytes  ro data  0x0800bc71   0x1f5  <for P3 s0>
                            - 0x0800be66  0xbd26

"P3", part 1 of 3:                         0xce0
  CSTACK                      0x20000010   0x800  <Block>
    CSTACK           uninit   0x20000010   0x800  <Block tail>
  HEAP                        0x20000810   0x300  <Block>
    HEAP             uninit   0x20000810   0x300  <Block tail>
  .iar.dynexit                0x20000b10   0x1e0  <Block>
    .iar.dynexit     uninit   0x20000b10     0xc  cppinit.o [3]
    .iar.dynexit     uninit   0x20000b1c   0x1d4  <Block tail>
                            - 0x20000cf0   0xce0

"P3", part 2 of 3:                        0x3748
  .bss               zero     0x20000cf0  0x1000  spi_flash.o [1]
  .bss               zero     0x20001cf0   0x800  memory.o [1]
  .bss               zero     0x200024f0   0x400  app.o [1]
  .bss               zero     0x200028f0   0x39c  os_core.o [1]
  .bss               zero     0x20002c8c   0x334  app.o [1]
  .bss               zero     0x20002fc0   0x224  Terminal_Para.o [1]
  .bss               zero     0x200031e4   0x224  record.o [1]
  .bss               zero     0x20003408   0x224  record.o [1]
  .bss               zero     0x2000362c   0x200  app.o [1]
  .bss               zero     0x2000382c   0x200  app.o [1]
  .bss               zero     0x20003a2c   0x200  os_core.o [1]
  .bss               zero     0x20003c2c   0x190  JMemory.o [1]
  .bss               zero     0x20003dbc   0x100  os_core.o [1]
  .bss               zero     0x20003ebc    0x8c  os_core.o [1]
  .bss               zero     0x20003f48    0x8c  os_core.o [1]
  .bss               zero     0x20003fd4    0x70  record.o [1]
  .bss               zero     0x20004044    0x60  os_core.o [1]
  .bss               zero     0x200040a4    0x50  os_core.o [1]
  .bss               zero     0x200040f4    0x50  xfiles.o [3]
  .bss               zero     0x20004144    0x50  xfiles.o [3]
  .bss               zero     0x20004194    0x40  WBTDS01.o [1]
  .bss               zero     0x200041d4    0x40  usb_bot.o [1]
  .bss               zero     0x20004214    0x28  app.o [1]
  .bss               zero     0x2000423c    0x20  WBTDS01.o [1]
  .bss               zero     0x2000425c    0x20  app.o [1]
  .bss               zero     0x2000427c    0x20  usb_bot.o [1]
  .bss               zero     0x2000429c    0x14  os_cpu_c.o [1]
  .bss               zero     0x200042b0    0x14  xsyslock.o [3]
  .bss               zero     0x200042c4    0x10  usb_bot.o [1]
  .bss               zero     0x200042d4     0xc  HJ5000_scanner.o [1]
  .bss               zero     0x200042e0     0xc  WBTDS01.o [1]
  .bss               zero     0x200042ec     0x8  ff.o [1]
  .bss               zero     0x200042f4     0x8  mass_mal.o [1]
  .bss               zero     0x200042fc     0x8  mass_mal.o [1]
  .bss               zero     0x20004304     0x8  mass_mal.o [1]
  .bss               zero     0x2000430c     0x8  os_core.o [1]
  .bss               zero     0x20004314     0x8  scsi_data.o [1]
  .bss               zero     0x2000431c     0x8  scsi_data.o [1]
  .bss               zero     0x20004324     0x8  xxmemxmalloc.o [3]
  .bss               zero     0x2000432c     0x4  HJ5000_scanner.o [1]
  .bss               zero     0x20004330     0x4  HJ5000_scanner.o [1]
  .bss               zero     0x20004334     0x4  TimeBase.o [1]
  .bss               zero     0x20004338     0x4  WBTDS01.o [1]
  .bss               zero     0x2000433c     0x4  app.o [1]
  .bss               zero     0x20004340     0x4  app.o [1]
  .bss               zero     0x20004344     0x4  app.o [1]
  .bss               zero     0x20004348     0x4  app.o [1]
  .bss               zero     0x2000434c     0x4  app.o [1]
  .bss               zero     0x20004350     0x4  hw_platform.o [1]
  .bss               zero     0x20004354     0x4  hw_platform.o [1]
  .bss               zero     0x20004358     0x4  hw_platform.o [1]
  .bss               zero     0x2000435c     0x4  keypad.o [1]
  .bss               zero     0x20004360     0x4  keypad.o [1]
  .bss               zero     0x20004364     0x4  mass_mal.o [1]
  .bss               zero     0x20004368     0x4  memory.o [1]
  .bss               zero     0x2000436c     0x4  memory.o [1]
  .bss               zero     0x20004370     0x4  memory.o [1]
  .bss               zero     0x20004374     0x4  memory.o [1]
  .bss               zero     0x20004378     0x4  memory.o [1]
  .bss               zero     0x2000437c     0x4  memory.o [1]
  .bss               zero     0x20004380     0x4  memory.o [1]
  .bss               zero     0x20004384     0x4  memory.o [1]
  .bss               zero     0x20004388     0x4  os_core.o [1]
  .bss               zero     0x2000438c     0x4  os_core.o [1]
  .bss               zero     0x20004390     0x4  os_core.o [1]
  .bss               zero     0x20004394     0x4  os_core.o [1]
  .bss               zero     0x20004398     0x4  os_core.o [1]
  .bss               zero     0x2000439c     0x4  os_core.o [1]
  .bss               zero     0x200043a0     0x4  os_core.o [1]
  .bss               zero     0x200043a4     0x4  os_core.o [1]
  .bss               zero     0x200043a8     0x4  os_core.o [1]
  .bss               zero     0x200043ac     0x4  os_core.o [1]
  .bss               zero     0x200043b0     0x4  os_core.o [1]
  .bss               zero     0x200043b4     0x4  record.o [1]
  .bss               zero     0x200043b8     0x4  record.o [1]
  .bss               zero     0x200043bc     0x4  record.o [1]
  .bss               zero     0x200043c0     0x4  record.o [1]
  .bss               zero     0x200043c4     0x4  record.o [1]
  .bss               zero     0x200043c8     0x4  spi_flash.o [1]
  .bss               zero     0x200043cc     0x4  spi_flash.o [1]
  .bss               zero     0x200043d0     0x4  usb_bot.o [1]
  .bss               zero     0x200043d4     0x4  usb_bot.o [1]
  .bss               zero     0x200043d8     0x4  usb_core.o [1]
  .bss               zero     0x200043dc     0x4  usb_endp.o [1]
  .bss               zero     0x200043e0     0x4  usb_init.o [1]
  .bss               zero     0x200043e4     0x4  usb_init.o [1]
  .bss               zero     0x200043e8     0x4  usb_init.o [1]
  .bss               zero     0x200043ec     0x4  usb_prop.o [1]
  .bss               zero     0x200043f0     0x4  usb_prop.o [1]
  .bss               zero     0x200043f4     0x4  usb_prop.o [1]
  .bss               zero     0x200043f8     0x4  usb_pwr.o [1]
  .bss               zero     0x200043fc     0x4  xgetmemchunk.o [3]
  .bss               zero     0x20004400     0x4  MtxWrapper.o [3]
  .bss               zero     0x20004404     0x4  MtxWrapper.o [3]
  .bss               zero     0x20004408     0x4  MtxWrapper.o [3]
  .bss               zero     0x2000440c     0x4  MtxWrapper.o [3]
  .bss               zero     0x20004410     0x4  iarwstd.o [5]
  .bss               zero     0x20004414     0x2  ff.o [1]
  .bss               zero     0x20004416     0x2  hw_platform.o [1]
  .bss               zero     0x20004418     0x2  usb_bot.o [1]
  .bss               zero     0x2000441a     0x2  usb_init.o [1]
  .bss               zero     0x2000441c     0x2  usb_int.o [1]
  .bss               zero     0x2000441e     0x2  usb_int.o [1]
  .bss               zero     0x20004420     0x2  usb_istr.o [1]
  .bss               zero     0x20004422     0x1  PCUsart.o [1]
  .bss               zero     0x20004423     0x1  hw_config.o [1]
  .bss               zero     0x20004424     0x1  hw_platform.o [1]
  .bss               zero     0x20004425     0x1  hw_platform.o [1]
  .bss               zero     0x20004426     0x1  keypad.o [1]
  .bss               zero     0x20004427     0x1  keypad.o [1]
  .bss               zero     0x20004428     0x1  main.o [1]
  .bss               zero     0x20004429     0x1  memory.o [1]
  .bss               zero     0x2000442a     0x1  os_core.o [1]
  .bss               zero     0x2000442b     0x1  os_core.o [1]
  .bss               zero     0x2000442c     0x1  os_core.o [1]
  .bss               zero     0x2000442d     0x1  os_core.o [1]
  .bss               zero     0x2000442e     0x1  os_core.o [1]
  .bss               zero     0x2000442f     0x1  os_core.o [1]
  .bss               zero     0x20004430     0x1  os_core.o [1]
  .bss               zero     0x20004431     0x1  os_core.o [1]
  .bss               zero     0x20004432     0x1  spi_flash.o [1]
  .bss               zero     0x20004433     0x1  stm32f10x_it.o [1]
  .bss               zero     0x20004434     0x1  usb_bot.o [1]
  .bss               zero     0x20004435     0x1  usb_core.o [1]
  .bss               zero     0x20004436     0x1  usb_init.o [1]
  .bss               zero     0x20004437     0x1  usb_istr.o [1]
                            - 0x20004438  0x3748

"P3", part 3 of 3:                         0x300
  P3 s0                       0x20004438   0x300  <Init block>
    .data            inited   0x20004438    0x84  setlocale.o [3]
    .data            inited   0x200044bc    0x4c  localeconv.o [3]
    .data            inited   0x20004508    0x40  xfiles.o [3]
    .data            inited   0x20004548    0x40  xfiles.o [3]
    .data            inited   0x20004588    0x40  xfiles.o [3]
    .data            inited   0x200045c8    0x30  usb_prop.o [1]
    .data            inited   0x200045f8    0x24  scsi_data.o [1]
    .data            inited   0x2000461c    0x24  scsi_data.o [1]
    .data            inited   0x20004640    0x20  usb_prop.o [1]
    .data            inited   0x20004660    0x20  xfiles.o [3]
    .data            inited   0x20004680    0x1c  usb_desc.o [1]
    .data            inited   0x2000469c    0x1c  usb_istr.o [1]
    .data            inited   0x200046b8    0x1c  usb_istr.o [1]
    .data            inited   0x200046d4    0x14  scsi_data.o [1]
    .data            inited   0x200046e8    0x10  usb_prop.o [1]
    .data            inited   0x200046f8    0x10  usb_prop.o [1]
    .data            inited   0x20004708     0xc  scsi_data.o [1]
    .data            inited   0x20004714     0x8  scsi_data.o [1]
    .data            inited   0x2000471c     0x8  usb_prop.o [1]
    .data            inited   0x20004724     0x8  usb_prop.o [1]
    .data            inited   0x2000472c     0x4  scsi_data.o [1]
    .data            inited   0x20004730     0x4  usb_prop.o [1]
    .data            inited   0x20004734     0x4  cppinit.o [3]
                            - 0x20004738   0x300


*******************************************************************************
*** INIT TABLE
***

          Address     Size
          -------     ----
Zero (__iar_zero_init2)
    1 destination range, total size 0x3748:
          0x20000cf0  0x3748

Copy/packbits (__iar_packbits_init2)
    1 source range, total size 0x1f5 (65% of destination):
           0x800bc71   0x1f5
    1 destination range, total size 0x300:
          0x20004438   0x300


*******************************************************************************
*** MODULE SUMMARY
***

    Module                    ro code  ro data  rw data
    ------                    -------  -------  -------
E:\H520B\FW\src\Project\EWARMv5\Debug\Obj: [1]
    HJ5000_scanner.o              546                20
    JMemory.o                      92               400
    PCUsart.o                                         1
    Terminal_Para.o                                 548
    TimeBase.o                    252                 4
    WBTDS01.o                   1 436      140      112
    app.o                       2 052      484    2 960
    basic_fun.o                   156      384
    cortexm3_macro.o              122
    crc32.o                        40    1 024
    data_uart.o                   160
    diskio.o                      182
    ff.o                        5 782       12       10
    hardfault_isr_handle_a.o       18
    hash.o                         24
    hw_config.o                   216                 1
    hw_platform.o                 864                16
    keypad.o                      844                10
    main.o                        300       20        1
    mass_mal.o                    272                28
    memory.o                      572             2 081
    os_core.o                   2 036      256    2 208
    os_cpu_a.o                    160
    os_cpu_c.o                    268                20
    os_dbg.o                      360       92
    os_flag.o                      80
    os_mem.o                       76
    os_q.o                        640
    os_sem.o                       88
    os_task.o                     250
    os_time.o                     284
    record.o                    3 956       72    1 228
    scsi_data.o                             75      132
    spi_flash.o                 1 736       64    4 105
    stm32f10x_adc.o               426
    stm32f10x_exti.o              236
    stm32f10x_flash.o              68
    stm32f10x_gpio.o              328
    stm32f10x_it.o                672      180        1
    stm32f10x_nvic.o              208
    stm32f10x_rcc.o               744       20
    stm32f10x_spi.o               122
    stm32f10x_tim.o               356
    stm32f10x_usart.o             428
    stm32f10x_vector.o                     320
    usb_bot.o                   1 084               123
    usb_core.o                  3 038                 5
    usb_desc.o                             267       28
    usb_endp.o                     52                 4
    usb_init.o                                       15
    usb_int.o                     580                 4
    usb_istr.o                    156       36       59
    usb_mem.o                      84
    usb_prop.o                  1 016       88      144
    usb_pwr.o                      60                 4
    usb_regs.o                    652
    usb_scsi.o                  1 088
    usb_sil.o                      90
    ---------------------------------------------------
    Total:                     35 352    3 534   14 272

command line: [2]
    ---------------------------------------------------
    Total:

dl7M_tl_if.a: [3]
    MtxWrapper.o                   48                16
    abort.o                         8
    cppinit.o                     112        3       16
    div.o                          14
    exit.o                          6
    fflush.o                      176
    localeconv.o                   20       68       76
    low_level_init.o                4
    printf.o                       32
    putchar.o                      12
    setlocale.o                    20       87      132
    strcat.o                       30
    xassert.o                      68
    xdnorm.o                      180
    xdscale.o                     272
    xencoding_sb.o                 92       16
    xfiles.o                               145      384
    xgetmemchunk.o                 40                 4
    xlocale_c.o                             91
    xmbcurmax.o                    10
    xmbtowc.o                      32
    xprintffull.o               4 174       24
    xprout.o                       22
    xreportassert.o               132       48
    xsyslock.o                    140                20
    xwctomb.o                      26
    xxmemxfree.o                  136
    xxmemxmalloc.o                188                 8
    ---------------------------------------------------
    Total:                      5 994      482      656

rt7M_tl.a: [4]
    ABImemcpy.o                   112
    ABImemset.o                   102
    DblAdd.o                      230
    DblCmpGe.o                     46
    DblCmpLe.o                     46
    DblDiv.o                      700
    DblMul.o                      418
    DblSub.o                      382
    DblToI32.o                     86
    I32ToDbl.o                     46
    I64DivMod.o                   304
    I64DivZer.o                     2
    cexit.o                        14
    cmain.o                        24
    data_init2.o                   28
    memchr.o                       88
    memcmp.o                       98
    packbits_init2.o              142
    strchr.o                       22
    strcmp.o                       66
    strcpy.o                       68
    strlen.o                       54
    zero_init2.o                   26
    ---------------------------------------------------
    Total:                      3 104

shb_l.a: [5]
    dwrite.o                       30
    exit.o                         20
    iarwrite.o                     32
    iarwstd.o                      84                 4
    write.o                        16
    ---------------------------------------------------
    Total:                        182                 4

    Gaps                           36       14
    Linker created                          44    3 284
-------------------------------------------------------
    Grand Total:               44 668    4 074   18 216


*******************************************************************************
*** ENTRY LIST
***

Entry                      Address    Size  Type      Object
-----                      -------    ----  ----      ------
.iar.dynexit$$Base      0x20000b10           --   Gb  - Linker created -
.iar.dynexit$$Limit     0x20000cf0           --   Gb  - Linker created -
ADC1_2_IRQHandler       0x08007e1b     0x2  Code  Gb  stm32f10x_it.o [1]
ADC3_IRQHandler         0x08007f23     0x2  Code  Gb  stm32f10x_it.o [1]
ADCPrescTable           0x0800bc04     0x4  Data  Lc  stm32f10x_rcc.o [1]
ADC_Cmd                 0x08008cc5    0x1a  Code  Gb  stm32f10x_adc.o [1]
ADC_GetCalibrationStatus
                        0x08008d0b    0x18  Code  Gb  stm32f10x_adc.o [1]
ADC_GetConversionValue  0x08008e17     0x6  Code  Gb  stm32f10x_adc.o [1]
ADC_GetResetCalibrationStatus
                        0x08008ce9    0x18  Code  Gb  stm32f10x_adc.o [1]
ADC_Init                0x08008c75    0x50  Code  Gb  stm32f10x_adc.o [1]
ADC_Module_Init         0x0800704d    0x98  Code  Lc  hw_platform.o [1]
ADC_RegularChannelConfig
                        0x08008d3d    0xda  Code  Gb  stm32f10x_adc.o [1]
ADC_ResetCalibration    0x08008cdf     0xa  Code  Gb  stm32f10x_adc.o [1]
ADC_SoftwareStartConvCmd
                        0x08008d23    0x1a  Code  Gb  stm32f10x_adc.o [1]
ADC_StartCalibration    0x08008d01     0xa  Code  Gb  stm32f10x_adc.o [1]
APBAHBPrescTable        0x0800b9fc    0x10  Data  Lc  stm32f10x_rcc.o [1]
BT_Daemon_thread        0x08004985    0xbc  Code  Gb  app.o [1]
Block_Read_count        0x20004368     0x4  Data  Gb  memory.o [1]
Block_offset            0x2000436c     0x4  Data  Gb  memory.o [1]
Bot_Abort               0x08006819    0x3c  Code  Gb  usb_bot.o [1]
Bot_State               0x20004434     0x1  Data  Gb  usb_bot.o [1]
Bulk_Data_Buff          0x200041d4    0x40  Data  Gb  usb_bot.o [1]
BusFaultException       0x08007d8f     0x2  Code  Gb  stm32f10x_it.o [1]
ByteSwap                0x080081b9    0x10  Code  Gb  usb_regs.o [1]
CAN_RX1_IRQHandler      0x08007e27     0x2  Code  Gb  stm32f10x_it.o [1]
CAN_SCE_IRQHandler      0x08007e29     0x2  Code  Gb  stm32f10x_it.o [1]
CBW                     0x2000427c    0x20  Data  Gb  usb_bot.o [1]
CBW_Decode              0x080064f9   0x298  Code  Gb  usb_bot.o [1]
CSTACK$$Base            0x20000010           --   Gb  - Linker created -
CSTACK$$Limit           0x20000810           --   Gb  - Linker created -
CSW                     0x200042c4    0x10  Data  Gb  usb_bot.o [1]
CTR_LP                  0x08008449   0x22c  Code  Gb  usb_int.o [1]
ClearDTOG_RX            0x08008059    0x32  Code  Gb  usb_regs.o [1]
ClearDTOG_TX            0x0800808b    0x32  Code  Gb  usb_regs.o [1]
Clear_Status_Out        0x08008035    0x24  Code  Gb  usb_regs.o [1]
Config_Descriptor       0x200046f8    0x10  Data  Gb  usb_prop.o [1]
Counter                 0x20004370     0x4  Data  Gb  memory.o [1]
DMA1_Channel1_IRQHandler
                        0x08007e0d     0x2  Code  Gb  stm32f10x_it.o [1]
DMA1_Channel2_IRQHandler
                        0x08007e0f     0x2  Code  Gb  stm32f10x_it.o [1]
DMA1_Channel3_IRQHandler
                        0x08007e11     0x2  Code  Gb  stm32f10x_it.o [1]
DMA1_Channel4_IRQHandler
                        0x08007e13     0x2  Code  Gb  stm32f10x_it.o [1]
DMA1_Channel5_IRQHandler
                        0x08007e15     0x2  Code  Gb  stm32f10x_it.o [1]
DMA1_Channel6_IRQHandler
                        0x08007e17     0x2  Code  Gb  stm32f10x_it.o [1]
DMA1_Channel7_IRQHandler
                        0x08007e19     0x2  Code  Gb  stm32f10x_it.o [1]
DMA2_Channel1_IRQHandler
                        0x08007f35     0x2  Code  Gb  stm32f10x_it.o [1]
DMA2_Channel2_IRQHandler
                        0x08007f37     0x2  Code  Gb  stm32f10x_it.o [1]
DMA2_Channel3_IRQHandler
                        0x08007f39     0x2  Code  Gb  stm32f10x_it.o [1]
DMA2_Channel4_5_IRQHandler
                        0x08007f3b     0x2  Code  Gb  stm32f10x_it.o [1]
DataStageIn             0x08003cd7    0xb6  Code  Lc  usb_core.o [1]
DataStageOut            0x08003c1f    0xb8  Code  Lc  usb_core.o [1]
Data_Buffer             0x20001cf0   0x800  Data  Gb  memory.o [1]
Data_Len                0x20004418     0x2  Data  Gb  usb_bot.o [1]
Data_Mul_MaxPacketSize  0x20004435     0x1  Data  Gb  usb_core.o [1]
Data_Setup0             0x08003ee9   0x294  Code  Lc  usb_core.o [1]
DebugMonitor            0x08007d93     0x2  Code  Gb  stm32f10x_it.o [1]
Delay                   0x08009e7d     0xa  Code  Gb  TimeBase.o [1]
Device_Descriptor       0x200046e8    0x10  Data  Gb  usb_prop.o [1]
Device_Property         0x200045c8    0x30  Data  Gb  usb_prop.o [1]
Device_Table            0x20004730     0x4  Data  Gb  usb_prop.o [1]
DtorRecArray            0x20000b10     0xc  Data  Lc  cppinit.o [3]
EP1_IN_Callback         0x0800b3cd    0x1c  Code  Gb  usb_endp.o [1]
EP2_OUT_Callback        0x0800b3bb    0x10  Code  Gb  usb_endp.o [1]
EP3_OUT_Callback        0x0800b3b9     0x2  Code  Gb  usb_endp.o [1]
EPindex                 0x20004436     0x1  Data  Gb  usb_init.o [1]
EXTI0_IRQHandler        0x08007da3    0x22  Code  Gb  stm32f10x_it.o [1]
EXTI15_10_IRQHandler    0x08007f15     0x2  Code  Gb  stm32f10x_it.o [1]
EXTI1_IRQHandler        0x08007dc5     0x2  Code  Gb  stm32f10x_it.o [1]
EXTI2_IRQHandler        0x08007dc7     0x2  Code  Gb  stm32f10x_it.o [1]
EXTI3_IRQHandler        0x08007dc9    0x22  Code  Gb  stm32f10x_it.o [1]
EXTI4_IRQHandler        0x08007deb    0x22  Code  Gb  stm32f10x_it.o [1]
EXTI9_5_IRQHandler      0x08007e2d    0x2c  Code  Gb  stm32f10x_it.o [1]
EXTI_ClearITPendingBit  0x0800a155     0x6  Code  Gb  stm32f10x_exti.o [1]
EXTI_GenerateSWInterrupt
                        0x0800a115    0x10  Code  Gb  stm32f10x_exti.o [1]
EXTI_GetITStatus        0x0800a125    0x28  Code  Gb  stm32f10x_exti.o [1]
EXTI_Init               0x0800a075    0x94  Code  Gb  stm32f10x_exti.o [1]
Event_capture_thread    0x08004919    0x68  Code  Gb  app.o [1]
FLASH_IRQHandler        0x08007d9f     0x2  Code  Gb  stm32f10x_it.o [1]
FLASH_PrefetchBufferCmd
                        0x0800b1d5    0x20  Code  Gb  stm32f10x_flash.o [1]
FLASH_SetLatency        0x0800b1b5    0x20  Code  Gb  stm32f10x_flash.o [1]
FSMC_IRQHandler         0x08007f25     0x2  Code  Gb  stm32f10x_it.o [1]
FatFs                   0x200042ec     0x8  Data  Lc  ff.o [1]
Fsid                    0x20004414     0x2  Data  Lc  ff.o [1]
GPIO_AllAinConfig       0x080098f5    0x3c  Code  Lc  main.o [1]
GPIO_EXTILineConfig     0x08009685    0x54  Code  Gb  stm32f10x_gpio.o [1]
GPIO_Init               0x08009591    0xcc  Code  Gb  stm32f10x_gpio.o [1]
GPIO_ReadInputDataBit   0x0800965d    0x1a  Code  Gb  stm32f10x_gpio.o [1]
GPIO_ResetBits          0x0800967d     0x6  Code  Gb  stm32f10x_gpio.o [1]
GPIO_SetBits            0x08009677     0x6  Code  Gb  stm32f10x_gpio.o [1]
GetEPRxAddr             0x08008111    0x18  Code  Gb  usb_regs.o [1]
GetEPRxCount            0x08008187    0x18  Code  Gb  usb_regs.o [1]
GetEPTxAddr             0x080080f9    0x18  Code  Gb  usb_regs.o [1]
Get_Max_Lun             0x0800702d    0x1c  Code  Gb  usb_prop.o [1]
Get_SerialNum           0x0800a2b9    0x68  Code  Gb  hw_config.o [1]
HARDFAULT_ISR_HANDLE_d  0x0800b9a9          Code  Gb  hardfault_isr_handle_a.o [1]
HEAP$$Base              0x20000810           --   Gb  - Linker created -
HEAP$$Limit             0x20000b10           --   Gb  - Linker created -
HJ5000_RxISRHandler     0x080089ad    0x52  Code  Gb  HJ5000_scanner.o [1]
HJ5000_start_stop_decode
                        0x080089ff    0x28  Code  Gb  HJ5000_scanner.o [1]
HSEStartUpStatus        0x20004428     0x1  Data  Gb  main.o [1]
HardFaultException      0x08007d85     0x8  Code  Gb  stm32f10x_it.o [1]
HashString              0x0800b8b1    0x18  Code  Gb  hash.o [1]
I2C1_ER_IRQHandler      0x08007e8d     0x2  Code  Gb  stm32f10x_it.o [1]
I2C1_EV_IRQHandler      0x08007e8b     0x2  Code  Gb  stm32f10x_it.o [1]
I2C2_ER_IRQHandler      0x08007e91     0x2  Code  Gb  stm32f10x_it.o [1]
I2C2_EV_IRQHandler      0x08007e8f     0x2  Code  Gb  stm32f10x_it.o [1]
Idx                     0x20004374     0x4  Data  Gb  memory.o [1]
In0_Process             0x08004221    0x68  Code  Gb  usb_core.o [1]
Jfree                   0x0800ae3d    0x26  Code  Gb  JMemory.o [1]
Jmalloc                 0x0800ae0d    0x30  Code  Gb  JMemory.o [1]
Keyboard_ConfigDescriptor
                        0x0800b59c    0x24  Data  Gb  usb_desc.o [1]
Keyboard_DeviceDescriptor
                        0x0800b930    0x14  Data  Gb  usb_desc.o [1]
Keyboard_GetHIDDescriptor
                        0x08006fbd    0x10  Code  Gb  usb_prop.o [1]
Keyboard_GetProtocolValue
                        0x08006ff5    0x16  Code  Gb  usb_prop.o [1]
Keyboard_GetReportDescriptor
                        0x08006fad    0x10  Code  Gb  usb_prop.o [1]
Keyboard_Hid_Descriptor
                        0x20004724     0x8  Data  Gb  usb_prop.o [1]
Keyboard_ReportDescriptor
                        0x0800b304    0x40  Data  Gb  usb_desc.o [1]
Keyboard_Report_Descriptor
                        0x2000471c     0x8  Data  Gb  usb_prop.o [1]
Keyboard_SetProtocol    0x08006fe5    0x10  Code  Gb  usb_prop.o [1]
Keyboard_SetReport      0x08007011    0x1c  Code  Gb  usb_prop.o [1]
Keypad_EXTI_ISRHandler  0x08007471    0x3c  Code  Gb  keypad.o [1]
Keypad_Int_Disable      0x08007401    0x4c  Code  Gb  keypad.o [1]
Keypad_Int_Enable       0x080073ad    0x54  Code  Gb  keypad.o [1]
Keypad_ReadIO           0x080074ad    0x70  Code  Lc  keypad.o [1]
Keypad_Timer_Disable    0x08007461     0xc  Code  Gb  keypad.o [1]
Keypad_Timer_Enable     0x0800744d    0x14  Code  Gb  keypad.o [1]
Keypad_Timer_ISRHandler
                        0x08007525   0x1c8  Code  Gb  keypad.o [1]
MAL_GetStatus           0x08009b05    0x58  Code  Gb  mass_mal.o [1]
MAL_Read                0x08009aa3    0x5c  Code  Gb  mass_mal.o [1]
MAL_Write               0x08009a51    0x52  Code  Gb  mass_mal.o [1]
MASS_ConfigDescriptor   0x0800b68c    0x20  Data  Gb  usb_desc.o [1]
MASS_DeviceDescriptor   0x0800b944    0x14  Data  Gb  usb_desc.o [1]
Mass_Block_Count        0x20004304     0x8  Data  Gb  mass_mal.o [1]
Mass_Block_Size         0x200042fc     0x8  Data  Gb  mass_mal.o [1]
Mass_Memory_Size        0x200042f4     0x8  Data  Gb  mass_mal.o [1]
Mass_Storage_In         0x08006419    0x62  Code  Gb  usb_bot.o [1]
Mass_Storage_Out        0x0800647b    0x7e  Code  Gb  usb_bot.o [1]
Max_Lun                 0x200043f0     0x4  Data  Gb  usb_prop.o [1]
MemManageException      0x08007d8d     0x2  Code  Gb  stm32f10x_it.o [1]
Mode_Sense10_data       0x20004714     0x8  Data  Gb  scsi_data.o [1]
Mode_Sense6_data        0x2000472c     0x4  Data  Gb  scsi_data.o [1]
NMIException            0x08007c9d     0x2  Code  Gb  stm32f10x_it.o [1]
NOP_Process             0x08004379     0x2  Code  Gb  usb_core.o [1]
NVIC_Init               0x0800a331    0xa0  Code  Gb  stm32f10x_nvic.o [1]
NVIC_PriorityGroupConfig
                        0x0800a321     0xa  Code  Gb  stm32f10x_nvic.o [1]
NVIC_SetVectorTable     0x0800a3d9    0x10  Code  Gb  stm32f10x_nvic.o [1]
NoData_Setup0           0x08003d8d   0x152  Code  Lc  usb_core.o [1]
OSCtxSw                 0x0800a793          Code  Gb  os_cpu_a.o [1]
OSCtxSwCtr              0x20004388     0x4  Data  Gb  os_core.o [1]
OSDataSize              0x0800bc68     0x2  Data  Gb  os_dbg.o [1]
OSDebugEn               0x0800bc12     0x2  Data  Gb  os_dbg.o [1]
OSDebugInit             0x080092c5   0x168  Code  Gb  os_dbg.o [1]
OSEndiannessTest        0x0800bc00     0x4  Data  Gb  os_dbg.o [1]
OSEventEn               0x0800bc18     0x2  Data  Gb  os_dbg.o [1]
OSEventFreeList         0x2000438c     0x4  Data  Gb  os_core.o [1]
OSEventMax              0x0800bc14     0x2  Data  Gb  os_dbg.o [1]
OSEventNameSize         0x0800bc16     0x2  Data  Gb  os_dbg.o [1]
OSEventSize             0x0800bc1a     0x2  Data  Gb  os_dbg.o [1]
OSEventTbl              0x20003ebc    0x8c  Data  Gb  os_core.o [1]
OSEventTblSize          0x0800bc1c     0x2  Data  Gb  os_dbg.o [1]
OSFlagEn                0x0800bc1e     0x2  Data  Gb  os_dbg.o [1]
OSFlagFreeList          0x20004390     0x4  Data  Gb  os_core.o [1]
OSFlagGrpSize           0x0800bc20     0x2  Data  Gb  os_dbg.o [1]
OSFlagMax               0x0800bc26     0x2  Data  Gb  os_dbg.o [1]
OSFlagNameSize          0x0800bc28     0x2  Data  Gb  os_dbg.o [1]
OSFlagNodeSize          0x0800bc22     0x2  Data  Gb  os_dbg.o [1]
OSFlagTbl               0x200040a4    0x50  Data  Gb  os_core.o [1]
OSFlagWidth             0x0800bc24     0x2  Data  Gb  os_dbg.o [1]
OSIdleCtr               0x20004394     0x4  Data  Gb  os_core.o [1]
OSInit                  0x08004b81    0x30  Code  Gb  os_core.o [1]
OSInitHookBegin         0x08009c71     0x2  Code  Gb  os_cpu_c.o [1]
OSInitHookEnd           0x08009c73     0x2  Code  Gb  os_cpu_c.o [1]
OSIntCtxSw              0x0800a79b          Code  Gb  os_cpu_a.o [1]
OSIntEnter              0x08004bb1    0x24  Code  Gb  os_core.o [1]
OSIntExit               0x08004bd5    0x94  Code  Gb  os_core.o [1]
OSIntNesting            0x2000442a     0x1  Data  Gb  os_core.o [1]
OSLockNesting           0x2000442b     0x1  Data  Gb  os_core.o [1]
OSLowestPrio            0x0800bc2a     0x2  Data  Gb  os_dbg.o [1]
OSMboxEn                0x0800bc2c     0x2  Data  Gb  os_dbg.o [1]
OSMemEn                 0x0800bc2e     0x2  Data  Gb  os_dbg.o [1]
OSMemFreeList           0x200043a8     0x4  Data  Gb  os_core.o [1]
OSMemMax                0x0800bc30     0x2  Data  Gb  os_dbg.o [1]
OSMemNameSize           0x0800bc32     0x2  Data  Gb  os_dbg.o [1]
OSMemSize               0x0800bc34     0x2  Data  Gb  os_dbg.o [1]
OSMemTbl                0x20003f48    0x8c  Data  Gb  os_core.o [1]
OSMemTblSize            0x0800bc36     0x2  Data  Gb  os_dbg.o [1]
OSMutexEn               0x0800bc38     0x2  Data  Gb  os_dbg.o [1]
OSPrioCur               0x2000442c     0x1  Data  Gb  os_core.o [1]
OSPrioHighRdy           0x2000442d     0x1  Data  Gb  os_core.o [1]
OSPtrSize               0x0800bc3a     0x2  Data  Gb  os_dbg.o [1]
OSQCreate               0x080081c9    0x98  Code  Gb  os_q.o [1]
OSQEn                   0x0800bc3c     0x2  Data  Gb  os_dbg.o [1]
OSQFreeList             0x200043ac     0x4  Data  Gb  os_core.o [1]
OSQMax                  0x0800bc3e     0x2  Data  Gb  os_dbg.o [1]
OSQPend                 0x08008265   0x130  Code  Gb  os_q.o [1]
OSQPost                 0x08008399    0x78  Code  Gb  os_q.o [1]
OSQSize                 0x0800bc40     0x2  Data  Gb  os_dbg.o [1]
OSQTbl                  0x20004044    0x60  Data  Gb  os_core.o [1]
OSRdyGrp                0x2000442e     0x1  Data  Gb  os_core.o [1]
OSRdyTbl                0x2000430c     0x8  Data  Gb  os_core.o [1]
OSRdyTblSize            0x0800bc42     0x2  Data  Gb  os_dbg.o [1]
OSRunning               0x2000442f     0x1  Data  Gb  os_core.o [1]
OSSchedLock             0x08004c69    0x3a  Code  Gb  os_core.o [1]
OSSchedUnlock           0x08004ca3    0x5a  Code  Gb  os_core.o [1]
OSSemCreate             0x0800af21    0x50  Code  Gb  os_sem.o [1]
OSSemEn                 0x0800bc44     0x2  Data  Gb  os_dbg.o [1]
OSStart                 0x08004cfd    0x42  Code  Gb  os_core.o [1]
OSStartHighRdy          0x0800a777          Code  Gb  os_cpu_a.o [1]
OSStkWidth              0x0800bc46     0x2  Data  Gb  os_dbg.o [1]
OSTCBCur                0x20004398     0x4  Data  Gb  os_core.o [1]
OSTCBFreeList           0x2000439c     0x4  Data  Gb  os_core.o [1]
OSTCBHighRdy            0x200043a0     0x4  Data  Gb  os_core.o [1]
OSTCBInitHook           0x08009d0b     0x2  Code  Gb  os_cpu_c.o [1]
OSTCBList               0x200043a4     0x4  Data  Gb  os_core.o [1]
OSTCBPrioTbl            0x20003dbc   0x100  Data  Gb  os_core.o [1]
OSTCBPrioTblMax         0x0800bc5e     0x2  Data  Gb  os_dbg.o [1]
OSTCBSize               0x0800bc60     0x2  Data  Gb  os_dbg.o [1]
OSTCBTbl                0x200028f0   0x39c  Data  Gb  os_core.o [1]
OSTaskCreateEn          0x0800bc48     0x2  Data  Gb  os_dbg.o [1]
OSTaskCreateExt         0x08009f79    0xd0  Code  Gb  os_task.o [1]
OSTaskCreateExtEn       0x0800bc4a     0x2  Data  Gb  os_dbg.o [1]
OSTaskCreateHook        0x08009c75     0x2  Code  Gb  os_cpu_c.o [1]
OSTaskCtr               0x20004430     0x1  Data  Gb  os_core.o [1]
OSTaskDelEn             0x0800bc4c     0x2  Data  Gb  os_dbg.o [1]
OSTaskIdleHook          0x08009c79    0x14  Code  Gb  os_cpu_c.o [1]
OSTaskIdleStk           0x20003a2c   0x200  Data  Gb  os_core.o [1]
OSTaskIdleStkSize       0x0800bc4e     0x2  Data  Gb  os_dbg.o [1]
OSTaskMax               0x0800bc52     0x2  Data  Gb  os_dbg.o [1]
OSTaskNameSize          0x0800bc54     0x2  Data  Gb  os_dbg.o [1]
OSTaskProfileEn         0x0800bc50     0x2  Data  Gb  os_dbg.o [1]
OSTaskStatEn            0x0800bc56     0x2  Data  Gb  os_dbg.o [1]
OSTaskStatStkChkEn      0x0800bc5a     0x2  Data  Gb  os_dbg.o [1]
OSTaskStatStkSize       0x0800bc58     0x2  Data  Gb  os_dbg.o [1]
OSTaskStkInit           0x08009c8d    0x7c  Code  Gb  os_cpu_c.o [1]
OSTaskSwHook            0x08009d09     0x2  Code  Gb  os_cpu_c.o [1]
OSTaskSwHookEn          0x0800bc5c     0x2  Data  Gb  os_dbg.o [1]
OSTickStepState         0x20004431     0x1  Data  Gb  os_core.o [1]
OSTicksPerSec           0x0800bc62     0x2  Data  Gb  os_dbg.o [1]
OSTime                  0x200043b0     0x4  Data  Gb  os_core.o [1]
OSTimeDly               0x08009935    0x6c  Code  Gb  os_time.o [1]
OSTimeDlyHMSM           0x080099a1    0xa2  Code  Gb  os_time.o [1]
OSTimeTick              0x08004d41    0xf0  Code  Gb  os_core.o [1]
OSTimeTickHook          0x08009d0d     0x2  Code  Gb  os_cpu_c.o [1]
OSTimeTickHookEn        0x0800bc64     0x2  Data  Gb  os_dbg.o [1]
OSUnMapTbl              0x08009d7c   0x100  Data  Gb  os_core.o [1]
OSVersionNbr            0x0800bc66     0x2  Data  Gb  os_dbg.o [1]
OS_CPU_PendSVHandler    0x0800a7a3          Code  Gb  os_cpu_a.o [1]
OS_CPU_SR_Restore       0x0800a771          Code  Gb  os_cpu_a.o [1]
OS_CPU_SR_Save          0x0800a769          Code  Gb  os_cpu_a.o [1]
OS_CPU_SysTickHandler   0x08009d11    0x24  Code  Gb  os_cpu_c.o [1]
OS_CPU_SysTickInit      0x08009d35    0x48  Code  Gb  os_cpu_c.o [1]
OS_EventTaskRdy         0x08004e31    0x90  Code  Gb  os_core.o [1]
OS_EventTaskRemove      0x08004f3f    0x34  Code  Gb  os_core.o [1]
OS_EventTaskRemoveMulti
                        0x08004f73    0x40  Code  Gb  os_core.o [1]
OS_EventTaskWait        0x08004ec1    0x7e  Code  Gb  os_core.o [1]
OS_EventWaitListInit    0x08004fb3    0x1a  Code  Gb  os_core.o [1]
OS_FlagInit             0x0800b0d1    0x4c  Code  Gb  os_flag.o [1]
OS_InitEventList        0x08004fcd    0x50  Code  Lc  os_core.o [1]
OS_InitMisc             0x0800501d    0x2e  Code  Lc  os_core.o [1]
OS_InitRdyList          0x08005055    0x36  Code  Lc  os_core.o [1]
OS_InitTCBList          0x080050c1    0x60  Code  Lc  os_core.o [1]
OS_InitTaskIdle         0x08005091    0x30  Code  Lc  os_core.o [1]
OS_MemClr               0x08005129    0x12  Code  Gb  os_core.o [1]
OS_MemInit              0x0800b121    0x48  Code  Gb  os_mem.o [1]
OS_QInit                0x08008411    0x34  Code  Gb  os_q.o [1]
OS_Sched                0x0800513b    0x5c  Code  Gb  os_core.o [1]
OS_SchedNew             0x080051ad    0x20  Code  Lc  os_core.o [1]
OS_TCBInit              0x08005201   0x16c  Code  Gb  os_core.o [1]
OS_TaskIdle             0x080051d9    0x1c  Code  Gb  os_core.o [1]
OS_TaskStkClr           0x0800a055    0x1e  Code  Gb  os_task.o [1]
Out0_Process            0x08004291    0x4c  Code  Gb  usb_core.o [1]
PMAToUserBufferCopy     0x0800b057    0x22  Code  Gb  usb_mem.o [1]
PVD_IRQHandler          0x08007d99     0x2  Code  Gb  stm32f10x_it.o [1]
Page00_Inquiry_Data     0x20004314     0x8  Data  Gb  scsi_data.o [1]
Post0_Process           0x080042dd    0x4c  Code  Gb  usb_core.o [1]
ProtocolValue           0x200043ec     0x4  Data  Gb  usb_prop.o [1]
RCC_APB1PeriphClockCmd  0x08007969    0x24  Code  Gb  stm32f10x_rcc.o [1]
RCC_APB2PeriphClockCmd  0x08007945    0x24  Code  Gb  stm32f10x_rcc.o [1]
RCC_Configuration       0x0800984d    0x8c  Code  Gb  main.o [1]
RCC_DeInit              0x080076f9    0x5c  Code  Gb  stm32f10x_rcc.o [1]
RCC_GetClocksFreq       0x08007861    0xe0  Code  Gb  stm32f10x_rcc.o [1]
RCC_GetFlagStatus       0x0800798d    0x44  Code  Gb  stm32f10x_rcc.o [1]
RCC_GetSYSCLKSource     0x08007819     0xa  Code  Gb  stm32f10x_rcc.o [1]
RCC_HCLKConfig          0x08007823    0x14  Code  Gb  stm32f10x_rcc.o [1]
RCC_HSEConfig           0x08007755    0x54  Code  Gb  stm32f10x_rcc.o [1]
RCC_IRQHandler          0x08007da1     0x2  Code  Gb  stm32f10x_it.o [1]
RCC_PCLK1Config         0x08007837    0x14  Code  Gb  stm32f10x_rcc.o [1]
RCC_PCLK2Config         0x0800784b    0x16  Code  Gb  stm32f10x_rcc.o [1]
RCC_PLLCmd              0x080077f9     0xc  Code  Gb  stm32f10x_rcc.o [1]
RCC_PLLConfig           0x080077e1    0x16  Code  Gb  stm32f10x_rcc.o [1]
RCC_SYSCLKConfig        0x08007805    0x14  Code  Gb  stm32f10x_rcc.o [1]
RCC_WaitForHSEStartUp   0x080077a9    0x38  Code  Gb  stm32f10x_rcc.o [1]
RTCAlarm_IRQHandler     0x08007f17     0x2  Code  Gb  stm32f10x_it.o [1]
RTC_IRQHandler          0x08007d9d     0x2  Code  Gb  stm32f10x_it.o [1]
ReadCapacity10_Data     0x2000431c     0x8  Data  Gb  scsi_data.o [1]
ReadFormatCapacity_Data
                        0x20004708     0xc  Data  Gb  scsi_data.o [1]
Read_Memory             0x0800868d   0x108  Code  Gb  memory.o [1]
Region$$Table$$Base     0x0800b5c0           --   Gb  - Linker created -
Region$$Table$$Limit    0x0800b5ec           --   Gb  - Linker created -
SCSI_Address_Management
                        0x0800638f    0x7e  Code  Gb  usb_scsi.o [1]
SCSI_BlkLen             0x200043d4     0x4  Data  Gb  usb_bot.o [1]
SCSI_Format_Cmd         0x08006325    0x2a  Code  Gb  usb_scsi.o [1]
SCSI_Inquiry_Cmd        0x08005fd9    0x48  Code  Gb  usb_scsi.o [1]
SCSI_Invalid_Cmd        0x0800634f    0x40  Code  Gb  usb_scsi.o [1]
SCSI_LBA                0x200043d0     0x4  Data  Gb  usb_bot.o [1]
SCSI_ModeSense10_Cmd    0x0800618d    0x10  Code  Gb  usb_scsi.o [1]
SCSI_ModeSense6_Cmd     0x0800617d    0x10  Code  Gb  usb_scsi.o [1]
SCSI_Read10_Cmd         0x080061d5    0x7c  Code  Gb  usb_scsi.o [1]
SCSI_ReadCapacity10_Cmd
                        0x080060c9    0xb4  Code  Gb  usb_scsi.o [1]
SCSI_ReadFormatCapacity_Cmd
                        0x08006021    0xa8  Code  Gb  usb_scsi.o [1]
SCSI_RequestSense_Cmd   0x0800619d    0x1e  Code  Gb  usb_scsi.o [1]
SCSI_Start_Stop_Unit_Cmd
                        0x080061c9     0xc  Code  Gb  usb_scsi.o [1]
SCSI_TestUnitReady_Cmd  0x080062f3    0x32  Code  Gb  usb_scsi.o [1]
SCSI_Verify10_Cmd       0x080062b9    0x3a  Code  Gb  usb_scsi.o [1]
SCSI_Write10_Cmd        0x08006251    0x64  Code  Gb  usb_scsi.o [1]
SDIO_IRQHandler         0x08007f27     0x2  Code  Gb  stm32f10x_it.o [1]
SPI1_IRQHandler         0x08007e93     0x2  Code  Gb  stm32f10x_it.o [1]
SPI2_IRQHandler         0x08007e95     0x2  Code  Gb  stm32f10x_it.o [1]
SPI3_IRQHandler         0x08007f2b     0x2  Code  Gb  stm32f10x_it.o [1]
SPI_Cmd                 0x0800ac23    0x1a  Code  Gb  stm32f10x_spi.o [1]
SPI_I2S_GetFlagStatus   0x0800ac45    0x1a  Code  Gb  stm32f10x_spi.o [1]
SPI_I2S_ReceiveData     0x0800ac41     0x4  Code  Gb  stm32f10x_spi.o [1]
SPI_I2S_SendData        0x0800ac3d     0x4  Code  Gb  stm32f10x_spi.o [1]
SPI_Init                0x0800abe5    0x3e  Code  Gb  stm32f10x_spi.o [1]
SVCHandler              0x08007d95     0x2  Code  Gb  stm32f10x_it.o [1]
SaveRState              0x2000441c     0x2  Data  Gb  usb_int.o [1]
SaveTState              0x2000441e     0x2  Data  Gb  usb_int.o [1]
Scsi_Sense_Data         0x200046d4    0x14  Data  Gb  scsi_data.o [1]
SendData_To_PC          0x0800a249    0x6c  Code  Gb  hw_config.o [1]
SetBTABLE               0x08007f3d     0xe  Code  Gb  usb_regs.o [1]
SetDeviceAddress        0x08004329    0x50  Code  Gb  usb_core.o [1]
SetEPRxAddr             0x080080db    0x1e  Code  Gb  usb_regs.o [1]
SetEPRxCount            0x08008143    0x44  Code  Gb  usb_regs.o [1]
SetEPRxStatus           0x08007fa5    0x38  Code  Gb  usb_regs.o [1]
SetEPRxValid            0x08008009    0x2c  Code  Gb  usb_regs.o [1]
SetEPTxAddr             0x080080bd    0x1e  Code  Gb  usb_regs.o [1]
SetEPTxCount            0x08008129    0x1a  Code  Gb  usb_regs.o [1]
SetEPTxStatus           0x08007f6b    0x3a  Code  Gb  usb_regs.o [1]
SetEPTxValid            0x08007fdd    0x2c  Code  Gb  usb_regs.o [1]
SetEPType               0x08007f4b    0x20  Code  Gb  usb_regs.o [1]
Set_CSW                 0x080067d9    0x38  Code  Gb  usb_bot.o [1]
Set_Scsi_Sense_Data     0x080061bb     0xa  Code  Gb  usb_scsi.o [1]
Setup0_Process          0x0800418d    0x8c  Code  Gb  usb_core.o [1]
Standard_ClearFeature   0x080039c1   0x158  Code  Gb  usb_core.o [1]
Standard_GetConfiguration
                        0x0800379d    0x2a  Code  Gb  usb_core.o [1]
Standard_GetDescriptorData
                        0x08003bfb    0x24  Code  Gb  usb_core.o [1]
Standard_GetInterface   0x08003815    0x2a  Code  Gb  usb_core.o [1]
Standard_GetStatus      0x080038c1   0x100  Code  Gb  usb_core.o [1]
Standard_Inquiry_Data   0x200045f8    0x24  Data  Gb  scsi_data.o [1]
Standard_Inquiry_Data2  0x2000461c    0x24  Data  Gb  scsi_data.o [1]
Standard_SetConfiguration
                        0x080037c7    0x4e  Code  Gb  usb_core.o [1]
Standard_SetDeviceFeature
                        0x08003bd7    0x24  Code  Gb  usb_core.o [1]
Standard_SetEndPointFeature
                        0x08003b1d    0xba  Code  Gb  usb_core.o [1]
Standard_SetInterface   0x0800383f    0x82  Code  Gb  usb_core.o [1]
State_Machine_thread    0x08004525   0x3f4  Code  Gb  app.o [1]
Status                  0x20004364     0x4  Data  Gb  mass_mal.o [1]
StatusInfo              0x200043d8     0x4  Data  Gb  usb_core.o [1]
String_Descriptor       0x20004640    0x20  Data  Gb  usb_prop.o [1]
TAMPER_IRQHandler       0x08007d9b     0x2  Code  Gb  stm32f10x_it.o [1]
TIM1_BRK_IRQHandler     0x08007e59     0x2  Code  Gb  stm32f10x_it.o [1]
TIM1_CC_IRQHandler      0x08007e5f     0x2  Code  Gb  stm32f10x_it.o [1]
TIM1_TRG_COM_IRQHandler
                        0x08007e5d     0x2  Code  Gb  stm32f10x_it.o [1]
TIM1_UP_IRQHandler      0x08007e5b     0x2  Code  Gb  stm32f10x_it.o [1]
TIM2_IRQHandler         0x08007e61     0x8  Code  Gb  stm32f10x_it.o [1]
TIM2_UpdateISRHandler   0x08009f4b    0x2a  Code  Gb  TimeBase.o [1]
TIM3_IRQHandler         0x08007e69    0x20  Code  Gb  stm32f10x_it.o [1]
TIM4_IRQHandler         0x08007e89     0x2  Code  Gb  stm32f10x_it.o [1]
TIM5_IRQHandler         0x08007f29     0x2  Code  Gb  stm32f10x_it.o [1]
TIM6_IRQHandler         0x08007f31     0x2  Code  Gb  stm32f10x_it.o [1]
TIM7_IRQHandler         0x08007f33     0x2  Code  Gb  stm32f10x_it.o [1]
TIM8_BRK_IRQHandler     0x08007f1b     0x2  Code  Gb  stm32f10x_it.o [1]
TIM8_CC_IRQHandler      0x08007f21     0x2  Code  Gb  stm32f10x_it.o [1]
TIM8_TRG_COM_IRQHandler
                        0x08007f1f     0x2  Code  Gb  stm32f10x_it.o [1]
TIM8_UP_IRQHandler      0x08007f1d     0x2  Code  Gb  stm32f10x_it.o [1]
TIM_ClearFlag           0x0800954f     0x8  Code  Gb  stm32f10x_tim.o [1]
TIM_ClearITPendingBit   0x08009589     0x8  Code  Gb  stm32f10x_tim.o [1]
TIM_Cmd                 0x0800951b    0x1c  Code  Gb  stm32f10x_tim.o [1]
TIM_GetITStatus         0x08009557    0x32  Code  Gb  stm32f10x_tim.o [1]
TIM_ITConfig            0x08009537    0x18  Code  Gb  stm32f10x_tim.o [1]
TIM_OC1Init             0x08009463    0x76  Code  Gb  stm32f10x_tim.o [1]
TIM_OCStructInit        0x080094f9    0x22  Code  Gb  stm32f10x_tim.o [1]
TIM_TimeBaseInit        0x0800942d    0x36  Code  Gb  stm32f10x_tim.o [1]
TIM_TimeBaseStructInit  0x080094e1    0x18  Code  Gb  stm32f10x_tim.o [1]
TimeBase_Init           0x08009e87    0x74  Code  Gb  TimeBase.o [1]
TransferState           0x20004429     0x1  Data  Gb  memory.o [1]
Transfer_Data_Request   0x080067a5    0x32  Code  Gb  usb_bot.o [1]
UART4_IRQHandler        0x08007f2d     0x2  Code  Gb  stm32f10x_it.o [1]
UART5_IRQHandler        0x08007f2f     0x2  Code  Gb  stm32f10x_it.o [1]
USART1_IRQHandler       0x08007e97     0x2  Code  Gb  stm32f10x_it.o [1]
USART2_IRQHandler       0x08007e99    0x4c  Code  Gb  stm32f10x_it.o [1]
USART3_IRQHandler       0x08007ee5    0x30  Code  Gb  stm32f10x_it.o [1]
USART_ClearITPendingBit
                        0x08008c5d    0x18  Code  Gb  stm32f10x_usart.o [1]
USART_Cmd               0x08008b65    0x1a  Code  Gb  stm32f10x_usart.o [1]
USART_GetFlagStatus     0x08008bdf    0x1a  Code  Gb  stm32f10x_usart.o [1]
USART_GetITStatus       0x08008bf9    0x64  Code  Gb  stm32f10x_usart.o [1]
USART_ITConfig          0x08008b7f    0x50  Code  Gb  stm32f10x_usart.o [1]
USART_Init              0x08008ac9    0x9c  Code  Gb  stm32f10x_usart.o [1]
USART_ReceiveData       0x08008bd7     0x8  Code  Gb  stm32f10x_usart.o [1]
USART_SendData          0x08008bcf     0x8  Code  Gb  stm32f10x_usart.o [1]
USBWakeUp_IRQHandler    0x08007f19     0x2  Code  Gb  stm32f10x_it.o [1]
USB_APP_Data_Setup      0x08006dd9    0xd4  Code  Gb  usb_prop.o [1]
USB_APP_GetConfigDescriptor
                        0x08006f59    0x24  Code  Gb  usb_prop.o [1]
USB_APP_GetDeviceDescriptor
                        0x08006f31    0x24  Code  Gb  usb_prop.o [1]
USB_APP_GetStringDescriptor
                        0x08006f85    0x28  Code  Gb  usb_prop.o [1]
USB_APP_Get_Interface_Setting
                        0x08006fcd    0x18  Code  Gb  usb_prop.o [1]
USB_APP_NoData_Setup    0x08006ead    0x78  Code  Gb  usb_prop.o [1]
USB_APP_Reset           0x08006c95   0x134  Code  Gb  usb_prop.o [1]
USB_APP_Status_In       0x08006dd5     0x2  Code  Gb  usb_prop.o [1]
USB_APP_Status_Out      0x08006dd7     0x2  Code  Gb  usb_prop.o [1]
USB_APP_StringLangID    0x0800bc08     0x4  Data  Gb  usb_desc.o [1]
USB_APP_StringProduct   0x0800b6ac    0x20  Data  Gb  usb_desc.o [1]
USB_APP_StringSerial    0x20004680    0x1c  Data  Gb  usb_desc.o [1]
USB_APP_StringVendor    0x0800b4dc    0x28  Data  Gb  usb_desc.o [1]
USB_APP_init            0x08006c55    0x40  Code  Gb  usb_prop.o [1]
USB_HP_CAN_TX_IRQHandler
                        0x08007e1d     0x2  Code  Gb  stm32f10x_it.o [1]
USB_Istr                0x0800a8a5    0x9c  Code  Gb  usb_istr.o [1]
USB_LP_CAN_RX0_IRQHandler
                        0x08007e1f     0x8  Code  Gb  stm32f10x_it.o [1]
USB_PowerOn             0x0800b345    0x34  Code  Gb  usb_pwr.o [1]
USB_SIL_Read            0x0800aef3    0x2c  Code  Gb  usb_sil.o [1]
USB_SIL_Write           0x0800aec5    0x2e  Code  Gb  usb_sil.o [1]
Unconfigure_All         0x080098d9    0x1a  Code  Lc  main.o [1]
UsageFaultException     0x08007d91     0x2  Code  Gb  stm32f10x_it.o [1]
UsbKeyValue_Ascii_Tbl   0x08008fc4   0x180  Data  Gb  basic_fun.o [1]
UserToPMABufferCopy     0x0800b029    0x2e  Code  Gb  usb_mem.o [1]
WBTD_GPIO_config        0x08005a3d    0xa0  Code  Lc  WBTDS01.o [1]
WBTD_NVIC_config        0x08005add    0x3a  Code  Lc  WBTDS01.o [1]
WBTD_Reset              0x08005cd1    0x44  Code  Gb  WBTDS01.o [1]
WBTD_RxISRHandler       0x08005b6f   0x11c  Code  Gb  WBTDS01.o [1]
WBTD_got_notify_type    0x08005f91    0x40  Code  Gb  WBTDS01.o [1]
WBTD_hid_send           0x08005ef9    0x12  Code  Gb  WBTDS01.o [1]
WBTD_init               0x08005f0d    0x80  Code  Gb  WBTDS01.o [1]
WBTD_query_version      0x08005d19    0xb0  Code  Gb  WBTDS01.o [1]
WBTD_reset_resVar       0x08005b55    0x1a  Code  Lc  WBTDS01.o [1]
WBTD_set_name           0x08005dc9    0xb0  Code  Gb  WBTDS01.o [1]
WBTD_set_profile        0x08005e7d    0x7c  Code  Gb  WBTDS01.o [1]
WBTD_write_cmd          0x08005c8b    0x46  Code  Lc  WBTDS01.o [1]
WWDG_IRQHandler         0x08007d97     0x2  Code  Gb  stm32f10x_it.o [1]
Write_Memory            0x08008795   0x120  Code  Gb  memory.o [1]
_EncodingSb_Mbtowc      0x0800ae8d    0x38  Code  Gb  xencoding_sb.o [3]
_EncodingSb_Wctomb      0x0800ae69    0x1c  Code  Gb  xencoding_sb.o [3]
_Files                  0x20004660    0x20  Data  Gb  xfiles.o [3]
_GenldDefault           0x0800259d   0x258  Code  Lc  xprintffull.o [3]
_IsdstStr               0x2000445c     0x4  Data  Gb  setlocale.o [3]
_LdtobDefault           0x08002179   0x404  Code  Lc  xprintffull.o [3]
_LitobDefault           0x08002061   0x110  Code  Lc  xprintffull.o [3]
_LocaleC_lconv          0x0800b16c    0x48  Data  Gb  xlocale_c.o [3]
_LocaleEncoding         0x0800b981    0x10  Code  Gb  setlocale.o [3]
_LocaleReturnString     0x2000446c    0x50  Data  Lc  setlocale.o [3]
_Locale_LconvArray      0x20004468     0x4  Data  Gb  setlocale.o [3]
_Locale_Profile         0x20004438    0x1c  Data  Gb  setlocale.o [3]
_Locale_lconv           0x200044c0    0x48  Data  Gb  localeconv.o [3]
_Mbtowc                 0x0800b6ed    0x20  Code  Gb  xmbtowc.o [3]
_Printf                 0x080017d9   0x5a8  Code  Gb  xprintffull.o [3]
_Prout                  0x0800b8df    0x16  Code  Gb  xprout.o [3]
_PutcharsDefault        0x080027f5    0x32  Code  Lc  xprintffull.o [3]
_PutstrDefault          0x08001d89   0x2cc  Code  Lc  xprintffull.o [3]
_TzoneStr               0x20004454     0x4  Data  Gb  setlocale.o [3]
_Wctomb                 0x0800b7bd    0x1a  Code  Gb  xwctomb.o [3]
__BASEPRICONFIG         0x0800abcf          Code  Gb  cortexm3_macro.o [1]
__DMB                   0x0800ab81          Code  Gb  cortexm3_macro.o [1]
__DSB                   0x0800ab7b          Code  Gb  cortexm3_macro.o [1]
__GetBASEPRI            0x0800abd5          Code  Gb  cortexm3_macro.o [1]
__ISB                   0x0800ab75          Code  Gb  cortexm3_macro.o [1]
__MRS_CONTROL           0x0800ab8b          Code  Gb  cortexm3_macro.o [1]
__MRS_MSP               0x0800aba7          Code  Gb  cortexm3_macro.o [1]
__MRS_PSP               0x0800ab9b          Code  Gb  cortexm3_macro.o [1]
__MSR_CONTROL           0x0800ab91          Code  Gb  cortexm3_macro.o [1]
__MSR_MSP               0x0800abad          Code  Gb  cortexm3_macro.o [1]
__MSR_PSP               0x0800aba1          Code  Gb  cortexm3_macro.o [1]
__READ_FAULTMASK        0x0800abc9          Code  Gb  cortexm3_macro.o [1]
__READ_PRIMASK          0x0800abbb          Code  Gb  cortexm3_macro.o [1]
__RESETFAULTMASK        0x0800abc1          Code  Gb  cortexm3_macro.o [1]
__RESETPRIMASK          0x0800abb3          Code  Gb  cortexm3_macro.o [1]
__REV_HalfWord          0x0800abdb          Code  Gb  cortexm3_macro.o [1]
__REV_Word              0x0800abdf          Code  Gb  cortexm3_macro.o [1]
__SETFAULTMASK          0x0800abc5          Code  Gb  cortexm3_macro.o [1]
__SETPRIMASK            0x0800abb7          Code  Gb  cortexm3_macro.o [1]
__SEV                   0x0800ab71          Code  Gb  cortexm3_macro.o [1]
__SVC                   0x0800ab87          Code  Gb  cortexm3_macro.o [1]
__WFE                   0x0800ab6d          Code  Gb  cortexm3_macro.o [1]
__WFI                   0x0800ab69          Code  Gb  cortexm3_macro.o [1]
__aeabi_assert          0x0800b23f    0x42  Code  Gb  xassert.o [3]
__aeabi_cdcmple         0x0800b44d          Code  Gb  DblCmpLe.o [4]
__aeabi_cdrcmple        0x0800b47d          Code  Gb  DblCmpGe.o [4]
__aeabi_d2iz            0x0800afd1          Code  Gb  DblToI32.o [4]
__aeabi_d2uiz           0x0800affd          Code  Gb  DblToI32.o [4]
__aeabi_dadd            0x0800a161          Code  Gb  DblAdd.o [4]
__aeabi_ddiv            0x080079e1          Code  Gb  DblDiv.o [4]
__aeabi_dmul            0x08008e21          Code  Gb  DblMul.o [4]
__aeabi_dsub            0x08009145          Code  Gb  DblSub.o [4]
__aeabi_i2d             0x0800b4ad          Code  Gb  I32ToDbl.o [4]
__aeabi_ldiv0           0x0800bc0d          Code  Gb  I64DivZer.o [4]
__aeabi_ldivmod         0x080096d9          Code  Gb  I64DivMod.o [4]
__aeabi_memcpy          0x0800ac61          Code  Gb  ABImemcpy.o [4]
__aeabi_memcpy4         0x0800ac7b          Code  Gb  ABImemcpy.o [4]
__aeabi_memcpy8         0x0800ac7b          Code  Gb  ABImemcpy.o [4]
__aeabi_memset          0x0800ad41          Code  Gb  ABImemset.o [4]
__aeabi_ui2d            0x0800b4c1          Code  Gb  I32ToDbl.o [4]
__aeabi_uldivmod        0x080096ed          Code  Gb  I64DivMod.o [4]
__call_dtors            0x0800acfd     0x4  Code  Gb  cppinit.o [3]
__cstart_call_dtors     0x0800ba2f          Code  Gb  cexit.o [4]
__cxa_atexit            0x0800acd1    0x2c  Code  Gb  cppinit.o [3]
__cxa_finalize          0x0800ad01    0x3c  Code  Gb  cppinit.o [3]
__data_Aldata           0x20004324     0x8  Data  Gb  xxmemxmalloc.o [3]
__data_GetMemChunk      0x0800b52d    0x28  Code  Gb  xgetmemchunk.o [3]
__dwrite                0x0800b74b    0x1e  Code  Gb  dwrite.o [5]
__exit                  0x0800b959    0x14  Code  Gb  exit.o [5]
__iar_Dnorm             0x0800a563    0xb4  Code  Gb  xdnorm.o [3]
__iar_Dscale            0x08009b61   0x110  Code  Gb  xdscale.o [3]
__iar_EmptyStepPoint    0x0800b23d     0x2  Code  Gb  xassert.o [3]
__iar_Locksyslock       0x0800a9f9    0x4c  Code  Gb  xsyslock.o [3]
__iar_Mbcurmax          0x0800bb85     0xa  Code  Gb  xmbcurmax.o [3]
__iar_Memchr            0x0800af79          Code  Gb  memchr.o [4]
__iar_Memset            0x0800ad41          Code  Gb  ABImemset.o [4]
__iar_Memset_word       0x0800ad49          Code  Gb  ABImemset.o [4]
__iar_Mtxdst            0x0800b423     0x6  Code  Gb  MtxWrapper.o [3]
__iar_Mtxinit           0x0800b41d     0x6  Code  Gb  MtxWrapper.o [3]
__iar_Mtxlock           0x0800b429     0x4  Code  Gb  MtxWrapper.o [3]
__iar_Mtxunlock         0x0800b437     0x6  Code  Gb  MtxWrapper.o [3]
__iar_ReportAssert      0x0800ab05    0x64  Code  Gb  xreportassert.o [3]
__iar_Stderr            0x20004588    0x40  Data  Gb  xfiles.o [3]
__iar_Stdin             0x20004508    0x40  Data  Gb  xfiles.o [3]
__iar_Stdout            0x20004548    0x40  Data  Gb  xfiles.o [3]
__iar_Strchr            0x0800b8c9          Code  Gb  strchr.o [4]
__iar_Tls_setup__IsdstStr
                        0x20004460     0x4  Data  Gb  setlocale.o [3]
__iar_Tls_setup__Locale_Profile
                        0x20004464     0x4  Data  Gb  setlocale.o [3]
__iar_Tls_setup__Locale_lconv
                        0x200044bc     0x4  Data  Gb  localeconv.o [3]
__iar_Tls_setup__TzoneStr
                        0x20004458     0x4  Data  Gb  setlocale.o [3]
__iar_Unlocksyslock     0x0800aa45    0x14  Code  Gb  xsyslock.o [3]
__iar_d2uiz             0x0800b007          Code  Gb  DblToI32.o [4]
__iar_dadd              0x0800a173          Code  Gb  DblAdd.o [4]
__iar_data_init2        0x0800b7a1    0x1c  Code  Gb  data_init2.o [4]
__iar_dsub              0x08009157          Code  Gb  DblSub.o [4]
__iar_dsubStart         0x08009169          Code  Gb  DblSub.o [4]
__iar_packbits_init2    0x0800a941    0x8e  Code  Gb  packbits_init2.o [4]
__iar_program_start     0x0800b899          Code  Gb  cmain.o [4]
__iar_sh_stdout         0x0800b091    0x3c  Code  Gb  iarwstd.o [5]
__iar_sh_stdout_close   0x0800b07d    0x14  Code  Gb  iarwstd.o [5]
__iar_sh_stdout_handle  0x20004410     0x4  Data  Lc  iarwstd.o [5]
__iar_sh_write          0x0800b70d    0x20  Code  Gb  iarwrite.o [5]
__iar_strcmp            0x0800b281          Code  Gb  strcmp.o [4]
__iar_ui2d              0x0800b4c3          Code  Gb  I32ToDbl.o [4]
__iar_zero_init2        0x0800b7d7    0x1a  Code  Gb  zero_init2.o [4]
__low_level_init        0x0800bc0f     0x4  Code  Gb  low_level_init.o [3]
__vector_table          0x08000000   0x140  Data  Gb  stm32f10x_vector.o [1]
__write                 0x0800ba1d    0x10  Code  Gb  write.o [5]
_exit                   0x0800ba2d          Code  Gb  cexit.o [4]
_main                   0x0800b8ab          Code  Gb  cmain.o [4]
abort                   0x0800bbf1     0x8  Code  Gb  abort.o [3]
app_init                0x0800447d    0xa4  Code  Gb  app.o [1]
app_init_thread         0x08004a49    0x94  Code  Gb  app.o [1]
app_startup             0x08004add    0x90  Code  Gb  app.o [1]
ascii_to_keyreport      0x0800a809    0x98  Code  Gb  basic_fun.o [1]
bDeviceState            0x200043f8     0x4  Data  Gb  usb_pwr.o [1]
bIntPackSOF             0x20004437     0x1  Data  Gb  usb_istr.o [1]
barcode_cash            0x20002c8c   0x334  Data  Lc  app.o [1]
barcode_hid_send        0x08004421    0x5c  Code  Lc  app.o [1]
barcode_pool            0x20004214    0x28  Data  Lc  app.o [1]
buffer                  0x20000cf0  0x1000  Data  Lc  spi_flash.o [1]
calc_check_value        0x080029b5    0x1e  Code  Lc  record.o [1]
charge_detect_io_cnt    0x20004354     0x4  Data  Gb  hw_platform.o [1]
check_fs                0x08000b3d    0x78  Code  Lc  ff.o [1]
chk_chr                 0x08000185    0x14  Code  Lc  ff.o [1]
chk_mounted             0x08000bb5   0x2dc  Code  Gb  ff.o [1]
clear_log_file          0x08002b8f    0x56  Code  Gb  record.o [1]
clearlocks              0x0800a9d1    0x26  Code  Lc  xsyslock.o [3]
clust2sect              0x08000629    0x18  Code  Gb  ff.o [1]
count_in                0x200043dc     0x4  Data  Gb  usb_endp.o [1]
crc32                   0x0800b505    0x28  Code  Gb  crc32.o [1]
crc32_tab               0x08006854   0x400  Data  Lc  crc32.o [1]
create_chain            0x08000575    0xb4  Code  Lc  ff.o [1]
create_name             0x08000911   0x180  Code  Lc  ff.o [1]
current_blink_frq       0x20004416     0x2  Data  Lc  hw_platform.o [1]
current_blink_led       0x20004424     0x1  Data  Lc  hw_platform.o [1]
current_cache_block     0x200043cc     0x4  Data  Lc  spi_flash.o [1]
current_led_state       0x20004425     0x1  Data  Lc  hw_platform.o [1]
current_node_offset     0x200043b4     0x4  Data  Gb  record.o [1]
current_press_key       0x20004426     0x1  Data  Lc  keypad.o [1]
current_timer_cnt       0x20004358     0x4  Data  Lc  hw_platform.o [1]
data_uart_init          0x0800a6c9    0x7c  Code  Gb  data_uart.o [1]
delete_one_node         0x08003261   0x53c  Code  Gb  record.o [1]
device_current_state    0x2000434c     0x4  Data  Gb  app.o [1]
dir_find                0x08000827    0x62  Code  Lc  ff.o [1]
dir_next                0x080006f1   0x136  Code  Lc  ff.o [1]
dir_register            0x08000889    0x88  Code  Lc  ff.o [1]
dir_seek                0x08000641    0xb0  Code  Lc  ff.o [1]
disk_initialize         0x0800a4ad    0x12  Code  Gb  diskio.o [1]
disk_ioctl              0x0800a527    0x3c  Code  Gb  diskio.o [1]
disk_read               0x0800a4d5    0x34  Code  Gb  diskio.o [1]
disk_status             0x0800a4c3    0x12  Code  Gb  diskio.o [1]
disk_write              0x0800a509    0x1e  Code  Gb  diskio.o [1]
div                     0x0800ba49     0xe  Code  Gb  div.o [3]
ebuf                    0x200040f4    0x50  Data  Lc  xfiles.o [3]
enter_into_BT_Mode      0x0800441d     0x2  Code  Lc  app.o [1]
enter_into_Memory_Mode  0x08004415     0x2  Code  Lc  app.o [1]
enter_into_USB_HID_Mode
                        0x08004419     0x2  Code  Lc  app.o [1]
event_pool              0x2000425c    0x20  Data  Lc  app.o [1]
exit                    0x0800bbf9     0x6  Code  Gb  exit.o [3]
exit_from_BT_Mode       0x0800441f     0x2  Code  Lc  app.o [1]
exit_from_Memory_Mode   0x08004417     0x2  Code  Lc  app.o [1]
exit_from_USB_HID_Mode  0x0800441b     0x2  Code  Lc  app.o [1]
f_close                 0x08001535    0x18  Code  Gb  ff.o [1]
f_lseek                 0x0800154d   0x1de  Code  Gb  ff.o [1]
f_open                  0x08000ebd   0x1b0  Code  Gb  ff.o [1]
f_read                  0x0800106d   0x1ea  Code  Gb  ff.o [1]
f_sync                  0x08001479    0xbc  Code  Gb  ff.o [1]
f_truncate              0x0800172b    0xac  Code  Gb  ff.o [1]
f_write                 0x08001257   0x222  Code  Gb  ff.o [1]
fflush                  0x0800a68d    0x3c  Code  Gb  fflush.o [3]
fflushOne               0x0800a619    0x74  Code  Lc  fflush.o [3]
file1                   0x20002fc0   0x224  Data  Gb  Terminal_Para.o [1]
file2                   0x200031e4   0x224  Data  Gb  record.o [1]
file3                   0x20003408   0x224  Data  Gb  record.o [1]
flash_state             0x20004432     0x1  Data  Lc  spi_flash.o [1]
flasize                 0x200043c8     0x4  Data  Gb  spi_flash.o [1]
follow_path             0x08000a91    0xa8  Code  Lc  ff.o [1]
fputc                   0x0800a745    0x20  Code  Gb  data_uart.o [1]
free                    0x0800aa5d    0x88  Code  Gb  xxmemxfree.o [3]
g_mass_storage_device_type
                        0x20004422     0x1  Data  Gb  PCUsart.o [1]
g_pReqCmd               0x2000432c     0x4  Data  Gb  HJ5000_scanner.o [1]
g_rec_offset            0x200043b8     0x4  Data  Gb  record.o [1]
g_resCmd                0x200042d4     0xc  Data  Gb  HJ5000_scanner.o [1]
g_usb_type              0x20004423     0x1  Data  Gb  hw_config.o [1]
get_fat                 0x080002e3    0xfe  Code  Gb  ff.o [1]
get_fattime             0x0800a4bf     0x4  Code  Gb  diskio.o [1]
get_node                0x0800319d    0xb4  Code  Gb  record.o [1]
get_spi_flash_capacity  0x080058f5     0x8  Code  Gb  spi_flash.o [1]
got_notify_flag         0x20004338     0x4  Data  Lc  WBTDS01.o [1]
hard_fault_handler_c    0x08007ca1    0xe4  Code  Gb  stm32f10x_it.o [1]
hw_platform_USBcable_Insert_Detect
                        0x08007289    0x30  Code  Gb  hw_platform.o [1]
hw_platform_get_PowerClass
                        0x08007205    0x76  Code  Gb  hw_platform.o [1]
hw_platform_init        0x080071f9     0xc  Code  Gb  hw_platform.o [1]
hw_platform_led_ctrl    0x080072b9    0x56  Code  Gb  hw_platform.o [1]
hw_platform_start_led_blink
                        0x08007359    0x30  Code  Gb  hw_platform.o [1]
hw_platform_stop_led_blink
                        0x08007395    0x12  Code  Gb  hw_platform.o [1]
id_array                0x0800b2c4    0x40  Data  Gb  spi_flash.o [1]
init_data_info_file     0x08002895    0x64  Code  Lc  record.o [1]
init_hash_table_file    0x08002829    0x6a  Code  Lc  record.o [1]
keyboard_output_report_value
                        0x200043f4     0x4  Data  Gb  usb_prop.o [1]
keypad_state            0x20004427     0x1  Data  Lc  keypad.o [1]
last_charge_detect_io_cnt
                        0x20004350     0x4  Data  Lc  hw_platform.o [1]
led_blink_timer_hook    0x08007319    0x3e  Code  Lc  hw_platform.o [1]
localeconv              0x0800b96d    0x14  Code  Gb  localeconv.o [3]
log_len                 0x200043c4     0x4  Data  Lc  record.o [1]
main                    0x08009809    0x44  Code  Gb  main.o [1]
malloc                  0x0800a3f1    0xbc  Code  Gb  xxmemxmalloc.o [3]
mem_cmp                 0x08000165    0x20  Code  Lc  ff.o [1]
mem_cpy                 0x08000141    0x14  Code  Lc  ff.o [1]
mem_set                 0x08000155    0x10  Code  Lc  ff.o [1]
memchr                  0x0800af79          Code  Gb  memchr.o [4]
memcmp                  0x0800ada9          Code  Gb  memcmp.o [4]
memcpy                  0x0800ba3b     0xe  Code  Wk  HJ5000_scanner.o [1]
memset                  0x0800b995    0x14  Code  Wk  HJ5000_scanner.o [1]
move_window             0x08000199    0x74  Code  Lc  ff.o [1]
mtx                     0x200042b4    0x10  Data  Lc  xsyslock.o [3]
mtxdst                  0x20004404     0x4  Data  Lc  MtxWrapper.o [3]
mtxinit                 0x20004400     0x4  Data  Lc  MtxWrapper.o [3]
mtxlock                 0x20004408     0x4  Data  Lc  MtxWrapper.o [3]
mtxunlock               0x2000440c     0x4  Data  Lc  MtxWrapper.o [3]
next_abi_dtor_rec       0x20004734     0x4  Data  Lc  cppinit.o [3]
next_node_offset        0x200043c0     0x4  Data  Lc  record.o [1]
obuf                    0x20004144    0x50  Data  Lc  xfiles.o [3]
out                     0x0800aae5    0x20  Code  Lc  xreportassert.o [3]
pBarcode_Queue          0x20004340     0x4  Data  Lc  app.o [1]
pEpInt_IN               0x2000469c    0x1c  Data  Gb  usb_istr.o [1]
pEpInt_OUT              0x200046b8    0x1c  Data  Gb  usb_istr.o [1]
pEvent_Queue            0x20004344     0x4  Data  Gb  app.o [1]
pIOSem                  0x20004348     0x4  Data  Lc  app.o [1]
pInformation            0x200043e0     0x4  Data  Gb  usb_init.o [1]
pProperty               0x200043e4     0x4  Data  Gb  usb_init.o [1]
pUser_Standard_Requests
                        0x200043e8     0x4  Data  Gb  usb_init.o [1]
p_allocate_addr         0x20003c2c   0x190  Data  Lc  JMemory.o [1]
p_init_thread_stk       0x2000433c     0x4  Data  Lc  app.o [1]
pack_ctrl_command       0x08008929    0x84  Code  Lc  HJ5000_scanner.o [1]
platform_misc_port_init
                        0x080070e5   0x114  Code  Lc  hw_platform.o [1]
press_cnt               0x2000435c     0x4  Data  Lc  keypad.o [1]
prev_node_offset        0x200043bc     0x4  Data  Lc  record.o [1]
printf                  0x0800b6cd    0x20  Code  Gb  printf.o [3]
push_barcode_into_cash  0x0800437d    0x96  Code  Gb  app.o [1]
put_fat                 0x080003e1   0x124  Code  Gb  ff.o [1]
putchar                 0x0800bb79     0xc  Code  Gb  putchar.o [3]
rec_module_buffer       0x20003fd4    0x70  Data  Gb  record.o [1]
rec_search              0x08003081    0xf2  Code  Lc  record.o [1]
rec_searchby_tag        0x0800317d    0x1c  Code  Gb  record.o [1]
record_add              0x08002bed   0x324  Code  Gb  record.o [1]
record_clear            0x08002fa1    0xd8  Code  Gb  record.o [1]
record_module_count     0x08002f11    0x90  Code  Gb  record.o [1]
record_module_read      0x080028f9    0xbc  Code  Gb  record.o [1]
recv_data               0x20004433     0x1  Data  Gb  stm32f10x_it.o [1]
release_cnt             0x20004360     0x4  Data  Lc  keypad.o [1]
remove_chain            0x08000505    0x70  Code  Lc  ff.o [1]
reset_resVar            0x080088c9    0x14  Code  Lc  HJ5000_scanner.o [1]
save_log_file           0x08002a79   0x116  Code  Lc  record.o [1]
scanner_get_barcode     0x08008a2d    0x94  Code  Gb  HJ5000_scanner.o [1]
send_data_to_WBTDS01    0x08005b17    0x38  Code  Lc  WBTDS01.o [1]
send_data_to_scanner    0x080088dd    0x38  Code  Lc  HJ5000_scanner.o [1]
spi_flash_erasesector   0x080054c5    0x4c  Code  Gb  spi_flash.o [1]
spi_flash_init          0x08005375   0x14c  Code  Gb  spi_flash.o [1]
spi_flash_page_write    0x08005597    0x64  Code  Gb  spi_flash.o [1]
spi_flash_post_write    0x080058fd    0x6c  Code  Gb  spi_flash.o [1]
spi_flash_raddr         0x080057c1    0x5e  Code  Gb  spi_flash.o [1]
spi_flash_rpage         0x08005511    0x86  Code  Gb  spi_flash.o [1]
spi_flash_send_byte     0x0800581f    0x48  Code  Gb  spi_flash.o [1]
spi_flash_waddr         0x080055fb   0x1c6  Code  Gb  spi_flash.o [1]
spi_flash_wait_for_write_end
                        0x0800588b    0x64  Code  Gb  spi_flash.o [1]
spi_flash_write         0x08005969    0xc6  Code  Gb  spi_flash.o [1]
spi_flash_write_enable  0x0800586d    0x1e  Code  Gb  spi_flash.o [1]
start_timer             0x08009efb    0x30  Code  Gb  TimeBase.o [1]
stop_timer              0x08009f2b    0x20  Code  Gb  TimeBase.o [1]
strcat                  0x0800b72d    0x1e  Code  Wk  strcat.o [3]
strchr                  0x0800b8c9          Code  Gb  strchr.o [4]
strcmp                  0x0800b281          Code  Gb  strcmp.o [4]
strcpy                  0x0800b1f9          Code  Gb  strcpy.o [4]
strlen                  0x0800b381          Code  Gb  strlen.o [4]
sync                    0x0800020d    0xd6  Code  Lc  ff.o [1]
syslock_o               0x200042b0     0x4  Data  Lc  xsyslock.o [3]
thread_bt_stk           0x2000382c   0x200  Data  Lc  app.o [1]
thread_eventcapture_stk
                        0x2000362c   0x200  Data  Lc  app.o [1]
thread_statemachine_stk
                        0x200024f0   0x400  Data  Lc  app.o [1]
timer_isr_hook          0x20004334     0x4  Data  Lc  TimeBase.o [1]
update_link_info_after_addNode
                        0x080029d3    0xa6  Code  Lc  record.o [1]
validate                0x08000e91    0x2c  Code  Lc  ff.o [1]
wInterrupt_Mask         0x2000441a     0x2  Data  Gb  usb_init.o [1]
wIstr                   0x20004420     0x2  Data  Gb  usb_istr.o [1]
wait_time_out           0x20004330     0x4  Data  Lc  HJ5000_scanner.o [1]
wbtd_notify_buffer      0x2000423c    0x20  Data  Lc  WBTDS01.o [1]
wbtd_recbuffer          0x20004194    0x40  Data  Lc  WBTDS01.o [1]
wbtd_res                0x200042e0     0xc  Data  Gb  WBTDS01.o [1]
write_cmd_to_scanner    0x0800891d     0xc  Code  Lc  HJ5000_scanner.o [1]


[1] = E:\H520B\FW\src\Project\EWARMv5\Debug\Obj
[2] = command line
[3] = dl7M_tl_if.a
[4] = rt7M_tl.a
[5] = shb_l.a

  44 668 bytes of readonly  code memory
   4 074 bytes of readonly  data memory
  18 216 bytes of readwrite data memory

Errors: none
Warnings: none
