###############################################################################
#                                                                             #
# IAR ELF Linker V5.30.0.51174/W32 for ARM              29/Jan/2016  16:04:09 #
# Copyright 2007-2009 IAR Systems AB.                                         #
#                                                                             #
#    Output file  =  E:\H520B\FW\src\Project\EWARMv5\Debug\Exe\T6.out         #
#    Map file     =  E:\H520B\FW\src\Project\EWARMv5\Debug\List\T6.map        #
#    Command line =  E:\H520B\FW\src\Project\EWARMv5\Debug\Obj\BT816.o        #
#                    E:\H520B\FW\src\Project\EWARMv5\Debug\Obj\HJ5000_scanner #
#                    .o E:\H520B\FW\src\Project\EWARMv5\Debug\Obj\JMemory.o   #
#                    E:\H520B\FW\src\Project\EWARMv5\Debug\Obj\PCUsart.o      #
#                    E:\H520B\FW\src\Project\EWARMv5\Debug\Obj\Terminal_Para_ #
#                    m.o E:\H520B\FW\src\Project\EWARMv5\Debug\Obj\TimeBase.o #
#                     E:\H520B\FW\src\Project\EWARMv5\Debug\Obj\app.o         #
#                    E:\H520B\FW\src\Project\EWARMv5\Debug\Obj\basic_fun.o    #
#                    E:\H520B\FW\src\Project\EWARMv5\Debug\Obj\cortexm3_macro #
#                    .o E:\H520B\FW\src\Project\EWARMv5\Debug\Obj\cpu_a.o     #
#                    E:\H520B\FW\src\Project\EWARMv5\Debug\Obj\cpu_c.o        #
#                    E:\H520B\FW\src\Project\EWARMv5\Debug\Obj\crc32.o        #
#                    E:\H520B\FW\src\Project\EWARMv5\Debug\Obj\data_uart.o    #
#                    E:\H520B\FW\src\Project\EWARMv5\Debug\Obj\diskio.o       #
#                    E:\H520B\FW\src\Project\EWARMv5\Debug\Obj\ff.o           #
#                    E:\H520B\FW\src\Project\EWARMv5\Debug\Obj\hardfault_isr_ #
#                    handle_a.o E:\H520B\FW\src\Project\EWARMv5\Debug\Obj\has #
#                    h.o E:\H520B\FW\src\Project\EWARMv5\Debug\Obj\hw_config. #
#                    o E:\H520B\FW\src\Project\EWARMv5\Debug\Obj\hw_platform. #
#                    o E:\H520B\FW\src\Project\EWARMv5\Debug\Obj\keypad.o     #
#                    E:\H520B\FW\src\Project\EWARMv5\Debug\Obj\lib_ascii.o    #
#                    E:\H520B\FW\src\Project\EWARMv5\Debug\Obj\lib_mem.o      #
#                    E:\H520B\FW\src\Project\EWARMv5\Debug\Obj\lib_str.o      #
#                    E:\H520B\FW\src\Project\EWARMv5\Debug\Obj\main.o         #
#                    E:\H520B\FW\src\Project\EWARMv5\Debug\Obj\mass_mal.o     #
#                    E:\H520B\FW\src\Project\EWARMv5\Debug\Obj\memory.o       #
#                    E:\H520B\FW\src\Project\EWARMv5\Debug\Obj\os_core.o      #
#                    E:\H520B\FW\src\Project\EWARMv5\Debug\Obj\os_cpu_a.o     #
#                    E:\H520B\FW\src\Project\EWARMv5\Debug\Obj\os_cpu_c.o     #
#                    E:\H520B\FW\src\Project\EWARMv5\Debug\Obj\os_dbg.o       #
#                    E:\H520B\FW\src\Project\EWARMv5\Debug\Obj\os_flag.o      #
#                    E:\H520B\FW\src\Project\EWARMv5\Debug\Obj\os_mbox.o      #
#                    E:\H520B\FW\src\Project\EWARMv5\Debug\Obj\os_mem.o       #
#                    E:\H520B\FW\src\Project\EWARMv5\Debug\Obj\os_mutex.o     #
#                    E:\H520B\FW\src\Project\EWARMv5\Debug\Obj\os_probe.o     #
#                    E:\H520B\FW\src\Project\EWARMv5\Debug\Obj\os_q.o         #
#                    E:\H520B\FW\src\Project\EWARMv5\Debug\Obj\os_sem.o       #
#                    E:\H520B\FW\src\Project\EWARMv5\Debug\Obj\os_task.o      #
#                    E:\H520B\FW\src\Project\EWARMv5\Debug\Obj\os_time.o      #
#                    E:\H520B\FW\src\Project\EWARMv5\Debug\Obj\os_tmr.o       #
#                    E:\H520B\FW\src\Project\EWARMv5\Debug\Obj\rec_ecc.o      #
#                    E:\H520B\FW\src\Project\EWARMv5\Debug\Obj\record_m.o     #
#                    E:\H520B\FW\src\Project\EWARMv5\Debug\Obj\record_mod.o   #
#                    E:\H520B\FW\src\Project\EWARMv5\Debug\Obj\scsi_data.o    #
#                    E:\H520B\FW\src\Project\EWARMv5\Debug\Obj\spi_flash.o    #
#                    E:\H520B\FW\src\Project\EWARMv5\Debug\Obj\stm32f10x_adc. #
#                    o E:\H520B\FW\src\Project\EWARMv5\Debug\Obj\stm32f10x_bk #
#                    p.o E:\H520B\FW\src\Project\EWARMv5\Debug\Obj\stm32f10x_ #
#                    crc.o E:\H520B\FW\src\Project\EWARMv5\Debug\Obj\stm32f10 #
#                    x_dbgmcu.o E:\H520B\FW\src\Project\EWARMv5\Debug\Obj\stm #
#                    32f10x_dma.o E:\H520B\FW\src\Project\EWARMv5\Debug\Obj\s #
#                    tm32f10x_exti.o E:\H520B\FW\src\Project\EWARMv5\Debug\Ob #
#                    j\stm32f10x_flash.o E:\H520B\FW\src\Project\EWARMv5\Debu #
#                    g\Obj\stm32f10x_fsmc.o E:\H520B\FW\src\Project\EWARMv5\D #
#                    ebug\Obj\stm32f10x_gpio.o E:\H520B\FW\src\Project\EWARMv #
#                    5\Debug\Obj\stm32f10x_i2c.o                              #
#                    E:\H520B\FW\src\Project\EWARMv5\Debug\Obj\stm32f10x_it.o #
#                     E:\H520B\FW\src\Project\EWARMv5\Debug\Obj\stm32f10x_iwd #
#                    g.o E:\H520B\FW\src\Project\EWARMv5\Debug\Obj\stm32f10x_ #
#                    lib.o E:\H520B\FW\src\Project\EWARMv5\Debug\Obj\stm32f10 #
#                    x_nvic.o E:\H520B\FW\src\Project\EWARMv5\Debug\Obj\stm32 #
#                    f10x_pwr.o E:\H520B\FW\src\Project\EWARMv5\Debug\Obj\stm #
#                    32f10x_rcc.o E:\H520B\FW\src\Project\EWARMv5\Debug\Obj\s #
#                    tm32f10x_rtc.o E:\H520B\FW\src\Project\EWARMv5\Debug\Obj #
#                    \stm32f10x_spi.o E:\H520B\FW\src\Project\EWARMv5\Debug\O #
#                    bj\stm32f10x_systick.o E:\H520B\FW\src\Project\EWARMv5\D #
#                    ebug\Obj\stm32f10x_tim.o E:\H520B\FW\src\Project\EWARMv5 #
#                    \Debug\Obj\stm32f10x_usart.o                             #
#                    E:\H520B\FW\src\Project\EWARMv5\Debug\Obj\stm32f10x_vect #
#                    or.o E:\H520B\FW\src\Project\EWARMv5\Debug\Obj\usb_bot.o #
#                     E:\H520B\FW\src\Project\EWARMv5\Debug\Obj\usb_core.o    #
#                    E:\H520B\FW\src\Project\EWARMv5\Debug\Obj\usb_desc.o     #
#                    E:\H520B\FW\src\Project\EWARMv5\Debug\Obj\usb_endp.o     #
#                    E:\H520B\FW\src\Project\EWARMv5\Debug\Obj\usb_init.o     #
#                    E:\H520B\FW\src\Project\EWARMv5\Debug\Obj\usb_int.o      #
#                    E:\H520B\FW\src\Project\EWARMv5\Debug\Obj\usb_istr.o     #
#                    E:\H520B\FW\src\Project\EWARMv5\Debug\Obj\usb_mem.o      #
#                    E:\H520B\FW\src\Project\EWARMv5\Debug\Obj\usb_prop.o     #
#                    E:\H520B\FW\src\Project\EWARMv5\Debug\Obj\usb_pwr.o      #
#                    E:\H520B\FW\src\Project\EWARMv5\Debug\Obj\usb_regs.o     #
#                    E:\H520B\FW\src\Project\EWARMv5\Debug\Obj\usb_scsi.o     #
#                    E:\H520B\FW\src\Project\EWARMv5\Debug\Obj\usb_sil.o -o   #
#                    E:\H520B\FW\src\Project\EWARMv5\Debug\Exe\T6.out --map   #
#                    E:\H520B\FW\src\Project\EWARMv5\Debug\List\T6.map        #
#                    --config E:\H520B\FW\src\Project\EWARMv5\stm32f10x_debug #
#                    .icf --semihosting --entry __iar_program_start           #
#                                                                             #
#                                                                             #
###############################################################################

*******************************************************************************
*** RUNTIME MODEL ATTRIBUTES
***

__endian      = little
__thumb_aware = enabled


*******************************************************************************
*** PLACEMENT SUMMARY
***

"A1":  place at mem:0x8000000 { ro section .intvec };
"P1":  place in [from mem:0x8000000 to mem:0x800ffff] { ro };
"P3":  place in [from mem:0x20000010 to mem:0x20005000] {
          rw, block CSTACK, block HEAP };

  Section            Kind        Address    Size  Object
  -------            ----        -------    ----  ------
"A1":                                      0x140
  .intvec            const    0x08000000   0x140  stm32f10x_vector.o [1]
                            - 0x08000140   0x140

"P1":                                     0xd546
  .text              ro code  0x08000140  0x1ace  record_mod.o [1]
  .text              ro code  0x08001c10  0x104e  xprintffull.o [3]
  .text              ro code  0x08002c60   0xbde  usb_core.o [1]
  .text              ro code  0x08003840   0xb3c  app.o [1]
  .text              ro code  0x0800437c   0x9fc  BT816.o [1]
  .text              ro code  0x08004d78   0x818  hw_platform.o [1]
  .text              ro code  0x08005590   0x7f8  os_core.o [1]
  .text              ro code  0x08005d88   0x714  spi_flash.o [1]
  .text              ro code  0x0800649c   0x4d4  record_m.o [1]
  .text              ro code  0x08006970   0x498  rec_ecc.o [1]
  .text              ro code  0x08006e08   0x45c  keypad.o [1]
  .text              ro code  0x08007264   0x44c  usb_prop.o [1]
  .text              ro code  0x080076b0   0x440  usb_scsi.o [1]
  .text              ro code  0x08007af0   0x43c  usb_bot.o [1]
  .rodata            const    0x08007f2c   0x400  crc32.o [1]
  .text              ro code  0x0800832c   0x318  stm32f10x_rcc.o [1]
  .text              ro code  0x08008644   0x304  stm32f10x_it.o [1]
  .text              ro code  0x08008948   0x2dc  HJ5000_scanner.o [1]
  .text              ro code  0x08008c24   0x2bc  DblDiv.o [4]
  .text              ro code  0x08008ee0   0x28e  os_task.o [1]
  .text              ro code  0x08009170   0x28c  usb_regs.o [1]
  .text              ro code  0x080093fc   0x280  TimeBase.o [1]
  .text              ro code  0x0800967c   0x280  os_q.o [1]
  .text              ro code  0x080098fc   0x244  usb_int.o [1]
  .text              ro code  0x08009b40   0x23c  memory.o [1]
  .text              ro code  0x08009d7c   0x1c4  stm32f10x_dma.o [1]
  .text              ro code  0x08009f40   0x1c4  stm32f10x_gpio.o [1]
  .text              ro code  0x0800a104   0x1c4  stm32f10x_usart.o [1]
  .text              ro code  0x0800a2c8   0x1b2  main.o [1]
  .text              ro code  0x0800a47c   0x1aa  stm32f10x_adc.o [1]
  .text              ro code  0x0800a628   0x1a2  DblMul.o [4]
  .rodata            const    0x0800a7cc   0x180  basic_fun.o [1]
  .text              ro code  0x0800a94c   0x17e  DblSub.o [4]
  .text              ro code  0x0800aacc   0x168  os_dbg.o [1]
  .text              ro code  0x0800ac34   0x164  stm32f10x_tim.o [1]
  .text              ro code  0x0800ad98   0x148  basic_fun.o [1]
  .text              ro code  0x0800aee0   0x130  I64DivMod.o [4]
  .text              ro code  0x0800b010   0x124  mass_mal.o [1]
  .text              ro code  0x0800b134   0x11c  os_time.o [1]
  .text              ro code  0x0800b250   0x110  xdscale.o [3]
  .text              ro code  0x0800b360   0x10c  os_cpu_c.o [1]
  .rodata            const    0x0800b46c   0x100  os_core.o [1]
  .rodata            const    0x0800b56c   0x100  rec_ecc.o [1]
  .rodata            const    0x0800b66c   0x100  rec_ecc.o [1]
  .rodata            const    0x0800b76c   0x100  rec_ecc.o [1]
  .text              ro code  0x0800b86c    0xf0  stm32f10x_exti.o [1]
  .text              ro code  0x0800b95c    0xe6  DblAdd.o [4]
  .text              ro code  0x0800ba44    0xe4  Terminal_Para_m.o [1]
  .text              ro code  0x0800bb28    0xd8  hw_config.o [1]
  .text              ro code  0x0800bc00    0xd0  stm32f10x_nvic.o [1]
  .text              ro code  0x0800bcd0    0xbc  xxmemxmalloc.o [3]
  .text              ro code  0x0800bd8c    0xb4  xdnorm.o [3]
  .text              ro code  0x0800be40    0xb0  fflush.o [3]
  CODE               ro code  0x0800bef0    0xa0  os_cpu_a.o [1]
  .text              ro code  0x0800bf90    0x9c  PCUsart.o [1]
  .text              ro code  0x0800c02c    0x9c  usb_istr.o [1]
  .text              ro code  0x0800c0c8    0x8e  packbits_init2.o [4]
  .text              ro code  0x0800c158    0x8c  xsyslock.o [3]
  .text              ro code  0x0800c1e4    0x88  xxmemxfree.o [3]
  .text              ro code  0x0800c26c    0x84  xreportassert.o [3]
  .text              ro code  0x0800c2f0    0x7a  cortexm3_macro.o [1]
  .text              ro code  0x0800c36c    0x7a  stm32f10x_spi.o [1]
  .text              ro code  0x0800c3e8    0x76  os_flag.o [1]
  .text              ro code  0x0800c460    0x70  ABImemcpy.o [4]
  .text              ro code  0x0800c4d0    0x70  cppinit.o [3]
  .text              ro code  0x0800c540    0x66  ABImemset.o [4]
  .text              ro code  0x0800c5a8    0x62  memcmp.o [4]
  .text              ro code  0x0800c60c    0x5c  JMemory.o [1]
  .text              ro code  0x0800c668    0x5c  xencoding_sb.o [3]
  .text              ro code  0x0800c6c4    0x5a  usb_sil.o [1]
  .text              ro code  0x0800c720    0x58  os_sem.o [1]
  .text              ro code  0x0800c778    0x58  memchr.o [4]
  .text              ro code  0x0800c7d0    0x56  DblToI32.o [4]
  .text              ro code  0x0800c828    0x54  usb_mem.o [1]
  .text              ro code  0x0800c87c    0x54  iarwstd.o [5]
  .text              ro code  0x0800c8d0    0x4c  os_mem.o [1]
  .rodata            const    0x0800c91c    0x48  xlocale_c.o [3]
  .rodata            const    0x0800c964    0x44  app.o [1]
  .text              ro code  0x0800c9a8    0x44  stm32f10x_flash.o [1]
  .text              ro code  0x0800c9ec    0x44  strcpy.o [4]
  .text              ro code  0x0800ca30    0x44  xassert.o [3]
  .text              ro code  0x0800ca74    0x42  strcmp.o [4]
  .rodata            const    0x0800cab8    0x40  spi_flash.o [1]
  .rodata            const    0x0800caf8    0x40  usb_desc.o [1]
  .text              ro code  0x0800cb38    0x40  usb_init.o [1]
  .rodata            const    0x0800cb78    0x3c  app.o [1]
  .text              ro code  0x0800cbb4    0x3c  stm32f10x_pwr.o [1]
  .text              ro code  0x0800cbf0    0x3c  usb_pwr.o [1]
  .text              ro code  0x0800cc2c    0x36  strlen.o [4]
  .text              ro code  0x0800cc64    0x34  usb_endp.o [1]
  .rodata            const    0x0800cc98    0x30  xreportassert.o [3]
  .text              ro code  0x0800ccc8    0x30  MtxWrapper.o [3]
  .text              ro code  0x0800ccf8    0x2e  DblCmpLe.o [4]
  .text              ro code  0x0800cd28    0x2e  DblCmpGe.o [4]
  .text              ro code  0x0800cd58    0x2e  I32ToDbl.o [4]
  .rodata            const    0x0800cd88    0x2c  app.o [1]
  .rodata            const    0x0800cdb4    0x28  hw_platform.o [1]
  .rodata            const    0x0800cddc    0x28  usb_desc.o [1]
  .text              ro code  0x0800ce04    0x28  crc32.o [1]
  .text              ro code  0x0800ce2c    0x28  xgetmemchunk.o [3]
  .rodata            const    0x0800ce54    0x24  usb_desc.o [1]
  .text              ro code  0x0800ce78    0x24  data_uart.o [1]
  .iar.init_table    const    0x0800ce9c    0x2c  - Linker created -
  .rodata            const    0x0800cec8    0x20  BT816.o [1]
  .rodata            const    0x0800cee8    0x20  app.o [1]
  .rodata            const    0x0800cf08    0x20  app.o [1]
  .rodata            const    0x0800cf28    0x20  usb_desc.o [1]
  .rodata            const    0x0800cf48    0x20  usb_desc.o [1]
  .text              ro code  0x0800cf68    0x20  printf.o [3]
  .text              ro code  0x0800cf88    0x20  xmbtowc.o [3]
  .text              ro code  0x0800cfa8    0x20  iarwrite.o [5]
  .text              ro code  0x0800cfc8    0x1e  dwrite.o [5]
  .rodata            const    0x0800cfe8    0x1c  app.o [1]
  .text              ro code  0x0800d004    0x1c  data_init2.o [4]
  .text              ro code  0x0800d020    0x1a  xwctomb.o [3]
  .text              ro code  0x0800d03a    0x1a  zero_init2.o [4]
  .rodata            const    0x0800d054    0x18  app.o [1]
  .rodata            const    0x0800d06c    0x18  app.o [1]
  .rodata            const    0x0800d084    0x18  stm32f10x_it.o [1]
  .text              ro code  0x0800d09c    0x18  cmain.o [4]
  .text              ro code  0x0800d0b4    0x16  strchr.o [4]
  .text              ro code  0x0800d0ca    0x16  xprout.o [3]
  .rodata            const    0x0800d0e0    0x14  hw_platform.o [1]
  .rodata            const    0x0800d0f4    0x14  hw_platform.o [1]
  .rodata            const    0x0800d108    0x14  hw_platform.o [1]
  .rodata            const    0x0800d11c    0x14  hw_platform.o [1]
  .rodata            const    0x0800d130    0x14  usb_desc.o [1]
  .rodata            const    0x0800d144    0x14  usb_desc.o [1]
  .text              ro code  0x0800d158    0x14  exit.o [5]
  .text              ro code  0x0800d16c    0x14  localeconv.o [3]
  .text              ro code  0x0800d180    0x14  setlocale.o [3]
  .text              ro code  0x0800d194    0x14  HJ5000_scanner.o [1]
  CODE               ro code  0x0800d1a8    0x12  hardfault_isr_handle_a.o [1]
  .rodata            const    0x0800d1bc    0x10  BT816.o [1]
  .rodata            const    0x0800d1cc    0x10  BT816.o [1]
  .rodata            const    0x0800d1dc    0x10  BT816.o [1]
  .rodata            const    0x0800d1ec    0x10  BT816.o [1]
  .rodata            const    0x0800d1fc    0x10  BT816.o [1]
  .rodata            const    0x0800d20c    0x10  stm32f10x_rcc.o [1]
  .rodata            const    0x0800d21c    0x10  xprintffull.o [3]
  .text              ro code  0x0800d22c    0x10  write.o [5]
  .text              ro code  0x0800d23c     0xe  cexit.o [4]
  .text              ro code  0x0800d24a     0xe  BT816.o [1]
  .text              ro code  0x0800d258     0xe  div.o [3]
  .rodata            const    0x0800d268     0xc  BT816.o [1]
  .rodata            const    0x0800d274     0xc  BT816.o [1]
  .rodata            const    0x0800d280     0xc  BT816.o [1]
  .rodata            const    0x0800d28c     0xc  BT816.o [1]
  .rodata            const    0x0800d298     0xc  BT816.o [1]
  .rodata            const    0x0800d2a4     0xc  BT816.o [1]
  .rodata            const    0x0800d2b0     0xc  BT816.o [1]
  .rodata            const    0x0800d2bc     0xc  BT816.o [1]
  .rodata            const    0x0800d2c8     0xc  app.o [1]
  .rodata            const    0x0800d2d4     0xc  hw_platform.o [1]
  .rodata            const    0x0800d2e0     0xc  stm32f10x_it.o [1]
  .rodata            const    0x0800d2ec     0xc  stm32f10x_it.o [1]
  .rodata            const    0x0800d2f8     0xc  stm32f10x_it.o [1]
  .rodata            const    0x0800d304     0xc  stm32f10x_it.o [1]
  .rodata            const    0x0800d310     0xc  stm32f10x_it.o [1]
  .rodata            const    0x0800d31c     0xc  stm32f10x_it.o [1]
  .rodata            const    0x0800d328     0xc  stm32f10x_it.o [1]
  .rodata            const    0x0800d334     0xc  stm32f10x_it.o [1]
  .rodata            const    0x0800d340     0xc  stm32f10x_it.o [1]
  .rodata            const    0x0800d34c     0xc  stm32f10x_it.o [1]
  .rodata            const    0x0800d358     0xc  stm32f10x_it.o [1]
  .rodata            const    0x0800d364     0xc  stm32f10x_it.o [1]
  .rodata            const    0x0800d370     0xc  stm32f10x_it.o [1]
  .text              ro code  0x0800d37c     0xc  putchar.o [3]
  .text              ro code  0x0800d388     0xa  xmbcurmax.o [3]
  .rodata            const    0x0800d394     0x8  BT816.o [1]
  .rodata            const    0x0800d39c     0x8  BT816.o [1]
  .rodata            const    0x0800d3a4     0x8  BT816.o [1]
  .rodata            const    0x0800d3ac     0x8  BT816.o [1]
  .rodata            const    0x0800d3b4     0x8  xprintffull.o [3]
  .rodata            const    0x0800d3bc     0x8  localeconv.o [3]
  .rodata            const    0x0800d3c4     0x8  localeconv.o [3]
  .rodata            const    0x0800d3cc     0x8  xencoding_sb.o [3]
  .rodata            const    0x0800d3d4     0x8  xencoding_sb.o [3]
  .rodata            const    0x0800d3dc     0x8  xlocale_c.o [3]
  .rodata            const    0x0800d3e4     0x8  xlocale_c.o [3]
  .text              ro code  0x0800d3ec     0x8  abort.o [3]
  .text              ro code  0x0800d3f4     0x6  exit.o [3]
  .rodata            const    0x0800d3fc     0x4  os_dbg.o [1]
  .rodata            const    0x0800d400     0x4  stm32f10x_rcc.o [1]
  .rodata            const    0x0800d404     0x4  usb_desc.o [1]
  .text              ro code  0x0800d408     0x2  I64DivZer.o [4]
  .text              ro code  0x0800d40a     0x4  low_level_init.o [3]
  .rodata            const    0x0800d40e     0x2  os_dbg.o [1]
  .rodata            const    0x0800d410     0x2  os_dbg.o [1]
  .rodata            const    0x0800d412     0x2  os_dbg.o [1]
  .rodata            const    0x0800d414     0x2  os_dbg.o [1]
  .rodata            const    0x0800d416     0x2  os_dbg.o [1]
  .rodata            const    0x0800d418     0x2  os_dbg.o [1]
  .rodata            const    0x0800d41a     0x2  os_dbg.o [1]
  .rodata            const    0x0800d41c     0x2  os_dbg.o [1]
  .rodata            const    0x0800d41e     0x2  os_dbg.o [1]
  .rodata            const    0x0800d420     0x2  os_dbg.o [1]
  .rodata            const    0x0800d422     0x2  os_dbg.o [1]
  .rodata            const    0x0800d424     0x2  os_dbg.o [1]
  .rodata            const    0x0800d426     0x2  os_dbg.o [1]
  .rodata            const    0x0800d428     0x2  os_dbg.o [1]
  .rodata            const    0x0800d42a     0x2  os_dbg.o [1]
  .rodata            const    0x0800d42c     0x2  os_dbg.o [1]
  .rodata            const    0x0800d42e     0x2  os_dbg.o [1]
  .rodata            const    0x0800d430     0x2  os_dbg.o [1]
  .rodata            const    0x0800d432     0x2  os_dbg.o [1]
  .rodata            const    0x0800d434     0x2  os_dbg.o [1]
  .rodata            const    0x0800d436     0x2  os_dbg.o [1]
  .rodata            const    0x0800d438     0x2  os_dbg.o [1]
  .rodata            const    0x0800d43a     0x2  os_dbg.o [1]
  .rodata            const    0x0800d43c     0x2  os_dbg.o [1]
  .rodata            const    0x0800d43e     0x2  os_dbg.o [1]
  .rodata            const    0x0800d440     0x2  os_dbg.o [1]
  .rodata            const    0x0800d442     0x2  os_dbg.o [1]
  .rodata            const    0x0800d444     0x2  os_dbg.o [1]
  .rodata            const    0x0800d446     0x2  os_dbg.o [1]
  .rodata            const    0x0800d448     0x2  os_dbg.o [1]
  .rodata            const    0x0800d44a     0x2  os_dbg.o [1]
  .rodata            const    0x0800d44c     0x2  os_dbg.o [1]
  .rodata            const    0x0800d44e     0x2  os_dbg.o [1]
  .rodata            const    0x0800d450     0x2  os_dbg.o [1]
  .rodata            const    0x0800d452     0x2  os_dbg.o [1]
  .rodata            const    0x0800d454     0x2  os_dbg.o [1]
  .rodata            const    0x0800d456     0x2  os_dbg.o [1]
  .rodata            const    0x0800d458     0x2  os_dbg.o [1]
  .rodata            const    0x0800d45a     0x2  os_dbg.o [1]
  .rodata            const    0x0800d45c     0x2  os_dbg.o [1]
  .rodata            const    0x0800d45e     0x2  os_dbg.o [1]
  .rodata            const    0x0800d460     0x2  os_dbg.o [1]
  .rodata            const    0x0800d462     0x2  os_dbg.o [1]
  .rodata            const    0x0800d464     0x2  os_dbg.o [1]
  .rodata            const    0x0800d466     0x2  localeconv.o [3]
  .rodata            const    0x0800d468     0x2  xlocale_c.o [3]
  .rodata            const    0x0800d46a     0x1  localeconv.o [3]
  .rodata            const    0x0800d46b     0x1  setlocale.o [3]
  .rodata            const    0x0800d46c     0x1  xlocale_c.o [3]
  Initializer bytes  ro data  0x0800d46d   0x219  <for P3 s0>
                            - 0x0800d686  0xd546

"P3", part 1 of 3:                         0xde0
  CSTACK                      0x20000010   0x800  <Block>
    CSTACK           uninit   0x20000010   0x800  <Block tail>
  HEAP                        0x20000810   0x400  <Block>
    HEAP             uninit   0x20000810   0x400  <Block tail>
  .iar.dynexit                0x20000c10   0x1e0  <Block>
    .iar.dynexit     uninit   0x20000c10     0xc  cppinit.o [3]
    .iar.dynexit     uninit   0x20000c1c   0x1d4  <Block tail>
                            - 0x20000df0   0xde0

"P3", part 2 of 3:                        0x37c4
  .bss               zero     0x20000df0  0x1000  spi_flash.o [1]
  .bss               zero     0x20001df0   0x800  memory.o [1]
  .bss               zero     0x200025f0   0x590  app.o [1]
  .bss               zero     0x20002b80   0x4d0  app.o [1]
  .bss               zero     0x20003050   0x39c  os_core.o [1]
  .bss               zero     0x200033ec   0x200  app.o [1]
  .bss               zero     0x200035ec   0x200  app.o [1]
  .bss               zero     0x200037ec   0x200  os_core.o [1]
  .bss               zero     0x200039ec   0x190  JMemory.o [1]
  .bss               zero     0x20003b7c   0x100  BT816.o [1]
  .bss               zero     0x20003c7c   0x100  os_core.o [1]
  .bss               zero     0x20003d7c   0x100  record_mod.o [1]
  .bss               zero     0x20003e7c    0x8c  os_core.o [1]
  .bss               zero     0x20003f08    0x8c  os_core.o [1]
  .bss               zero     0x20003f94    0x80  HJ5000_scanner.o [1]
  .bss               zero     0x20004014    0x60  os_core.o [1]
  .bss               zero     0x20004074    0x54  app.o [1]
  .bss               zero     0x200040c8    0x54  app.o [1]
  .bss               zero     0x2000411c    0x54  record_m.o [1]
  .bss               zero     0x20004170    0x50  os_core.o [1]
  .bss               zero     0x200041c0    0x50  xfiles.o [3]
  .bss               zero     0x20004210    0x50  xfiles.o [3]
  .bss               zero     0x20004260    0x40  usb_bot.o [1]
  .bss               zero     0x200042a0    0x3c  app.o [1]
  .bss               zero     0x200042dc    0x2c  record_mod.o [1]
  .bss               zero     0x20004308    0x20  BT816.o [1]
  .bss               zero     0x20004328    0x20  HJ5000_scanner.o [1]
  .bss               zero     0x20004348    0x20  Terminal_Para_m.o [1]
  .bss               zero     0x20004368    0x20  app.o [1]
  .bss               zero     0x20004388    0x20  usb_bot.o [1]
  .bss               zero     0x200043a8    0x1c  usb_init.o [1]
  .bss               zero     0x200043c4    0x14  os_cpu_c.o [1]
  .bss               zero     0x200043d8    0x14  xsyslock.o [3]
  .bss               zero     0x200043ec    0x10  BT816.o [1]
  .bss               zero     0x200043fc    0x10  hw_platform.o [1]
  .bss               zero     0x2000440c    0x10  record_mod.o [1]
  .bss               zero     0x2000441c    0x10  usb_bot.o [1]
  .bss               zero     0x2000442c     0xc  BT816.o [1]
  .bss               zero     0x20004438     0xc  BT816.o [1]
  .bss               zero     0x20004444     0xc  HJ5000_scanner.o [1]
  .bss               zero     0x20004450     0x8  TimeBase.o [1]
  .bss               zero     0x20004458     0x8  mass_mal.o [1]
  .bss               zero     0x20004460     0x8  mass_mal.o [1]
  .bss               zero     0x20004468     0x8  mass_mal.o [1]
  .bss               zero     0x20004470     0x8  os_core.o [1]
  .bss               zero     0x20004478     0x8  scsi_data.o [1]
  .bss               zero     0x20004480     0x8  scsi_data.o [1]
  .bss               zero     0x20004488     0x8  xxmemxmalloc.o [3]
  .bss               zero     0x20004490     0x4  HJ5000_scanner.o [1]
  .bss               zero     0x20004494     0x4  HJ5000_scanner.o [1]
  .bss               zero     0x20004498     0x4  app.o [1]
  .bss               zero     0x2000449c     0x4  app.o [1]
  .bss               zero     0x200044a0     0x4  app.o [1]
  .bss               zero     0x200044a4     0x4  app.o [1]
  .bss               zero     0x200044a8     0x4  app.o [1]
  .bss               zero     0x200044ac     0x4  app.o [1]
  .bss               zero     0x200044b0     0x4  app.o [1]
  .bss               zero     0x200044b4     0x4  hw_platform.o [1]
  .bss               zero     0x200044b8     0x4  hw_platform.o [1]
  .bss               zero     0x200044bc     0x4  hw_platform.o [1]
  .bss               zero     0x200044c0     0x4  keypad.o [1]
  .bss               zero     0x200044c4     0x4  keypad.o [1]
  .bss               zero     0x200044c8     0x4  mass_mal.o [1]
  .bss               zero     0x200044cc     0x4  memory.o [1]
  .bss               zero     0x200044d0     0x4  memory.o [1]
  .bss               zero     0x200044d4     0x4  memory.o [1]
  .bss               zero     0x200044d8     0x4  memory.o [1]
  .bss               zero     0x200044dc     0x4  memory.o [1]
  .bss               zero     0x200044e0     0x4  memory.o [1]
  .bss               zero     0x200044e4     0x4  memory.o [1]
  .bss               zero     0x200044e8     0x4  memory.o [1]
  .bss               zero     0x200044ec     0x4  os_core.o [1]
  .bss               zero     0x200044f0     0x4  os_core.o [1]
  .bss               zero     0x200044f4     0x4  os_core.o [1]
  .bss               zero     0x200044f8     0x4  os_core.o [1]
  .bss               zero     0x200044fc     0x4  os_core.o [1]
  .bss               zero     0x20004500     0x4  os_core.o [1]
  .bss               zero     0x20004504     0x4  os_core.o [1]
  .bss               zero     0x20004508     0x4  os_core.o [1]
  .bss               zero     0x2000450c     0x4  os_core.o [1]
  .bss               zero     0x20004510     0x4  os_core.o [1]
  .bss               zero     0x20004514     0x4  os_core.o [1]
  .bss               zero     0x20004518     0x4  record_m.o [1]
  .bss               zero     0x2000451c     0x4  record_m.o [1]
  .bss               zero     0x20004520     0x4  record_m.o [1]
  .bss               zero     0x20004524     0x4  record_m.o [1]
  .bss               zero     0x20004528     0x4  record_mod.o [1]
  .bss               zero     0x2000452c     0x4  record_mod.o [1]
  .bss               zero     0x20004530     0x4  record_mod.o [1]
  .bss               zero     0x20004534     0x4  record_mod.o [1]
  .bss               zero     0x20004538     0x4  spi_flash.o [1]
  .bss               zero     0x2000453c     0x4  spi_flash.o [1]
  .bss               zero     0x20004540     0x4  spi_flash.o [1]
  .bss               zero     0x20004544     0x4  spi_flash.o [1]
  .bss               zero     0x20004548     0x4  usb_bot.o [1]
  .bss               zero     0x2000454c     0x4  usb_bot.o [1]
  .bss               zero     0x20004550     0x4  usb_core.o [1]
  .bss               zero     0x20004554     0x4  usb_endp.o [1]
  .bss               zero     0x20004558     0x4  usb_init.o [1]
  .bss               zero     0x2000455c     0x4  usb_init.o [1]
  .bss               zero     0x20004560     0x4  usb_init.o [1]
  .bss               zero     0x20004564     0x4  usb_prop.o [1]
  .bss               zero     0x20004568     0x4  usb_prop.o [1]
  .bss               zero     0x2000456c     0x4  usb_prop.o [1]
  .bss               zero     0x20004570     0x4  usb_pwr.o [1]
  .bss               zero     0x20004574     0x4  xgetmemchunk.o [3]
  .bss               zero     0x20004578     0x4  MtxWrapper.o [3]
  .bss               zero     0x2000457c     0x4  MtxWrapper.o [3]
  .bss               zero     0x20004580     0x4  MtxWrapper.o [3]
  .bss               zero     0x20004584     0x4  MtxWrapper.o [3]
  .bss               zero     0x20004588     0x4  iarwstd.o [5]
  .bss               zero     0x2000458c     0x2  usb_bot.o [1]
  .bss               zero     0x2000458e     0x2  usb_init.o [1]
  .bss               zero     0x20004590     0x2  usb_int.o [1]
  .bss               zero     0x20004592     0x2  usb_int.o [1]
  .bss               zero     0x20004594     0x2  usb_istr.o [1]
  .bss               zero     0x20004596     0x1  BT816.o [1]
  .bss               zero     0x20004597     0x1  PCUsart.o [1]
  .bss               zero     0x20004598     0x1  Terminal_Para_m.o [1]
  .bss               zero     0x20004599     0x1  app.o [1]
  .bss               zero     0x2000459a     0x1  app.o [1]
  .bss               zero     0x2000459b     0x1  hw_config.o [1]
  .bss               zero     0x2000459c     0x1  hw_platform.o [1]
  .bss               zero     0x2000459d     0x1  keypad.o [1]
  .bss               zero     0x2000459e     0x1  keypad.o [1]
  .bss               zero     0x2000459f     0x1  keypad.o [1]
  .bss               zero     0x200045a0     0x1  main.o [1]
  .bss               zero     0x200045a1     0x1  memory.o [1]
  .bss               zero     0x200045a2     0x1  os_core.o [1]
  .bss               zero     0x200045a3     0x1  os_core.o [1]
  .bss               zero     0x200045a4     0x1  os_core.o [1]
  .bss               zero     0x200045a5     0x1  os_core.o [1]
  .bss               zero     0x200045a6     0x1  os_core.o [1]
  .bss               zero     0x200045a7     0x1  os_core.o [1]
  .bss               zero     0x200045a8     0x1  os_core.o [1]
  .bss               zero     0x200045a9     0x1  os_core.o [1]
  .bss               zero     0x200045aa     0x1  record_mod.o [1]
  .bss               zero     0x200045ab     0x1  record_mod.o [1]
  .bss               zero     0x200045ac     0x1  spi_flash.o [1]
  .bss               zero     0x200045ad     0x1  usb_bot.o [1]
  .bss               zero     0x200045ae     0x1  usb_core.o [1]
  .bss               zero     0x200045af     0x1  usb_init.o [1]
  .bss               zero     0x200045b0     0x1  usb_istr.o [1]
                            - 0x200045b1  0x37c1

"P3", part 3 of 3:                         0x324
  P3 s0                       0x200045b4   0x324  <Init block>
    .data            inited   0x200045b4    0x84  setlocale.o [3]
    .data            inited   0x20004638    0x4c  localeconv.o [3]
    .data            inited   0x20004684    0x40  xfiles.o [3]
    .data            inited   0x200046c4    0x40  xfiles.o [3]
    .data            inited   0x20004704    0x40  xfiles.o [3]
    .data            inited   0x20004744    0x30  usb_prop.o [1]
    .data            inited   0x20004774    0x24  scsi_data.o [1]
    .data            inited   0x20004798    0x24  scsi_data.o [1]
    .data            inited   0x200047bc    0x24  usb_prop.o [1]
    .data            inited   0x200047e0    0x20  usb_prop.o [1]
    .data            inited   0x20004800    0x20  xfiles.o [3]
    .data            inited   0x20004820    0x1c  usb_desc.o [1]
    .data            inited   0x2000483c    0x1c  usb_istr.o [1]
    .data            inited   0x20004858    0x1c  usb_istr.o [1]
    .data            inited   0x20004874    0x14  scsi_data.o [1]
    .data            inited   0x20004888    0x10  usb_prop.o [1]
    .data            inited   0x20004898    0x10  usb_prop.o [1]
    .data            inited   0x200048a8     0xc  scsi_data.o [1]
    .data            inited   0x200048b4     0x8  scsi_data.o [1]
    .data            inited   0x200048bc     0x8  usb_prop.o [1]
    .data            inited   0x200048c4     0x8  usb_prop.o [1]
    .data            inited   0x200048cc     0x4  scsi_data.o [1]
    .data            inited   0x200048d0     0x4  usb_prop.o [1]
    .data            inited   0x200048d4     0x4  cppinit.o [3]
                            - 0x200048d8   0x324


*******************************************************************************
*** INIT TABLE
***

          Address     Size
          -------     ----
Zero (__iar_zero_init2)
    1 destination range, total size 0x37c1:
          0x20000df0  0x37c1

Copy/packbits (__iar_packbits_init2)
    1 source range, total size 0x219 (66% of destination):
           0x800d46d   0x219
    1 destination range, total size 0x324:
          0x200045b4   0x324


*******************************************************************************
*** MODULE SUMMARY
***

    Module                    ro code  ro data  rw data
    ------                    -------  -------  -------
E:\H520B\FW\src\Project\EWARMv5\Debug\Obj: [1]
    BT816.o                     2 570      240      329
    HJ5000_scanner.o              752               180
    JMemory.o                      92               400
    PCUsart.o                     156                 1
    Terminal_Para_m.o             228                33
    TimeBase.o                    640                 8
    app.o                       2 876      324    3 970
    basic_fun.o                   328      384
    cortexm3_macro.o              122
    crc32.o                        40    1 024
    data_uart.o                    36
    hardfault_isr_handle_a.o       18
    hw_config.o                   216                 1
    hw_platform.o               2 072      132       29
    keypad.o                    1 116                11
    main.o                        434                 1
    mass_mal.o                    292                28
    memory.o                      572             2 081
    os_core.o                   2 040      256    2 208
    os_cpu_a.o                    160
    os_cpu_c.o                    268                20
    os_dbg.o                      360       92
    os_flag.o                     118
    os_mem.o                       76
    os_q.o                        640
    os_sem.o                       88
    os_task.o                     654
    os_time.o                     284
    rec_ecc.o                   1 176      768
    record_m.o                  1 236               100
    record_mod.o                6 862               334
    scsi_data.o                             78      132
    spi_flash.o                 1 812       64    4 113
    stm32f10x_adc.o               426
    stm32f10x_dma.o               452
    stm32f10x_exti.o              240
    stm32f10x_flash.o              68
    stm32f10x_gpio.o              452
    stm32f10x_it.o                772      180
    stm32f10x_nvic.o              208
    stm32f10x_pwr.o                60
    stm32f10x_rcc.o               792       20
    stm32f10x_spi.o               122
    stm32f10x_tim.o               356
    stm32f10x_usart.o             452
    stm32f10x_vector.o                     320
    usb_bot.o                   1 084               123
    usb_core.o                  3 038                 5
    usb_desc.o                             266       28
    usb_endp.o                     52                 4
    usb_init.o                     64                43
    usb_int.o                     580                 4
    usb_istr.o                    156       38       59
    usb_mem.o                      84
    usb_prop.o                  1 100      111      180
    usb_pwr.o                      60                 4
    usb_regs.o                    652
    usb_scsi.o                  1 088
    usb_sil.o                      90
    ---------------------------------------------------
    Total:                     40 782    4 297   14 429

command line: [2]
    ---------------------------------------------------
    Total:

dl7M_tl_if.a: [3]
    MtxWrapper.o                   48                16
    abort.o                         8
    cppinit.o                     112        3       16
    div.o                          14
    exit.o                          6
    fflush.o                      176
    localeconv.o                   20       69       76
    low_level_init.o                4
    printf.o                       32
    putchar.o                      12
    setlocale.o                    20       89      132
    xassert.o                      68
    xdnorm.o                      180
    xdscale.o                     272
    xencoding_sb.o                 92       16
    xfiles.o                               151      384
    xgetmemchunk.o                 40                 4
    xlocale_c.o                             91
    xmbcurmax.o                    10
    xmbtowc.o                      32
    xprintffull.o               4 174       24
    xprout.o                       22
    xreportassert.o               132       48
    xsyslock.o                    140                20
    xwctomb.o                      26
    xxmemxfree.o                  136
    xxmemxmalloc.o                188                 8
    ---------------------------------------------------
    Total:                      5 964      491      656

rt7M_tl.a: [4]
    ABImemcpy.o                   112
    ABImemset.o                   102
    DblAdd.o                      230
    DblCmpGe.o                     46
    DblCmpLe.o                     46
    DblDiv.o                      700
    DblMul.o                      418
    DblSub.o                      382
    DblToI32.o                     86
    I32ToDbl.o                     46
    I64DivMod.o                   304
    I64DivZer.o                     2
    cexit.o                        14
    cmain.o                        24
    data_init2.o                   28
    memchr.o                       88
    memcmp.o                       98
    packbits_init2.o              142
    strchr.o                       22
    strcmp.o                       66
    strcpy.o                       68
    strlen.o                       54
    zero_init2.o                   26
    ---------------------------------------------------
    Total:                      3 104

shb_l.a: [5]
    dwrite.o                       30
    exit.o                         20
    iarwrite.o                     32
    iarwstd.o                      84                 4
    write.o                        16
    ---------------------------------------------------
    Total:                        182                 4

    Gaps                           38       16
    Linker created                          44    3 540
-------------------------------------------------------
    Grand Total:               50 070    4 848   18 629


*******************************************************************************
*** ENTRY LIST
***

Entry                      Address    Size  Type      Object
-----                      -------    ----  ----      ------
.iar.dynexit$$Base      0x20000c10           --   Gb  - Linker created -
.iar.dynexit$$Limit     0x20000df0           --   Gb  - Linker created -
ADC1_2_IRQHandler       0x080087fd     0x2  Code  Gb  stm32f10x_it.o [1]
ADC3_IRQHandler         0x0800892f     0x2  Code  Gb  stm32f10x_it.o [1]
ADCPrescTable           0x0800d400     0x4  Data  Lc  stm32f10x_rcc.o [1]
ADC_Cmd                 0x0800a4cd    0x1a  Code  Gb  stm32f10x_adc.o [1]
ADC_GetCalibrationStatus
                        0x0800a513    0x18  Code  Gb  stm32f10x_adc.o [1]
ADC_GetConversionValue  0x0800a61f     0x6  Code  Gb  stm32f10x_adc.o [1]
ADC_GetResetCalibrationStatus
                        0x0800a4f1    0x18  Code  Gb  stm32f10x_adc.o [1]
ADC_Init                0x0800a47d    0x50  Code  Gb  stm32f10x_adc.o [1]
ADC_Module_Init         0x08004d79    0x9a  Code  Lc  hw_platform.o [1]
ADC_RegularChannelConfig
                        0x0800a545    0xda  Code  Gb  stm32f10x_adc.o [1]
ADC_ResetCalibration    0x0800a4e7     0xa  Code  Gb  stm32f10x_adc.o [1]
ADC_SoftwareStartConvCmd
                        0x0800a52b    0x1a  Code  Gb  stm32f10x_adc.o [1]
ADC_StartCalibration    0x0800a509     0xa  Code  Gb  stm32f10x_adc.o [1]
APBAHBPrescTable        0x0800d20c    0x10  Data  Lc  stm32f10x_rcc.o [1]
BT816_GPIO_config       0x0800437d   0x180  Code  Lc  BT816.o [1]
BT816_NVIC_config       0x080044fd    0x72  Code  Lc  BT816.o [1]
BT816_Reset             0x08004711   0x120  Code  Gb  BT816.o [1]
BT816_RxISRHandler      0x080045e7    0xaa  Code  Gb  BT816.o [1]
BT816_enter_pair_mode   0x08004965    0x20  Code  Gb  BT816.o [1]
BT816_enter_sleep       0x08004bf9    0x14  Code  Gb  BT816.o [1]
BT816_hid_connect_last_host
                        0x08004a4d    0x20  Code  Gb  BT816.o [1]
BT816_hid_disconnect    0x08004a6d    0x20  Code  Gb  BT816.o [1]
BT816_hid_send          0x08004aad    0xc8  Code  Gb  BT816.o [1]
BT816_hid_set_delay     0x08004bb5    0x44  Code  Gb  BT816.o [1]
BT816_hid_status        0x08004a15    0x36  Code  Gb  BT816.o [1]
BT816_init              0x08004c39   0x134  Code  Gb  BT816.o [1]
BT816_power_state       0x20004596     0x1  Data  Lc  BT816.o [1]
BT816_query_name        0x08004835    0xac  Code  Gb  BT816.o [1]
BT816_recbuffer         0x20003b7c   0x100  Data  Gb  BT816.o [1]
BT816_res               0x2000442c     0xc  Data  Gb  BT816.o [1]
BT816_reset_resVar      0x080045cd    0x1a  Code  Lc  BT816.o [1]
BT816_send_buff         0x20004308    0x20  Data  Lc  BT816.o [1]
BT816_set_autocon       0x08004b75    0x40  Code  Gb  BT816.o [1]
BT816_set_hid_trans_mode
                        0x08004985    0x40  Code  Gb  BT816.o [1]
BT816_set_name          0x080048e1    0x7c  Code  Gb  BT816.o [1]
BT816_set_profile       0x080049c5    0x50  Code  Gb  BT816.o [1]
BT816_toggle_ioskeypad  0x08004a8d    0x20  Code  Gb  BT816.o [1]
BT816_wakeup            0x08004c0d    0x28  Code  Gb  BT816.o [1]
BT816_write_cmd         0x08004691    0x80  Code  Lc  BT816.o [1]
BT_Daemon_thread        0x08004101    0x9c  Code  Gb  app.o [1]
Block_Read_count        0x200044cc     0x4  Data  Gb  memory.o [1]
Block_offset            0x200044d0     0x4  Data  Gb  memory.o [1]
Bot_Abort               0x08007ef1    0x3c  Code  Gb  usb_bot.o [1]
Bot_State               0x200045ad     0x1  Data  Gb  usb_bot.o [1]
Bulk_Data_Buff          0x20004260    0x40  Data  Gb  usb_bot.o [1]
BusFaultException       0x08008737     0x2  Code  Gb  stm32f10x_it.o [1]
ByteSwap                0x080093ed    0x10  Code  Gb  usb_regs.o [1]
CAN_RX1_IRQHandler      0x08008809     0x2  Code  Gb  stm32f10x_it.o [1]
CAN_SCE_IRQHandler      0x0800880b     0x2  Code  Gb  stm32f10x_it.o [1]
CBW                     0x20004388    0x20  Data  Gb  usb_bot.o [1]
CBW_Decode              0x08007bd1   0x298  Code  Gb  usb_bot.o [1]
CSTACK$$Base            0x20000010           --   Gb  - Linker created -
CSTACK$$Limit           0x20000810           --   Gb  - Linker created -
CSW                     0x2000441c    0x10  Data  Gb  usb_bot.o [1]
CTR_LP                  0x080098fd   0x22c  Code  Gb  usb_int.o [1]
ClearDTOG_RX            0x0800928d    0x32  Code  Gb  usb_regs.o [1]
ClearDTOG_TX            0x080092bf    0x32  Code  Gb  usb_regs.o [1]
Clear_Status_Out        0x08009269    0x24  Code  Gb  usb_regs.o [1]
Config_Descriptor       0x20004898    0x10  Data  Gb  usb_prop.o [1]
Counter                 0x200044d4     0x4  Data  Gb  memory.o [1]
DMA1_Channel1_IRQHandler
                        0x080087c3     0x2  Code  Gb  stm32f10x_it.o [1]
DMA1_Channel2_IRQHandler
                        0x080087c5     0x2  Code  Gb  stm32f10x_it.o [1]
DMA1_Channel3_IRQHandler
                        0x080087c7     0x2  Code  Gb  stm32f10x_it.o [1]
DMA1_Channel4_IRQHandler
                        0x080087c9     0x2  Code  Gb  stm32f10x_it.o [1]
DMA1_Channel5_IRQHandler
                        0x080087cb     0x2  Code  Gb  stm32f10x_it.o [1]
DMA1_Channel6_IRQHandler
                        0x080087cd     0x2  Code  Gb  stm32f10x_it.o [1]
DMA1_Channel7_IRQHandler
                        0x080087d1    0x2c  Code  Gb  stm32f10x_it.o [1]
DMA2_Channel1_IRQHandler
                        0x08008941     0x2  Code  Gb  stm32f10x_it.o [1]
DMA2_Channel2_IRQHandler
                        0x08008943     0x2  Code  Gb  stm32f10x_it.o [1]
DMA2_Channel3_IRQHandler
                        0x08008945     0x2  Code  Gb  stm32f10x_it.o [1]
DMA2_Channel4_5_IRQHandler
                        0x08008947     0x2  Code  Gb  stm32f10x_it.o [1]
DMA_ClearFlag           0x08009ef9    0x12  Code  Gb  stm32f10x_dma.o [1]
DMA_Cmd                 0x08009ec1    0x1a  Code  Gb  stm32f10x_dma.o [1]
DMA_DeInit              0x08009d7d   0x100  Code  Gb  stm32f10x_dma.o [1]
DMA_GetCurrDataCounter  0x08009ef3     0x6  Code  Gb  stm32f10x_dma.o [1]
DMA_GetITStatus         0x08009f0b    0x26  Code  Gb  stm32f10x_dma.o [1]
DMA_ITConfig            0x08009edb    0x18  Code  Gb  stm32f10x_dma.o [1]
DMA_Init                0x08009e7d    0x44  Code  Gb  stm32f10x_dma.o [1]
DataStageIn             0x0800319b    0xb6  Code  Lc  usb_core.o [1]
DataStageOut            0x080030e3    0xb8  Code  Lc  usb_core.o [1]
Data_Buffer             0x20001df0   0x800  Data  Gb  memory.o [1]
Data_Len                0x2000458c     0x2  Data  Gb  usb_bot.o [1]
Data_Mul_MaxPacketSize  0x200045ae     0x1  Data  Gb  usb_core.o [1]
Data_Setup0             0x080033ad   0x294  Code  Lc  usb_core.o [1]
DebugMonitor            0x0800873b     0x2  Code  Gb  stm32f10x_it.o [1]
DefaultTerminalPara     0x0800baed    0x36  Code  Gb  Terminal_Para_m.o [1]
Device_Descriptor       0x20004888    0x10  Data  Gb  usb_prop.o [1]
Device_Info             0x200043a8    0x1c  Data  Gb  usb_init.o [1]
Device_Property         0x20004744    0x30  Data  Gb  usb_prop.o [1]
Device_Table            0x200048d0     0x4  Data  Gb  usb_prop.o [1]
DtorRecArray            0x20000c10     0xc  Data  Lc  cppinit.o [3]
EP1_IN_Callback         0x0800cc79    0x1c  Code  Gb  usb_endp.o [1]
EP2_OUT_Callback        0x0800cc67    0x10  Code  Gb  usb_endp.o [1]
EP3_OUT_Callback        0x0800cc65     0x2  Code  Gb  usb_endp.o [1]
EPindex                 0x200045af     0x1  Data  Gb  usb_init.o [1]
EXTI0_IRQHandler        0x0800874b    0x22  Code  Gb  stm32f10x_it.o [1]
EXTI15_10_IRQHandler    0x08008921     0x2  Code  Gb  stm32f10x_it.o [1]
EXTI1_IRQHandler        0x0800876d    0x30  Code  Gb  stm32f10x_it.o [1]
EXTI2_IRQHandler        0x0800879d     0x2  Code  Gb  stm32f10x_it.o [1]
EXTI3_IRQHandler        0x0800879f    0x22  Code  Gb  stm32f10x_it.o [1]
EXTI4_IRQHandler        0x080087c1     0x2  Code  Gb  stm32f10x_it.o [1]
EXTI9_5_IRQHandler      0x0800880d    0x2c  Code  Gb  stm32f10x_it.o [1]
EXTI_ClearFlag          0x0800b91d     0x6  Code  Gb  stm32f10x_exti.o [1]
EXTI_ClearITPendingBit  0x0800b951     0x6  Code  Gb  stm32f10x_exti.o [1]
EXTI_GenerateSWInterrupt
                        0x0800b90d    0x10  Code  Gb  stm32f10x_exti.o [1]
EXTI_GetITStatus        0x0800b923    0x28  Code  Gb  stm32f10x_exti.o [1]
EXTI_Init               0x0800b86d    0x94  Code  Gb  stm32f10x_exti.o [1]
EnterLowPowerMode       0x0800a41d    0x4a  Code  Gb  main.o [1]
Event_capture_thread    0x0800402d    0xcc  Code  Gb  app.o [1]
ExitLowPowerMode        0x0800a467    0x14  Code  Gb  main.o [1]
FLASH_IRQHandler        0x08008747     0x2  Code  Gb  stm32f10x_it.o [1]
FLASH_PrefetchBufferCmd
                        0x0800c9c9    0x20  Code  Gb  stm32f10x_flash.o [1]
FLASH_SetLatency        0x0800c9a9    0x20  Code  Gb  stm32f10x_flash.o [1]
FSMC_IRQHandler         0x08008931     0x2  Code  Gb  stm32f10x_it.o [1]
GPIO_AllAinConfig       0x0800a3e1    0x3c  Code  Lc  main.o [1]
GPIO_EXTILineConfig     0x0800a0b1    0x54  Code  Gb  stm32f10x_gpio.o [1]
GPIO_Init               0x08009f41    0xcc  Code  Gb  stm32f10x_gpio.o [1]
GPIO_PinRemapConfig     0x0800a035    0x7c  Code  Gb  stm32f10x_gpio.o [1]
GPIO_ReadInputDataBit   0x0800a00d    0x1a  Code  Gb  stm32f10x_gpio.o [1]
GPIO_ResetBits          0x0800a02d     0x6  Code  Gb  stm32f10x_gpio.o [1]
GPIO_SetBits            0x0800a027     0x6  Code  Gb  stm32f10x_gpio.o [1]
GetEPRxAddr             0x08009345    0x18  Code  Gb  usb_regs.o [1]
GetEPRxCount            0x080093bb    0x18  Code  Gb  usb_regs.o [1]
GetEPTxAddr             0x0800932d    0x18  Code  Gb  usb_regs.o [1]
Get_Max_Lun             0x08007691    0x1c  Code  Gb  usb_prop.o [1]
Get_SerialNum           0x0800bb99    0x68  Code  Gb  hw_config.o [1]
HARDFAULT_ISR_HANDLE_d  0x0800d1a9          Code  Gb  hardfault_isr_handle_a.o [1]
HEAP$$Base              0x20000810           --   Gb  - Linker created -
HEAP$$Limit             0x20000c10           --   Gb  - Linker created -
HJ5000_GPIO_config      0x08008949    0xb0  Code  Lc  HJ5000_scanner.o [1]
HJ5000_NVIC_config      0x080089f9    0x3a  Code  Lc  HJ5000_scanner.o [1]
HJ5000_RxISRHandler     0x08008b61    0xb8  Code  Gb  HJ5000_scanner.o [1]
HSEStartUpStatus        0x200045a0     0x1  Data  Gb  main.o [1]
HardFaultException      0x0800872d     0x8  Code  Gb  stm32f10x_it.o [1]
HexToAscii              0x0800ae31    0x12  Code  Gb  basic_fun.o [1]
I2C1_ER_IRQHandler      0x0800886d     0x2  Code  Gb  stm32f10x_it.o [1]
I2C1_EV_IRQHandler      0x0800886b     0x2  Code  Gb  stm32f10x_it.o [1]
I2C2_ER_IRQHandler      0x08008871     0x2  Code  Gb  stm32f10x_it.o [1]
I2C2_EV_IRQHandler      0x0800886f     0x2  Code  Gb  stm32f10x_it.o [1]
Idx                     0x200044d8     0x4  Data  Gb  memory.o [1]
In0_Process             0x080036e5    0x68  Code  Gb  usb_core.o [1]
Jfree                   0x0800c63d    0x26  Code  Gb  JMemory.o [1]
Jmalloc                 0x0800c60d    0x30  Code  Gb  JMemory.o [1]
Keyboard_ConfigDescriptor
                        0x0800ce54    0x24  Data  Gb  usb_desc.o [1]
Keyboard_DeviceDescriptor
                        0x0800d130    0x14  Data  Gb  usb_desc.o [1]
Keyboard_GetHIDDescriptor
                        0x08007621    0x10  Code  Gb  usb_prop.o [1]
Keyboard_GetProtocolValue
                        0x08007659    0x16  Code  Gb  usb_prop.o [1]
Keyboard_GetReportDescriptor
                        0x08007611    0x10  Code  Gb  usb_prop.o [1]
Keyboard_Hid_Descriptor
                        0x200048c4     0x8  Data  Gb  usb_prop.o [1]
Keyboard_ReportDescriptor
                        0x0800caf8    0x40  Data  Gb  usb_desc.o [1]
Keyboard_Report_Descriptor
                        0x200048bc     0x8  Data  Gb  usb_prop.o [1]
Keyboard_SetProtocol    0x08007649    0x10  Code  Gb  usb_prop.o [1]
Keyboard_SetReport      0x08007675    0x1c  Code  Gb  usb_prop.o [1]
Keypad_EXTI_ISRHandler  0x08006fc1    0x86  Code  Gb  keypad.o [1]
Keypad_Init             0x08006fb1    0x10  Code  Gb  keypad.o [1]
Keypad_Initport         0x08006e09    0x8c  Code  Lc  keypad.o [1]
Keypad_Int_Disable      0x08006ed7    0x3a  Code  Gb  keypad.o [1]
Keypad_Int_Enable       0x08006e95    0x42  Code  Gb  keypad.o [1]
Keypad_ReadIO           0x08007047    0x6a  Code  Lc  keypad.o [1]
Keypad_Timer_Disable    0x08006fa1     0xc  Code  Gb  keypad.o [1]
Keypad_Timer_Enable     0x08006f8d    0x14  Code  Gb  keypad.o [1]
Keypad_Timer_ISRHandler
                        0x080070b5   0x194  Code  Gb  keypad.o [1]
Keypad_Timer_Init       0x08006f11    0x7c  Code  Gb  keypad.o [1]
MAL_GetStatus           0x0800b0d9    0x58  Code  Gb  mass_mal.o [1]
MAL_Read                0x0800b069    0x66  Code  Gb  mass_mal.o [1]
MAL_Write               0x0800b011    0x58  Code  Gb  mass_mal.o [1]
MASS_ConfigDescriptor   0x0800cf28    0x20  Data  Gb  usb_desc.o [1]
MASS_DeviceDescriptor   0x0800d144    0x14  Data  Gb  usb_desc.o [1]
Mass_Block_Count        0x20004468     0x8  Data  Gb  mass_mal.o [1]
Mass_Block_Size         0x20004460     0x8  Data  Gb  mass_mal.o [1]
Mass_Memory_Size        0x20004458     0x8  Data  Gb  mass_mal.o [1]
Mass_Storage_In         0x08007af1    0x62  Code  Gb  usb_bot.o [1]
Mass_Storage_Out        0x08007b53    0x7e  Code  Gb  usb_bot.o [1]
Max_Lun                 0x20004568     0x4  Data  Gb  usb_prop.o [1]
MemManageException      0x08008735     0x2  Code  Gb  stm32f10x_it.o [1]
Mode_Sense10_data       0x200048b4     0x8  Data  Gb  scsi_data.o [1]
Mode_Sense6_data        0x200048cc     0x4  Data  Gb  scsi_data.o [1]
NMIException            0x08008645     0x2  Code  Gb  stm32f10x_it.o [1]
NOP_Process             0x0800383d     0x2  Code  Gb  usb_core.o [1]
NVIC_Init               0x0800bc11    0xa0  Code  Gb  stm32f10x_nvic.o [1]
NVIC_PriorityGroupConfig
                        0x0800bc01     0xa  Code  Gb  stm32f10x_nvic.o [1]
NVIC_SetVectorTable     0x0800bcb9    0x10  Code  Gb  stm32f10x_nvic.o [1]
NoData_Setup0           0x08003251   0x152  Code  Lc  usb_core.o [1]
OSCtxSw                 0x0800bf1b          Code  Gb  os_cpu_a.o [1]
OSCtxSwCtr              0x200044ec     0x4  Data  Gb  os_core.o [1]
OSDataSize              0x0800d464     0x2  Data  Gb  os_dbg.o [1]
OSDebugEn               0x0800d40e     0x2  Data  Gb  os_dbg.o [1]
OSDebugInit             0x0800aacd   0x168  Code  Gb  os_dbg.o [1]
OSEndiannessTest        0x0800d3fc     0x4  Data  Gb  os_dbg.o [1]
OSEventEn               0x0800d414     0x2  Data  Gb  os_dbg.o [1]
OSEventFreeList         0x200044f0     0x4  Data  Gb  os_core.o [1]
OSEventMax              0x0800d410     0x2  Data  Gb  os_dbg.o [1]
OSEventNameSize         0x0800d412     0x2  Data  Gb  os_dbg.o [1]
OSEventSize             0x0800d416     0x2  Data  Gb  os_dbg.o [1]
OSEventTbl              0x20003e7c    0x8c  Data  Gb  os_core.o [1]
OSEventTblSize          0x0800d418     0x2  Data  Gb  os_dbg.o [1]
OSFlagEn                0x0800d41a     0x2  Data  Gb  os_dbg.o [1]
OSFlagFreeList          0x200044f4     0x4  Data  Gb  os_core.o [1]
OSFlagGrpSize           0x0800d41c     0x2  Data  Gb  os_dbg.o [1]
OSFlagMax               0x0800d422     0x2  Data  Gb  os_dbg.o [1]
OSFlagNameSize          0x0800d424     0x2  Data  Gb  os_dbg.o [1]
OSFlagNodeSize          0x0800d41e     0x2  Data  Gb  os_dbg.o [1]
OSFlagTbl               0x20004170    0x50  Data  Gb  os_core.o [1]
OSFlagWidth             0x0800d420     0x2  Data  Gb  os_dbg.o [1]
OSIdleCtr               0x200044f8     0x4  Data  Gb  os_core.o [1]
OSInit                  0x08005591    0x30  Code  Gb  os_core.o [1]
OSInitHookBegin         0x0800b361     0x2  Code  Gb  os_cpu_c.o [1]
OSInitHookEnd           0x0800b363     0x2  Code  Gb  os_cpu_c.o [1]
OSIntCtxSw              0x0800bf23          Code  Gb  os_cpu_a.o [1]
OSIntEnter              0x080055c1    0x24  Code  Gb  os_core.o [1]
OSIntExit               0x080055e5    0x94  Code  Gb  os_core.o [1]
OSIntNesting            0x200045a2     0x1  Data  Gb  os_core.o [1]
OSLockNesting           0x200045a3     0x1  Data  Gb  os_core.o [1]
OSLowestPrio            0x0800d426     0x2  Data  Gb  os_dbg.o [1]
OSMboxEn                0x0800d428     0x2  Data  Gb  os_dbg.o [1]
OSMemEn                 0x0800d42a     0x2  Data  Gb  os_dbg.o [1]
OSMemFreeList           0x2000450c     0x4  Data  Gb  os_core.o [1]
OSMemMax                0x0800d42c     0x2  Data  Gb  os_dbg.o [1]
OSMemNameSize           0x0800d42e     0x2  Data  Gb  os_dbg.o [1]
OSMemSize               0x0800d430     0x2  Data  Gb  os_dbg.o [1]
OSMemTbl                0x20003f08    0x8c  Data  Gb  os_core.o [1]
OSMemTblSize            0x0800d432     0x2  Data  Gb  os_dbg.o [1]
OSMutexEn               0x0800d434     0x2  Data  Gb  os_dbg.o [1]
OSPrioCur               0x200045a4     0x1  Data  Gb  os_core.o [1]
OSPrioHighRdy           0x200045a5     0x1  Data  Gb  os_core.o [1]
OSPtrSize               0x0800d436     0x2  Data  Gb  os_dbg.o [1]
OSQCreate               0x0800967d    0x98  Code  Gb  os_q.o [1]
OSQEn                   0x0800d438     0x2  Data  Gb  os_dbg.o [1]
OSQFreeList             0x20004510     0x4  Data  Gb  os_core.o [1]
OSQMax                  0x0800d43a     0x2  Data  Gb  os_dbg.o [1]
OSQPend                 0x08009719   0x130  Code  Gb  os_q.o [1]
OSQPost                 0x0800984d    0x78  Code  Gb  os_q.o [1]
OSQSize                 0x0800d43c     0x2  Data  Gb  os_dbg.o [1]
OSQTbl                  0x20004014    0x60  Data  Gb  os_core.o [1]
OSRdyGrp                0x200045a6     0x1  Data  Gb  os_core.o [1]
OSRdyTbl                0x20004470     0x8  Data  Gb  os_core.o [1]
OSRdyTblSize            0x0800d43e     0x2  Data  Gb  os_dbg.o [1]
OSRunning               0x200045a7     0x1  Data  Gb  os_core.o [1]
OSSchedLock             0x08005679    0x3a  Code  Gb  os_core.o [1]
OSSchedUnlock           0x080056b3    0x5a  Code  Gb  os_core.o [1]
OSSemCreate             0x0800c721    0x50  Code  Gb  os_sem.o [1]
OSSemEn                 0x0800d440     0x2  Data  Gb  os_dbg.o [1]
OSStart                 0x0800570d    0x42  Code  Gb  os_core.o [1]
OSStartHighRdy          0x0800beff          Code  Gb  os_cpu_a.o [1]
OSStkWidth              0x0800d442     0x2  Data  Gb  os_dbg.o [1]
OSTCBCur                0x200044fc     0x4  Data  Gb  os_core.o [1]
OSTCBFreeList           0x20004500     0x4  Data  Gb  os_core.o [1]
OSTCBHighRdy            0x20004504     0x4  Data  Gb  os_core.o [1]
OSTCBInitHook           0x0800b3fb     0x2  Code  Gb  os_cpu_c.o [1]
OSTCBList               0x20004508     0x4  Data  Gb  os_core.o [1]
OSTCBPrioTbl            0x20003c7c   0x100  Data  Gb  os_core.o [1]
OSTCBPrioTblMax         0x0800d45a     0x2  Data  Gb  os_dbg.o [1]
OSTCBSize               0x0800d45c     0x2  Data  Gb  os_dbg.o [1]
OSTCBTbl                0x20003050   0x39c  Data  Gb  os_core.o [1]
OSTaskCreateEn          0x0800d444     0x2  Data  Gb  os_dbg.o [1]
OSTaskCreateExt         0x08008ee1    0xd0  Code  Gb  os_task.o [1]
OSTaskCreateExtEn       0x0800d446     0x2  Data  Gb  os_dbg.o [1]
OSTaskCreateHook        0x0800b365     0x2  Code  Gb  os_cpu_c.o [1]
OSTaskCtr               0x200045a8     0x1  Data  Gb  os_core.o [1]
OSTaskDel               0x08008fb1   0x188  Code  Gb  os_task.o [1]
OSTaskDelEn             0x0800d448     0x2  Data  Gb  os_dbg.o [1]
OSTaskDelHook           0x0800b367     0x2  Code  Gb  os_cpu_c.o [1]
OSTaskIdleHook          0x0800b369    0x14  Code  Gb  os_cpu_c.o [1]
OSTaskIdleStk           0x200037ec   0x200  Data  Gb  os_core.o [1]
OSTaskIdleStkSize       0x0800d44a     0x2  Data  Gb  os_dbg.o [1]
OSTaskMax               0x0800d44e     0x2  Data  Gb  os_dbg.o [1]
OSTaskNameSize          0x0800d450     0x2  Data  Gb  os_dbg.o [1]
OSTaskProfileEn         0x0800d44c     0x2  Data  Gb  os_dbg.o [1]
OSTaskStatEn            0x0800d452     0x2  Data  Gb  os_dbg.o [1]
OSTaskStatStkChkEn      0x0800d456     0x2  Data  Gb  os_dbg.o [1]
OSTaskStatStkSize       0x0800d454     0x2  Data  Gb  os_dbg.o [1]
OSTaskStkInit           0x0800b37d    0x7c  Code  Gb  os_cpu_c.o [1]
OSTaskSwHook            0x0800b3f9     0x2  Code  Gb  os_cpu_c.o [1]
OSTaskSwHookEn          0x0800d458     0x2  Data  Gb  os_dbg.o [1]
OSTickStepState         0x200045a9     0x1  Data  Gb  os_core.o [1]
OSTicksPerSec           0x0800d45e     0x2  Data  Gb  os_dbg.o [1]
OSTime                  0x20004514     0x4  Data  Gb  os_core.o [1]
OSTimeDly               0x0800b135    0x6c  Code  Gb  os_time.o [1]
OSTimeDlyHMSM           0x0800b1a1    0xa2  Code  Gb  os_time.o [1]
OSTimeTick              0x08005751    0xf0  Code  Gb  os_core.o [1]
OSTimeTickHook          0x0800b3fd     0x2  Code  Gb  os_cpu_c.o [1]
OSTimeTickHookEn        0x0800d460     0x2  Data  Gb  os_dbg.o [1]
OSUnMapTbl              0x0800b46c   0x100  Data  Gb  os_core.o [1]
OSVersionNbr            0x0800d462     0x2  Data  Gb  os_dbg.o [1]
OS_CPU_PendSVHandler    0x0800bf2b          Code  Gb  os_cpu_a.o [1]
OS_CPU_SR_Restore       0x0800bef9          Code  Gb  os_cpu_a.o [1]
OS_CPU_SR_Save          0x0800bef1          Code  Gb  os_cpu_a.o [1]
OS_CPU_SysTickHandler   0x0800b401    0x24  Code  Gb  os_cpu_c.o [1]
OS_CPU_SysTickInit      0x0800b425    0x48  Code  Gb  os_cpu_c.o [1]
OS_Dummy                0x08005841     0x2  Code  Gb  os_core.o [1]
OS_EventTaskRdy         0x08005843    0x90  Code  Gb  os_core.o [1]
OS_EventTaskRemove      0x08005951    0x34  Code  Gb  os_core.o [1]
OS_EventTaskRemoveMulti
                        0x08005985    0x40  Code  Gb  os_core.o [1]
OS_EventTaskWait        0x080058d3    0x7e  Code  Gb  os_core.o [1]
OS_EventWaitListInit    0x080059c5    0x1a  Code  Gb  os_core.o [1]
OS_FlagInit             0x0800c3e9    0x4c  Code  Gb  os_flag.o [1]
OS_FlagUnlink           0x0800c439    0x26  Code  Gb  os_flag.o [1]
OS_InitEventList        0x080059e1    0x50  Code  Lc  os_core.o [1]
OS_InitMisc             0x08005a31    0x2e  Code  Lc  os_core.o [1]
OS_InitRdyList          0x08005a69    0x36  Code  Lc  os_core.o [1]
OS_InitTCBList          0x08005ad5    0x60  Code  Lc  os_core.o [1]
OS_InitTaskIdle         0x08005aa5    0x30  Code  Lc  os_core.o [1]
OS_MemClr               0x08005b3d    0x12  Code  Gb  os_core.o [1]
OS_MemInit              0x0800c8d1    0x48  Code  Gb  os_mem.o [1]
OS_QInit                0x080098c5    0x34  Code  Gb  os_q.o [1]
OS_Sched                0x08005b4f    0x5c  Code  Gb  os_core.o [1]
OS_SchedNew             0x08005bc1    0x20  Code  Lc  os_core.o [1]
OS_TCBInit              0x08005c15   0x16c  Code  Gb  os_core.o [1]
OS_TaskIdle             0x08005bed    0x1c  Code  Gb  os_core.o [1]
OS_TaskStkClr           0x08009151    0x1e  Code  Gb  os_task.o [1]
Out0_Process            0x08003755    0x4c  Code  Gb  usb_core.o [1]
PCUsart_Init            0x0800bff5    0x10  Code  Gb  PCUsart.o [1]
PMAToUserBufferCopy     0x0800c857    0x22  Code  Gb  usb_mem.o [1]
PVD_IRQHandler          0x08008741     0x2  Code  Gb  stm32f10x_it.o [1]
PWR_EnterSTOPMode       0x0800cbb5    0x32  Code  Gb  stm32f10x_pwr.o [1]
Page00_Inquiry_Data     0x20004478     0x8  Data  Gb  scsi_data.o [1]
Post0_Process           0x080037a1    0x4c  Code  Gb  usb_core.o [1]
ProtocolValue           0x20004564     0x4  Data  Gb  usb_prop.o [1]
RCC_AHBPeriphClockCmd   0x08008585    0x24  Code  Gb  stm32f10x_rcc.o [1]
RCC_APB1PeriphClockCmd  0x080085cd    0x24  Code  Gb  stm32f10x_rcc.o [1]
RCC_APB2PeriphClockCmd  0x080085a9    0x24  Code  Gb  stm32f10x_rcc.o [1]
RCC_Configuration       0x0800a335    0x8c  Code  Gb  main.o [1]
RCC_DeInit              0x0800832d    0x5c  Code  Gb  stm32f10x_rcc.o [1]
RCC_GetClocksFreq       0x080084a1    0xe0  Code  Gb  stm32f10x_rcc.o [1]
RCC_GetFlagStatus       0x080085f1    0x44  Code  Gb  stm32f10x_rcc.o [1]
RCC_GetSYSCLKSource     0x0800844d     0xa  Code  Gb  stm32f10x_rcc.o [1]
RCC_HCLKConfig          0x08008457    0x14  Code  Gb  stm32f10x_rcc.o [1]
RCC_HSEConfig           0x08008389    0x54  Code  Gb  stm32f10x_rcc.o [1]
RCC_IRQHandler          0x08008749     0x2  Code  Gb  stm32f10x_it.o [1]
RCC_PCLK1Config         0x0800846b    0x14  Code  Gb  stm32f10x_rcc.o [1]
RCC_PCLK2Config         0x0800847f    0x16  Code  Gb  stm32f10x_rcc.o [1]
RCC_PLLCmd              0x0800842d     0xc  Code  Gb  stm32f10x_rcc.o [1]
RCC_PLLConfig           0x08008415    0x16  Code  Gb  stm32f10x_rcc.o [1]
RCC_SYSCLKConfig        0x08008439    0x14  Code  Gb  stm32f10x_rcc.o [1]
RCC_USBCLKConfig        0x08008495     0xc  Code  Gb  stm32f10x_rcc.o [1]
RCC_WaitForHSEStartUp   0x080083dd    0x38  Code  Gb  stm32f10x_rcc.o [1]
RTCAlarm_IRQHandler     0x08008923     0x2  Code  Gb  stm32f10x_it.o [1]
RTC_IRQHandler          0x08008745     0x2  Code  Gb  stm32f10x_it.o [1]
ReadCapacity10_Data     0x20004480     0x8  Data  Gb  scsi_data.o [1]
ReadFormatCapacity_Data
                        0x200048a8     0xc  Data  Gb  scsi_data.o [1]
ReadTerminalPara        0x0800ba45    0x88  Code  Gb  Terminal_Para_m.o [1]
Read_Memory             0x08009b41   0x108  Code  Gb  memory.o [1]
Region$$Table$$Base     0x0800ce9c           --   Gb  - Linker created -
Region$$Table$$Limit    0x0800cec8           --   Gb  - Linker created -
SCSI_Address_Management
                        0x08007a67    0x7e  Code  Gb  usb_scsi.o [1]
SCSI_BlkLen             0x2000454c     0x4  Data  Gb  usb_bot.o [1]
SCSI_Format_Cmd         0x080079fd    0x2a  Code  Gb  usb_scsi.o [1]
SCSI_Inquiry_Cmd        0x080076b1    0x48  Code  Gb  usb_scsi.o [1]
SCSI_Invalid_Cmd        0x08007a27    0x40  Code  Gb  usb_scsi.o [1]
SCSI_LBA                0x20004548     0x4  Data  Gb  usb_bot.o [1]
SCSI_ModeSense10_Cmd    0x08007865    0x10  Code  Gb  usb_scsi.o [1]
SCSI_ModeSense6_Cmd     0x08007855    0x10  Code  Gb  usb_scsi.o [1]
SCSI_Read10_Cmd         0x080078ad    0x7c  Code  Gb  usb_scsi.o [1]
SCSI_ReadCapacity10_Cmd
                        0x080077a1    0xb4  Code  Gb  usb_scsi.o [1]
SCSI_ReadFormatCapacity_Cmd
                        0x080076f9    0xa8  Code  Gb  usb_scsi.o [1]
SCSI_RequestSense_Cmd   0x08007875    0x1e  Code  Gb  usb_scsi.o [1]
SCSI_Start_Stop_Unit_Cmd
                        0x080078a1     0xc  Code  Gb  usb_scsi.o [1]
SCSI_TestUnitReady_Cmd  0x080079cb    0x32  Code  Gb  usb_scsi.o [1]
SCSI_Verify10_Cmd       0x08007991    0x3a  Code  Gb  usb_scsi.o [1]
SCSI_Write10_Cmd        0x08007929    0x64  Code  Gb  usb_scsi.o [1]
SDIO_IRQHandler         0x08008933     0x2  Code  Gb  stm32f10x_it.o [1]
SPI1_IRQHandler         0x08008873     0x2  Code  Gb  stm32f10x_it.o [1]
SPI2_IRQHandler         0x08008875     0x2  Code  Gb  stm32f10x_it.o [1]
SPI3_IRQHandler         0x08008937     0x2  Code  Gb  stm32f10x_it.o [1]
SPI_Cmd                 0x0800c3ab    0x1a  Code  Gb  stm32f10x_spi.o [1]
SPI_I2S_GetFlagStatus   0x0800c3cd    0x1a  Code  Gb  stm32f10x_spi.o [1]
SPI_I2S_ReceiveData     0x0800c3c9     0x4  Code  Gb  stm32f10x_spi.o [1]
SPI_I2S_SendData        0x0800c3c5     0x4  Code  Gb  stm32f10x_spi.o [1]
SPI_Init                0x0800c36d    0x3e  Code  Gb  stm32f10x_spi.o [1]
SVCHandler              0x0800873d     0x2  Code  Gb  stm32f10x_it.o [1]
SaveRState              0x20004590     0x2  Data  Gb  usb_int.o [1]
SaveTState              0x20004592     0x2  Data  Gb  usb_int.o [1]
SaveTerminalPara        0x0800bacd    0x1a  Code  Gb  Terminal_Para_m.o [1]
Scsi_Sense_Data         0x20004874    0x14  Data  Gb  scsi_data.o [1]
SendData_To_PC          0x0800bb29    0x6c  Code  Gb  hw_config.o [1]
SetBTABLE               0x08009171     0xe  Code  Gb  usb_regs.o [1]
SetDeviceAddress        0x080037ed    0x50  Code  Gb  usb_core.o [1]
SetEPRxAddr             0x0800930f    0x1e  Code  Gb  usb_regs.o [1]
SetEPRxCount            0x08009377    0x44  Code  Gb  usb_regs.o [1]
SetEPRxStatus           0x080091d9    0x38  Code  Gb  usb_regs.o [1]
SetEPRxValid            0x0800923d    0x2c  Code  Gb  usb_regs.o [1]
SetEPTxAddr             0x080092f1    0x1e  Code  Gb  usb_regs.o [1]
SetEPTxCount            0x0800935d    0x1a  Code  Gb  usb_regs.o [1]
SetEPTxStatus           0x0800919f    0x3a  Code  Gb  usb_regs.o [1]
SetEPTxValid            0x08009211    0x2c  Code  Gb  usb_regs.o [1]
SetEPType               0x0800917f    0x20  Code  Gb  usb_regs.o [1]
Set_CSW                 0x08007eb1    0x38  Code  Gb  usb_bot.o [1]
Set_Scsi_Sense_Data     0x08007893     0xa  Code  Gb  usb_scsi.o [1]
Set_USBClock            0x0800bf91    0x1c  Code  Lc  PCUsart.o [1]
Setup0_Process          0x08003651    0x8c  Code  Gb  usb_core.o [1]
Standard_ClearFeature   0x08002e85   0x158  Code  Gb  usb_core.o [1]
Standard_GetConfiguration
                        0x08002c61    0x2a  Code  Gb  usb_core.o [1]
Standard_GetDescriptorData
                        0x080030bf    0x24  Code  Gb  usb_core.o [1]
Standard_GetInterface   0x08002cd9    0x2a  Code  Gb  usb_core.o [1]
Standard_GetStatus      0x08002d85   0x100  Code  Gb  usb_core.o [1]
Standard_Inquiry_Data   0x20004774    0x24  Data  Gb  scsi_data.o [1]
Standard_Inquiry_Data2  0x20004798    0x24  Data  Gb  scsi_data.o [1]
Standard_SetConfiguration
                        0x08002c8b    0x4e  Code  Gb  usb_core.o [1]
Standard_SetDeviceFeature
                        0x0800309b    0x24  Code  Gb  usb_core.o [1]
Standard_SetEndPointFeature
                        0x08002fe1    0xba  Code  Gb  usb_core.o [1]
Standard_SetInterface   0x08002d03    0x82  Code  Gb  usb_core.o [1]
State_Machine_thread    0x08003b85   0x4a8  Code  Gb  app.o [1]
Status                  0x200044c8     0x4  Data  Gb  mass_mal.o [1]
StatusInfo              0x20004550     0x4  Data  Gb  usb_core.o [1]
String_Descriptor       0x200047e0    0x20  Data  Gb  usb_prop.o [1]
TAMPER_IRQHandler       0x08008743     0x2  Code  Gb  stm32f10x_it.o [1]
TIM1_BRK_IRQHandler     0x08008839     0x2  Code  Gb  stm32f10x_it.o [1]
TIM1_CC_IRQHandler      0x0800883f     0x2  Code  Gb  stm32f10x_it.o [1]
TIM1_TRG_COM_IRQHandler
                        0x0800883d     0x2  Code  Gb  stm32f10x_it.o [1]
TIM1_UP_IRQHandler      0x0800883b     0x2  Code  Gb  stm32f10x_it.o [1]
TIM2_IRQHandler         0x08008841     0x8  Code  Gb  stm32f10x_it.o [1]
TIM2_UpdateISRHandler   0x080095dd    0x9a  Code  Gb  TimeBase.o [1]
TIM3_IRQHandler         0x08008849    0x20  Code  Gb  stm32f10x_it.o [1]
TIM4_IRQHandler         0x08008869     0x2  Code  Gb  stm32f10x_it.o [1]
TIM5_IRQHandler         0x08008935     0x2  Code  Gb  stm32f10x_it.o [1]
TIM6_IRQHandler         0x0800893d     0x2  Code  Gb  stm32f10x_it.o [1]
TIM7_IRQHandler         0x0800893f     0x2  Code  Gb  stm32f10x_it.o [1]
TIM8_BRK_IRQHandler     0x08008927     0x2  Code  Gb  stm32f10x_it.o [1]
TIM8_CC_IRQHandler      0x0800892d     0x2  Code  Gb  stm32f10x_it.o [1]
TIM8_TRG_COM_IRQHandler
                        0x0800892b     0x2  Code  Gb  stm32f10x_it.o [1]
TIM8_UP_IRQHandler      0x08008929     0x2  Code  Gb  stm32f10x_it.o [1]
TIM_ClearFlag           0x0800ad57     0x8  Code  Gb  stm32f10x_tim.o [1]
TIM_ClearITPendingBit   0x0800ad91     0x8  Code  Gb  stm32f10x_tim.o [1]
TIM_Cmd                 0x0800ad23    0x1c  Code  Gb  stm32f10x_tim.o [1]
TIM_GetITStatus         0x0800ad5f    0x32  Code  Gb  stm32f10x_tim.o [1]
TIM_ITConfig            0x0800ad3f    0x18  Code  Gb  stm32f10x_tim.o [1]
TIM_OC1Init             0x0800ac6b    0x76  Code  Gb  stm32f10x_tim.o [1]
TIM_OCStructInit        0x0800ad01    0x22  Code  Gb  stm32f10x_tim.o [1]
TIM_TimeBaseInit        0x0800ac35    0x36  Code  Gb  stm32f10x_tim.o [1]
TIM_TimeBaseStructInit  0x0800ace9    0x18  Code  Gb  stm32f10x_tim.o [1]
TimeBase_Init           0x0800942f    0x6e  Code  Gb  TimeBase.o [1]
TransferState           0x200045a1     0x1  Data  Gb  memory.o [1]
Transfer_Data_Request   0x08007e7d    0x32  Code  Gb  usb_bot.o [1]
UART4_IRQHandler        0x08008939     0x2  Code  Gb  stm32f10x_it.o [1]
UART5_IRQHandler        0x0800893b     0x2  Code  Gb  stm32f10x_it.o [1]
USART1_IRQHandler       0x08008877     0x2  Code  Gb  stm32f10x_it.o [1]
USART2_IRQHandler       0x08008879    0x78  Code  Gb  stm32f10x_it.o [1]
USART3_IRQHandler       0x080088f1    0x30  Code  Gb  stm32f10x_it.o [1]
USART_ClearITPendingBit
                        0x0800a2b1    0x18  Code  Gb  stm32f10x_usart.o [1]
USART_Cmd               0x0800a1a1    0x1a  Code  Gb  stm32f10x_usart.o [1]
USART_DMACmd            0x0800a20b    0x18  Code  Gb  stm32f10x_usart.o [1]
USART_GetFlagStatus     0x0800a233    0x1a  Code  Gb  stm32f10x_usart.o [1]
USART_GetITStatus       0x0800a24d    0x64  Code  Gb  stm32f10x_usart.o [1]
USART_ITConfig          0x0800a1bb    0x50  Code  Gb  stm32f10x_usart.o [1]
USART_Init              0x0800a105    0x9c  Code  Gb  stm32f10x_usart.o [1]
USART_ReceiveData       0x0800a22b     0x8  Code  Gb  stm32f10x_usart.o [1]
USART_SendData          0x0800a223     0x8  Code  Gb  stm32f10x_usart.o [1]
USBWakeUp_IRQHandler    0x08008925     0x2  Code  Gb  stm32f10x_it.o [1]
USB_APP_ClearFeature    0x08007411    0x1c  Code  Gb  usb_prop.o [1]
USB_APP_Data_Setup      0x0800743d    0xd4  Code  Gb  usb_prop.o [1]
USB_APP_GetConfigDescriptor
                        0x080075bd    0x24  Code  Gb  usb_prop.o [1]
USB_APP_GetDeviceDescriptor
                        0x08007595    0x24  Code  Gb  usb_prop.o [1]
USB_APP_GetStringDescriptor
                        0x080075e9    0x28  Code  Gb  usb_prop.o [1]
USB_APP_Get_Interface_Setting
                        0x08007631    0x18  Code  Gb  usb_prop.o [1]
USB_APP_NoData_Setup    0x08007511    0x78  Code  Gb  usb_prop.o [1]
USB_APP_Reset           0x080072a5   0x134  Code  Gb  usb_prop.o [1]
USB_APP_SetConfiguration
                        0x080073e1    0x30  Code  Gb  usb_prop.o [1]
USB_APP_SetDeviceAddress
                        0x0800742d     0x8  Code  Gb  usb_prop.o [1]
USB_APP_Status_In       0x08007439     0x2  Code  Gb  usb_prop.o [1]
USB_APP_Status_Out      0x0800743b     0x2  Code  Gb  usb_prop.o [1]
USB_APP_StringLangID    0x0800d404     0x4  Data  Gb  usb_desc.o [1]
USB_APP_StringProduct   0x0800cf48    0x20  Data  Gb  usb_desc.o [1]
USB_APP_StringSerial    0x20004820    0x1c  Data  Gb  usb_desc.o [1]
USB_APP_StringVendor    0x0800cddc    0x28  Data  Gb  usb_desc.o [1]
USB_APP_init            0x08007265    0x40  Code  Gb  usb_prop.o [1]
USB_HP_CAN_TX_IRQHandler
                        0x080087ff     0x2  Code  Gb  stm32f10x_it.o [1]
USB_Init                0x0800cb39    0x40  Code  Gb  usb_init.o [1]
USB_Interrupts_Config   0x0800bfad    0x48  Code  Lc  PCUsart.o [1]
USB_Istr                0x0800c02d    0x9c  Code  Gb  usb_istr.o [1]
USB_LP_CAN_RX0_IRQHandler
                        0x08008801     0x8  Code  Gb  stm32f10x_it.o [1]
USB_PowerOn             0x0800cbf1    0x34  Code  Gb  usb_pwr.o [1]
USB_SIL_Read            0x0800c6f3    0x2c  Code  Gb  usb_sil.o [1]
USB_SIL_Write           0x0800c6c5    0x2e  Code  Gb  usb_sil.o [1]
Unconfigure_All         0x0800a3c1    0x20  Code  Lc  main.o [1]
UsageFaultException     0x08008739     0x2  Code  Gb  stm32f10x_it.o [1]
UsbKeyValue_Ascii_Tbl   0x0800a7cc   0x180  Data  Gb  basic_fun.o [1]
UserToPMABufferCopy     0x0800c829    0x2e  Code  Gb  usb_mem.o [1]
User_Standard_Requests  0x200047bc    0x24  Data  Gb  usb_prop.o [1]
WWDG_IRQHandler         0x0800873f     0x2  Code  Gb  stm32f10x_it.o [1]
Write_Memory            0x08009c49   0x120  Code  Gb  memory.o [1]
_EncodingSb_Mbtowc      0x0800c68d    0x38  Code  Gb  xencoding_sb.o [3]
_EncodingSb_Wctomb      0x0800c669    0x1c  Code  Gb  xencoding_sb.o [3]
_Files                  0x20004800    0x20  Data  Gb  xfiles.o [3]
_GenldDefault           0x080029d5   0x258  Code  Lc  xprintffull.o [3]
_IsdstStr               0x200045d8     0x4  Data  Gb  setlocale.o [3]
_LdtobDefault           0x080025b1   0x404  Code  Lc  xprintffull.o [3]
_LitobDefault           0x08002499   0x110  Code  Lc  xprintffull.o [3]
_LocaleC_lconv          0x0800c91c    0x48  Data  Gb  xlocale_c.o [3]
_LocaleEncoding         0x0800d181    0x10  Code  Gb  setlocale.o [3]
_LocaleReturnString     0x200045e8    0x50  Data  Lc  setlocale.o [3]
_Locale_LconvArray      0x200045e4     0x4  Data  Gb  setlocale.o [3]
_Locale_Profile         0x200045b4    0x1c  Data  Gb  setlocale.o [3]
_Locale_lconv           0x2000463c    0x48  Data  Gb  localeconv.o [3]
_Mbtowc                 0x0800cf89    0x20  Code  Gb  xmbtowc.o [3]
_Printf                 0x08001c11   0x5a8  Code  Gb  xprintffull.o [3]
_Prout                  0x0800d0cb    0x16  Code  Gb  xprout.o [3]
_PutcharsDefault        0x08002c2d    0x32  Code  Lc  xprintffull.o [3]
_PutstrDefault          0x080021c1   0x2cc  Code  Lc  xprintffull.o [3]
_TzoneStr               0x200045d0     0x4  Data  Gb  setlocale.o [3]
_Wctomb                 0x0800d021    0x1a  Code  Gb  xwctomb.o [3]
__BASEPRICONFIG         0x0800c357          Code  Gb  cortexm3_macro.o [1]
__DMB                   0x0800c309          Code  Gb  cortexm3_macro.o [1]
__DSB                   0x0800c303          Code  Gb  cortexm3_macro.o [1]
__GetBASEPRI            0x0800c35d          Code  Gb  cortexm3_macro.o [1]
__ISB                   0x0800c2fd          Code  Gb  cortexm3_macro.o [1]
__MRS_CONTROL           0x0800c313          Code  Gb  cortexm3_macro.o [1]
__MRS_MSP               0x0800c32f          Code  Gb  cortexm3_macro.o [1]
__MRS_PSP               0x0800c323          Code  Gb  cortexm3_macro.o [1]
__MSR_CONTROL           0x0800c319          Code  Gb  cortexm3_macro.o [1]
__MSR_MSP               0x0800c335          Code  Gb  cortexm3_macro.o [1]
__MSR_PSP               0x0800c329          Code  Gb  cortexm3_macro.o [1]
__READ_FAULTMASK        0x0800c351          Code  Gb  cortexm3_macro.o [1]
__READ_PRIMASK          0x0800c343          Code  Gb  cortexm3_macro.o [1]
__RESETFAULTMASK        0x0800c349          Code  Gb  cortexm3_macro.o [1]
__RESETPRIMASK          0x0800c33b          Code  Gb  cortexm3_macro.o [1]
__REV_HalfWord          0x0800c363          Code  Gb  cortexm3_macro.o [1]
__REV_Word              0x0800c367          Code  Gb  cortexm3_macro.o [1]
__SETFAULTMASK          0x0800c34d          Code  Gb  cortexm3_macro.o [1]
__SETPRIMASK            0x0800c33f          Code  Gb  cortexm3_macro.o [1]
__SEV                   0x0800c2f9          Code  Gb  cortexm3_macro.o [1]
__SVC                   0x0800c30f          Code  Gb  cortexm3_macro.o [1]
__WFE                   0x0800c2f5          Code  Gb  cortexm3_macro.o [1]
__WFI                   0x0800c2f1          Code  Gb  cortexm3_macro.o [1]
__aeabi_assert          0x0800ca33    0x42  Code  Gb  xassert.o [3]
__aeabi_cdcmple         0x0800ccf9          Code  Gb  DblCmpLe.o [4]
__aeabi_cdrcmple        0x0800cd29          Code  Gb  DblCmpGe.o [4]
__aeabi_d2iz            0x0800c7d1          Code  Gb  DblToI32.o [4]
__aeabi_d2uiz           0x0800c7fd          Code  Gb  DblToI32.o [4]
__aeabi_dadd            0x0800b95d          Code  Gb  DblAdd.o [4]
__aeabi_ddiv            0x08008c25          Code  Gb  DblDiv.o [4]
__aeabi_dmul            0x0800a629          Code  Gb  DblMul.o [4]
__aeabi_dsub            0x0800a94d          Code  Gb  DblSub.o [4]
__aeabi_i2d             0x0800cd59          Code  Gb  I32ToDbl.o [4]
__aeabi_ldiv0           0x0800d409          Code  Gb  I64DivZer.o [4]
__aeabi_ldivmod         0x0800aee1          Code  Gb  I64DivMod.o [4]
__aeabi_memcpy          0x0800c461          Code  Gb  ABImemcpy.o [4]
__aeabi_memcpy4         0x0800c47b          Code  Gb  ABImemcpy.o [4]
__aeabi_memcpy8         0x0800c47b          Code  Gb  ABImemcpy.o [4]
__aeabi_memset          0x0800c541          Code  Gb  ABImemset.o [4]
__aeabi_ui2d            0x0800cd6d          Code  Gb  I32ToDbl.o [4]
__aeabi_uldivmod        0x0800aef5          Code  Gb  I64DivMod.o [4]
__call_dtors            0x0800c4fd     0x4  Code  Gb  cppinit.o [3]
__cstart_call_dtors     0x0800d23f          Code  Gb  cexit.o [4]
__cxa_atexit            0x0800c4d1    0x2c  Code  Gb  cppinit.o [3]
__cxa_finalize          0x0800c501    0x3c  Code  Gb  cppinit.o [3]
__data_Aldata           0x20004488     0x8  Data  Gb  xxmemxmalloc.o [3]
__data_GetMemChunk      0x0800ce2d    0x28  Code  Gb  xgetmemchunk.o [3]
__dwrite                0x0800cfc9    0x1e  Code  Gb  dwrite.o [5]
__exit                  0x0800d159    0x14  Code  Gb  exit.o [5]
__iar_Dnorm             0x0800bd8d    0xb4  Code  Gb  xdnorm.o [3]
__iar_Dscale            0x0800b251   0x110  Code  Gb  xdscale.o [3]
__iar_EmptyStepPoint    0x0800ca31     0x2  Code  Gb  xassert.o [3]
__iar_Locksyslock       0x0800c181    0x4c  Code  Gb  xsyslock.o [3]
__iar_Mbcurmax          0x0800d389     0xa  Code  Gb  xmbcurmax.o [3]
__iar_Memchr            0x0800c779          Code  Gb  memchr.o [4]
__iar_Memset            0x0800c541          Code  Gb  ABImemset.o [4]
__iar_Memset_word       0x0800c549          Code  Gb  ABImemset.o [4]
__iar_Mtxdst            0x0800cccf     0x6  Code  Gb  MtxWrapper.o [3]
__iar_Mtxinit           0x0800ccc9     0x6  Code  Gb  MtxWrapper.o [3]
__iar_Mtxlock           0x0800ccd5     0x4  Code  Gb  MtxWrapper.o [3]
__iar_Mtxunlock         0x0800cce3     0x6  Code  Gb  MtxWrapper.o [3]
__iar_ReportAssert      0x0800c28d    0x64  Code  Gb  xreportassert.o [3]
__iar_Stderr            0x20004704    0x40  Data  Gb  xfiles.o [3]
__iar_Stdin             0x20004684    0x40  Data  Gb  xfiles.o [3]
__iar_Stdout            0x200046c4    0x40  Data  Gb  xfiles.o [3]
__iar_Strchr            0x0800d0b5          Code  Gb  strchr.o [4]
__iar_Tls_setup__IsdstStr
                        0x200045dc     0x4  Data  Gb  setlocale.o [3]
__iar_Tls_setup__Locale_Profile
                        0x200045e0     0x4  Data  Gb  setlocale.o [3]
__iar_Tls_setup__Locale_lconv
                        0x20004638     0x4  Data  Gb  localeconv.o [3]
__iar_Tls_setup__TzoneStr
                        0x200045d4     0x4  Data  Gb  setlocale.o [3]
__iar_Unlocksyslock     0x0800c1cd    0x14  Code  Gb  xsyslock.o [3]
__iar_d2uiz             0x0800c807          Code  Gb  DblToI32.o [4]
__iar_dadd              0x0800b96f          Code  Gb  DblAdd.o [4]
__iar_data_init2        0x0800d005    0x1c  Code  Gb  data_init2.o [4]
__iar_dsub              0x0800a95f          Code  Gb  DblSub.o [4]
__iar_dsubStart         0x0800a971          Code  Gb  DblSub.o [4]
__iar_packbits_init2    0x0800c0c9    0x8e  Code  Gb  packbits_init2.o [4]
__iar_program_start     0x0800d09d          Code  Gb  cmain.o [4]
__iar_sh_stdout         0x0800c891    0x3c  Code  Gb  iarwstd.o [5]
__iar_sh_stdout_close   0x0800c87d    0x14  Code  Gb  iarwstd.o [5]
__iar_sh_stdout_handle  0x20004588     0x4  Data  Lc  iarwstd.o [5]
__iar_sh_write          0x0800cfa9    0x20  Code  Gb  iarwrite.o [5]
__iar_strcmp            0x0800ca75          Code  Gb  strcmp.o [4]
__iar_ui2d              0x0800cd6f          Code  Gb  I32ToDbl.o [4]
__iar_zero_init2        0x0800d03b    0x1a  Code  Gb  zero_init2.o [4]
__low_level_init        0x0800d40b     0x4  Code  Gb  low_level_init.o [3]
__vector_table          0x08000000   0x140  Data  Gb  stm32f10x_vector.o [1]
__write                 0x0800d22d    0x10  Code  Gb  write.o [5]
_exit                   0x0800d23d          Code  Gb  cexit.o [4]
_main                   0x0800d0af          Code  Gb  cmain.o [4]
abort                   0x0800d3ed     0x8  Code  Gb  abort.o [3]
addressbits             0x0800b76c   0x100  Data  Lc  rec_ecc.o [1]
app_init                0x08003ad1    0xb0  Code  Gb  app.o [1]
app_init_thread         0x080041f1    0xe8  Code  Gb  app.o [1]
app_startup             0x080042e1    0x88  Code  Gb  app.o [1]
ascii_to_keyreport      0x0800ae45    0x98  Code  Gb  basic_fun.o [1]
bDeviceState            0x20004570     0x4  Data  Gb  usb_pwr.o [1]
bIntPackSOF             0x200045b0     0x1  Data  Gb  usb_istr.o [1]
barcode                 0x200040c8    0x54  Data  Gb  app.o [1]
barcode_cash            0x20002b80   0x4d0  Data  Lc  app.o [1]
barcode_hid_send        0x08003a75    0x5c  Code  Lc  app.o [1]
barcode_pool            0x200042a0    0x3c  Data  Lc  app.o [1]
batch_node              0x20004074    0x54  Data  Lc  app.o [1]
bitsperbyte             0x0800b66c   0x100  Data  Lc  rec_ecc.o [1]
buffer                  0x20000df0  0x1000  Data  Lc  spi_flash.o [1]
calculate_ecc           0x08006971   0x3a4  Code  Gb  rec_ecc.o [1]
charge_detect_io_cnt    0x200044bc     0x4  Data  Gb  hw_platform.o [1]
charge_state_cnt        0x200044b4     0x4  Data  Lc  hw_platform.o [1]
check_vtimer_handle     0x08009505    0x18  Code  Lc  TimeBase.o [1]
clearlocks              0x0800c159    0x26  Code  Lc  xsyslock.o [3]
correct_data            0x08006d15    0xf4  Code  Gb  rec_ecc.o [1]
count_in                0x20004554     0x4  Data  Gb  usb_endp.o [1]
crc32                   0x0800ce05    0x28  Code  Gb  crc32.o [1]
crc32_tab               0x08007f2c   0x400  Data  Lc  crc32.o [1]
current_cache_block     0x2000453c     0x4  Data  Lc  spi_flash.o [1]
current_led_state       0x2000459c     0x1  Data  Lc  hw_platform.o [1]
current_logical_index   0x2000451c     0x4  Data  Lc  record_m.o [1]
current_node_offset     0x20004520     0x4  Data  Gb  record_m.o [1]
current_press_key       0x2000459d     0x1  Data  Lc  keypad.o [1]
delay_ms                0x08009415    0x1a  Code  Gb  TimeBase.o [1]
delay_us                0x080093fd    0x18  Code  Gb  TimeBase.o [1]
delete_one_node         0x080068d1    0x1e  Code  Gb  record_m.o [1]
device_current_state    0x200044a8     0x4  Data  Gb  app.o [1]
div                     0x0800d259     0xe  Code  Gb  div.o [3]
ebuf                    0x200041c0    0x50  Data  Lc  xfiles.o [3]
eccdata_tmp             0x20003d7c   0x100  Data  Gb  record_mod.o [1]
ecckey_cal              0x2000452c     0x4  Data  Gb  record_mod.o [1]
ecckey_read             0x20004528     0x4  Data  Gb  record_mod.o [1]
enter_into_BT_Mode      0x080039e3    0x66  Code  Lc  app.o [1]
enter_into_Memory_Mode  0x08003961    0x14  Code  Lc  app.o [1]
enter_into_USB_HID_Mode
                        0x08003977    0x60  Code  Lc  app.o [1]
event_pool              0x20004368    0x20  Data  Lc  app.o [1]
exit                    0x0800d3f5     0x6  Code  Gb  exit.o [3]
exit_from_BT_Mode       0x08003a49    0x2a  Code  Lc  app.o [1]
exit_from_Memory_Mode   0x08003975     0x2  Code  Lc  app.o [1]
exit_from_USB_HID_Mode  0x080039d7     0xc  Code  Lc  app.o [1]
fatfs_sector_offset     0x20004544     0x4  Data  Gb  spi_flash.o [1]
fflush                  0x0800beb5    0x3c  Code  Gb  fflush.o [3]
fflushOne               0x0800be41    0x74  Code  Lc  fflush.o [3]
flash_state             0x200045ac     0x1  Data  Lc  spi_flash.o [1]
flasize                 0x20004538     0x4  Data  Gb  spi_flash.o [1]
fputc                   0x0800ce79    0x20  Code  Gb  data_uart.o [1]
free                    0x0800c1e5    0x88  Code  Gb  xxmemxfree.o [3]
g_mass_storage_device_type
                        0x20004597     0x1  Data  Gb  PCUsart.o [1]
g_pReqCmd               0x20004490     0x4  Data  Gb  HJ5000_scanner.o [1]
g_param                 0x20004348    0x20  Data  Gb  Terminal_Para_m.o [1]
g_rec_offset            0x20004524     0x4  Data  Gb  record_m.o [1]
g_receive_buff          0x20003f94    0x80  Data  Gb  HJ5000_scanner.o [1]
g_resCmd                0x20004444     0xc  Data  Gb  HJ5000_scanner.o [1]
g_send_buff             0x20004328    0x20  Data  Gb  HJ5000_scanner.o [1]
g_usb_type              0x2000459b     0x1  Data  Gb  hw_config.o [1]
get_delete_node         0x08006575    0x42  Code  Lc  record_m.o [1]
get_first_valid_node    0x080065b7    0x40  Code  Lc  record_m.o [1]
get_node                0x080068f5    0x72  Code  Gb  record_m.o [1]
get_spi_flash_capacity  0x08006359     0x6  Code  Gb  spi_flash.o [1]
hard_fault_handler_c    0x08008649    0xe4  Code  Gb  stm32f10x_it.o [1]
hex_to_str              0x0800ad99    0x98  Code  Gb  basic_fun.o [1]
hw_platform_ChargeState_Detect
                        0x08004ffd    0x38  Code  Gb  hw_platform.o [1]
hw_platform_USBcable_Insert_Detect
                        0x0800503d    0x30  Code  Gb  hw_platform.o [1]
hw_platform_beep_ctrl   0x080050e3    0x48  Code  Gb  hw_platform.o [1]
hw_platform_beep_motor_ctrl
                        0x0800512b    0x58  Code  Gb  hw_platform.o [1]
hw_platform_get_PowerClass
                        0x08004f81    0x76  Code  Gb  hw_platform.o [1]
hw_platform_init        0x08004f6d    0x14  Code  Gb  hw_platform.o [1]
hw_platform_led_ctrl    0x0800506d    0x76  Code  Gb  hw_platform.o [1]
hw_platform_start_led_blink
                        0x0800521d   0x230  Code  Gb  hw_platform.o [1]
hw_platform_stop_led_blink
                        0x0800544d   0x12e  Code  Gb  hw_platform.o [1]
id_array                0x0800cab8    0x40  Data  Gb  spi_flash.o [1]
invparity               0x0800b56c   0x100  Data  Lc  rec_ecc.o [1]
keyboard_output_report_value
                        0x2000456c     0x4  Data  Gb  usb_prop.o [1]
keypad_state            0x2000459e     0x1  Data  Lc  keypad.o [1]
keypress_timeout        0x200044ac     0x4  Data  Gb  app.o [1]
last_charge_detect_io_cnt
                        0x200044b8     0x4  Data  Lc  hw_platform.o [1]
led_blue_blink_timer_hook
                        0x080051b1    0x24  Code  Lc  hw_platform.o [1]
led_green_blink_timer_hook
                        0x080051d5    0x24  Code  Lc  hw_platform.o [1]
led_red_blink_timer_hook
                        0x0800518d    0x24  Code  Lc  hw_platform.o [1]
led_timer_h             0x200043fc    0x10  Data  Lc  hw_platform.o [1]
led_yellow_blink_timer_hook
                        0x080051f9    0x24  Code  Lc  hw_platform.o [1]
localeconv              0x0800d16d    0x14  Code  Gb  localeconv.o [3]
lowpower_cnt            0x2000459a     0x1  Data  Lc  app.o [1]
lowpower_state          0x20004599     0x1  Data  Lc  app.o [1]
lowpower_tip            0x080041a9    0x46  Code  Gb  app.o [1]
main                    0x0800a2c9    0x6c  Code  Gb  main.o [1]
malloc                  0x0800bcd1    0xbc  Code  Gb  xxmemxmalloc.o [3]
memchr                  0x0800c779          Code  Gb  memchr.o [4]
memcmp                  0x0800c5a9          Code  Gb  memcmp.o [4]
memcpy                  0x0800d24b     0xe  Code  Wk  BT816.o [1]
memset                  0x0800d195    0x14  Code  Wk  HJ5000_scanner.o [1]
mtx                     0x200043dc    0x10  Data  Lc  xsyslock.o [3]
mtxdst                  0x2000457c     0x4  Data  Lc  MtxWrapper.o [3]
mtxinit                 0x20004578     0x4  Data  Lc  MtxWrapper.o [3]
mtxlock                 0x20004580     0x4  Data  Lc  MtxWrapper.o [3]
mtxunlock               0x20004584     0x4  Data  Lc  MtxWrapper.o [3]
next_abi_dtor_rec       0x200048d4     0x4  Data  Lc  cppinit.o [3]
obuf                    0x20004210    0x50  Data  Lc  xfiles.o [3]
out                     0x0800c26d    0x20  Code  Lc  xreportassert.o [3]
pBarcode_Queue          0x2000449c     0x4  Data  Lc  app.o [1]
pEpInt_IN               0x2000483c    0x1c  Data  Gb  usb_istr.o [1]
pEpInt_OUT              0x20004858    0x1c  Data  Gb  usb_istr.o [1]
pEvent_Queue            0x200044a0     0x4  Data  Gb  app.o [1]
pIOSem                  0x200044a4     0x4  Data  Lc  app.o [1]
pInformation            0x20004558     0x4  Data  Gb  usb_init.o [1]
pProperty               0x2000455c     0x4  Data  Gb  usb_init.o [1]
pUser_Standard_Requests
                        0x20004560     0x4  Data  Gb  usb_init.o [1]
p_allocate_addr         0x200039ec   0x190  Data  Lc  JMemory.o [1]
p_init_thread_stk       0x20004498     0x4  Data  Lc  app.o [1]
pack_set_command        0x08008a95    0x5a  Code  Lc  HJ5000_scanner.o [1]
param_format            0x080018b5     0xe  Code  Gb  record_mod.o [1]
param_init              0x08001c01     0xe  Code  Gb  record_mod.o [1]
param_mod_state         0x20004598     0x1  Data  Lc  Terminal_Para_m.o [1]
param_read              0x080018c5   0x108  Code  Gb  record_mod.o [1]
param_write             0x080019cd   0x234  Code  Gb  record_mod.o [1]
platform_misc_port_init
                        0x08004e13   0x15a  Code  Lc  hw_platform.o [1]
press_cnt               0x200044c0     0x4  Data  Lc  keypad.o [1]
printf                  0x0800cf69    0x20  Code  Gb  printf.o [3]
pull_barcode_from_cash  0x080038f5    0x6c  Code  Gb  app.o [1]
push_barcode_into_cash  0x08003881    0x72  Code  Gb  app.o [1]
putchar                 0x0800d37d     0xc  Code  Gb  putchar.o [3]
rec_LA_to_PA            0x08006739    0xe8  Code  Gb  record_m.o [1]
rec_PA_to_LA            0x08006821    0xac  Code  Gb  record_m.o [1]
rec_cnt                 0x20004518     0x4  Data  Lc  record_m.o [1]
rec_copy4kblk           0x08000221    0x62  Code  Lc  record_mod.o [1]
rec_getindex            0x08000283    0x18  Code  Lc  record_mod.o [1]
rec_getrecspc           0x08000179    0x3a  Code  Lc  record_mod.o [1]
rec_module_buffer       0x2000411c    0x54  Data  Gb  record_m.o [1]
rec_readsimprit         0x08000141    0x38  Code  Lc  record_mod.o [1]
rec_searchby_tag        0x080066a5    0x94  Code  Gb  record_m.o [1]
rec_writesimprit        0x080001b3    0x62  Code  Lc  record_mod.o [1]
recinfo                 0x200042dc    0x2c  Data  Lc  record_mod.o [1]
recmod_flasize          0x20004540     0x4  Data  Gb  spi_flash.o [1]
record_add              0x080065f9    0x94  Code  Gb  record_m.o [1]
record_clear            0x08006693    0x12  Code  Gb  record_m.o [1]
record_count            0x080009dd    0x96  Code  Gb  record_mod.o [1]
record_count_ext        0x08000a73    0x46  Code  Gb  record_mod.o [1]
record_delall           0x080017f9    0xbc  Code  Gb  record_mod.o [1]
record_format           0x0800029d   0x2bc  Code  Gb  record_mod.o [1]
record_init             0x08000559   0x47c  Code  Gb  record_mod.o [1]
record_modify           0x08000d11    0xac  Code  Gb  record_mod.o [1]
record_module_count     0x0800668d     0x6  Code  Gb  record_m.o [1]
record_module_init      0x0800649d    0xa4  Code  Gb  record_m.o [1]
record_module_read      0x08006541    0x34  Code  Gb  record_m.o [1]
record_read             0x08000ab9   0x24c  Code  Gb  record_mod.o [1]
record_replace          0x08000dc1   0x4f4  Code  Gb  record_mod.o [1]
record_write            0x080012b5   0x544  Code  Gb  record_mod.o [1]
recover_record_by_logfile
                        0x0800696d     0x4  Code  Gb  record_m.o [1]
release_cnt             0x200044c4     0x4  Data  Lc  keypad.o [1]
reset_resVar            0x08008a33    0x1a  Code  Gb  HJ5000_scanner.o [1]
reset_timer             0x0800951d    0x28  Code  Gb  TimeBase.o [1]
scan_barcode_ok_tip     0x08003841    0x40  Code  Lc  app.o [1]
scan_key_trig           0x2000459f     0x1  Data  Gb  keypad.o [1]
scanner_mod_init        0x08008af1    0x6c  Code  Gb  HJ5000_scanner.o [1]
send_data_to_BT816S01   0x08004571    0x58  Code  Lc  BT816.o [1]
send_data_to_scanner    0x08008a4d    0x38  Code  Lc  HJ5000_scanner.o [1]
simprit                 0x2000440c    0x10  Data  Lc  record_mod.o [1]
spi_flash_erasesector   0x08005f29    0x4c  Code  Gb  spi_flash.o [1]
spi_flash_init          0x08005d89   0x180  Code  Gb  spi_flash.o [1]
spi_flash_page_write    0x08005ffb    0x64  Code  Gb  spi_flash.o [1]
spi_flash_post_write    0x0800635f    0x6c  Code  Gb  spi_flash.o [1]
spi_flash_raddr         0x08006225    0x5e  Code  Gb  spi_flash.o [1]
spi_flash_rpage         0x08005f75    0x86  Code  Gb  spi_flash.o [1]
spi_flash_send_byte     0x08006283    0x48  Code  Gb  spi_flash.o [1]
spi_flash_valid         0x08005f09    0x1c  Code  Gb  spi_flash.o [1]
spi_flash_waddr         0x0800605f   0x1c6  Code  Gb  spi_flash.o [1]
spi_flash_wait_for_write_end
                        0x080062ef    0x64  Code  Gb  spi_flash.o [1]
spi_flash_write         0x080063cb    0xc4  Code  Gb  spi_flash.o [1]
spi_flash_write_enable  0x080062d1    0x1e  Code  Gb  spi_flash.o [1]
start_real_timer        0x080095a9    0x1a  Code  Gb  TimeBase.o [1]
start_timer             0x0800949d    0x68  Code  Gb  TimeBase.o [1]
stop_real_timer         0x080095c3    0x1a  Code  Gb  TimeBase.o [1]
stop_timer              0x08009545    0x64  Code  Gb  TimeBase.o [1]
strchr                  0x0800d0b5          Code  Gb  strchr.o [4]
strcmp                  0x0800ca75          Code  Gb  strcmp.o [4]
strcpy                  0x0800c9ed          Code  Gb  strcpy.o [4]
strlen                  0x0800cc2d          Code  Gb  strlen.o [4]
syslock_o               0x200043d8     0x4  Data  Lc  xsyslock.o [3]
system_err_tip          0x080041ef     0x2  Code  Gb  app.o [1]
test_var1               0x20004530     0x4  Data  Lc  record_mod.o [1]
test_var2               0x20004534     0x4  Data  Lc  record_mod.o [1]
thread_bt_stk           0x200035ec   0x200  Data  Lc  app.o [1]
thread_eventcapture_stk
                        0x200033ec   0x200  Data  Lc  app.o [1]
thread_statemachine_stk
                        0x200025f0   0x590  Data  Lc  app.o [1]
tmpfgrb                 0x200045ab     0x1  Data  Lc  record_mod.o [1]
tmpfgwi                 0x200045aa     0x1  Data  Lc  record_mod.o [1]
token                   0x20004438     0xc  Data  Lc  BT816.o [1]
token_value             0x200043ec    0x10  Data  Lc  BT816.o [1]
usb_device_init         0x0800c005    0x28  Code  Gb  PCUsart.o [1]
v_timer_list            0x20004450     0x8  Data  Gb  TimeBase.o [1]
wInterrupt_Mask         0x2000458e     0x2  Data  Gb  usb_init.o [1]
wIstr                   0x20004594     0x2  Data  Gb  usb_istr.o [1]
wait_time_out           0x20004494     0x4  Data  Lc  HJ5000_scanner.o [1]
write_cmd_to_scanner    0x08008a89     0xc  Code  Lc  HJ5000_scanner.o [1]


[1] = E:\H520B\FW\src\Project\EWARMv5\Debug\Obj
[2] = command line
[3] = dl7M_tl_if.a
[4] = rt7M_tl.a
[5] = shb_l.a

  50 070 bytes of readonly  code memory
   4 848 bytes of readonly  data memory
  18 629 bytes of readwrite data memory

Errors: none
Warnings: none
