###############################################################################
#                                                                             #
# IAR ELF Linker V5.30.0.51174/W32 for ARM              28/Sep/2015  18:18:40 #
# Copyright 2007-2009 IAR Systems AB.                                         #
#                                                                             #
#    Output file  =  E:\H520B\FW\src\Project\EWARMv5\Debug\Exe\T6.out         #
#    Map file     =  E:\H520B\FW\src\Project\EWARMv5\Debug\List\T6.map        #
#    Command line =  E:\H520B\FW\src\Project\EWARMv5\Debug\Obj\HJ5000_scanner #
#                    .o E:\H520B\FW\src\Project\EWARMv5\Debug\Obj\JMemory.o   #
#                    E:\H520B\FW\src\Project\EWARMv5\Debug\Obj\PCUsart.o      #
#                    E:\H520B\FW\src\Project\EWARMv5\Debug\Obj\Terminal_Para_ #
#                    m.o E:\H520B\FW\src\Project\EWARMv5\Debug\Obj\TimeBase.o #
#                     E:\H520B\FW\src\Project\EWARMv5\Debug\Obj\WBTDS01.o     #
#                    E:\H520B\FW\src\Project\EWARMv5\Debug\Obj\app.o          #
#                    E:\H520B\FW\src\Project\EWARMv5\Debug\Obj\basic_fun.o    #
#                    E:\H520B\FW\src\Project\EWARMv5\Debug\Obj\cortexm3_macro #
#                    .o E:\H520B\FW\src\Project\EWARMv5\Debug\Obj\cpu_a.o     #
#                    E:\H520B\FW\src\Project\EWARMv5\Debug\Obj\cpu_c.o        #
#                    E:\H520B\FW\src\Project\EWARMv5\Debug\Obj\crc32.o        #
#                    E:\H520B\FW\src\Project\EWARMv5\Debug\Obj\data_uart.o    #
#                    E:\H520B\FW\src\Project\EWARMv5\Debug\Obj\hardfault_isr_ #
#                    handle_a.o E:\H520B\FW\src\Project\EWARMv5\Debug\Obj\has #
#                    h.o E:\H520B\FW\src\Project\EWARMv5\Debug\Obj\hw_config. #
#                    o E:\H520B\FW\src\Project\EWARMv5\Debug\Obj\hw_platform. #
#                    o E:\H520B\FW\src\Project\EWARMv5\Debug\Obj\keypad.o     #
#                    E:\H520B\FW\src\Project\EWARMv5\Debug\Obj\lib_ascii.o    #
#                    E:\H520B\FW\src\Project\EWARMv5\Debug\Obj\lib_mem.o      #
#                    E:\H520B\FW\src\Project\EWARMv5\Debug\Obj\lib_str.o      #
#                    E:\H520B\FW\src\Project\EWARMv5\Debug\Obj\main.o         #
#                    E:\H520B\FW\src\Project\EWARMv5\Debug\Obj\mass_mal.o     #
#                    E:\H520B\FW\src\Project\EWARMv5\Debug\Obj\memory.o       #
#                    E:\H520B\FW\src\Project\EWARMv5\Debug\Obj\os_core.o      #
#                    E:\H520B\FW\src\Project\EWARMv5\Debug\Obj\os_cpu_a.o     #
#                    E:\H520B\FW\src\Project\EWARMv5\Debug\Obj\os_cpu_c.o     #
#                    E:\H520B\FW\src\Project\EWARMv5\Debug\Obj\os_dbg.o       #
#                    E:\H520B\FW\src\Project\EWARMv5\Debug\Obj\os_flag.o      #
#                    E:\H520B\FW\src\Project\EWARMv5\Debug\Obj\os_mbox.o      #
#                    E:\H520B\FW\src\Project\EWARMv5\Debug\Obj\os_mem.o       #
#                    E:\H520B\FW\src\Project\EWARMv5\Debug\Obj\os_mutex.o     #
#                    E:\H520B\FW\src\Project\EWARMv5\Debug\Obj\os_probe.o     #
#                    E:\H520B\FW\src\Project\EWARMv5\Debug\Obj\os_q.o         #
#                    E:\H520B\FW\src\Project\EWARMv5\Debug\Obj\os_sem.o       #
#                    E:\H520B\FW\src\Project\EWARMv5\Debug\Obj\os_task.o      #
#                    E:\H520B\FW\src\Project\EWARMv5\Debug\Obj\os_time.o      #
#                    E:\H520B\FW\src\Project\EWARMv5\Debug\Obj\os_tmr.o       #
#                    E:\H520B\FW\src\Project\EWARMv5\Debug\Obj\rec_ecc.o      #
#                    E:\H520B\FW\src\Project\EWARMv5\Debug\Obj\record_m.o     #
#                    E:\H520B\FW\src\Project\EWARMv5\Debug\Obj\record_mod.o   #
#                    E:\H520B\FW\src\Project\EWARMv5\Debug\Obj\scsi_data.o    #
#                    E:\H520B\FW\src\Project\EWARMv5\Debug\Obj\spi_flash.o    #
#                    E:\H520B\FW\src\Project\EWARMv5\Debug\Obj\stm32f10x_adc. #
#                    o E:\H520B\FW\src\Project\EWARMv5\Debug\Obj\stm32f10x_bk #
#                    p.o E:\H520B\FW\src\Project\EWARMv5\Debug\Obj\stm32f10x_ #
#                    crc.o E:\H520B\FW\src\Project\EWARMv5\Debug\Obj\stm32f10 #
#                    x_dbgmcu.o E:\H520B\FW\src\Project\EWARMv5\Debug\Obj\stm #
#                    32f10x_dma.o E:\H520B\FW\src\Project\EWARMv5\Debug\Obj\s #
#                    tm32f10x_exti.o E:\H520B\FW\src\Project\EWARMv5\Debug\Ob #
#                    j\stm32f10x_flash.o E:\H520B\FW\src\Project\EWARMv5\Debu #
#                    g\Obj\stm32f10x_fsmc.o E:\H520B\FW\src\Project\EWARMv5\D #
#                    ebug\Obj\stm32f10x_gpio.o E:\H520B\FW\src\Project\EWARMv #
#                    5\Debug\Obj\stm32f10x_i2c.o                              #
#                    E:\H520B\FW\src\Project\EWARMv5\Debug\Obj\stm32f10x_it.o #
#                     E:\H520B\FW\src\Project\EWARMv5\Debug\Obj\stm32f10x_iwd #
#                    g.o E:\H520B\FW\src\Project\EWARMv5\Debug\Obj\stm32f10x_ #
#                    lib.o E:\H520B\FW\src\Project\EWARMv5\Debug\Obj\stm32f10 #
#                    x_nvic.o E:\H520B\FW\src\Project\EWARMv5\Debug\Obj\stm32 #
#                    f10x_pwr.o E:\H520B\FW\src\Project\EWARMv5\Debug\Obj\stm #
#                    32f10x_rcc.o E:\H520B\FW\src\Project\EWARMv5\Debug\Obj\s #
#                    tm32f10x_rtc.o E:\H520B\FW\src\Project\EWARMv5\Debug\Obj #
#                    \stm32f10x_spi.o E:\H520B\FW\src\Project\EWARMv5\Debug\O #
#                    bj\stm32f10x_systick.o E:\H520B\FW\src\Project\EWARMv5\D #
#                    ebug\Obj\stm32f10x_tim.o E:\H520B\FW\src\Project\EWARMv5 #
#                    \Debug\Obj\stm32f10x_usart.o                             #
#                    E:\H520B\FW\src\Project\EWARMv5\Debug\Obj\stm32f10x_vect #
#                    or.o E:\H520B\FW\src\Project\EWARMv5\Debug\Obj\usb_bot.o #
#                     E:\H520B\FW\src\Project\EWARMv5\Debug\Obj\usb_core.o    #
#                    E:\H520B\FW\src\Project\EWARMv5\Debug\Obj\usb_desc.o     #
#                    E:\H520B\FW\src\Project\EWARMv5\Debug\Obj\usb_endp.o     #
#                    E:\H520B\FW\src\Project\EWARMv5\Debug\Obj\usb_init.o     #
#                    E:\H520B\FW\src\Project\EWARMv5\Debug\Obj\usb_int.o      #
#                    E:\H520B\FW\src\Project\EWARMv5\Debug\Obj\usb_istr.o     #
#                    E:\H520B\FW\src\Project\EWARMv5\Debug\Obj\usb_mem.o      #
#                    E:\H520B\FW\src\Project\EWARMv5\Debug\Obj\usb_prop.o     #
#                    E:\H520B\FW\src\Project\EWARMv5\Debug\Obj\usb_pwr.o      #
#                    E:\H520B\FW\src\Project\EWARMv5\Debug\Obj\usb_regs.o     #
#                    E:\H520B\FW\src\Project\EWARMv5\Debug\Obj\usb_scsi.o     #
#                    E:\H520B\FW\src\Project\EWARMv5\Debug\Obj\usb_sil.o -o   #
#                    E:\H520B\FW\src\Project\EWARMv5\Debug\Exe\T6.out --map   #
#                    E:\H520B\FW\src\Project\EWARMv5\Debug\List\T6.map        #
#                    --config E:\H520B\FW\src\Project\EWARMv5\stm32f10x_debug #
#                    .icf --semihosting --entry __iar_program_start           #
#                                                                             #
#                                                                             #
###############################################################################

*******************************************************************************
*** RUNTIME MODEL ATTRIBUTES
***

__endian      = little
__thumb_aware = enabled


*******************************************************************************
*** PLACEMENT SUMMARY
***

"A1":  place at mem:0x8000000 { ro section .intvec };
"P1":  place in [from mem:0x8000000 to mem:0x800ffff] { ro };
"P3":  place in [from mem:0x20000010 to mem:0x20005000] {
          rw, block CSTACK, block HEAP };

  Section            Kind        Address    Size  Object
  -------            ----        -------    ----  ------
"A1":                                      0x140
  .intvec            const    0x08000000   0x140  stm32f10x_vector.o [1]
                            - 0x08000140   0x140

"P1":                                     0xd17a
  .text              ro code  0x08000140  0x1ace  record_mod.o [1]
  .text              ro code  0x08001c10  0x104e  xprintffull.o [3]
  .text              ro code  0x08002c60   0xbde  usb_core.o [1]
  .text              ro code  0x08003840   0xb38  app.o [1]
  .text              ro code  0x08004378   0x7f8  os_core.o [1]
  .text              ro code  0x08004b70   0x7ec  hw_platform.o [1]
  .text              ro code  0x0800535c   0x714  spi_flash.o [1]
  .text              ro code  0x08005a70   0x6cc  WBTDS01.o [1]
  .text              ro code  0x0800613c   0x4a8  record_m.o [1]
  .text              ro code  0x080065e4   0x498  rec_ecc.o [1]
  .text              ro code  0x08006a7c   0x44c  usb_prop.o [1]
  .text              ro code  0x08006ec8   0x440  usb_scsi.o [1]
  .text              ro code  0x08007308   0x43c  usb_bot.o [1]
  .text              ro code  0x08007744   0x428  keypad.o [1]
  .rodata            const    0x08007b6c   0x400  crc32.o [1]
  .text              ro code  0x08007f6c   0x384  HJ5000_scanner.o [1]
  .text              ro code  0x080082f0   0x318  stm32f10x_rcc.o [1]
  .text              ro code  0x08008608   0x300  stm32f10x_it.o [1]
  .text              ro code  0x08008908   0x2bc  DblDiv.o [4]
  .text              ro code  0x08008bc4   0x28e  os_task.o [1]
  .text              ro code  0x08008e54   0x28c  usb_regs.o [1]
  .text              ro code  0x080090e0   0x280  os_q.o [1]
  .text              ro code  0x08009360   0x24c  TimeBase.o [1]
  .text              ro code  0x080095ac   0x244  usb_int.o [1]
  .text              ro code  0x080097f0   0x23c  memory.o [1]
  .text              ro code  0x08009a2c   0x1c4  stm32f10x_dma.o [1]
  .text              ro code  0x08009bf0   0x1c4  stm32f10x_gpio.o [1]
  .text              ro code  0x08009db4   0x1c4  stm32f10x_usart.o [1]
  .text              ro code  0x08009f78   0x1aa  stm32f10x_adc.o [1]
  .text              ro code  0x0800a124   0x1a2  DblMul.o [4]
  .text              ro code  0x0800a2c8   0x18c  main.o [1]
  .rodata            const    0x0800a454   0x180  basic_fun.o [1]
  .text              ro code  0x0800a5d4   0x17e  DblSub.o [4]
  .text              ro code  0x0800a754   0x168  os_dbg.o [1]
  .text              ro code  0x0800a8bc   0x164  stm32f10x_tim.o [1]
  .text              ro code  0x0800aa20   0x130  I64DivMod.o [4]
  .text              ro code  0x0800ab50   0x124  mass_mal.o [1]
  .text              ro code  0x0800ac74   0x11c  os_time.o [1]
  .text              ro code  0x0800ad90   0x110  xdscale.o [3]
  .text              ro code  0x0800aea0   0x10c  os_cpu_c.o [1]
  .rodata            const    0x0800afac   0x100  os_core.o [1]
  .rodata            const    0x0800b0ac   0x100  rec_ecc.o [1]
  .rodata            const    0x0800b1ac   0x100  rec_ecc.o [1]
  .rodata            const    0x0800b2ac   0x100  rec_ecc.o [1]
  .text              ro code  0x0800b3ac    0xf0  stm32f10x_exti.o [1]
  .text              ro code  0x0800b49c    0xe6  DblAdd.o [4]
  .text              ro code  0x0800b584    0xdc  Terminal_Para_m.o [1]
  .text              ro code  0x0800b660    0xd8  hw_config.o [1]
  .text              ro code  0x0800b738    0xd0  stm32f10x_nvic.o [1]
  .text              ro code  0x0800b808    0xbc  xxmemxmalloc.o [3]
  .text              ro code  0x0800b8c4    0xb4  xdnorm.o [3]
  .text              ro code  0x0800b978    0xb0  fflush.o [3]
  .text              ro code  0x0800ba28    0xa0  data_uart.o [1]
  CODE               ro code  0x0800bac8    0xa0  os_cpu_a.o [1]
  .text              ro code  0x0800bb68    0x9c  PCUsart.o [1]
  .text              ro code  0x0800bc04    0x9c  basic_fun.o [1]
  .text              ro code  0x0800bca0    0x9c  usb_istr.o [1]
  .text              ro code  0x0800bd3c    0x8e  packbits_init2.o [4]
  .text              ro code  0x0800bdcc    0x8c  xsyslock.o [3]
  .text              ro code  0x0800be58    0x88  xxmemxfree.o [3]
  .text              ro code  0x0800bee0    0x84  xreportassert.o [3]
  .text              ro code  0x0800bf64    0x7a  cortexm3_macro.o [1]
  .text              ro code  0x0800bfe0    0x7a  stm32f10x_spi.o [1]
  .text              ro code  0x0800c05c    0x76  os_flag.o [1]
  .text              ro code  0x0800c0d4    0x70  ABImemcpy.o [4]
  .text              ro code  0x0800c144    0x70  cppinit.o [3]
  .text              ro code  0x0800c1b4    0x66  ABImemset.o [4]
  .text              ro code  0x0800c21c    0x62  memcmp.o [4]
  .text              ro code  0x0800c280    0x5c  JMemory.o [1]
  .text              ro code  0x0800c2dc    0x5c  xencoding_sb.o [3]
  .text              ro code  0x0800c338    0x5a  usb_sil.o [1]
  .text              ro code  0x0800c394    0x58  os_sem.o [1]
  .text              ro code  0x0800c3ec    0x58  memchr.o [4]
  .text              ro code  0x0800c444    0x56  DblToI32.o [4]
  .text              ro code  0x0800c49c    0x54  usb_mem.o [1]
  .text              ro code  0x0800c4f0    0x54  iarwstd.o [5]
  .text              ro code  0x0800c544    0x4c  os_mem.o [1]
  .rodata            const    0x0800c590    0x48  xlocale_c.o [3]
  .rodata            const    0x0800c5d8    0x44  app.o [1]
  .text              ro code  0x0800c61c    0x44  stm32f10x_flash.o [1]
  .text              ro code  0x0800c660    0x44  strcpy.o [4]
  .text              ro code  0x0800c6a4    0x44  xassert.o [3]
  .text              ro code  0x0800c6e8    0x42  strcmp.o [4]
  .rodata            const    0x0800c72c    0x40  spi_flash.o [1]
  .rodata            const    0x0800c76c    0x40  usb_desc.o [1]
  .text              ro code  0x0800c7ac    0x40  usb_init.o [1]
  .rodata            const    0x0800c7ec    0x3c  app.o [1]
  .text              ro code  0x0800c828    0x3c  stm32f10x_pwr.o [1]
  .text              ro code  0x0800c864    0x3c  usb_pwr.o [1]
  .text              ro code  0x0800c8a0    0x36  strlen.o [4]
  .text              ro code  0x0800c8d8    0x34  usb_endp.o [1]
  .rodata            const    0x0800c90c    0x30  xreportassert.o [3]
  .text              ro code  0x0800c93c    0x30  MtxWrapper.o [3]
  .text              ro code  0x0800c96c    0x2e  DblCmpLe.o [4]
  .text              ro code  0x0800c99c    0x2e  DblCmpGe.o [4]
  .text              ro code  0x0800c9cc    0x2e  I32ToDbl.o [4]
  .rodata            const    0x0800c9fc    0x2c  app.o [1]
  .rodata            const    0x0800ca28    0x28  hw_platform.o [1]
  .rodata            const    0x0800ca50    0x28  usb_desc.o [1]
  .text              ro code  0x0800ca78    0x28  crc32.o [1]
  .text              ro code  0x0800caa0    0x28  xgetmemchunk.o [3]
  .rodata            const    0x0800cac8    0x24  WBTDS01.o [1]
  .rodata            const    0x0800caec    0x24  usb_desc.o [1]
  .iar.init_table    const    0x0800cb10    0x2c  - Linker created -
  .rodata            const    0x0800cb3c    0x20  app.o [1]
  .rodata            const    0x0800cb5c    0x20  app.o [1]
  .rodata            const    0x0800cb7c    0x20  usb_desc.o [1]
  .rodata            const    0x0800cb9c    0x20  usb_desc.o [1]
  .text              ro code  0x0800cbbc    0x20  printf.o [3]
  .text              ro code  0x0800cbdc    0x20  xmbtowc.o [3]
  .text              ro code  0x0800cbfc    0x20  iarwrite.o [5]
  .text              ro code  0x0800cc1c    0x1e  dwrite.o [5]
  .rodata            const    0x0800cc3c    0x1c  app.o [1]
  .text              ro code  0x0800cc58    0x1c  data_init2.o [4]
  .text              ro code  0x0800cc74    0x1a  xwctomb.o [3]
  .text              ro code  0x0800cc8e    0x1a  zero_init2.o [4]
  .rodata            const    0x0800cca8    0x18  app.o [1]
  .rodata            const    0x0800ccc0    0x18  app.o [1]
  .rodata            const    0x0800ccd8    0x18  stm32f10x_it.o [1]
  .text              ro code  0x0800ccf0    0x18  cmain.o [4]
  .text              ro code  0x0800cd08    0x16  strchr.o [4]
  .text              ro code  0x0800cd1e    0x16  xprout.o [3]
  .rodata            const    0x0800cd34    0x14  WBTDS01.o [1]
  .rodata            const    0x0800cd48    0x14  WBTDS01.o [1]
  .rodata            const    0x0800cd5c    0x14  hw_platform.o [1]
  .rodata            const    0x0800cd70    0x14  hw_platform.o [1]
  .rodata            const    0x0800cd84    0x14  hw_platform.o [1]
  .rodata            const    0x0800cd98    0x14  hw_platform.o [1]
  .rodata            const    0x0800cdac    0x14  usb_desc.o [1]
  .rodata            const    0x0800cdc0    0x14  usb_desc.o [1]
  .text              ro code  0x0800cdd4    0x14  exit.o [5]
  .text              ro code  0x0800cde8    0x14  localeconv.o [3]
  .text              ro code  0x0800cdfc    0x14  setlocale.o [3]
  .text              ro code  0x0800ce10    0x14  HJ5000_scanner.o [1]
  CODE               ro code  0x0800ce24    0x12  hardfault_isr_handle_a.o [1]
  .rodata            const    0x0800ce38    0x10  WBTDS01.o [1]
  .rodata            const    0x0800ce48    0x10  stm32f10x_rcc.o [1]
  .rodata            const    0x0800ce58    0x10  xprintffull.o [3]
  .text              ro code  0x0800ce68    0x10  write.o [5]
  .text              ro code  0x0800ce78     0xe  cexit.o [4]
  .text              ro code  0x0800ce86     0xe  HJ5000_scanner.o [1]
  .text              ro code  0x0800ce94     0xe  div.o [3]
  .rodata            const    0x0800cea4     0xc  WBTDS01.o [1]
  .rodata            const    0x0800ceb0     0xc  WBTDS01.o [1]
  .rodata            const    0x0800cebc     0xc  WBTDS01.o [1]
  .rodata            const    0x0800cec8     0xc  WBTDS01.o [1]
  .rodata            const    0x0800ced4     0xc  WBTDS01.o [1]
  .rodata            const    0x0800cee0     0xc  WBTDS01.o [1]
  .rodata            const    0x0800ceec     0xc  WBTDS01.o [1]
  .rodata            const    0x0800cef8     0xc  WBTDS01.o [1]
  .rodata            const    0x0800cf04     0xc  app.o [1]
  .rodata            const    0x0800cf10     0xc  hw_platform.o [1]
  .rodata            const    0x0800cf1c     0xc  stm32f10x_it.o [1]
  .rodata            const    0x0800cf28     0xc  stm32f10x_it.o [1]
  .rodata            const    0x0800cf34     0xc  stm32f10x_it.o [1]
  .rodata            const    0x0800cf40     0xc  stm32f10x_it.o [1]
  .rodata            const    0x0800cf4c     0xc  stm32f10x_it.o [1]
  .rodata            const    0x0800cf58     0xc  stm32f10x_it.o [1]
  .rodata            const    0x0800cf64     0xc  stm32f10x_it.o [1]
  .rodata            const    0x0800cf70     0xc  stm32f10x_it.o [1]
  .rodata            const    0x0800cf7c     0xc  stm32f10x_it.o [1]
  .rodata            const    0x0800cf88     0xc  stm32f10x_it.o [1]
  .rodata            const    0x0800cf94     0xc  stm32f10x_it.o [1]
  .rodata            const    0x0800cfa0     0xc  stm32f10x_it.o [1]
  .rodata            const    0x0800cfac     0xc  stm32f10x_it.o [1]
  .text              ro code  0x0800cfb8     0xc  putchar.o [3]
  .text              ro code  0x0800cfc4     0xa  xmbcurmax.o [3]
  .rodata            const    0x0800cfd0     0x8  WBTDS01.o [1]
  .rodata            const    0x0800cfd8     0x8  WBTDS01.o [1]
  .rodata            const    0x0800cfe0     0x8  WBTDS01.o [1]
  .rodata            const    0x0800cfe8     0x8  xprintffull.o [3]
  .rodata            const    0x0800cff0     0x8  localeconv.o [3]
  .rodata            const    0x0800cff8     0x8  localeconv.o [3]
  .rodata            const    0x0800d000     0x8  xencoding_sb.o [3]
  .rodata            const    0x0800d008     0x8  xencoding_sb.o [3]
  .rodata            const    0x0800d010     0x8  xlocale_c.o [3]
  .rodata            const    0x0800d018     0x8  xlocale_c.o [3]
  .text              ro code  0x0800d020     0x8  abort.o [3]
  .text              ro code  0x0800d028     0x6  exit.o [3]
  .rodata            const    0x0800d030     0x4  os_dbg.o [1]
  .rodata            const    0x0800d034     0x4  stm32f10x_rcc.o [1]
  .rodata            const    0x0800d038     0x4  usb_desc.o [1]
  .text              ro code  0x0800d03c     0x2  I64DivZer.o [4]
  .text              ro code  0x0800d03e     0x4  low_level_init.o [3]
  .rodata            const    0x0800d042     0x2  os_dbg.o [1]
  .rodata            const    0x0800d044     0x2  os_dbg.o [1]
  .rodata            const    0x0800d046     0x2  os_dbg.o [1]
  .rodata            const    0x0800d048     0x2  os_dbg.o [1]
  .rodata            const    0x0800d04a     0x2  os_dbg.o [1]
  .rodata            const    0x0800d04c     0x2  os_dbg.o [1]
  .rodata            const    0x0800d04e     0x2  os_dbg.o [1]
  .rodata            const    0x0800d050     0x2  os_dbg.o [1]
  .rodata            const    0x0800d052     0x2  os_dbg.o [1]
  .rodata            const    0x0800d054     0x2  os_dbg.o [1]
  .rodata            const    0x0800d056     0x2  os_dbg.o [1]
  .rodata            const    0x0800d058     0x2  os_dbg.o [1]
  .rodata            const    0x0800d05a     0x2  os_dbg.o [1]
  .rodata            const    0x0800d05c     0x2  os_dbg.o [1]
  .rodata            const    0x0800d05e     0x2  os_dbg.o [1]
  .rodata            const    0x0800d060     0x2  os_dbg.o [1]
  .rodata            const    0x0800d062     0x2  os_dbg.o [1]
  .rodata            const    0x0800d064     0x2  os_dbg.o [1]
  .rodata            const    0x0800d066     0x2  os_dbg.o [1]
  .rodata            const    0x0800d068     0x2  os_dbg.o [1]
  .rodata            const    0x0800d06a     0x2  os_dbg.o [1]
  .rodata            const    0x0800d06c     0x2  os_dbg.o [1]
  .rodata            const    0x0800d06e     0x2  os_dbg.o [1]
  .rodata            const    0x0800d070     0x2  os_dbg.o [1]
  .rodata            const    0x0800d072     0x2  os_dbg.o [1]
  .rodata            const    0x0800d074     0x2  os_dbg.o [1]
  .rodata            const    0x0800d076     0x2  os_dbg.o [1]
  .rodata            const    0x0800d078     0x2  os_dbg.o [1]
  .rodata            const    0x0800d07a     0x2  os_dbg.o [1]
  .rodata            const    0x0800d07c     0x2  os_dbg.o [1]
  .rodata            const    0x0800d07e     0x2  os_dbg.o [1]
  .rodata            const    0x0800d080     0x2  os_dbg.o [1]
  .rodata            const    0x0800d082     0x2  os_dbg.o [1]
  .rodata            const    0x0800d084     0x2  os_dbg.o [1]
  .rodata            const    0x0800d086     0x2  os_dbg.o [1]
  .rodata            const    0x0800d088     0x2  os_dbg.o [1]
  .rodata            const    0x0800d08a     0x2  os_dbg.o [1]
  .rodata            const    0x0800d08c     0x2  os_dbg.o [1]
  .rodata            const    0x0800d08e     0x2  os_dbg.o [1]
  .rodata            const    0x0800d090     0x2  os_dbg.o [1]
  .rodata            const    0x0800d092     0x2  os_dbg.o [1]
  .rodata            const    0x0800d094     0x2  os_dbg.o [1]
  .rodata            const    0x0800d096     0x2  os_dbg.o [1]
  .rodata            const    0x0800d098     0x2  os_dbg.o [1]
  .rodata            const    0x0800d09a     0x2  localeconv.o [3]
  .rodata            const    0x0800d09c     0x2  xlocale_c.o [3]
  .rodata            const    0x0800d09e     0x1  localeconv.o [3]
  .rodata            const    0x0800d09f     0x1  setlocale.o [3]
  .rodata            const    0x0800d0a0     0x1  xlocale_c.o [3]
  Initializer bytes  ro data  0x0800d0a1   0x219  <for P3 s0>
                            - 0x0800d2ba  0xd17a

"P3", part 1 of 3:                         0xde0
  CSTACK                      0x20000010   0x800  <Block>
    CSTACK           uninit   0x20000010   0x800  <Block tail>
  HEAP                        0x20000810   0x400  <Block>
    HEAP             uninit   0x20000810   0x400  <Block tail>
  .iar.dynexit                0x20000c10   0x1e0  <Block>
    .iar.dynexit     uninit   0x20000c10     0xc  cppinit.o [3]
    .iar.dynexit     uninit   0x20000c1c   0x1d4  <Block tail>
                            - 0x20000df0   0xde0

"P3", part 2 of 3:                        0x36cc
  .bss               zero     0x20000df0  0x1000  spi_flash.o [1]
  .bss               zero     0x20001df0   0x800  memory.o [1]
  .bss               zero     0x200025f0   0x590  app.o [1]
  .bss               zero     0x20002b80   0x4d0  app.o [1]
  .bss               zero     0x20003050   0x39c  os_core.o [1]
  .bss               zero     0x200033ec   0x200  app.o [1]
  .bss               zero     0x200035ec   0x200  app.o [1]
  .bss               zero     0x200037ec   0x200  os_core.o [1]
  .bss               zero     0x200039ec   0x190  JMemory.o [1]
  .bss               zero     0x20003b7c   0x100  os_core.o [1]
  .bss               zero     0x20003c7c   0x100  record_mod.o [1]
  .bss               zero     0x20003d7c    0x8c  os_core.o [1]
  .bss               zero     0x20003e08    0x8c  os_core.o [1]
  .bss               zero     0x20003e94    0x80  HJ5000_scanner.o [1]
  .bss               zero     0x20003f14    0x80  WBTDS01.o [1]
  .bss               zero     0x20003f94    0x60  os_core.o [1]
  .bss               zero     0x20003ff4    0x54  app.o [1]
  .bss               zero     0x20004048    0x54  record_m.o [1]
  .bss               zero     0x2000409c    0x50  os_core.o [1]
  .bss               zero     0x200040ec    0x50  xfiles.o [3]
  .bss               zero     0x2000413c    0x50  xfiles.o [3]
  .bss               zero     0x2000418c    0x40  usb_bot.o [1]
  .bss               zero     0x200041cc    0x3c  app.o [1]
  .bss               zero     0x20004208    0x2c  record_mod.o [1]
  .bss               zero     0x20004234    0x20  HJ5000_scanner.o [1]
  .bss               zero     0x20004254    0x20  Terminal_Para_m.o [1]
  .bss               zero     0x20004274    0x20  WBTDS01.o [1]
  .bss               zero     0x20004294    0x20  app.o [1]
  .bss               zero     0x200042b4    0x20  usb_bot.o [1]
  .bss               zero     0x200042d4    0x1c  usb_init.o [1]
  .bss               zero     0x200042f0    0x14  os_cpu_c.o [1]
  .bss               zero     0x20004304    0x14  xsyslock.o [3]
  .bss               zero     0x20004318    0x10  hw_platform.o [1]
  .bss               zero     0x20004328    0x10  record_mod.o [1]
  .bss               zero     0x20004338    0x10  usb_bot.o [1]
  .bss               zero     0x20004348     0xc  HJ5000_scanner.o [1]
  .bss               zero     0x20004354     0xc  WBTDS01.o [1]
  .bss               zero     0x20004360     0x8  TimeBase.o [1]
  .bss               zero     0x20004368     0x8  mass_mal.o [1]
  .bss               zero     0x20004370     0x8  mass_mal.o [1]
  .bss               zero     0x20004378     0x8  mass_mal.o [1]
  .bss               zero     0x20004380     0x8  os_core.o [1]
  .bss               zero     0x20004388     0x8  scsi_data.o [1]
  .bss               zero     0x20004390     0x8  scsi_data.o [1]
  .bss               zero     0x20004398     0x8  xxmemxmalloc.o [3]
  .bss               zero     0x200043a0     0x4  HJ5000_scanner.o [1]
  .bss               zero     0x200043a4     0x4  HJ5000_scanner.o [1]
  .bss               zero     0x200043a8     0x4  app.o [1]
  .bss               zero     0x200043ac     0x4  app.o [1]
  .bss               zero     0x200043b0     0x4  app.o [1]
  .bss               zero     0x200043b4     0x4  app.o [1]
  .bss               zero     0x200043b8     0x4  app.o [1]
  .bss               zero     0x200043bc     0x4  app.o [1]
  .bss               zero     0x200043c0     0x4  hw_platform.o [1]
  .bss               zero     0x200043c4     0x4  hw_platform.o [1]
  .bss               zero     0x200043c8     0x4  hw_platform.o [1]
  .bss               zero     0x200043cc     0x4  keypad.o [1]
  .bss               zero     0x200043d0     0x4  keypad.o [1]
  .bss               zero     0x200043d4     0x4  mass_mal.o [1]
  .bss               zero     0x200043d8     0x4  memory.o [1]
  .bss               zero     0x200043dc     0x4  memory.o [1]
  .bss               zero     0x200043e0     0x4  memory.o [1]
  .bss               zero     0x200043e4     0x4  memory.o [1]
  .bss               zero     0x200043e8     0x4  memory.o [1]
  .bss               zero     0x200043ec     0x4  memory.o [1]
  .bss               zero     0x200043f0     0x4  memory.o [1]
  .bss               zero     0x200043f4     0x4  memory.o [1]
  .bss               zero     0x200043f8     0x4  os_core.o [1]
  .bss               zero     0x200043fc     0x4  os_core.o [1]
  .bss               zero     0x20004400     0x4  os_core.o [1]
  .bss               zero     0x20004404     0x4  os_core.o [1]
  .bss               zero     0x20004408     0x4  os_core.o [1]
  .bss               zero     0x2000440c     0x4  os_core.o [1]
  .bss               zero     0x20004410     0x4  os_core.o [1]
  .bss               zero     0x20004414     0x4  os_core.o [1]
  .bss               zero     0x20004418     0x4  os_core.o [1]
  .bss               zero     0x2000441c     0x4  os_core.o [1]
  .bss               zero     0x20004420     0x4  os_core.o [1]
  .bss               zero     0x20004424     0x4  record_m.o [1]
  .bss               zero     0x20004428     0x4  record_m.o [1]
  .bss               zero     0x2000442c     0x4  record_m.o [1]
  .bss               zero     0x20004430     0x4  record_m.o [1]
  .bss               zero     0x20004434     0x4  record_mod.o [1]
  .bss               zero     0x20004438     0x4  record_mod.o [1]
  .bss               zero     0x2000443c     0x4  record_mod.o [1]
  .bss               zero     0x20004440     0x4  record_mod.o [1]
  .bss               zero     0x20004444     0x4  spi_flash.o [1]
  .bss               zero     0x20004448     0x4  spi_flash.o [1]
  .bss               zero     0x2000444c     0x4  spi_flash.o [1]
  .bss               zero     0x20004450     0x4  spi_flash.o [1]
  .bss               zero     0x20004454     0x4  usb_bot.o [1]
  .bss               zero     0x20004458     0x4  usb_bot.o [1]
  .bss               zero     0x2000445c     0x4  usb_core.o [1]
  .bss               zero     0x20004460     0x4  usb_endp.o [1]
  .bss               zero     0x20004464     0x4  usb_init.o [1]
  .bss               zero     0x20004468     0x4  usb_init.o [1]
  .bss               zero     0x2000446c     0x4  usb_init.o [1]
  .bss               zero     0x20004470     0x4  usb_prop.o [1]
  .bss               zero     0x20004474     0x4  usb_prop.o [1]
  .bss               zero     0x20004478     0x4  usb_prop.o [1]
  .bss               zero     0x2000447c     0x4  usb_pwr.o [1]
  .bss               zero     0x20004480     0x4  xgetmemchunk.o [3]
  .bss               zero     0x20004484     0x4  MtxWrapper.o [3]
  .bss               zero     0x20004488     0x4  MtxWrapper.o [3]
  .bss               zero     0x2000448c     0x4  MtxWrapper.o [3]
  .bss               zero     0x20004490     0x4  MtxWrapper.o [3]
  .bss               zero     0x20004494     0x4  iarwstd.o [5]
  .bss               zero     0x20004498     0x2  usb_bot.o [1]
  .bss               zero     0x2000449a     0x2  usb_init.o [1]
  .bss               zero     0x2000449c     0x2  usb_int.o [1]
  .bss               zero     0x2000449e     0x2  usb_int.o [1]
  .bss               zero     0x200044a0     0x2  usb_istr.o [1]
  .bss               zero     0x200044a2     0x1  PCUsart.o [1]
  .bss               zero     0x200044a3     0x1  Terminal_Para_m.o [1]
  .bss               zero     0x200044a4     0x1  app.o [1]
  .bss               zero     0x200044a5     0x1  app.o [1]
  .bss               zero     0x200044a6     0x1  hw_config.o [1]
  .bss               zero     0x200044a7     0x1  hw_platform.o [1]
  .bss               zero     0x200044a8     0x1  keypad.o [1]
  .bss               zero     0x200044a9     0x1  keypad.o [1]
  .bss               zero     0x200044aa     0x1  main.o [1]
  .bss               zero     0x200044ab     0x1  memory.o [1]
  .bss               zero     0x200044ac     0x1  os_core.o [1]
  .bss               zero     0x200044ad     0x1  os_core.o [1]
  .bss               zero     0x200044ae     0x1  os_core.o [1]
  .bss               zero     0x200044af     0x1  os_core.o [1]
  .bss               zero     0x200044b0     0x1  os_core.o [1]
  .bss               zero     0x200044b1     0x1  os_core.o [1]
  .bss               zero     0x200044b2     0x1  os_core.o [1]
  .bss               zero     0x200044b3     0x1  os_core.o [1]
  .bss               zero     0x200044b4     0x1  record_mod.o [1]
  .bss               zero     0x200044b5     0x1  record_mod.o [1]
  .bss               zero     0x200044b6     0x1  spi_flash.o [1]
  .bss               zero     0x200044b7     0x1  usb_bot.o [1]
  .bss               zero     0x200044b8     0x1  usb_core.o [1]
  .bss               zero     0x200044b9     0x1  usb_init.o [1]
  .bss               zero     0x200044ba     0x1  usb_istr.o [1]
                            - 0x200044bb  0x36cb

"P3", part 3 of 3:                         0x324
  P3 s0                       0x200044bc   0x324  <Init block>
    .data            inited   0x200044bc    0x84  setlocale.o [3]
    .data            inited   0x20004540    0x4c  localeconv.o [3]
    .data            inited   0x2000458c    0x40  xfiles.o [3]
    .data            inited   0x200045cc    0x40  xfiles.o [3]
    .data            inited   0x2000460c    0x40  xfiles.o [3]
    .data            inited   0x2000464c    0x30  usb_prop.o [1]
    .data            inited   0x2000467c    0x24  scsi_data.o [1]
    .data            inited   0x200046a0    0x24  scsi_data.o [1]
    .data            inited   0x200046c4    0x24  usb_prop.o [1]
    .data            inited   0x200046e8    0x20  usb_prop.o [1]
    .data            inited   0x20004708    0x20  xfiles.o [3]
    .data            inited   0x20004728    0x1c  usb_desc.o [1]
    .data            inited   0x20004744    0x1c  usb_istr.o [1]
    .data            inited   0x20004760    0x1c  usb_istr.o [1]
    .data            inited   0x2000477c    0x14  scsi_data.o [1]
    .data            inited   0x20004790    0x10  usb_prop.o [1]
    .data            inited   0x200047a0    0x10  usb_prop.o [1]
    .data            inited   0x200047b0     0xc  scsi_data.o [1]
    .data            inited   0x200047bc     0x8  scsi_data.o [1]
    .data            inited   0x200047c4     0x8  usb_prop.o [1]
    .data            inited   0x200047cc     0x8  usb_prop.o [1]
    .data            inited   0x200047d4     0x4  scsi_data.o [1]
    .data            inited   0x200047d8     0x4  usb_prop.o [1]
    .data            inited   0x200047dc     0x4  cppinit.o [3]
                            - 0x200047e0   0x324


*******************************************************************************
*** INIT TABLE
***

          Address     Size
          -------     ----
Zero (__iar_zero_init2)
    1 destination range, total size 0x36cb:
          0x20000df0  0x36cb

Copy/packbits (__iar_packbits_init2)
    1 source range, total size 0x219 (66% of destination):
           0x800d0a1   0x219
    1 destination range, total size 0x324:
          0x200044bc   0x324


*******************************************************************************
*** MODULE SUMMARY
***

    Module                    ro code  ro data  rw data
    ------                    -------  -------  -------
E:\H520B\FW\src\Project\EWARMv5\Debug\Obj: [1]
    HJ5000_scanner.o              934               180
    JMemory.o                      92               400
    PCUsart.o                     156                 1
    Terminal_Para_m.o             220                33
    TimeBase.o                    588                 8
    WBTDS01.o                   1 740      212      172
    app.o                       2 872      324    3 882
    basic_fun.o                   156      384
    cortexm3_macro.o              122
    crc32.o                        40    1 024
    data_uart.o                   160
    hardfault_isr_handle_a.o       18
    hw_config.o                   216                 1
    hw_platform.o               2 028      132       29
    keypad.o                    1 064                10
    main.o                        396                 1
    mass_mal.o                    292                28
    memory.o                      572             2 081
    os_core.o                   2 040      256    2 208
    os_cpu_a.o                    160
    os_cpu_c.o                    268                20
    os_dbg.o                      360       92
    os_flag.o                     118
    os_mem.o                       76
    os_q.o                        640
    os_sem.o                       88
    os_task.o                     654
    os_time.o                     284
    rec_ecc.o                   1 176      768
    record_m.o                  1 192               100
    record_mod.o                6 862               334
    scsi_data.o                             78      132
    spi_flash.o                 1 812       64    4 113
    stm32f10x_adc.o               426
    stm32f10x_dma.o               452
    stm32f10x_exti.o              240
    stm32f10x_flash.o              68
    stm32f10x_gpio.o              452
    stm32f10x_it.o                768      180
    stm32f10x_nvic.o              208
    stm32f10x_pwr.o                60
    stm32f10x_rcc.o               792       20
    stm32f10x_spi.o               122
    stm32f10x_tim.o               356
    stm32f10x_usart.o             452
    stm32f10x_vector.o                     320
    usb_bot.o                   1 084               123
    usb_core.o                  3 038                 5
    usb_desc.o                             266       28
    usb_endp.o                     52                 4
    usb_init.o                     64                43
    usb_int.o                     580                 4
    usb_istr.o                    156       38       59
    usb_mem.o                      84
    usb_prop.o                  1 100      111      180
    usb_pwr.o                      60                 4
    usb_regs.o                    652
    usb_scsi.o                  1 088
    usb_sil.o                      90
    ---------------------------------------------------
    Total:                     39 840    4 269   14 183

command line: [2]
    ---------------------------------------------------
    Total:

dl7M_tl_if.a: [3]
    MtxWrapper.o                   48                16
    abort.o                         8
    cppinit.o                     112        3       16
    div.o                          14
    exit.o                          6
    fflush.o                      176
    localeconv.o                   20       69       76
    low_level_init.o                4
    printf.o                       32
    putchar.o                      12
    setlocale.o                    20       89      132
    xassert.o                      68
    xdnorm.o                      180
    xdscale.o                     272
    xencoding_sb.o                 92       16
    xfiles.o                               151      384
    xgetmemchunk.o                 40                 4
    xlocale_c.o                             91
    xmbcurmax.o                    10
    xmbtowc.o                      32
    xprintffull.o               4 174       24
    xprout.o                       22
    xreportassert.o               132       48
    xsyslock.o                    140                20
    xwctomb.o                      26
    xxmemxfree.o                  136
    xxmemxmalloc.o                188                 8
    ---------------------------------------------------
    Total:                      5 964      491      656

rt7M_tl.a: [4]
    ABImemcpy.o                   112
    ABImemset.o                   102
    DblAdd.o                      230
    DblCmpGe.o                     46
    DblCmpLe.o                     46
    DblDiv.o                      700
    DblMul.o                      418
    DblSub.o                      382
    DblToI32.o                     86
    I32ToDbl.o                     46
    I64DivMod.o                   304
    I64DivZer.o                     2
    cexit.o                        14
    cmain.o                        24
    data_init2.o                   28
    memchr.o                       88
    memcmp.o                       98
    packbits_init2.o              142
    strchr.o                       22
    strcmp.o                       66
    strcpy.o                       68
    strlen.o                       54
    zero_init2.o                   26
    ---------------------------------------------------
    Total:                      3 104

shb_l.a: [5]
    dwrite.o                       30
    exit.o                         20
    iarwrite.o                     32
    iarwstd.o                      84                 4
    write.o                        16
    ---------------------------------------------------
    Total:                        182                 4

    Gaps                           38       14
    Linker created                          44    3 540
-------------------------------------------------------
    Grand Total:               49 128    4 818   18 383


*******************************************************************************
*** ENTRY LIST
***

Entry                      Address    Size  Type      Object
-----                      -------    ----  ----      ------
.iar.dynexit$$Base      0x20000c10           --   Gb  - Linker created -
.iar.dynexit$$Limit     0x20000df0           --   Gb  - Linker created -
ADC1_2_IRQHandler       0x080087c1     0x2  Code  Gb  stm32f10x_it.o [1]
ADC3_IRQHandler         0x080088ef     0x2  Code  Gb  stm32f10x_it.o [1]
ADCPrescTable           0x0800d034     0x4  Data  Lc  stm32f10x_rcc.o [1]
ADC_Cmd                 0x08009fc9    0x1a  Code  Gb  stm32f10x_adc.o [1]
ADC_GetCalibrationStatus
                        0x0800a00f    0x18  Code  Gb  stm32f10x_adc.o [1]
ADC_GetConversionValue  0x0800a11b     0x6  Code  Gb  stm32f10x_adc.o [1]
ADC_GetResetCalibrationStatus
                        0x08009fed    0x18  Code  Gb  stm32f10x_adc.o [1]
ADC_Init                0x08009f79    0x50  Code  Gb  stm32f10x_adc.o [1]
ADC_Module_Init         0x08004b71    0x9a  Code  Lc  hw_platform.o [1]
ADC_RegularChannelConfig
                        0x0800a041    0xda  Code  Gb  stm32f10x_adc.o [1]
ADC_ResetCalibration    0x08009fe3     0xa  Code  Gb  stm32f10x_adc.o [1]
ADC_SoftwareStartConvCmd
                        0x0800a027    0x1a  Code  Gb  stm32f10x_adc.o [1]
ADC_StartCalibration    0x0800a005     0xa  Code  Gb  stm32f10x_adc.o [1]
APBAHBPrescTable        0x0800ce48    0x10  Data  Lc  stm32f10x_rcc.o [1]
BT_Daemon_thread        0x0800411d    0x78  Code  Gb  app.o [1]
Block_Read_count        0x200043d8     0x4  Data  Gb  memory.o [1]
Block_offset            0x200043dc     0x4  Data  Gb  memory.o [1]
Bot_Abort               0x08007709    0x3c  Code  Gb  usb_bot.o [1]
Bot_State               0x200044b7     0x1  Data  Gb  usb_bot.o [1]
Bulk_Data_Buff          0x2000418c    0x40  Data  Gb  usb_bot.o [1]
BusFaultException       0x080086fb     0x2  Code  Gb  stm32f10x_it.o [1]
ByteSwap                0x080090d1    0x10  Code  Gb  usb_regs.o [1]
CAN_RX1_IRQHandler      0x080087cd     0x2  Code  Gb  stm32f10x_it.o [1]
CAN_SCE_IRQHandler      0x080087cf     0x2  Code  Gb  stm32f10x_it.o [1]
CBW                     0x200042b4    0x20  Data  Gb  usb_bot.o [1]
CBW_Decode              0x080073e9   0x298  Code  Gb  usb_bot.o [1]
CSTACK$$Base            0x20000010           --   Gb  - Linker created -
CSTACK$$Limit           0x20000810           --   Gb  - Linker created -
CSW                     0x20004338    0x10  Data  Gb  usb_bot.o [1]
CTR_LP                  0x080095ad   0x22c  Code  Gb  usb_int.o [1]
ClearDTOG_RX            0x08008f71    0x32  Code  Gb  usb_regs.o [1]
ClearDTOG_TX            0x08008fa3    0x32  Code  Gb  usb_regs.o [1]
Clear_Status_Out        0x08008f4d    0x24  Code  Gb  usb_regs.o [1]
Config_Descriptor       0x200047a0    0x10  Data  Gb  usb_prop.o [1]
Counter                 0x200043e0     0x4  Data  Gb  memory.o [1]
DMA1_Channel1_IRQHandler
                        0x08008787     0x2  Code  Gb  stm32f10x_it.o [1]
DMA1_Channel2_IRQHandler
                        0x08008789     0x2  Code  Gb  stm32f10x_it.o [1]
DMA1_Channel3_IRQHandler
                        0x0800878b     0x2  Code  Gb  stm32f10x_it.o [1]
DMA1_Channel4_IRQHandler
                        0x0800878d     0x2  Code  Gb  stm32f10x_it.o [1]
DMA1_Channel5_IRQHandler
                        0x0800878f     0x2  Code  Gb  stm32f10x_it.o [1]
DMA1_Channel6_IRQHandler
                        0x08008791     0x2  Code  Gb  stm32f10x_it.o [1]
DMA1_Channel7_IRQHandler
                        0x08008795    0x2c  Code  Gb  stm32f10x_it.o [1]
DMA2_Channel1_IRQHandler
                        0x08008901     0x2  Code  Gb  stm32f10x_it.o [1]
DMA2_Channel2_IRQHandler
                        0x08008903     0x2  Code  Gb  stm32f10x_it.o [1]
DMA2_Channel3_IRQHandler
                        0x08008905     0x2  Code  Gb  stm32f10x_it.o [1]
DMA2_Channel4_5_IRQHandler
                        0x08008907     0x2  Code  Gb  stm32f10x_it.o [1]
DMA_ClearFlag           0x08009ba9    0x12  Code  Gb  stm32f10x_dma.o [1]
DMA_Cmd                 0x08009b71    0x1a  Code  Gb  stm32f10x_dma.o [1]
DMA_DeInit              0x08009a2d   0x100  Code  Gb  stm32f10x_dma.o [1]
DMA_GetCurrDataCounter  0x08009ba3     0x6  Code  Gb  stm32f10x_dma.o [1]
DMA_GetITStatus         0x08009bbb    0x26  Code  Gb  stm32f10x_dma.o [1]
DMA_ITConfig            0x08009b8b    0x18  Code  Gb  stm32f10x_dma.o [1]
DMA_Init                0x08009b2d    0x44  Code  Gb  stm32f10x_dma.o [1]
DataStageIn             0x0800319b    0xb6  Code  Lc  usb_core.o [1]
DataStageOut            0x080030e3    0xb8  Code  Lc  usb_core.o [1]
Data_Buffer             0x20001df0   0x800  Data  Gb  memory.o [1]
Data_Len                0x20004498     0x2  Data  Gb  usb_bot.o [1]
Data_Mul_MaxPacketSize  0x200044b8     0x1  Data  Gb  usb_core.o [1]
Data_Setup0             0x080033ad   0x294  Code  Lc  usb_core.o [1]
DebugMonitor            0x080086ff     0x2  Code  Gb  stm32f10x_it.o [1]
DefaultTerminalPara     0x0800b62d    0x30  Code  Gb  Terminal_Para_m.o [1]
Device_Descriptor       0x20004790    0x10  Data  Gb  usb_prop.o [1]
Device_Info             0x200042d4    0x1c  Data  Gb  usb_init.o [1]
Device_Property         0x2000464c    0x30  Data  Gb  usb_prop.o [1]
Device_Table            0x200047d8     0x4  Data  Gb  usb_prop.o [1]
DtorRecArray            0x20000c10     0xc  Data  Lc  cppinit.o [3]
EP1_IN_Callback         0x0800c8ed    0x1c  Code  Gb  usb_endp.o [1]
EP2_OUT_Callback        0x0800c8db    0x10  Code  Gb  usb_endp.o [1]
EP3_OUT_Callback        0x0800c8d9     0x2  Code  Gb  usb_endp.o [1]
EPindex                 0x200044b9     0x1  Data  Gb  usb_init.o [1]
EXTI0_IRQHandler        0x0800870f    0x22  Code  Gb  stm32f10x_it.o [1]
EXTI15_10_IRQHandler    0x080088e1     0x2  Code  Gb  stm32f10x_it.o [1]
EXTI1_IRQHandler        0x08008731    0x30  Code  Gb  stm32f10x_it.o [1]
EXTI2_IRQHandler        0x08008761     0x2  Code  Gb  stm32f10x_it.o [1]
EXTI3_IRQHandler        0x08008763    0x22  Code  Gb  stm32f10x_it.o [1]
EXTI4_IRQHandler        0x08008785     0x2  Code  Gb  stm32f10x_it.o [1]
EXTI9_5_IRQHandler      0x080087d1    0x2c  Code  Gb  stm32f10x_it.o [1]
EXTI_ClearFlag          0x0800b45d     0x6  Code  Gb  stm32f10x_exti.o [1]
EXTI_ClearITPendingBit  0x0800b491     0x6  Code  Gb  stm32f10x_exti.o [1]
EXTI_GenerateSWInterrupt
                        0x0800b44d    0x10  Code  Gb  stm32f10x_exti.o [1]
EXTI_GetITStatus        0x0800b463    0x28  Code  Gb  stm32f10x_exti.o [1]
EXTI_Init               0x0800b3ad    0x94  Code  Gb  stm32f10x_exti.o [1]
EnterLowPowerMode       0x0800a3e5    0x3a  Code  Gb  main.o [1]
Event_capture_thread    0x08004075    0xa0  Code  Gb  app.o [1]
ExitLowPowerMode        0x0800a425    0x30  Code  Gb  main.o [1]
FLASH_IRQHandler        0x0800870b     0x2  Code  Gb  stm32f10x_it.o [1]
FLASH_PrefetchBufferCmd
                        0x0800c63d    0x20  Code  Gb  stm32f10x_flash.o [1]
FLASH_SetLatency        0x0800c61d    0x20  Code  Gb  stm32f10x_flash.o [1]
FSMC_IRQHandler         0x080088f1     0x2  Code  Gb  stm32f10x_it.o [1]
GPIO_AllAinConfig       0x0800a3a9    0x3c  Code  Lc  main.o [1]
GPIO_EXTILineConfig     0x08009d61    0x54  Code  Gb  stm32f10x_gpio.o [1]
GPIO_Init               0x08009bf1    0xcc  Code  Gb  stm32f10x_gpio.o [1]
GPIO_PinRemapConfig     0x08009ce5    0x7c  Code  Gb  stm32f10x_gpio.o [1]
GPIO_ReadInputDataBit   0x08009cbd    0x1a  Code  Gb  stm32f10x_gpio.o [1]
GPIO_ResetBits          0x08009cdd     0x6  Code  Gb  stm32f10x_gpio.o [1]
GPIO_SetBits            0x08009cd7     0x6  Code  Gb  stm32f10x_gpio.o [1]
GetEPRxAddr             0x08009029    0x18  Code  Gb  usb_regs.o [1]
GetEPRxCount            0x0800909f    0x18  Code  Gb  usb_regs.o [1]
GetEPTxAddr             0x08009011    0x18  Code  Gb  usb_regs.o [1]
Get_Max_Lun             0x08006ea9    0x1c  Code  Gb  usb_prop.o [1]
Get_SerialNum           0x0800b6d1    0x68  Code  Gb  hw_config.o [1]
HARDFAULT_ISR_HANDLE_d  0x0800ce25          Code  Gb  hardfault_isr_handle_a.o [1]
HEAP$$Base              0x20000810           --   Gb  - Linker created -
HEAP$$Limit             0x20000c10           --   Gb  - Linker created -
HJ5000_GPIO_config      0x08007f6d    0x84  Code  Lc  HJ5000_scanner.o [1]
HJ5000_NVIC_config      0x08007ff1    0x3a  Code  Lc  HJ5000_scanner.o [1]
HJ5000_RxISRHandler     0x080081d5    0x52  Code  Gb  HJ5000_scanner.o [1]
HJ5000_start_stop_decode
                        0x08008227    0x28  Code  Gb  HJ5000_scanner.o [1]
HSEStartUpStatus        0x200044aa     0x1  Data  Gb  main.o [1]
HardFaultException      0x080086f1     0x8  Code  Gb  stm32f10x_it.o [1]
I2C1_ER_IRQHandler      0x08008831     0x2  Code  Gb  stm32f10x_it.o [1]
I2C1_EV_IRQHandler      0x0800882f     0x2  Code  Gb  stm32f10x_it.o [1]
I2C2_ER_IRQHandler      0x08008835     0x2  Code  Gb  stm32f10x_it.o [1]
I2C2_EV_IRQHandler      0x08008833     0x2  Code  Gb  stm32f10x_it.o [1]
Idx                     0x200043e4     0x4  Data  Gb  memory.o [1]
In0_Process             0x080036e5    0x68  Code  Gb  usb_core.o [1]
Jfree                   0x0800c2b1    0x26  Code  Gb  JMemory.o [1]
Jmalloc                 0x0800c281    0x30  Code  Gb  JMemory.o [1]
Keyboard_ConfigDescriptor
                        0x0800caec    0x24  Data  Gb  usb_desc.o [1]
Keyboard_DeviceDescriptor
                        0x0800cdac    0x14  Data  Gb  usb_desc.o [1]
Keyboard_GetHIDDescriptor
                        0x08006e39    0x10  Code  Gb  usb_prop.o [1]
Keyboard_GetProtocolValue
                        0x08006e71    0x16  Code  Gb  usb_prop.o [1]
Keyboard_GetReportDescriptor
                        0x08006e29    0x10  Code  Gb  usb_prop.o [1]
Keyboard_Hid_Descriptor
                        0x200047cc     0x8  Data  Gb  usb_prop.o [1]
Keyboard_ReportDescriptor
                        0x0800c76c    0x40  Data  Gb  usb_desc.o [1]
Keyboard_Report_Descriptor
                        0x200047c4     0x8  Data  Gb  usb_prop.o [1]
Keyboard_SetProtocol    0x08006e61    0x10  Code  Gb  usb_prop.o [1]
Keyboard_SetReport      0x08006e8d    0x1c  Code  Gb  usb_prop.o [1]
Keypad_EXTI_ISRHandler  0x080078f1    0x34  Code  Gb  keypad.o [1]
Keypad_Init             0x080078e1    0x10  Code  Gb  keypad.o [1]
Keypad_Initport         0x08007745    0x80  Code  Lc  keypad.o [1]
Keypad_Int_Disable      0x08007807    0x3a  Code  Gb  keypad.o [1]
Keypad_Int_Enable       0x080077c5    0x42  Code  Gb  keypad.o [1]
Keypad_ReadIO           0x08007925    0x6a  Code  Lc  keypad.o [1]
Keypad_Timer_Disable    0x080078d1     0xc  Code  Gb  keypad.o [1]
Keypad_Timer_Enable     0x080078bd    0x14  Code  Gb  keypad.o [1]
Keypad_Timer_ISRHandler
                        0x08007999   0x1c8  Code  Gb  keypad.o [1]
Keypad_Timer_Init       0x08007841    0x7c  Code  Gb  keypad.o [1]
MAL_GetStatus           0x0800ac19    0x58  Code  Gb  mass_mal.o [1]
MAL_Read                0x0800aba9    0x66  Code  Gb  mass_mal.o [1]
MAL_Write               0x0800ab51    0x58  Code  Gb  mass_mal.o [1]
MASS_ConfigDescriptor   0x0800cb7c    0x20  Data  Gb  usb_desc.o [1]
MASS_DeviceDescriptor   0x0800cdc0    0x14  Data  Gb  usb_desc.o [1]
Mass_Block_Count        0x20004378     0x8  Data  Gb  mass_mal.o [1]
Mass_Block_Size         0x20004370     0x8  Data  Gb  mass_mal.o [1]
Mass_Memory_Size        0x20004368     0x8  Data  Gb  mass_mal.o [1]
Mass_Storage_In         0x08007309    0x62  Code  Gb  usb_bot.o [1]
Mass_Storage_Out        0x0800736b    0x7e  Code  Gb  usb_bot.o [1]
Max_Lun                 0x20004474     0x4  Data  Gb  usb_prop.o [1]
MemManageException      0x080086f9     0x2  Code  Gb  stm32f10x_it.o [1]
Mode_Sense10_data       0x200047bc     0x8  Data  Gb  scsi_data.o [1]
Mode_Sense6_data        0x200047d4     0x4  Data  Gb  scsi_data.o [1]
NMIException            0x08008609     0x2  Code  Gb  stm32f10x_it.o [1]
NOP_Process             0x0800383d     0x2  Code  Gb  usb_core.o [1]
NVIC_Init               0x0800b749    0xa0  Code  Gb  stm32f10x_nvic.o [1]
NVIC_PriorityGroupConfig
                        0x0800b739     0xa  Code  Gb  stm32f10x_nvic.o [1]
NVIC_SetVectorTable     0x0800b7f1    0x10  Code  Gb  stm32f10x_nvic.o [1]
NoData_Setup0           0x08003251   0x152  Code  Lc  usb_core.o [1]
OSCtxSw                 0x0800baf3          Code  Gb  os_cpu_a.o [1]
OSCtxSwCtr              0x200043f8     0x4  Data  Gb  os_core.o [1]
OSDataSize              0x0800d098     0x2  Data  Gb  os_dbg.o [1]
OSDebugEn               0x0800d042     0x2  Data  Gb  os_dbg.o [1]
OSDebugInit             0x0800a755   0x168  Code  Gb  os_dbg.o [1]
OSEndiannessTest        0x0800d030     0x4  Data  Gb  os_dbg.o [1]
OSEventEn               0x0800d048     0x2  Data  Gb  os_dbg.o [1]
OSEventFreeList         0x200043fc     0x4  Data  Gb  os_core.o [1]
OSEventMax              0x0800d044     0x2  Data  Gb  os_dbg.o [1]
OSEventNameSize         0x0800d046     0x2  Data  Gb  os_dbg.o [1]
OSEventSize             0x0800d04a     0x2  Data  Gb  os_dbg.o [1]
OSEventTbl              0x20003d7c    0x8c  Data  Gb  os_core.o [1]
OSEventTblSize          0x0800d04c     0x2  Data  Gb  os_dbg.o [1]
OSFlagEn                0x0800d04e     0x2  Data  Gb  os_dbg.o [1]
OSFlagFreeList          0x20004400     0x4  Data  Gb  os_core.o [1]
OSFlagGrpSize           0x0800d050     0x2  Data  Gb  os_dbg.o [1]
OSFlagMax               0x0800d056     0x2  Data  Gb  os_dbg.o [1]
OSFlagNameSize          0x0800d058     0x2  Data  Gb  os_dbg.o [1]
OSFlagNodeSize          0x0800d052     0x2  Data  Gb  os_dbg.o [1]
OSFlagTbl               0x2000409c    0x50  Data  Gb  os_core.o [1]
OSFlagWidth             0x0800d054     0x2  Data  Gb  os_dbg.o [1]
OSIdleCtr               0x20004404     0x4  Data  Gb  os_core.o [1]
OSInit                  0x08004379    0x30  Code  Gb  os_core.o [1]
OSInitHookBegin         0x0800aea1     0x2  Code  Gb  os_cpu_c.o [1]
OSInitHookEnd           0x0800aea3     0x2  Code  Gb  os_cpu_c.o [1]
OSIntCtxSw              0x0800bafb          Code  Gb  os_cpu_a.o [1]
OSIntEnter              0x080043a9    0x24  Code  Gb  os_core.o [1]
OSIntExit               0x080043cd    0x94  Code  Gb  os_core.o [1]
OSIntNesting            0x200044ac     0x1  Data  Gb  os_core.o [1]
OSLockNesting           0x200044ad     0x1  Data  Gb  os_core.o [1]
OSLowestPrio            0x0800d05a     0x2  Data  Gb  os_dbg.o [1]
OSMboxEn                0x0800d05c     0x2  Data  Gb  os_dbg.o [1]
OSMemEn                 0x0800d05e     0x2  Data  Gb  os_dbg.o [1]
OSMemFreeList           0x20004418     0x4  Data  Gb  os_core.o [1]
OSMemMax                0x0800d060     0x2  Data  Gb  os_dbg.o [1]
OSMemNameSize           0x0800d062     0x2  Data  Gb  os_dbg.o [1]
OSMemSize               0x0800d064     0x2  Data  Gb  os_dbg.o [1]
OSMemTbl                0x20003e08    0x8c  Data  Gb  os_core.o [1]
OSMemTblSize            0x0800d066     0x2  Data  Gb  os_dbg.o [1]
OSMutexEn               0x0800d068     0x2  Data  Gb  os_dbg.o [1]
OSPrioCur               0x200044ae     0x1  Data  Gb  os_core.o [1]
OSPrioHighRdy           0x200044af     0x1  Data  Gb  os_core.o [1]
OSPtrSize               0x0800d06a     0x2  Data  Gb  os_dbg.o [1]
OSQCreate               0x080090e1    0x98  Code  Gb  os_q.o [1]
OSQEn                   0x0800d06c     0x2  Data  Gb  os_dbg.o [1]
OSQFreeList             0x2000441c     0x4  Data  Gb  os_core.o [1]
OSQMax                  0x0800d06e     0x2  Data  Gb  os_dbg.o [1]
OSQPend                 0x0800917d   0x130  Code  Gb  os_q.o [1]
OSQPost                 0x080092b1    0x78  Code  Gb  os_q.o [1]
OSQSize                 0x0800d070     0x2  Data  Gb  os_dbg.o [1]
OSQTbl                  0x20003f94    0x60  Data  Gb  os_core.o [1]
OSRdyGrp                0x200044b0     0x1  Data  Gb  os_core.o [1]
OSRdyTbl                0x20004380     0x8  Data  Gb  os_core.o [1]
OSRdyTblSize            0x0800d072     0x2  Data  Gb  os_dbg.o [1]
OSRunning               0x200044b1     0x1  Data  Gb  os_core.o [1]
OSSchedLock             0x08004461    0x3a  Code  Gb  os_core.o [1]
OSSchedUnlock           0x0800449b    0x5a  Code  Gb  os_core.o [1]
OSSemCreate             0x0800c395    0x50  Code  Gb  os_sem.o [1]
OSSemEn                 0x0800d074     0x2  Data  Gb  os_dbg.o [1]
OSStart                 0x080044f5    0x42  Code  Gb  os_core.o [1]
OSStartHighRdy          0x0800bad7          Code  Gb  os_cpu_a.o [1]
OSStkWidth              0x0800d076     0x2  Data  Gb  os_dbg.o [1]
OSTCBCur                0x20004408     0x4  Data  Gb  os_core.o [1]
OSTCBFreeList           0x2000440c     0x4  Data  Gb  os_core.o [1]
OSTCBHighRdy            0x20004410     0x4  Data  Gb  os_core.o [1]
OSTCBInitHook           0x0800af3b     0x2  Code  Gb  os_cpu_c.o [1]
OSTCBList               0x20004414     0x4  Data  Gb  os_core.o [1]
OSTCBPrioTbl            0x20003b7c   0x100  Data  Gb  os_core.o [1]
OSTCBPrioTblMax         0x0800d08e     0x2  Data  Gb  os_dbg.o [1]
OSTCBSize               0x0800d090     0x2  Data  Gb  os_dbg.o [1]
OSTCBTbl                0x20003050   0x39c  Data  Gb  os_core.o [1]
OSTaskCreateEn          0x0800d078     0x2  Data  Gb  os_dbg.o [1]
OSTaskCreateExt         0x08008bc5    0xd0  Code  Gb  os_task.o [1]
OSTaskCreateExtEn       0x0800d07a     0x2  Data  Gb  os_dbg.o [1]
OSTaskCreateHook        0x0800aea5     0x2  Code  Gb  os_cpu_c.o [1]
OSTaskCtr               0x200044b2     0x1  Data  Gb  os_core.o [1]
OSTaskDel               0x08008c95   0x188  Code  Gb  os_task.o [1]
OSTaskDelEn             0x0800d07c     0x2  Data  Gb  os_dbg.o [1]
OSTaskDelHook           0x0800aea7     0x2  Code  Gb  os_cpu_c.o [1]
OSTaskIdleHook          0x0800aea9    0x14  Code  Gb  os_cpu_c.o [1]
OSTaskIdleStk           0x200037ec   0x200  Data  Gb  os_core.o [1]
OSTaskIdleStkSize       0x0800d07e     0x2  Data  Gb  os_dbg.o [1]
OSTaskMax               0x0800d082     0x2  Data  Gb  os_dbg.o [1]
OSTaskNameSize          0x0800d084     0x2  Data  Gb  os_dbg.o [1]
OSTaskProfileEn         0x0800d080     0x2  Data  Gb  os_dbg.o [1]
OSTaskStatEn            0x0800d086     0x2  Data  Gb  os_dbg.o [1]
OSTaskStatStkChkEn      0x0800d08a     0x2  Data  Gb  os_dbg.o [1]
OSTaskStatStkSize       0x0800d088     0x2  Data  Gb  os_dbg.o [1]
OSTaskStkInit           0x0800aebd    0x7c  Code  Gb  os_cpu_c.o [1]
OSTaskSwHook            0x0800af39     0x2  Code  Gb  os_cpu_c.o [1]
OSTaskSwHookEn          0x0800d08c     0x2  Data  Gb  os_dbg.o [1]
OSTickStepState         0x200044b3     0x1  Data  Gb  os_core.o [1]
OSTicksPerSec           0x0800d092     0x2  Data  Gb  os_dbg.o [1]
OSTime                  0x20004420     0x4  Data  Gb  os_core.o [1]
OSTimeDly               0x0800ac75    0x6c  Code  Gb  os_time.o [1]
OSTimeDlyHMSM           0x0800ace1    0xa2  Code  Gb  os_time.o [1]
OSTimeTick              0x08004539    0xf0  Code  Gb  os_core.o [1]
OSTimeTickHook          0x0800af3d     0x2  Code  Gb  os_cpu_c.o [1]
OSTimeTickHookEn        0x0800d094     0x2  Data  Gb  os_dbg.o [1]
OSUnMapTbl              0x0800afac   0x100  Data  Gb  os_core.o [1]
OSVersionNbr            0x0800d096     0x2  Data  Gb  os_dbg.o [1]
OS_CPU_PendSVHandler    0x0800bb03          Code  Gb  os_cpu_a.o [1]
OS_CPU_SR_Restore       0x0800bad1          Code  Gb  os_cpu_a.o [1]
OS_CPU_SR_Save          0x0800bac9          Code  Gb  os_cpu_a.o [1]
OS_CPU_SysTickHandler   0x0800af41    0x24  Code  Gb  os_cpu_c.o [1]
OS_CPU_SysTickInit      0x0800af65    0x48  Code  Gb  os_cpu_c.o [1]
OS_Dummy                0x08004629     0x2  Code  Gb  os_core.o [1]
OS_EventTaskRdy         0x0800462b    0x90  Code  Gb  os_core.o [1]
OS_EventTaskRemove      0x08004739    0x34  Code  Gb  os_core.o [1]
OS_EventTaskRemoveMulti
                        0x0800476d    0x40  Code  Gb  os_core.o [1]
OS_EventTaskWait        0x080046bb    0x7e  Code  Gb  os_core.o [1]
OS_EventWaitListInit    0x080047ad    0x1a  Code  Gb  os_core.o [1]
OS_FlagInit             0x0800c05d    0x4c  Code  Gb  os_flag.o [1]
OS_FlagUnlink           0x0800c0ad    0x26  Code  Gb  os_flag.o [1]
OS_InitEventList        0x080047c9    0x50  Code  Lc  os_core.o [1]
OS_InitMisc             0x08004819    0x2e  Code  Lc  os_core.o [1]
OS_InitRdyList          0x08004851    0x36  Code  Lc  os_core.o [1]
OS_InitTCBList          0x080048bd    0x60  Code  Lc  os_core.o [1]
OS_InitTaskIdle         0x0800488d    0x30  Code  Lc  os_core.o [1]
OS_MemClr               0x08004925    0x12  Code  Gb  os_core.o [1]
OS_MemInit              0x0800c545    0x48  Code  Gb  os_mem.o [1]
OS_QInit                0x08009329    0x34  Code  Gb  os_q.o [1]
OS_Sched                0x08004937    0x5c  Code  Gb  os_core.o [1]
OS_SchedNew             0x080049a9    0x20  Code  Lc  os_core.o [1]
OS_TCBInit              0x080049fd   0x16c  Code  Gb  os_core.o [1]
OS_TaskIdle             0x080049d5    0x1c  Code  Gb  os_core.o [1]
OS_TaskStkClr           0x08008e35    0x1e  Code  Gb  os_task.o [1]
Out0_Process            0x08003755    0x4c  Code  Gb  usb_core.o [1]
PCUsart_Init            0x0800bbcd    0x10  Code  Gb  PCUsart.o [1]
PMAToUserBufferCopy     0x0800c4cb    0x22  Code  Gb  usb_mem.o [1]
PVD_IRQHandler          0x08008705     0x2  Code  Gb  stm32f10x_it.o [1]
PWR_EnterSTOPMode       0x0800c829    0x32  Code  Gb  stm32f10x_pwr.o [1]
Page00_Inquiry_Data     0x20004388     0x8  Data  Gb  scsi_data.o [1]
Post0_Process           0x080037a1    0x4c  Code  Gb  usb_core.o [1]
ProtocolValue           0x20004470     0x4  Data  Gb  usb_prop.o [1]
RCC_AHBPeriphClockCmd   0x08008549    0x24  Code  Gb  stm32f10x_rcc.o [1]
RCC_APB1PeriphClockCmd  0x08008591    0x24  Code  Gb  stm32f10x_rcc.o [1]
RCC_APB2PeriphClockCmd  0x0800856d    0x24  Code  Gb  stm32f10x_rcc.o [1]
RCC_Configuration       0x0800a301    0x8c  Code  Gb  main.o [1]
RCC_DeInit              0x080082f1    0x5c  Code  Gb  stm32f10x_rcc.o [1]
RCC_GetClocksFreq       0x08008465    0xe0  Code  Gb  stm32f10x_rcc.o [1]
RCC_GetFlagStatus       0x080085b5    0x44  Code  Gb  stm32f10x_rcc.o [1]
RCC_GetSYSCLKSource     0x08008411     0xa  Code  Gb  stm32f10x_rcc.o [1]
RCC_HCLKConfig          0x0800841b    0x14  Code  Gb  stm32f10x_rcc.o [1]
RCC_HSEConfig           0x0800834d    0x54  Code  Gb  stm32f10x_rcc.o [1]
RCC_IRQHandler          0x0800870d     0x2  Code  Gb  stm32f10x_it.o [1]
RCC_PCLK1Config         0x0800842f    0x14  Code  Gb  stm32f10x_rcc.o [1]
RCC_PCLK2Config         0x08008443    0x16  Code  Gb  stm32f10x_rcc.o [1]
RCC_PLLCmd              0x080083f1     0xc  Code  Gb  stm32f10x_rcc.o [1]
RCC_PLLConfig           0x080083d9    0x16  Code  Gb  stm32f10x_rcc.o [1]
RCC_SYSCLKConfig        0x080083fd    0x14  Code  Gb  stm32f10x_rcc.o [1]
RCC_USBCLKConfig        0x08008459     0xc  Code  Gb  stm32f10x_rcc.o [1]
RCC_WaitForHSEStartUp   0x080083a1    0x38  Code  Gb  stm32f10x_rcc.o [1]
RTCAlarm_IRQHandler     0x080088e3     0x2  Code  Gb  stm32f10x_it.o [1]
RTC_IRQHandler          0x08008709     0x2  Code  Gb  stm32f10x_it.o [1]
ReadCapacity10_Data     0x20004390     0x8  Data  Gb  scsi_data.o [1]
ReadFormatCapacity_Data
                        0x200047b0     0xc  Data  Gb  scsi_data.o [1]
ReadTerminalPara        0x0800b585    0x88  Code  Gb  Terminal_Para_m.o [1]
Read_Memory             0x080097f1   0x108  Code  Gb  memory.o [1]
Region$$Table$$Base     0x0800cb10           --   Gb  - Linker created -
Region$$Table$$Limit    0x0800cb3c           --   Gb  - Linker created -
SCSI_Address_Management
                        0x0800727f    0x7e  Code  Gb  usb_scsi.o [1]
SCSI_BlkLen             0x20004458     0x4  Data  Gb  usb_bot.o [1]
SCSI_Format_Cmd         0x08007215    0x2a  Code  Gb  usb_scsi.o [1]
SCSI_Inquiry_Cmd        0x08006ec9    0x48  Code  Gb  usb_scsi.o [1]
SCSI_Invalid_Cmd        0x0800723f    0x40  Code  Gb  usb_scsi.o [1]
SCSI_LBA                0x20004454     0x4  Data  Gb  usb_bot.o [1]
SCSI_ModeSense10_Cmd    0x0800707d    0x10  Code  Gb  usb_scsi.o [1]
SCSI_ModeSense6_Cmd     0x0800706d    0x10  Code  Gb  usb_scsi.o [1]
SCSI_Read10_Cmd         0x080070c5    0x7c  Code  Gb  usb_scsi.o [1]
SCSI_ReadCapacity10_Cmd
                        0x08006fb9    0xb4  Code  Gb  usb_scsi.o [1]
SCSI_ReadFormatCapacity_Cmd
                        0x08006f11    0xa8  Code  Gb  usb_scsi.o [1]
SCSI_RequestSense_Cmd   0x0800708d    0x1e  Code  Gb  usb_scsi.o [1]
SCSI_Start_Stop_Unit_Cmd
                        0x080070b9     0xc  Code  Gb  usb_scsi.o [1]
SCSI_TestUnitReady_Cmd  0x080071e3    0x32  Code  Gb  usb_scsi.o [1]
SCSI_Verify10_Cmd       0x080071a9    0x3a  Code  Gb  usb_scsi.o [1]
SCSI_Write10_Cmd        0x08007141    0x64  Code  Gb  usb_scsi.o [1]
SDIO_IRQHandler         0x080088f3     0x2  Code  Gb  stm32f10x_it.o [1]
SPI1_IRQHandler         0x08008837     0x2  Code  Gb  stm32f10x_it.o [1]
SPI2_IRQHandler         0x08008839     0x2  Code  Gb  stm32f10x_it.o [1]
SPI3_IRQHandler         0x080088f7     0x2  Code  Gb  stm32f10x_it.o [1]
SPI_Cmd                 0x0800c01f    0x1a  Code  Gb  stm32f10x_spi.o [1]
SPI_I2S_GetFlagStatus   0x0800c041    0x1a  Code  Gb  stm32f10x_spi.o [1]
SPI_I2S_ReceiveData     0x0800c03d     0x4  Code  Gb  stm32f10x_spi.o [1]
SPI_I2S_SendData        0x0800c039     0x4  Code  Gb  stm32f10x_spi.o [1]
SPI_Init                0x0800bfe1    0x3e  Code  Gb  stm32f10x_spi.o [1]
SVCHandler              0x08008701     0x2  Code  Gb  stm32f10x_it.o [1]
SaveRState              0x2000449c     0x2  Data  Gb  usb_int.o [1]
SaveTState              0x2000449e     0x2  Data  Gb  usb_int.o [1]
SaveTerminalPara        0x0800b60d    0x1a  Code  Gb  Terminal_Para_m.o [1]
Scsi_Sense_Data         0x2000477c    0x14  Data  Gb  scsi_data.o [1]
SendData_To_PC          0x0800b661    0x6c  Code  Gb  hw_config.o [1]
SetBTABLE               0x08008e55     0xe  Code  Gb  usb_regs.o [1]
SetDeviceAddress        0x080037ed    0x50  Code  Gb  usb_core.o [1]
SetEPRxAddr             0x08008ff3    0x1e  Code  Gb  usb_regs.o [1]
SetEPRxCount            0x0800905b    0x44  Code  Gb  usb_regs.o [1]
SetEPRxStatus           0x08008ebd    0x38  Code  Gb  usb_regs.o [1]
SetEPRxValid            0x08008f21    0x2c  Code  Gb  usb_regs.o [1]
SetEPTxAddr             0x08008fd5    0x1e  Code  Gb  usb_regs.o [1]
SetEPTxCount            0x08009041    0x1a  Code  Gb  usb_regs.o [1]
SetEPTxStatus           0x08008e83    0x3a  Code  Gb  usb_regs.o [1]
SetEPTxValid            0x08008ef5    0x2c  Code  Gb  usb_regs.o [1]
SetEPType               0x08008e63    0x20  Code  Gb  usb_regs.o [1]
Set_CSW                 0x080076c9    0x38  Code  Gb  usb_bot.o [1]
Set_Scsi_Sense_Data     0x080070ab     0xa  Code  Gb  usb_scsi.o [1]
Set_USBClock            0x0800bb69    0x1c  Code  Lc  PCUsart.o [1]
Setup0_Process          0x08003651    0x8c  Code  Gb  usb_core.o [1]
Standard_ClearFeature   0x08002e85   0x158  Code  Gb  usb_core.o [1]
Standard_GetConfiguration
                        0x08002c61    0x2a  Code  Gb  usb_core.o [1]
Standard_GetDescriptorData
                        0x080030bf    0x24  Code  Gb  usb_core.o [1]
Standard_GetInterface   0x08002cd9    0x2a  Code  Gb  usb_core.o [1]
Standard_GetStatus      0x08002d85   0x100  Code  Gb  usb_core.o [1]
Standard_Inquiry_Data   0x2000467c    0x24  Data  Gb  scsi_data.o [1]
Standard_Inquiry_Data2  0x200046a0    0x24  Data  Gb  scsi_data.o [1]
Standard_SetConfiguration
                        0x08002c8b    0x4e  Code  Gb  usb_core.o [1]
Standard_SetDeviceFeature
                        0x0800309b    0x24  Code  Gb  usb_core.o [1]
Standard_SetEndPointFeature
                        0x08002fe1    0xba  Code  Gb  usb_core.o [1]
Standard_SetInterface   0x08002d03    0x82  Code  Gb  usb_core.o [1]
State_Machine_thread    0x08003b55   0x520  Code  Gb  app.o [1]
Status                  0x200043d4     0x4  Data  Gb  mass_mal.o [1]
StatusInfo              0x2000445c     0x4  Data  Gb  usb_core.o [1]
String_Descriptor       0x200046e8    0x20  Data  Gb  usb_prop.o [1]
TAMPER_IRQHandler       0x08008707     0x2  Code  Gb  stm32f10x_it.o [1]
TIM1_BRK_IRQHandler     0x080087fd     0x2  Code  Gb  stm32f10x_it.o [1]
TIM1_CC_IRQHandler      0x08008803     0x2  Code  Gb  stm32f10x_it.o [1]
TIM1_TRG_COM_IRQHandler
                        0x08008801     0x2  Code  Gb  stm32f10x_it.o [1]
TIM1_UP_IRQHandler      0x080087ff     0x2  Code  Gb  stm32f10x_it.o [1]
TIM2_IRQHandler         0x08008805     0x8  Code  Gb  stm32f10x_it.o [1]
TIM2_UpdateISRHandler   0x0800950d    0x9a  Code  Gb  TimeBase.o [1]
TIM3_IRQHandler         0x0800880d    0x20  Code  Gb  stm32f10x_it.o [1]
TIM4_IRQHandler         0x0800882d     0x2  Code  Gb  stm32f10x_it.o [1]
TIM5_IRQHandler         0x080088f5     0x2  Code  Gb  stm32f10x_it.o [1]
TIM6_IRQHandler         0x080088fd     0x2  Code  Gb  stm32f10x_it.o [1]
TIM7_IRQHandler         0x080088ff     0x2  Code  Gb  stm32f10x_it.o [1]
TIM8_BRK_IRQHandler     0x080088e7     0x2  Code  Gb  stm32f10x_it.o [1]
TIM8_CC_IRQHandler      0x080088ed     0x2  Code  Gb  stm32f10x_it.o [1]
TIM8_TRG_COM_IRQHandler
                        0x080088eb     0x2  Code  Gb  stm32f10x_it.o [1]
TIM8_UP_IRQHandler      0x080088e9     0x2  Code  Gb  stm32f10x_it.o [1]
TIM_ClearFlag           0x0800a9df     0x8  Code  Gb  stm32f10x_tim.o [1]
TIM_ClearITPendingBit   0x0800aa19     0x8  Code  Gb  stm32f10x_tim.o [1]
TIM_Cmd                 0x0800a9ab    0x1c  Code  Gb  stm32f10x_tim.o [1]
TIM_GetITStatus         0x0800a9e7    0x32  Code  Gb  stm32f10x_tim.o [1]
TIM_ITConfig            0x0800a9c7    0x18  Code  Gb  stm32f10x_tim.o [1]
TIM_OC1Init             0x0800a8f3    0x76  Code  Gb  stm32f10x_tim.o [1]
TIM_OCStructInit        0x0800a989    0x22  Code  Gb  stm32f10x_tim.o [1]
TIM_TimeBaseInit        0x0800a8bd    0x36  Code  Gb  stm32f10x_tim.o [1]
TIM_TimeBaseStructInit  0x0800a971    0x18  Code  Gb  stm32f10x_tim.o [1]
TimeBase_Init           0x08009393    0x6e  Code  Gb  TimeBase.o [1]
TransferState           0x200044ab     0x1  Data  Gb  memory.o [1]
Transfer_Data_Request   0x08007695    0x32  Code  Gb  usb_bot.o [1]
UART4_IRQHandler        0x080088f9     0x2  Code  Gb  stm32f10x_it.o [1]
UART5_IRQHandler        0x080088fb     0x2  Code  Gb  stm32f10x_it.o [1]
USART1_IRQHandler       0x0800883b     0x2  Code  Gb  stm32f10x_it.o [1]
USART2_IRQHandler       0x0800883d    0x74  Code  Gb  stm32f10x_it.o [1]
USART3_IRQHandler       0x080088b1    0x30  Code  Gb  stm32f10x_it.o [1]
USART_ClearITPendingBit
                        0x08009f61    0x18  Code  Gb  stm32f10x_usart.o [1]
USART_Cmd               0x08009e51    0x1a  Code  Gb  stm32f10x_usart.o [1]
USART_DMACmd            0x08009ebb    0x18  Code  Gb  stm32f10x_usart.o [1]
USART_GetFlagStatus     0x08009ee3    0x1a  Code  Gb  stm32f10x_usart.o [1]
USART_GetITStatus       0x08009efd    0x64  Code  Gb  stm32f10x_usart.o [1]
USART_ITConfig          0x08009e6b    0x50  Code  Gb  stm32f10x_usart.o [1]
USART_Init              0x08009db5    0x9c  Code  Gb  stm32f10x_usart.o [1]
USART_ReceiveData       0x08009edb     0x8  Code  Gb  stm32f10x_usart.o [1]
USART_SendData          0x08009ed3     0x8  Code  Gb  stm32f10x_usart.o [1]
USBWakeUp_IRQHandler    0x080088e5     0x2  Code  Gb  stm32f10x_it.o [1]
USB_APP_ClearFeature    0x08006c29    0x1c  Code  Gb  usb_prop.o [1]
USB_APP_Data_Setup      0x08006c55    0xd4  Code  Gb  usb_prop.o [1]
USB_APP_GetConfigDescriptor
                        0x08006dd5    0x24  Code  Gb  usb_prop.o [1]
USB_APP_GetDeviceDescriptor
                        0x08006dad    0x24  Code  Gb  usb_prop.o [1]
USB_APP_GetStringDescriptor
                        0x08006e01    0x28  Code  Gb  usb_prop.o [1]
USB_APP_Get_Interface_Setting
                        0x08006e49    0x18  Code  Gb  usb_prop.o [1]
USB_APP_NoData_Setup    0x08006d29    0x78  Code  Gb  usb_prop.o [1]
USB_APP_Reset           0x08006abd   0x134  Code  Gb  usb_prop.o [1]
USB_APP_SetConfiguration
                        0x08006bf9    0x30  Code  Gb  usb_prop.o [1]
USB_APP_SetDeviceAddress
                        0x08006c45     0x8  Code  Gb  usb_prop.o [1]
USB_APP_Status_In       0x08006c51     0x2  Code  Gb  usb_prop.o [1]
USB_APP_Status_Out      0x08006c53     0x2  Code  Gb  usb_prop.o [1]
USB_APP_StringLangID    0x0800d038     0x4  Data  Gb  usb_desc.o [1]
USB_APP_StringProduct   0x0800cb9c    0x20  Data  Gb  usb_desc.o [1]
USB_APP_StringSerial    0x20004728    0x1c  Data  Gb  usb_desc.o [1]
USB_APP_StringVendor    0x0800ca50    0x28  Data  Gb  usb_desc.o [1]
USB_APP_init            0x08006a7d    0x40  Code  Gb  usb_prop.o [1]
USB_HP_CAN_TX_IRQHandler
                        0x080087c3     0x2  Code  Gb  stm32f10x_it.o [1]
USB_Init                0x0800c7ad    0x40  Code  Gb  usb_init.o [1]
USB_Interrupts_Config   0x0800bb85    0x48  Code  Lc  PCUsart.o [1]
USB_Istr                0x0800bca1    0x9c  Code  Gb  usb_istr.o [1]
USB_LP_CAN_RX0_IRQHandler
                        0x080087c5     0x8  Code  Gb  stm32f10x_it.o [1]
USB_PowerOn             0x0800c865    0x34  Code  Gb  usb_pwr.o [1]
USB_SIL_Read            0x0800c367    0x2c  Code  Gb  usb_sil.o [1]
USB_SIL_Write           0x0800c339    0x2e  Code  Gb  usb_sil.o [1]
Unconfigure_All         0x0800a38d    0x1a  Code  Lc  main.o [1]
UsageFaultException     0x080086fd     0x2  Code  Gb  stm32f10x_it.o [1]
UsbKeyValue_Ascii_Tbl   0x0800a454   0x180  Data  Gb  basic_fun.o [1]
UserToPMABufferCopy     0x0800c49d    0x2e  Code  Gb  usb_mem.o [1]
User_Standard_Requests  0x200046c4    0x24  Data  Gb  usb_prop.o [1]
WBTD_GPIO_config        0x08005a71   0x14c  Code  Lc  WBTDS01.o [1]
WBTD_NVIC_config        0x08005bbd    0x72  Code  Lc  WBTDS01.o [1]
WBTD_Reset              0x08005e05    0x30  Code  Gb  WBTDS01.o [1]
WBTD_RxISRHandler       0x08005cb1    0xf8  Code  Gb  WBTDS01.o [1]
WBTD_got_notify_type    0x08006101    0x38  Code  Gb  WBTDS01.o [1]
WBTD_hid_send           0x0800603d    0x6c  Code  Gb  WBTDS01.o [1]
WBTD_init               0x080060a9    0x54  Code  Gb  WBTDS01.o [1]
WBTD_query_version      0x08005e39    0xb0  Code  Gb  WBTDS01.o [1]
WBTD_reset_resVar       0x08005c95    0x1a  Code  Lc  WBTDS01.o [1]
WBTD_set_autocon        0x08005f6d    0x40  Code  Gb  WBTDS01.o [1]
WBTD_set_ioskeypad      0x08005ffd    0x40  Code  Gb  WBTDS01.o [1]
WBTD_set_name           0x08005ee9    0x80  Code  Gb  WBTDS01.o [1]
WBTD_set_profile        0x08005fad    0x50  Code  Gb  WBTDS01.o [1]
WBTD_write_cmd          0x08005da9    0x5c  Code  Lc  WBTDS01.o [1]
WWDG_IRQHandler         0x08008703     0x2  Code  Gb  stm32f10x_it.o [1]
Write_Memory            0x080098f9   0x120  Code  Gb  memory.o [1]
_EncodingSb_Mbtowc      0x0800c301    0x38  Code  Gb  xencoding_sb.o [3]
_EncodingSb_Wctomb      0x0800c2dd    0x1c  Code  Gb  xencoding_sb.o [3]
_Files                  0x20004708    0x20  Data  Gb  xfiles.o [3]
_GenldDefault           0x080029d5   0x258  Code  Lc  xprintffull.o [3]
_IsdstStr               0x200044e0     0x4  Data  Gb  setlocale.o [3]
_LdtobDefault           0x080025b1   0x404  Code  Lc  xprintffull.o [3]
_LitobDefault           0x08002499   0x110  Code  Lc  xprintffull.o [3]
_LocaleC_lconv          0x0800c590    0x48  Data  Gb  xlocale_c.o [3]
_LocaleEncoding         0x0800cdfd    0x10  Code  Gb  setlocale.o [3]
_LocaleReturnString     0x200044f0    0x50  Data  Lc  setlocale.o [3]
_Locale_LconvArray      0x200044ec     0x4  Data  Gb  setlocale.o [3]
_Locale_Profile         0x200044bc    0x1c  Data  Gb  setlocale.o [3]
_Locale_lconv           0x20004544    0x48  Data  Gb  localeconv.o [3]
_Mbtowc                 0x0800cbdd    0x20  Code  Gb  xmbtowc.o [3]
_Printf                 0x08001c11   0x5a8  Code  Gb  xprintffull.o [3]
_Prout                  0x0800cd1f    0x16  Code  Gb  xprout.o [3]
_PutcharsDefault        0x08002c2d    0x32  Code  Lc  xprintffull.o [3]
_PutstrDefault          0x080021c1   0x2cc  Code  Lc  xprintffull.o [3]
_TzoneStr               0x200044d8     0x4  Data  Gb  setlocale.o [3]
_Wctomb                 0x0800cc75    0x1a  Code  Gb  xwctomb.o [3]
__BASEPRICONFIG         0x0800bfcb          Code  Gb  cortexm3_macro.o [1]
__DMB                   0x0800bf7d          Code  Gb  cortexm3_macro.o [1]
__DSB                   0x0800bf77          Code  Gb  cortexm3_macro.o [1]
__GetBASEPRI            0x0800bfd1          Code  Gb  cortexm3_macro.o [1]
__ISB                   0x0800bf71          Code  Gb  cortexm3_macro.o [1]
__MRS_CONTROL           0x0800bf87          Code  Gb  cortexm3_macro.o [1]
__MRS_MSP               0x0800bfa3          Code  Gb  cortexm3_macro.o [1]
__MRS_PSP               0x0800bf97          Code  Gb  cortexm3_macro.o [1]
__MSR_CONTROL           0x0800bf8d          Code  Gb  cortexm3_macro.o [1]
__MSR_MSP               0x0800bfa9          Code  Gb  cortexm3_macro.o [1]
__MSR_PSP               0x0800bf9d          Code  Gb  cortexm3_macro.o [1]
__READ_FAULTMASK        0x0800bfc5          Code  Gb  cortexm3_macro.o [1]
__READ_PRIMASK          0x0800bfb7          Code  Gb  cortexm3_macro.o [1]
__RESETFAULTMASK        0x0800bfbd          Code  Gb  cortexm3_macro.o [1]
__RESETPRIMASK          0x0800bfaf          Code  Gb  cortexm3_macro.o [1]
__REV_HalfWord          0x0800bfd7          Code  Gb  cortexm3_macro.o [1]
__REV_Word              0x0800bfdb          Code  Gb  cortexm3_macro.o [1]
__SETFAULTMASK          0x0800bfc1          Code  Gb  cortexm3_macro.o [1]
__SETPRIMASK            0x0800bfb3          Code  Gb  cortexm3_macro.o [1]
__SEV                   0x0800bf6d          Code  Gb  cortexm3_macro.o [1]
__SVC                   0x0800bf83          Code  Gb  cortexm3_macro.o [1]
__WFE                   0x0800bf69          Code  Gb  cortexm3_macro.o [1]
__WFI                   0x0800bf65          Code  Gb  cortexm3_macro.o [1]
__aeabi_assert          0x0800c6a7    0x42  Code  Gb  xassert.o [3]
__aeabi_cdcmple         0x0800c96d          Code  Gb  DblCmpLe.o [4]
__aeabi_cdrcmple        0x0800c99d          Code  Gb  DblCmpGe.o [4]
__aeabi_d2iz            0x0800c445          Code  Gb  DblToI32.o [4]
__aeabi_d2uiz           0x0800c471          Code  Gb  DblToI32.o [4]
__aeabi_dadd            0x0800b49d          Code  Gb  DblAdd.o [4]
__aeabi_ddiv            0x08008909          Code  Gb  DblDiv.o [4]
__aeabi_dmul            0x0800a125          Code  Gb  DblMul.o [4]
__aeabi_dsub            0x0800a5d5          Code  Gb  DblSub.o [4]
__aeabi_i2d             0x0800c9cd          Code  Gb  I32ToDbl.o [4]
__aeabi_ldiv0           0x0800d03d          Code  Gb  I64DivZer.o [4]
__aeabi_ldivmod         0x0800aa21          Code  Gb  I64DivMod.o [4]
__aeabi_memcpy          0x0800c0d5          Code  Gb  ABImemcpy.o [4]
__aeabi_memcpy4         0x0800c0ef          Code  Gb  ABImemcpy.o [4]
__aeabi_memcpy8         0x0800c0ef          Code  Gb  ABImemcpy.o [4]
__aeabi_memset          0x0800c1b5          Code  Gb  ABImemset.o [4]
__aeabi_ui2d            0x0800c9e1          Code  Gb  I32ToDbl.o [4]
__aeabi_uldivmod        0x0800aa35          Code  Gb  I64DivMod.o [4]
__call_dtors            0x0800c171     0x4  Code  Gb  cppinit.o [3]
__cstart_call_dtors     0x0800ce7b          Code  Gb  cexit.o [4]
__cxa_atexit            0x0800c145    0x2c  Code  Gb  cppinit.o [3]
__cxa_finalize          0x0800c175    0x3c  Code  Gb  cppinit.o [3]
__data_Aldata           0x20004398     0x8  Data  Gb  xxmemxmalloc.o [3]
__data_GetMemChunk      0x0800caa1    0x28  Code  Gb  xgetmemchunk.o [3]
__dwrite                0x0800cc1d    0x1e  Code  Gb  dwrite.o [5]
__exit                  0x0800cdd5    0x14  Code  Gb  exit.o [5]
__iar_Dnorm             0x0800b8c5    0xb4  Code  Gb  xdnorm.o [3]
__iar_Dscale            0x0800ad91   0x110  Code  Gb  xdscale.o [3]
__iar_EmptyStepPoint    0x0800c6a5     0x2  Code  Gb  xassert.o [3]
__iar_Locksyslock       0x0800bdf5    0x4c  Code  Gb  xsyslock.o [3]
__iar_Mbcurmax          0x0800cfc5     0xa  Code  Gb  xmbcurmax.o [3]
__iar_Memchr            0x0800c3ed          Code  Gb  memchr.o [4]
__iar_Memset            0x0800c1b5          Code  Gb  ABImemset.o [4]
__iar_Memset_word       0x0800c1bd          Code  Gb  ABImemset.o [4]
__iar_Mtxdst            0x0800c943     0x6  Code  Gb  MtxWrapper.o [3]
__iar_Mtxinit           0x0800c93d     0x6  Code  Gb  MtxWrapper.o [3]
__iar_Mtxlock           0x0800c949     0x4  Code  Gb  MtxWrapper.o [3]
__iar_Mtxunlock         0x0800c957     0x6  Code  Gb  MtxWrapper.o [3]
__iar_ReportAssert      0x0800bf01    0x64  Code  Gb  xreportassert.o [3]
__iar_Stderr            0x2000460c    0x40  Data  Gb  xfiles.o [3]
__iar_Stdin             0x2000458c    0x40  Data  Gb  xfiles.o [3]
__iar_Stdout            0x200045cc    0x40  Data  Gb  xfiles.o [3]
__iar_Strchr            0x0800cd09          Code  Gb  strchr.o [4]
__iar_Tls_setup__IsdstStr
                        0x200044e4     0x4  Data  Gb  setlocale.o [3]
__iar_Tls_setup__Locale_Profile
                        0x200044e8     0x4  Data  Gb  setlocale.o [3]
__iar_Tls_setup__Locale_lconv
                        0x20004540     0x4  Data  Gb  localeconv.o [3]
__iar_Tls_setup__TzoneStr
                        0x200044dc     0x4  Data  Gb  setlocale.o [3]
__iar_Unlocksyslock     0x0800be41    0x14  Code  Gb  xsyslock.o [3]
__iar_d2uiz             0x0800c47b          Code  Gb  DblToI32.o [4]
__iar_dadd              0x0800b4af          Code  Gb  DblAdd.o [4]
__iar_data_init2        0x0800cc59    0x1c  Code  Gb  data_init2.o [4]
__iar_dsub              0x0800a5e7          Code  Gb  DblSub.o [4]
__iar_dsubStart         0x0800a5f9          Code  Gb  DblSub.o [4]
__iar_packbits_init2    0x0800bd3d    0x8e  Code  Gb  packbits_init2.o [4]
__iar_program_start     0x0800ccf1          Code  Gb  cmain.o [4]
__iar_sh_stdout         0x0800c505    0x3c  Code  Gb  iarwstd.o [5]
__iar_sh_stdout_close   0x0800c4f1    0x14  Code  Gb  iarwstd.o [5]
__iar_sh_stdout_handle  0x20004494     0x4  Data  Lc  iarwstd.o [5]
__iar_sh_write          0x0800cbfd    0x20  Code  Gb  iarwrite.o [5]
__iar_strcmp            0x0800c6e9          Code  Gb  strcmp.o [4]
__iar_ui2d              0x0800c9e3          Code  Gb  I32ToDbl.o [4]
__iar_zero_init2        0x0800cc8f    0x1a  Code  Gb  zero_init2.o [4]
__low_level_init        0x0800d03f     0x4  Code  Gb  low_level_init.o [3]
__vector_table          0x08000000   0x140  Data  Gb  stm32f10x_vector.o [1]
__write                 0x0800ce69    0x10  Code  Gb  write.o [5]
_exit                   0x0800ce79          Code  Gb  cexit.o [4]
_main                   0x0800cd03          Code  Gb  cmain.o [4]
abort                   0x0800d021     0x8  Code  Gb  abort.o [3]
addressbits             0x0800b2ac   0x100  Data  Lc  rec_ecc.o [1]
app_init                0x08003aa1    0xb0  Code  Gb  app.o [1]
app_init_thread         0x080041e9    0xec  Code  Gb  app.o [1]
app_startup             0x080042dd    0x88  Code  Gb  app.o [1]
ascii_to_keyreport      0x0800bc05    0x98  Code  Gb  basic_fun.o [1]
bDeviceState            0x2000447c     0x4  Data  Gb  usb_pwr.o [1]
bIntPackSOF             0x200044ba     0x1  Data  Gb  usb_istr.o [1]
barcode_cash            0x20002b80   0x4d0  Data  Lc  app.o [1]
barcode_hid_send        0x08003a45    0x5c  Code  Lc  app.o [1]
barcode_pool            0x200041cc    0x3c  Data  Lc  app.o [1]
batch_node              0x20003ff4    0x54  Data  Lc  app.o [1]
bitsperbyte             0x0800b1ac   0x100  Data  Lc  rec_ecc.o [1]
buffer                  0x20000df0  0x1000  Data  Lc  spi_flash.o [1]
calculate_ecc           0x080065e5   0x3a4  Code  Gb  rec_ecc.o [1]
charge_detect_io_cnt    0x200043c8     0x4  Data  Gb  hw_platform.o [1]
charge_state_cnt        0x200043c0     0x4  Data  Lc  hw_platform.o [1]
check_vtimer_handle     0x08009469    0x18  Code  Lc  TimeBase.o [1]
clearlocks              0x0800bdcd    0x26  Code  Lc  xsyslock.o [3]
correct_data            0x08006989    0xf4  Code  Gb  rec_ecc.o [1]
count_in                0x20004460     0x4  Data  Gb  usb_endp.o [1]
crc32                   0x0800ca79    0x28  Code  Gb  crc32.o [1]
crc32_tab               0x08007b6c   0x400  Data  Lc  crc32.o [1]
current_cache_block     0x20004448     0x4  Data  Lc  spi_flash.o [1]
current_led_state       0x200044a7     0x1  Data  Lc  hw_platform.o [1]
current_logical_index   0x20004428     0x4  Data  Lc  record_m.o [1]
current_node_offset     0x2000442c     0x4  Data  Gb  record_m.o [1]
current_press_key       0x200044a8     0x1  Data  Lc  keypad.o [1]
data_uart_init          0x0800ba29    0x7c  Code  Gb  data_uart.o [1]
delay_ms                0x08009379    0x1a  Code  Gb  TimeBase.o [1]
delay_us                0x08009361    0x18  Code  Gb  TimeBase.o [1]
delete_one_node         0x0800653d    0x26  Code  Gb  record_m.o [1]
device_current_state    0x200043b8     0x4  Data  Gb  app.o [1]
div                     0x0800ce95     0xe  Code  Gb  div.o [3]
ebuf                    0x200040ec    0x50  Data  Lc  xfiles.o [3]
eccdata_tmp             0x20003c7c   0x100  Data  Gb  record_mod.o [1]
ecckey_cal              0x20004438     0x4  Data  Gb  record_mod.o [1]
ecckey_read             0x20004434     0x4  Data  Gb  record_mod.o [1]
enter_into_BT_Mode      0x080039c3    0x50  Code  Lc  app.o [1]
enter_into_Memory_Mode  0x08003949    0x10  Code  Lc  app.o [1]
enter_into_USB_HID_Mode
                        0x0800395b    0x5c  Code  Lc  app.o [1]
event_pool              0x20004294    0x20  Data  Lc  app.o [1]
exit                    0x0800d029     0x6  Code  Gb  exit.o [3]
exit_from_BT_Mode       0x08003a13    0x30  Code  Lc  app.o [1]
exit_from_Memory_Mode   0x08003959     0x2  Code  Lc  app.o [1]
exit_from_USB_HID_Mode  0x080039b7     0xc  Code  Lc  app.o [1]
fatfs_sector_offset     0x20004450     0x4  Data  Gb  spi_flash.o [1]
fflush                  0x0800b9ed    0x3c  Code  Gb  fflush.o [3]
fflushOne               0x0800b979    0x74  Code  Lc  fflush.o [3]
flash_state             0x200044b6     0x1  Data  Lc  spi_flash.o [1]
flasize                 0x20004444     0x4  Data  Gb  spi_flash.o [1]
fputc                   0x0800baa5    0x20  Code  Gb  data_uart.o [1]
free                    0x0800be59    0x88  Code  Gb  xxmemxfree.o [3]
g_mass_storage_device_type
                        0x200044a2     0x1  Data  Gb  PCUsart.o [1]
g_pReqCmd               0x200043a0     0x4  Data  Gb  HJ5000_scanner.o [1]
g_param                 0x20004254    0x20  Data  Gb  Terminal_Para_m.o [1]
g_rec_offset            0x20004430     0x4  Data  Gb  record_m.o [1]
g_receive_buff          0x20003e94    0x80  Data  Gb  HJ5000_scanner.o [1]
g_resCmd                0x20004348     0xc  Data  Gb  HJ5000_scanner.o [1]
g_send_buff             0x20004234    0x20  Data  Gb  HJ5000_scanner.o [1]
g_usb_type              0x200044a6     0x1  Data  Gb  hw_config.o [1]
get_delete_node         0x08006215    0x42  Code  Lc  record_m.o [1]
get_first_valid_node    0x08006257    0x40  Code  Lc  record_m.o [1]
get_node                0x08006569    0x72  Code  Gb  record_m.o [1]
get_spi_flash_capacity  0x0800592d     0x6  Code  Gb  spi_flash.o [1]
hard_fault_handler_c    0x0800860d    0xe4  Code  Gb  stm32f10x_it.o [1]
hw_platform_ChargeState_Detect
                        0x08004df9    0x38  Code  Gb  hw_platform.o [1]
hw_platform_USBcable_Insert_Detect
                        0x08004e39    0x30  Code  Gb  hw_platform.o [1]
hw_platform_beep_ctrl   0x08004edf    0x48  Code  Gb  hw_platform.o [1]
hw_platform_beep_motor_ctrl
                        0x08004f27    0x58  Code  Gb  hw_platform.o [1]
hw_platform_get_PowerClass
                        0x08004d7d    0x76  Code  Gb  hw_platform.o [1]
hw_platform_init        0x08004d69    0x14  Code  Gb  hw_platform.o [1]
hw_platform_led_ctrl    0x08004e69    0x76  Code  Gb  hw_platform.o [1]
hw_platform_start_led_blink
                        0x08005019   0x228  Code  Gb  hw_platform.o [1]
hw_platform_stop_led_blink
                        0x08005241   0x106  Code  Gb  hw_platform.o [1]
id_array                0x0800c72c    0x40  Data  Gb  spi_flash.o [1]
invparity               0x0800b0ac   0x100  Data  Lc  rec_ecc.o [1]
keyboard_output_report_value
                        0x20004478     0x4  Data  Gb  usb_prop.o [1]
keypad_state            0x200044a9     0x1  Data  Lc  keypad.o [1]
keypress_timeout        0x200043bc     0x4  Data  Gb  app.o [1]
last_charge_detect_io_cnt
                        0x200043c4     0x4  Data  Lc  hw_platform.o [1]
led_blue_blink_timer_hook
                        0x08004fad    0x24  Code  Lc  hw_platform.o [1]
led_green_blink_timer_hook
                        0x08004fd1    0x24  Code  Lc  hw_platform.o [1]
led_red_blink_timer_hook
                        0x08004f89    0x24  Code  Lc  hw_platform.o [1]
led_timer_h             0x20004318    0x10  Data  Lc  hw_platform.o [1]
led_yellow_blink_timer_hook
                        0x08004ff5    0x24  Code  Lc  hw_platform.o [1]
localeconv              0x0800cde9    0x14  Code  Gb  localeconv.o [3]
lowpower_cnt            0x200044a5     0x1  Data  Lc  app.o [1]
lowpower_state          0x200044a4     0x1  Data  Lc  app.o [1]
lowpower_tip            0x080041a1    0x46  Code  Gb  app.o [1]
main                    0x0800a2c9    0x38  Code  Gb  main.o [1]
malloc                  0x0800b809    0xbc  Code  Gb  xxmemxmalloc.o [3]
memchr                  0x0800c3ed          Code  Gb  memchr.o [4]
memcmp                  0x0800c21d          Code  Gb  memcmp.o [4]
memcpy                  0x0800ce87     0xe  Code  Wk  HJ5000_scanner.o [1]
memset                  0x0800ce11    0x14  Code  Wk  HJ5000_scanner.o [1]
mtx                     0x20004308    0x10  Data  Lc  xsyslock.o [3]
mtxdst                  0x20004488     0x4  Data  Lc  MtxWrapper.o [3]
mtxinit                 0x20004484     0x4  Data  Lc  MtxWrapper.o [3]
mtxlock                 0x2000448c     0x4  Data  Lc  MtxWrapper.o [3]
mtxunlock               0x20004490     0x4  Data  Lc  MtxWrapper.o [3]
next_abi_dtor_rec       0x200047dc     0x4  Data  Lc  cppinit.o [3]
obuf                    0x2000413c    0x50  Data  Lc  xfiles.o [3]
out                     0x0800bee1    0x20  Code  Lc  xreportassert.o [3]
pBarcode_Queue          0x200043ac     0x4  Data  Lc  app.o [1]
pEpInt_IN               0x20004744    0x1c  Data  Gb  usb_istr.o [1]
pEpInt_OUT              0x20004760    0x1c  Data  Gb  usb_istr.o [1]
pEvent_Queue            0x200043b0     0x4  Data  Gb  app.o [1]
pIOSem                  0x200043b4     0x4  Data  Lc  app.o [1]
pInformation            0x20004464     0x4  Data  Gb  usb_init.o [1]
pProperty               0x20004468     0x4  Data  Gb  usb_init.o [1]
pUser_Standard_Requests
                        0x2000446c     0x4  Data  Gb  usb_init.o [1]
p_allocate_addr         0x200039ec   0x190  Data  Lc  JMemory.o [1]
p_init_thread_stk       0x200043a8     0x4  Data  Lc  app.o [1]
pack_ctrl_command       0x080080e3    0x84  Code  Lc  HJ5000_scanner.o [1]
pack_set_command        0x08008089    0x5a  Code  Lc  HJ5000_scanner.o [1]
param_format            0x080018b5     0xe  Code  Gb  record_mod.o [1]
param_init              0x08001c01     0xe  Code  Gb  record_mod.o [1]
param_mod_state         0x200044a3     0x1  Data  Lc  Terminal_Para_m.o [1]
param_read              0x080018c5   0x108  Code  Gb  record_mod.o [1]
param_write             0x080019cd   0x234  Code  Gb  record_mod.o [1]
platform_misc_port_init
                        0x08004c0b   0x15e  Code  Lc  hw_platform.o [1]
press_cnt               0x200043cc     0x4  Data  Lc  keypad.o [1]
printf                  0x0800cbbd    0x20  Code  Gb  printf.o [3]
pull_barcode_from_cash  0x080038dd    0x6c  Code  Gb  app.o [1]
push_barcode_into_cash  0x0800386b    0x72  Code  Gb  app.o [1]
putchar                 0x0800cfb9     0xc  Code  Gb  putchar.o [3]
rec_LA_to_PA            0x080063a5    0xe8  Code  Gb  record_m.o [1]
rec_PA_to_LA            0x0800648d    0xac  Code  Gb  record_m.o [1]
rec_cnt                 0x20004424     0x4  Data  Lc  record_m.o [1]
rec_copy4kblk           0x08000221    0x62  Code  Lc  record_mod.o [1]
rec_getindex            0x08000283    0x18  Code  Lc  record_mod.o [1]
rec_getrecspc           0x08000179    0x3a  Code  Lc  record_mod.o [1]
rec_module_buffer       0x20004048    0x54  Data  Gb  record_m.o [1]
rec_readsimprit         0x08000141    0x38  Code  Lc  record_mod.o [1]
rec_searchby_tag        0x08006345    0x60  Code  Gb  record_m.o [1]
rec_writesimprit        0x080001b3    0x62  Code  Lc  record_mod.o [1]
recinfo                 0x20004208    0x2c  Data  Lc  record_mod.o [1]
recmod_flasize          0x2000444c     0x4  Data  Gb  spi_flash.o [1]
record_add              0x08006299    0x94  Code  Gb  record_m.o [1]
record_clear            0x08006333    0x12  Code  Gb  record_m.o [1]
record_count            0x080009dd    0x96  Code  Gb  record_mod.o [1]
record_count_ext        0x08000a73    0x46  Code  Gb  record_mod.o [1]
record_delall           0x080017f9    0xbc  Code  Gb  record_mod.o [1]
record_format           0x0800029d   0x2bc  Code  Gb  record_mod.o [1]
record_init             0x08000559   0x47c  Code  Gb  record_mod.o [1]
record_modify           0x08000d11    0xac  Code  Gb  record_mod.o [1]
record_module_count     0x0800632d     0x6  Code  Gb  record_m.o [1]
record_module_init      0x0800613d    0xa4  Code  Gb  record_m.o [1]
record_module_read      0x080061e1    0x34  Code  Gb  record_m.o [1]
record_read             0x08000ab9   0x24c  Code  Gb  record_mod.o [1]
record_replace          0x08000dc1   0x4f4  Code  Gb  record_mod.o [1]
record_write            0x080012b5   0x544  Code  Gb  record_mod.o [1]
recover_record_by_logfile
                        0x080065e1     0x4  Code  Gb  record_m.o [1]
release_cnt             0x200043d0     0x4  Data  Lc  keypad.o [1]
reset_resVar            0x0800802b    0x14  Code  Lc  HJ5000_scanner.o [1]
reset_timer             0x08009481    0x28  Code  Gb  TimeBase.o [1]
scan_barcode_ok_tip     0x08003841    0x2a  Code  Lc  app.o [1]
scanner_get_barcode     0x08008255    0x94  Code  Gb  HJ5000_scanner.o [1]
scanner_mod_init        0x08008169    0x6c  Code  Gb  HJ5000_scanner.o [1]
send_data_to_WBTDS01    0x08005c31    0x5c  Code  Lc  WBTDS01.o [1]
send_data_to_scanner    0x0800803f    0x38  Code  Lc  HJ5000_scanner.o [1]
simprit                 0x20004328    0x10  Data  Lc  record_mod.o [1]
spi_flash_erasesector   0x080054fd    0x4c  Code  Gb  spi_flash.o [1]
spi_flash_init          0x0800535d   0x180  Code  Gb  spi_flash.o [1]
spi_flash_page_write    0x080055cf    0x64  Code  Gb  spi_flash.o [1]
spi_flash_post_write    0x08005933    0x6c  Code  Gb  spi_flash.o [1]
spi_flash_raddr         0x080057f9    0x5e  Code  Gb  spi_flash.o [1]
spi_flash_rpage         0x08005549    0x86  Code  Gb  spi_flash.o [1]
spi_flash_send_byte     0x08005857    0x48  Code  Gb  spi_flash.o [1]
spi_flash_valid         0x080054dd    0x1c  Code  Gb  spi_flash.o [1]
spi_flash_waddr         0x08005633   0x1c6  Code  Gb  spi_flash.o [1]
spi_flash_wait_for_write_end
                        0x080058c3    0x64  Code  Gb  spi_flash.o [1]
spi_flash_write         0x0800599f    0xc4  Code  Gb  spi_flash.o [1]
spi_flash_write_enable  0x080058a5    0x1e  Code  Gb  spi_flash.o [1]
start_timer             0x08009401    0x68  Code  Gb  TimeBase.o [1]
stop_timer              0x080094a9    0x64  Code  Gb  TimeBase.o [1]
strchr                  0x0800cd09          Code  Gb  strchr.o [4]
strcmp                  0x0800c6e9          Code  Gb  strcmp.o [4]
strcpy                  0x0800c661          Code  Gb  strcpy.o [4]
strlen                  0x0800c8a1          Code  Gb  strlen.o [4]
syslock_o               0x20004304     0x4  Data  Lc  xsyslock.o [3]
system_err_tip          0x080041e7     0x2  Code  Gb  app.o [1]
test_var1               0x2000443c     0x4  Data  Lc  record_mod.o [1]
test_var2               0x20004440     0x4  Data  Lc  record_mod.o [1]
thread_bt_stk           0x200035ec   0x200  Data  Lc  app.o [1]
thread_eventcapture_stk
                        0x200033ec   0x200  Data  Lc  app.o [1]
thread_statemachine_stk
                        0x200025f0   0x590  Data  Lc  app.o [1]
tmpfgrb                 0x200044b5     0x1  Data  Lc  record_mod.o [1]
tmpfgwi                 0x200044b4     0x1  Data  Lc  record_mod.o [1]
usb_device_init         0x0800bbdd    0x28  Code  Gb  PCUsart.o [1]
v_timer_list            0x20004360     0x8  Data  Gb  TimeBase.o [1]
wInterrupt_Mask         0x2000449a     0x2  Data  Gb  usb_init.o [1]
wIstr                   0x200044a0     0x2  Data  Gb  usb_istr.o [1]
wait_time_out           0x200043a4     0x4  Data  Lc  HJ5000_scanner.o [1]
wbtd_recbuffer          0x20003f14    0x80  Data  Gb  WBTDS01.o [1]
wbtd_res                0x20004354     0xc  Data  Gb  WBTDS01.o [1]
wbtd_send_buff          0x20004274    0x20  Data  Lc  WBTDS01.o [1]
write_cmd_to_scanner    0x0800807d     0xc  Code  Lc  HJ5000_scanner.o [1]


[1] = E:\H520B\FW\src\Project\EWARMv5\Debug\Obj
[2] = command line
[3] = dl7M_tl_if.a
[4] = rt7M_tl.a
[5] = shb_l.a

  49 128 bytes of readonly  code memory
   4 818 bytes of readonly  data memory
  18 383 bytes of readwrite data memory

Errors: none
Warnings: none
