###############################################################################
#                                                                             #
# IAR ELF Linker V5.30.0.51174/W32 for ARM              26/Sep/2015  15:20:25 #
# Copyright 2007-2009 IAR Systems AB.                                         #
#                                                                             #
#    Output file  =  E:\H520B\FW\src\Project\EWARMv5\Debug\Exe\T6.out         #
#    Map file     =  E:\H520B\FW\src\Project\EWARMv5\Debug\List\T6.map        #
#    Command line =  E:\H520B\FW\src\Project\EWARMv5\Debug\Obj\HJ5000_scanner #
#                    .o E:\H520B\FW\src\Project\EWARMv5\Debug\Obj\JMemory.o   #
#                    E:\H520B\FW\src\Project\EWARMv5\Debug\Obj\PCUsart.o      #
#                    E:\H520B\FW\src\Project\EWARMv5\Debug\Obj\Terminal_Para. #
#                    o E:\H520B\FW\src\Project\EWARMv5\Debug\Obj\TimeBase.o   #
#                    E:\H520B\FW\src\Project\EWARMv5\Debug\Obj\WBTDS01.o      #
#                    E:\H520B\FW\src\Project\EWARMv5\Debug\Obj\app.o          #
#                    E:\H520B\FW\src\Project\EWARMv5\Debug\Obj\basic_fun.o    #
#                    E:\H520B\FW\src\Project\EWARMv5\Debug\Obj\cortexm3_macro #
#                    .o E:\H520B\FW\src\Project\EWARMv5\Debug\Obj\cpu_a.o     #
#                    E:\H520B\FW\src\Project\EWARMv5\Debug\Obj\cpu_c.o        #
#                    E:\H520B\FW\src\Project\EWARMv5\Debug\Obj\crc32.o        #
#                    E:\H520B\FW\src\Project\EWARMv5\Debug\Obj\data_uart.o    #
#                    E:\H520B\FW\src\Project\EWARMv5\Debug\Obj\diskio.o       #
#                    E:\H520B\FW\src\Project\EWARMv5\Debug\Obj\ff.o           #
#                    E:\H520B\FW\src\Project\EWARMv5\Debug\Obj\hardfault_isr_ #
#                    handle_a.o E:\H520B\FW\src\Project\EWARMv5\Debug\Obj\has #
#                    h.o E:\H520B\FW\src\Project\EWARMv5\Debug\Obj\hw_config. #
#                    o E:\H520B\FW\src\Project\EWARMv5\Debug\Obj\hw_platform. #
#                    o E:\H520B\FW\src\Project\EWARMv5\Debug\Obj\keypad.o     #
#                    E:\H520B\FW\src\Project\EWARMv5\Debug\Obj\lib_ascii.o    #
#                    E:\H520B\FW\src\Project\EWARMv5\Debug\Obj\lib_mem.o      #
#                    E:\H520B\FW\src\Project\EWARMv5\Debug\Obj\lib_str.o      #
#                    E:\H520B\FW\src\Project\EWARMv5\Debug\Obj\main.o         #
#                    E:\H520B\FW\src\Project\EWARMv5\Debug\Obj\mass_mal.o     #
#                    E:\H520B\FW\src\Project\EWARMv5\Debug\Obj\memory.o       #
#                    E:\H520B\FW\src\Project\EWARMv5\Debug\Obj\os_core.o      #
#                    E:\H520B\FW\src\Project\EWARMv5\Debug\Obj\os_cpu_a.o     #
#                    E:\H520B\FW\src\Project\EWARMv5\Debug\Obj\os_cpu_c.o     #
#                    E:\H520B\FW\src\Project\EWARMv5\Debug\Obj\os_dbg.o       #
#                    E:\H520B\FW\src\Project\EWARMv5\Debug\Obj\os_flag.o      #
#                    E:\H520B\FW\src\Project\EWARMv5\Debug\Obj\os_mbox.o      #
#                    E:\H520B\FW\src\Project\EWARMv5\Debug\Obj\os_mem.o       #
#                    E:\H520B\FW\src\Project\EWARMv5\Debug\Obj\os_mutex.o     #
#                    E:\H520B\FW\src\Project\EWARMv5\Debug\Obj\os_probe.o     #
#                    E:\H520B\FW\src\Project\EWARMv5\Debug\Obj\os_q.o         #
#                    E:\H520B\FW\src\Project\EWARMv5\Debug\Obj\os_sem.o       #
#                    E:\H520B\FW\src\Project\EWARMv5\Debug\Obj\os_task.o      #
#                    E:\H520B\FW\src\Project\EWARMv5\Debug\Obj\os_time.o      #
#                    E:\H520B\FW\src\Project\EWARMv5\Debug\Obj\os_tmr.o       #
#                    E:\H520B\FW\src\Project\EWARMv5\Debug\Obj\record.o       #
#                    E:\H520B\FW\src\Project\EWARMv5\Debug\Obj\scsi_data.o    #
#                    E:\H520B\FW\src\Project\EWARMv5\Debug\Obj\spi_flash.o    #
#                    E:\H520B\FW\src\Project\EWARMv5\Debug\Obj\stm32f10x_adc. #
#                    o E:\H520B\FW\src\Project\EWARMv5\Debug\Obj\stm32f10x_bk #
#                    p.o E:\H520B\FW\src\Project\EWARMv5\Debug\Obj\stm32f10x_ #
#                    crc.o E:\H520B\FW\src\Project\EWARMv5\Debug\Obj\stm32f10 #
#                    x_dbgmcu.o E:\H520B\FW\src\Project\EWARMv5\Debug\Obj\stm #
#                    32f10x_dma.o E:\H520B\FW\src\Project\EWARMv5\Debug\Obj\s #
#                    tm32f10x_exti.o E:\H520B\FW\src\Project\EWARMv5\Debug\Ob #
#                    j\stm32f10x_flash.o E:\H520B\FW\src\Project\EWARMv5\Debu #
#                    g\Obj\stm32f10x_fsmc.o E:\H520B\FW\src\Project\EWARMv5\D #
#                    ebug\Obj\stm32f10x_gpio.o E:\H520B\FW\src\Project\EWARMv #
#                    5\Debug\Obj\stm32f10x_i2c.o                              #
#                    E:\H520B\FW\src\Project\EWARMv5\Debug\Obj\stm32f10x_it.o #
#                     E:\H520B\FW\src\Project\EWARMv5\Debug\Obj\stm32f10x_iwd #
#                    g.o E:\H520B\FW\src\Project\EWARMv5\Debug\Obj\stm32f10x_ #
#                    lib.o E:\H520B\FW\src\Project\EWARMv5\Debug\Obj\stm32f10 #
#                    x_nvic.o E:\H520B\FW\src\Project\EWARMv5\Debug\Obj\stm32 #
#                    f10x_pwr.o E:\H520B\FW\src\Project\EWARMv5\Debug\Obj\stm #
#                    32f10x_rcc.o E:\H520B\FW\src\Project\EWARMv5\Debug\Obj\s #
#                    tm32f10x_rtc.o E:\H520B\FW\src\Project\EWARMv5\Debug\Obj #
#                    \stm32f10x_spi.o E:\H520B\FW\src\Project\EWARMv5\Debug\O #
#                    bj\stm32f10x_systick.o E:\H520B\FW\src\Project\EWARMv5\D #
#                    ebug\Obj\stm32f10x_tim.o E:\H520B\FW\src\Project\EWARMv5 #
#                    \Debug\Obj\stm32f10x_usart.o                             #
#                    E:\H520B\FW\src\Project\EWARMv5\Debug\Obj\stm32f10x_vect #
#                    or.o E:\H520B\FW\src\Project\EWARMv5\Debug\Obj\usb_bot.o #
#                     E:\H520B\FW\src\Project\EWARMv5\Debug\Obj\usb_core.o    #
#                    E:\H520B\FW\src\Project\EWARMv5\Debug\Obj\usb_desc.o     #
#                    E:\H520B\FW\src\Project\EWARMv5\Debug\Obj\usb_endp.o     #
#                    E:\H520B\FW\src\Project\EWARMv5\Debug\Obj\usb_init.o     #
#                    E:\H520B\FW\src\Project\EWARMv5\Debug\Obj\usb_int.o      #
#                    E:\H520B\FW\src\Project\EWARMv5\Debug\Obj\usb_istr.o     #
#                    E:\H520B\FW\src\Project\EWARMv5\Debug\Obj\usb_mem.o      #
#                    E:\H520B\FW\src\Project\EWARMv5\Debug\Obj\usb_prop.o     #
#                    E:\H520B\FW\src\Project\EWARMv5\Debug\Obj\usb_pwr.o      #
#                    E:\H520B\FW\src\Project\EWARMv5\Debug\Obj\usb_regs.o     #
#                    E:\H520B\FW\src\Project\EWARMv5\Debug\Obj\usb_scsi.o     #
#                    E:\H520B\FW\src\Project\EWARMv5\Debug\Obj\usb_sil.o -o   #
#                    E:\H520B\FW\src\Project\EWARMv5\Debug\Exe\T6.out --map   #
#                    E:\H520B\FW\src\Project\EWARMv5\Debug\List\T6.map        #
#                    --config E:\H520B\FW\src\Project\EWARMv5\stm32f10x_debug #
#                    .icf --semihosting --entry __iar_program_start           #
#                                                                             #
#                                                                             #
###############################################################################

*******************************************************************************
*** RUNTIME MODEL ATTRIBUTES
***

__endian      = little
__thumb_aware = enabled


*******************************************************************************
*** PLACEMENT SUMMARY
***

"A1":  place at mem:0x8000000 { ro section .intvec };
"P1":  place in [from mem:0x8000000 to mem:0x800ffff] { ro };
"P3":  place in [from mem:0x20000010 to mem:0x20005000] {
          rw, block CSTACK, block HEAP };

  Section            Kind        Address    Size  Object
  -------            ----        -------    ----  ------
"A1":                                      0x140
  .intvec            const    0x08000000   0x140  stm32f10x_vector.o [1]
                            - 0x08000140   0x140

"P1":                                     0xe562
  .text              ro code  0x08000140  0x1fdc  ff.o [1]
  .text              ro code  0x0800211c  0x194c  record.o [1]
  .text              ro code  0x08003a68  0x104e  xprintffull.o [3]
  .text              ro code  0x08004ab8   0xbde  usb_core.o [1]
  .text              ro code  0x08005698   0xb38  app.o [1]
  .text              ro code  0x080061d0   0x814  hw_platform.o [1]
  .text              ro code  0x080069e4   0x7f8  os_core.o [1]
  .text              ro code  0x080071dc   0x6c8  spi_flash.o [1]
  .text              ro code  0x080078a4   0x6c4  WBTDS01.o [1]
  .text              ro code  0x08007f68   0x44c  usb_prop.o [1]
  .text              ro code  0x080083b4   0x440  usb_scsi.o [1]
  .text              ro code  0x080087f4   0x43c  usb_bot.o [1]
  .text              ro code  0x08008c30   0x428  keypad.o [1]
  .rodata            const    0x08009058   0x400  crc32.o [1]
  .text              ro code  0x08009458   0x384  HJ5000_scanner.o [1]
  .text              ro code  0x080097dc   0x318  stm32f10x_rcc.o [1]
  .text              ro code  0x08009af4   0x300  stm32f10x_it.o [1]
  .text              ro code  0x08009df4   0x2bc  DblDiv.o [4]
  .text              ro code  0x0800a0b0   0x28e  os_task.o [1]
  .text              ro code  0x0800a340   0x28c  usb_regs.o [1]
  .text              ro code  0x0800a5cc   0x280  os_q.o [1]
  .text              ro code  0x0800a84c   0x24c  TimeBase.o [1]
  .text              ro code  0x0800aa98   0x244  usb_int.o [1]
  .text              ro code  0x0800acdc   0x23c  memory.o [1]
  .text              ro code  0x0800af18   0x1c4  stm32f10x_dma.o [1]
  .text              ro code  0x0800b0dc   0x1c4  stm32f10x_gpio.o [1]
  .text              ro code  0x0800b2a0   0x1c4  stm32f10x_usart.o [1]
  .text              ro code  0x0800b464   0x1aa  stm32f10x_adc.o [1]
  .text              ro code  0x0800b610   0x1a2  DblMul.o [4]
  .text              ro code  0x0800b7b4   0x18c  main.o [1]
  .rodata            const    0x0800b940   0x180  basic_fun.o [1]
  .text              ro code  0x0800bac0   0x17e  DblSub.o [4]
  .text              ro code  0x0800bc40   0x168  os_dbg.o [1]
  .text              ro code  0x0800bda8   0x164  stm32f10x_tim.o [1]
  .text              ro code  0x0800bf0c   0x13c  Terminal_Para.o [1]
  .text              ro code  0x0800c048   0x130  I64DivMod.o [4]
  .text              ro code  0x0800c178   0x11c  os_time.o [1]
  .text              ro code  0x0800c294   0x110  mass_mal.o [1]
  .text              ro code  0x0800c3a4   0x110  xdscale.o [3]
  .text              ro code  0x0800c4b4   0x10c  os_cpu_c.o [1]
  .rodata            const    0x0800c5c0   0x100  os_core.o [1]
  .text              ro code  0x0800c6c0    0xf0  stm32f10x_exti.o [1]
  .text              ro code  0x0800c7b0    0xe6  DblAdd.o [4]
  .text              ro code  0x0800c898    0xd8  hw_config.o [1]
  .text              ro code  0x0800c970    0xd0  stm32f10x_nvic.o [1]
  .text              ro code  0x0800ca40    0xbc  xxmemxmalloc.o [3]
  .text              ro code  0x0800cafc    0xb4  diskio.o [1]
  .text              ro code  0x0800cbb0    0xb4  xdnorm.o [3]
  .text              ro code  0x0800cc64    0xb0  fflush.o [3]
  .text              ro code  0x0800cd14    0xa0  data_uart.o [1]
  CODE               ro code  0x0800cdb4    0xa0  os_cpu_a.o [1]
  .text              ro code  0x0800ce54    0x9c  PCUsart.o [1]
  .text              ro code  0x0800cef0    0x9c  basic_fun.o [1]
  .text              ro code  0x0800cf8c    0x9c  usb_istr.o [1]
  .text              ro code  0x0800d028    0x8e  packbits_init2.o [4]
  .text              ro code  0x0800d0b8    0x8c  xsyslock.o [3]
  .text              ro code  0x0800d144    0x88  xxmemxfree.o [3]
  .text              ro code  0x0800d1cc    0x84  xreportassert.o [3]
  .text              ro code  0x0800d250    0x7a  cortexm3_macro.o [1]
  .text              ro code  0x0800d2cc    0x7a  stm32f10x_spi.o [1]
  .text              ro code  0x0800d348    0x76  os_flag.o [1]
  .text              ro code  0x0800d3c0    0x70  ABImemcpy.o [4]
  .text              ro code  0x0800d430    0x70  cppinit.o [3]
  .text              ro code  0x0800d4a0    0x66  ABImemset.o [4]
  .text              ro code  0x0800d508    0x62  memcmp.o [4]
  .text              ro code  0x0800d56c    0x5c  JMemory.o [1]
  .text              ro code  0x0800d5c8    0x5c  xencoding_sb.o [3]
  .text              ro code  0x0800d624    0x5a  usb_sil.o [1]
  .text              ro code  0x0800d680    0x58  os_sem.o [1]
  .text              ro code  0x0800d6d8    0x58  memchr.o [4]
  .text              ro code  0x0800d730    0x56  DblToI32.o [4]
  .text              ro code  0x0800d788    0x54  usb_mem.o [1]
  .text              ro code  0x0800d7dc    0x54  iarwstd.o [5]
  .text              ro code  0x0800d830    0x4c  os_mem.o [1]
  .rodata            const    0x0800d87c    0x48  xlocale_c.o [3]
  .rodata            const    0x0800d8c4    0x44  app.o [1]
  .text              ro code  0x0800d908    0x44  stm32f10x_flash.o [1]
  .text              ro code  0x0800d94c    0x44  strcpy.o [4]
  .text              ro code  0x0800d990    0x44  xassert.o [3]
  .text              ro code  0x0800d9d4    0x42  strcmp.o [4]
  .rodata            const    0x0800da18    0x40  spi_flash.o [1]
  .rodata            const    0x0800da58    0x40  usb_desc.o [1]
  .text              ro code  0x0800da98    0x40  usb_init.o [1]
  .rodata            const    0x0800dad8    0x3c  app.o [1]
  .text              ro code  0x0800db14    0x3c  stm32f10x_pwr.o [1]
  .text              ro code  0x0800db50    0x3c  usb_pwr.o [1]
  .text              ro code  0x0800db8c    0x36  strlen.o [4]
  .text              ro code  0x0800dbc4    0x34  usb_endp.o [1]
  .rodata            const    0x0800dbf8    0x30  xreportassert.o [3]
  .text              ro code  0x0800dc28    0x30  MtxWrapper.o [3]
  .text              ro code  0x0800dc58    0x2e  DblCmpLe.o [4]
  .text              ro code  0x0800dc88    0x2e  DblCmpGe.o [4]
  .text              ro code  0x0800dcb8    0x2e  I32ToDbl.o [4]
  .rodata            const    0x0800dce8    0x2c  app.o [1]
  .rodata            const    0x0800dd14    0x2c  ff.o [1]
  .rodata            const    0x0800dd40    0x28  hw_platform.o [1]
  .rodata            const    0x0800dd68    0x28  usb_desc.o [1]
  .text              ro code  0x0800dd90    0x28  crc32.o [1]
  .text              ro code  0x0800ddb8    0x28  xgetmemchunk.o [3]
  .rodata            const    0x0800dde0    0x24  WBTDS01.o [1]
  .rodata            const    0x0800de04    0x24  usb_desc.o [1]
  .iar.init_table    const    0x0800de28    0x2c  - Linker created -
  .rodata            const    0x0800de54    0x20  app.o [1]
  .rodata            const    0x0800de74    0x20  app.o [1]
  .rodata            const    0x0800de94    0x20  usb_desc.o [1]
  .rodata            const    0x0800deb4    0x20  usb_desc.o [1]
  .text              ro code  0x0800ded4    0x20  printf.o [3]
  .text              ro code  0x0800def4    0x20  xmbtowc.o [3]
  .text              ro code  0x0800df14    0x20  iarwrite.o [5]
  .text              ro code  0x0800df34    0x1e  strcat.o [3]
  .text              ro code  0x0800df52    0x1e  dwrite.o [5]
  .rodata            const    0x0800df70    0x1c  app.o [1]
  .text              ro code  0x0800df8c    0x1c  data_init2.o [4]
  .text              ro code  0x0800dfa8    0x1a  xwctomb.o [3]
  .text              ro code  0x0800dfc2    0x1a  zero_init2.o [4]
  .rodata            const    0x0800dfdc    0x18  app.o [1]
  .rodata            const    0x0800dff4    0x18  app.o [1]
  .rodata            const    0x0800e00c    0x18  ff.o [1]
  .rodata            const    0x0800e024    0x18  stm32f10x_it.o [1]
  .text              ro code  0x0800e03c    0x18  cmain.o [4]
  .text              ro code  0x0800e054    0x18  hash.o [1]
  .text              ro code  0x0800e06c    0x16  strchr.o [4]
  .text              ro code  0x0800e082    0x16  xprout.o [3]
  .rodata            const    0x0800e098    0x14  WBTDS01.o [1]
  .rodata            const    0x0800e0ac    0x14  WBTDS01.o [1]
  .rodata            const    0x0800e0c0    0x14  ff.o [1]
  .rodata            const    0x0800e0d4    0x14  ff.o [1]
  .rodata            const    0x0800e0e8    0x14  hw_platform.o [1]
  .rodata            const    0x0800e0fc    0x14  hw_platform.o [1]
  .rodata            const    0x0800e110    0x14  hw_platform.o [1]
  .rodata            const    0x0800e124    0x14  hw_platform.o [1]
  .rodata            const    0x0800e138    0x14  usb_desc.o [1]
  .rodata            const    0x0800e14c    0x14  usb_desc.o [1]
  .text              ro code  0x0800e160    0x14  exit.o [5]
  .text              ro code  0x0800e174    0x14  localeconv.o [3]
  .text              ro code  0x0800e188    0x14  setlocale.o [3]
  .text              ro code  0x0800e19c    0x14  HJ5000_scanner.o [1]
  CODE               ro code  0x0800e1b0    0x12  hardfault_isr_handle_a.o [1]
  .rodata            const    0x0800e1c4    0x10  WBTDS01.o [1]
  .rodata            const    0x0800e1d4    0x10  record.o [1]
  .rodata            const    0x0800e1e4    0x10  stm32f10x_rcc.o [1]
  .rodata            const    0x0800e1f4    0x10  xprintffull.o [3]
  .text              ro code  0x0800e204    0x10  write.o [5]
  .text              ro code  0x0800e214     0xe  cexit.o [4]
  .text              ro code  0x0800e222     0xe  HJ5000_scanner.o [1]
  .text              ro code  0x0800e230     0xe  div.o [3]
  .rodata            const    0x0800e240     0xc  Terminal_Para.o [1]
  .rodata            const    0x0800e24c     0xc  WBTDS01.o [1]
  .rodata            const    0x0800e258     0xc  WBTDS01.o [1]
  .rodata            const    0x0800e264     0xc  WBTDS01.o [1]
  .rodata            const    0x0800e270     0xc  WBTDS01.o [1]
  .rodata            const    0x0800e27c     0xc  WBTDS01.o [1]
  .rodata            const    0x0800e288     0xc  WBTDS01.o [1]
  .rodata            const    0x0800e294     0xc  WBTDS01.o [1]
  .rodata            const    0x0800e2a0     0xc  WBTDS01.o [1]
  .rodata            const    0x0800e2ac     0xc  app.o [1]
  .rodata            const    0x0800e2b8     0xc  ff.o [1]
  .rodata            const    0x0800e2c4     0xc  hw_platform.o [1]
  .rodata            const    0x0800e2d0     0xc  record.o [1]
  .rodata            const    0x0800e2dc     0xc  record.o [1]
  .rodata            const    0x0800e2e8     0xc  record.o [1]
  .rodata            const    0x0800e2f4     0xc  stm32f10x_it.o [1]
  .rodata            const    0x0800e300     0xc  stm32f10x_it.o [1]
  .rodata            const    0x0800e30c     0xc  stm32f10x_it.o [1]
  .rodata            const    0x0800e318     0xc  stm32f10x_it.o [1]
  .rodata            const    0x0800e324     0xc  stm32f10x_it.o [1]
  .rodata            const    0x0800e330     0xc  stm32f10x_it.o [1]
  .rodata            const    0x0800e33c     0xc  stm32f10x_it.o [1]
  .rodata            const    0x0800e348     0xc  stm32f10x_it.o [1]
  .rodata            const    0x0800e354     0xc  stm32f10x_it.o [1]
  .rodata            const    0x0800e360     0xc  stm32f10x_it.o [1]
  .rodata            const    0x0800e36c     0xc  stm32f10x_it.o [1]
  .rodata            const    0x0800e378     0xc  stm32f10x_it.o [1]
  .rodata            const    0x0800e384     0xc  stm32f10x_it.o [1]
  .text              ro code  0x0800e390     0xc  putchar.o [3]
  .text              ro code  0x0800e39c     0xa  xmbcurmax.o [3]
  .rodata            const    0x0800e3a8     0x8  WBTDS01.o [1]
  .rodata            const    0x0800e3b0     0x8  WBTDS01.o [1]
  .rodata            const    0x0800e3b8     0x8  WBTDS01.o [1]
  .rodata            const    0x0800e3c0     0x8  record.o [1]
  .rodata            const    0x0800e3c8     0x8  record.o [1]
  .rodata            const    0x0800e3d0     0x8  xprintffull.o [3]
  .rodata            const    0x0800e3d8     0x8  localeconv.o [3]
  .rodata            const    0x0800e3e0     0x8  localeconv.o [3]
  .rodata            const    0x0800e3e8     0x8  xencoding_sb.o [3]
  .rodata            const    0x0800e3f0     0x8  xencoding_sb.o [3]
  .rodata            const    0x0800e3f8     0x8  xlocale_c.o [3]
  .rodata            const    0x0800e400     0x8  xlocale_c.o [3]
  .text              ro code  0x0800e408     0x8  abort.o [3]
  .text              ro code  0x0800e410     0x6  exit.o [3]
  .rodata            const    0x0800e418     0x4  os_dbg.o [1]
  .rodata            const    0x0800e41c     0x4  stm32f10x_rcc.o [1]
  .rodata            const    0x0800e420     0x4  usb_desc.o [1]
  .text              ro code  0x0800e424     0x2  I64DivZer.o [4]
  .text              ro code  0x0800e426     0x4  low_level_init.o [3]
  .rodata            const    0x0800e42a     0x2  os_dbg.o [1]
  .rodata            const    0x0800e42c     0x2  os_dbg.o [1]
  .rodata            const    0x0800e42e     0x2  os_dbg.o [1]
  .rodata            const    0x0800e430     0x2  os_dbg.o [1]
  .rodata            const    0x0800e432     0x2  os_dbg.o [1]
  .rodata            const    0x0800e434     0x2  os_dbg.o [1]
  .rodata            const    0x0800e436     0x2  os_dbg.o [1]
  .rodata            const    0x0800e438     0x2  os_dbg.o [1]
  .rodata            const    0x0800e43a     0x2  os_dbg.o [1]
  .rodata            const    0x0800e43c     0x2  os_dbg.o [1]
  .rodata            const    0x0800e43e     0x2  os_dbg.o [1]
  .rodata            const    0x0800e440     0x2  os_dbg.o [1]
  .rodata            const    0x0800e442     0x2  os_dbg.o [1]
  .rodata            const    0x0800e444     0x2  os_dbg.o [1]
  .rodata            const    0x0800e446     0x2  os_dbg.o [1]
  .rodata            const    0x0800e448     0x2  os_dbg.o [1]
  .rodata            const    0x0800e44a     0x2  os_dbg.o [1]
  .rodata            const    0x0800e44c     0x2  os_dbg.o [1]
  .rodata            const    0x0800e44e     0x2  os_dbg.o [1]
  .rodata            const    0x0800e450     0x2  os_dbg.o [1]
  .rodata            const    0x0800e452     0x2  os_dbg.o [1]
  .rodata            const    0x0800e454     0x2  os_dbg.o [1]
  .rodata            const    0x0800e456     0x2  os_dbg.o [1]
  .rodata            const    0x0800e458     0x2  os_dbg.o [1]
  .rodata            const    0x0800e45a     0x2  os_dbg.o [1]
  .rodata            const    0x0800e45c     0x2  os_dbg.o [1]
  .rodata            const    0x0800e45e     0x2  os_dbg.o [1]
  .rodata            const    0x0800e460     0x2  os_dbg.o [1]
  .rodata            const    0x0800e462     0x2  os_dbg.o [1]
  .rodata            const    0x0800e464     0x2  os_dbg.o [1]
  .rodata            const    0x0800e466     0x2  os_dbg.o [1]
  .rodata            const    0x0800e468     0x2  os_dbg.o [1]
  .rodata            const    0x0800e46a     0x2  os_dbg.o [1]
  .rodata            const    0x0800e46c     0x2  os_dbg.o [1]
  .rodata            const    0x0800e46e     0x2  os_dbg.o [1]
  .rodata            const    0x0800e470     0x2  os_dbg.o [1]
  .rodata            const    0x0800e472     0x2  os_dbg.o [1]
  .rodata            const    0x0800e474     0x2  os_dbg.o [1]
  .rodata            const    0x0800e476     0x2  os_dbg.o [1]
  .rodata            const    0x0800e478     0x2  os_dbg.o [1]
  .rodata            const    0x0800e47a     0x2  os_dbg.o [1]
  .rodata            const    0x0800e47c     0x2  os_dbg.o [1]
  .rodata            const    0x0800e47e     0x2  os_dbg.o [1]
  .rodata            const    0x0800e480     0x2  os_dbg.o [1]
  .rodata            const    0x0800e482     0x2  localeconv.o [3]
  .rodata            const    0x0800e484     0x2  xlocale_c.o [3]
  .rodata            const    0x0800e486     0x1  localeconv.o [3]
  .rodata            const    0x0800e487     0x1  setlocale.o [3]
  .rodata            const    0x0800e488     0x1  xlocale_c.o [3]
  Initializer bytes  ro data  0x0800e489   0x219  <for P3 s0>
                            - 0x0800e6a2  0xe562

"P3", part 1 of 3:                         0xde0
  CSTACK                      0x20000010   0x800  <Block>
    CSTACK           uninit   0x20000010   0x800  <Block tail>
  HEAP                        0x20000810   0x400  <Block>
    HEAP             uninit   0x20000810   0x400  <Block tail>
  .iar.dynexit                0x20000c10   0x1e0  <Block>
    .iar.dynexit     uninit   0x20000c10     0xc  cppinit.o [3]
    .iar.dynexit     uninit   0x20000c1c   0x1d4  <Block tail>
                            - 0x20000df0   0xde0

"P3", part 2 of 3:                        0x3e70
  .bss               zero     0x20000df0  0x1000  spi_flash.o [1]
  .bss               zero     0x20001df0   0x800  memory.o [1]
  .bss               zero     0x200025f0   0x590  app.o [1]
  .bss               zero     0x20002b80   0x4d0  app.o [1]
  .bss               zero     0x20003050   0x39c  os_core.o [1]
  .bss               zero     0x200033ec   0x230  record.o [1]
  .bss               zero     0x2000361c   0x224  Terminal_Para.o [1]
  .bss               zero     0x20003840   0x224  record.o [1]
  .bss               zero     0x20003a64   0x224  record.o [1]
  .bss               zero     0x20003c88   0x200  app.o [1]
  .bss               zero     0x20003e88   0x200  app.o [1]
  .bss               zero     0x20004088   0x200  os_core.o [1]
  .bss               zero     0x20004288   0x190  JMemory.o [1]
  .bss               zero     0x20004418   0x100  os_core.o [1]
  .bss               zero     0x20004518    0x8c  os_core.o [1]
  .bss               zero     0x200045a4    0x8c  os_core.o [1]
  .bss               zero     0x20004630    0x80  HJ5000_scanner.o [1]
  .bss               zero     0x200046b0    0x80  WBTDS01.o [1]
  .bss               zero     0x20004730    0x70  record.o [1]
  .bss               zero     0x200047a0    0x6c  app.o [1]
  .bss               zero     0x2000480c    0x60  os_core.o [1]
  .bss               zero     0x2000486c    0x50  os_core.o [1]
  .bss               zero     0x200048bc    0x50  xfiles.o [3]
  .bss               zero     0x2000490c    0x50  xfiles.o [3]
  .bss               zero     0x2000495c    0x40  usb_bot.o [1]
  .bss               zero     0x2000499c    0x3c  app.o [1]
  .bss               zero     0x200049d8    0x20  HJ5000_scanner.o [1]
  .bss               zero     0x200049f8    0x20  Terminal_Para.o [1]
  .bss               zero     0x20004a18    0x20  WBTDS01.o [1]
  .bss               zero     0x20004a38    0x20  app.o [1]
  .bss               zero     0x20004a58    0x20  usb_bot.o [1]
  .bss               zero     0x20004a78    0x1c  record.o [1]
  .bss               zero     0x20004a94    0x1c  usb_init.o [1]
  .bss               zero     0x20004ab0    0x14  os_cpu_c.o [1]
  .bss               zero     0x20004ac4    0x14  xsyslock.o [3]
  .bss               zero     0x20004ad8    0x10  hw_platform.o [1]
  .bss               zero     0x20004ae8    0x10  usb_bot.o [1]
  .bss               zero     0x20004af8     0xc  HJ5000_scanner.o [1]
  .bss               zero     0x20004b04     0xc  WBTDS01.o [1]
  .bss               zero     0x20004b10     0x8  TimeBase.o [1]
  .bss               zero     0x20004b18     0x8  ff.o [1]
  .bss               zero     0x20004b20     0x8  mass_mal.o [1]
  .bss               zero     0x20004b28     0x8  mass_mal.o [1]
  .bss               zero     0x20004b30     0x8  mass_mal.o [1]
  .bss               zero     0x20004b38     0x8  os_core.o [1]
  .bss               zero     0x20004b40     0x8  scsi_data.o [1]
  .bss               zero     0x20004b48     0x8  scsi_data.o [1]
  .bss               zero     0x20004b50     0x8  xxmemxmalloc.o [3]
  .bss               zero     0x20004b58     0x4  HJ5000_scanner.o [1]
  .bss               zero     0x20004b5c     0x4  HJ5000_scanner.o [1]
  .bss               zero     0x20004b60     0x4  app.o [1]
  .bss               zero     0x20004b64     0x4  app.o [1]
  .bss               zero     0x20004b68     0x4  app.o [1]
  .bss               zero     0x20004b6c     0x4  app.o [1]
  .bss               zero     0x20004b70     0x4  app.o [1]
  .bss               zero     0x20004b74     0x4  app.o [1]
  .bss               zero     0x20004b78     0x4  hw_platform.o [1]
  .bss               zero     0x20004b7c     0x4  hw_platform.o [1]
  .bss               zero     0x20004b80     0x4  hw_platform.o [1]
  .bss               zero     0x20004b84     0x4  keypad.o [1]
  .bss               zero     0x20004b88     0x4  keypad.o [1]
  .bss               zero     0x20004b8c     0x4  mass_mal.o [1]
  .bss               zero     0x20004b90     0x4  memory.o [1]
  .bss               zero     0x20004b94     0x4  memory.o [1]
  .bss               zero     0x20004b98     0x4  memory.o [1]
  .bss               zero     0x20004b9c     0x4  memory.o [1]
  .bss               zero     0x20004ba0     0x4  memory.o [1]
  .bss               zero     0x20004ba4     0x4  memory.o [1]
  .bss               zero     0x20004ba8     0x4  memory.o [1]
  .bss               zero     0x20004bac     0x4  memory.o [1]
  .bss               zero     0x20004bb0     0x4  os_core.o [1]
  .bss               zero     0x20004bb4     0x4  os_core.o [1]
  .bss               zero     0x20004bb8     0x4  os_core.o [1]
  .bss               zero     0x20004bbc     0x4  os_core.o [1]
  .bss               zero     0x20004bc0     0x4  os_core.o [1]
  .bss               zero     0x20004bc4     0x4  os_core.o [1]
  .bss               zero     0x20004bc8     0x4  os_core.o [1]
  .bss               zero     0x20004bcc     0x4  os_core.o [1]
  .bss               zero     0x20004bd0     0x4  os_core.o [1]
  .bss               zero     0x20004bd4     0x4  os_core.o [1]
  .bss               zero     0x20004bd8     0x4  os_core.o [1]
  .bss               zero     0x20004bdc     0x4  record.o [1]
  .bss               zero     0x20004be0     0x4  record.o [1]
  .bss               zero     0x20004be4     0x4  record.o [1]
  .bss               zero     0x20004be8     0x4  record.o [1]
  .bss               zero     0x20004bec     0x4  record.o [1]
  .bss               zero     0x20004bf0     0x4  spi_flash.o [1]
  .bss               zero     0x20004bf4     0x4  spi_flash.o [1]
  .bss               zero     0x20004bf8     0x4  usb_bot.o [1]
  .bss               zero     0x20004bfc     0x4  usb_bot.o [1]
  .bss               zero     0x20004c00     0x4  usb_core.o [1]
  .bss               zero     0x20004c04     0x4  usb_endp.o [1]
  .bss               zero     0x20004c08     0x4  usb_init.o [1]
  .bss               zero     0x20004c0c     0x4  usb_init.o [1]
  .bss               zero     0x20004c10     0x4  usb_init.o [1]
  .bss               zero     0x20004c14     0x4  usb_prop.o [1]
  .bss               zero     0x20004c18     0x4  usb_prop.o [1]
  .bss               zero     0x20004c1c     0x4  usb_prop.o [1]
  .bss               zero     0x20004c20     0x4  usb_pwr.o [1]
  .bss               zero     0x20004c24     0x4  xgetmemchunk.o [3]
  .bss               zero     0x20004c28     0x4  MtxWrapper.o [3]
  .bss               zero     0x20004c2c     0x4  MtxWrapper.o [3]
  .bss               zero     0x20004c30     0x4  MtxWrapper.o [3]
  .bss               zero     0x20004c34     0x4  MtxWrapper.o [3]
  .bss               zero     0x20004c38     0x4  iarwstd.o [5]
  .bss               zero     0x20004c3c     0x2  ff.o [1]
  .bss               zero     0x20004c3e     0x2  usb_bot.o [1]
  .bss               zero     0x20004c40     0x2  usb_init.o [1]
  .bss               zero     0x20004c42     0x2  usb_int.o [1]
  .bss               zero     0x20004c44     0x2  usb_int.o [1]
  .bss               zero     0x20004c46     0x2  usb_istr.o [1]
  .bss               zero     0x20004c48     0x1  PCUsart.o [1]
  .bss               zero     0x20004c49     0x1  app.o [1]
  .bss               zero     0x20004c4a     0x1  app.o [1]
  .bss               zero     0x20004c4b     0x1  hw_config.o [1]
  .bss               zero     0x20004c4c     0x1  hw_platform.o [1]
  .bss               zero     0x20004c4d     0x1  keypad.o [1]
  .bss               zero     0x20004c4e     0x1  keypad.o [1]
  .bss               zero     0x20004c4f     0x1  main.o [1]
  .bss               zero     0x20004c50     0x1  memory.o [1]
  .bss               zero     0x20004c51     0x1  os_core.o [1]
  .bss               zero     0x20004c52     0x1  os_core.o [1]
  .bss               zero     0x20004c53     0x1  os_core.o [1]
  .bss               zero     0x20004c54     0x1  os_core.o [1]
  .bss               zero     0x20004c55     0x1  os_core.o [1]
  .bss               zero     0x20004c56     0x1  os_core.o [1]
  .bss               zero     0x20004c57     0x1  os_core.o [1]
  .bss               zero     0x20004c58     0x1  os_core.o [1]
  .bss               zero     0x20004c59     0x1  spi_flash.o [1]
  .bss               zero     0x20004c5a     0x1  usb_bot.o [1]
  .bss               zero     0x20004c5b     0x1  usb_core.o [1]
  .bss               zero     0x20004c5c     0x1  usb_init.o [1]
  .bss               zero     0x20004c5d     0x1  usb_istr.o [1]
                            - 0x20004c5e  0x3e6e

"P3", part 3 of 3:                         0x324
  P3 s0                       0x20004c60   0x324  <Init block>
    .data            inited   0x20004c60    0x84  setlocale.o [3]
    .data            inited   0x20004ce4    0x4c  localeconv.o [3]
    .data            inited   0x20004d30    0x40  xfiles.o [3]
    .data            inited   0x20004d70    0x40  xfiles.o [3]
    .data            inited   0x20004db0    0x40  xfiles.o [3]
    .data            inited   0x20004df0    0x30  usb_prop.o [1]
    .data            inited   0x20004e20    0x24  scsi_data.o [1]
    .data            inited   0x20004e44    0x24  scsi_data.o [1]
    .data            inited   0x20004e68    0x24  usb_prop.o [1]
    .data            inited   0x20004e8c    0x20  usb_prop.o [1]
    .data            inited   0x20004eac    0x20  xfiles.o [3]
    .data            inited   0x20004ecc    0x1c  usb_desc.o [1]
    .data            inited   0x20004ee8    0x1c  usb_istr.o [1]
    .data            inited   0x20004f04    0x1c  usb_istr.o [1]
    .data            inited   0x20004f20    0x14  scsi_data.o [1]
    .data            inited   0x20004f34    0x10  usb_prop.o [1]
    .data            inited   0x20004f44    0x10  usb_prop.o [1]
    .data            inited   0x20004f54     0xc  scsi_data.o [1]
    .data            inited   0x20004f60     0x8  scsi_data.o [1]
    .data            inited   0x20004f68     0x8  usb_prop.o [1]
    .data            inited   0x20004f70     0x8  usb_prop.o [1]
    .data            inited   0x20004f78     0x4  scsi_data.o [1]
    .data            inited   0x20004f7c     0x4  usb_prop.o [1]
    .data            inited   0x20004f80     0x4  cppinit.o [3]
                            - 0x20004f84   0x324


*******************************************************************************
*** INIT TABLE
***

          Address     Size
          -------     ----
Zero (__iar_zero_init2)
    1 destination range, total size 0x3e6e:
          0x20000df0  0x3e6e

Copy/packbits (__iar_packbits_init2)
    1 source range, total size 0x219 (66% of destination):
           0x800e489   0x219
    1 destination range, total size 0x324:
          0x20004c60   0x324


*******************************************************************************
*** MODULE SUMMARY
***

    Module                    ro code  ro data  rw data
    ------                    -------  -------  -------
E:\H520B\FW\src\Project\EWARMv5\Debug\Obj: [1]
    HJ5000_scanner.o              934               180
    JMemory.o                      92               400
    PCUsart.o                     156                 1
    Terminal_Para.o               316       12      580
    TimeBase.o                    588                 8
    WBTDS01.o                   1 732      212      172
    app.o                       2 872      324    3 906
    basic_fun.o                   156      384
    cortexm3_macro.o              122
    crc32.o                        40    1 024
    data_uart.o                   160
    diskio.o                      180
    ff.o                        8 156      120       10
    hardfault_isr_handle_a.o       18
    hash.o                         24
    hw_config.o                   216                 1
    hw_platform.o               2 068      132       29
    keypad.o                    1 064                10
    main.o                        396                 1
    mass_mal.o                    272                28
    memory.o                      572             2 081
    os_core.o                   2 040      256    2 208
    os_cpu_a.o                    160
    os_cpu_c.o                    268                20
    os_dbg.o                      360       92
    os_flag.o                     118
    os_mem.o                       76
    os_q.o                        640
    os_sem.o                       88
    os_task.o                     654
    os_time.o                     284
    record.o                    6 476       68    1 816
    scsi_data.o                             78      132
    spi_flash.o                 1 736       64    4 105
    stm32f10x_adc.o               426
    stm32f10x_dma.o               452
    stm32f10x_exti.o              240
    stm32f10x_flash.o              68
    stm32f10x_gpio.o              452
    stm32f10x_it.o                768      180
    stm32f10x_nvic.o              208
    stm32f10x_pwr.o                60
    stm32f10x_rcc.o               792       20
    stm32f10x_spi.o               122
    stm32f10x_tim.o               356
    stm32f10x_usart.o             452
    stm32f10x_vector.o                     320
    usb_bot.o                   1 084               123
    usb_core.o                  3 038                 5
    usb_desc.o                             266       28
    usb_endp.o                     52                 4
    usb_init.o                     64                43
    usb_int.o                     580                 4
    usb_istr.o                    156       38       59
    usb_mem.o                      84
    usb_prop.o                  1 100      111      180
    usb_pwr.o                      60                 4
    usb_regs.o                    652
    usb_scsi.o                  1 088
    usb_sil.o                      90
    ---------------------------------------------------
    Total:                     45 478    3 701   16 138

command line: [2]
    ---------------------------------------------------
    Total:

dl7M_tl_if.a: [3]
    MtxWrapper.o                   48                16
    abort.o                         8
    cppinit.o                     112        3       16
    div.o                          14
    exit.o                          6
    fflush.o                      176
    localeconv.o                   20       69       76
    low_level_init.o                4
    printf.o                       32
    putchar.o                      12
    setlocale.o                    20       89      132
    strcat.o                       30
    xassert.o                      68
    xdnorm.o                      180
    xdscale.o                     272
    xencoding_sb.o                 92       16
    xfiles.o                               151      384
    xgetmemchunk.o                 40                 4
    xlocale_c.o                             91
    xmbcurmax.o                    10
    xmbtowc.o                      32
    xprintffull.o               4 174       24
    xprout.o                       22
    xreportassert.o               132       48
    xsyslock.o                    140                20
    xwctomb.o                      26
    xxmemxfree.o                  136
    xxmemxmalloc.o                188                 8
    ---------------------------------------------------
    Total:                      5 994      491      656

rt7M_tl.a: [4]
    ABImemcpy.o                   112
    ABImemset.o                   102
    DblAdd.o                      230
    DblCmpGe.o                     46
    DblCmpLe.o                     46
    DblDiv.o                      700
    DblMul.o                      418
    DblSub.o                      382
    DblToI32.o                     86
    I32ToDbl.o                     46
    I64DivMod.o                   304
    I64DivZer.o                     2
    cexit.o                        14
    cmain.o                        24
    data_init2.o                   28
    memchr.o                       88
    memcmp.o                       98
    packbits_init2.o              142
    strchr.o                       22
    strcmp.o                       66
    strcpy.o                       68
    strlen.o                       54
    zero_init2.o                   26
    ---------------------------------------------------
    Total:                      3 104

shb_l.a: [5]
    dwrite.o                       30
    exit.o                         20
    iarwrite.o                     32
    iarwstd.o                      84                 4
    write.o                        16
    ---------------------------------------------------
    Total:                        182                 4

    Gaps                           36       12
    Linker created                          44    3 540
-------------------------------------------------------
    Grand Total:               54 794    4 248   20 338


*******************************************************************************
*** ENTRY LIST
***

Entry                      Address    Size  Type      Object
-----                      -------    ----  ----      ------
.iar.dynexit$$Base      0x20000c10           --   Gb  - Linker created -
.iar.dynexit$$Limit     0x20000df0           --   Gb  - Linker created -
ADC1_2_IRQHandler       0x08009cad     0x2  Code  Gb  stm32f10x_it.o [1]
ADC3_IRQHandler         0x08009ddb     0x2  Code  Gb  stm32f10x_it.o [1]
ADCPrescTable           0x0800e41c     0x4  Data  Lc  stm32f10x_rcc.o [1]
ADC_Cmd                 0x0800b4b5    0x1a  Code  Gb  stm32f10x_adc.o [1]
ADC_GetCalibrationStatus
                        0x0800b4fb    0x18  Code  Gb  stm32f10x_adc.o [1]
ADC_GetConversionValue  0x0800b607     0x6  Code  Gb  stm32f10x_adc.o [1]
ADC_GetResetCalibrationStatus
                        0x0800b4d9    0x18  Code  Gb  stm32f10x_adc.o [1]
ADC_Init                0x0800b465    0x50  Code  Gb  stm32f10x_adc.o [1]
ADC_Module_Init         0x080061d1    0x9a  Code  Lc  hw_platform.o [1]
ADC_RegularChannelConfig
                        0x0800b52d    0xda  Code  Gb  stm32f10x_adc.o [1]
ADC_ResetCalibration    0x0800b4cf     0xa  Code  Gb  stm32f10x_adc.o [1]
ADC_SoftwareStartConvCmd
                        0x0800b513    0x1a  Code  Gb  stm32f10x_adc.o [1]
ADC_StartCalibration    0x0800b4f1     0xa  Code  Gb  stm32f10x_adc.o [1]
APBAHBPrescTable        0x0800e1e4    0x10  Data  Lc  stm32f10x_rcc.o [1]
BT_Daemon_thread        0x08005f75    0x78  Code  Gb  app.o [1]
Block_Read_count        0x20004b90     0x4  Data  Gb  memory.o [1]
Block_offset            0x20004b94     0x4  Data  Gb  memory.o [1]
Bot_Abort               0x08008bf5    0x3c  Code  Gb  usb_bot.o [1]
Bot_State               0x20004c5a     0x1  Data  Gb  usb_bot.o [1]
Bulk_Data_Buff          0x2000495c    0x40  Data  Gb  usb_bot.o [1]
BusFaultException       0x08009be7     0x2  Code  Gb  stm32f10x_it.o [1]
ByteSwap                0x0800a5bd    0x10  Code  Gb  usb_regs.o [1]
CAN_RX1_IRQHandler      0x08009cb9     0x2  Code  Gb  stm32f10x_it.o [1]
CAN_SCE_IRQHandler      0x08009cbb     0x2  Code  Gb  stm32f10x_it.o [1]
CBW                     0x20004a58    0x20  Data  Gb  usb_bot.o [1]
CBW_Decode              0x080088d5   0x298  Code  Gb  usb_bot.o [1]
CSTACK$$Base            0x20000010           --   Gb  - Linker created -
CSTACK$$Limit           0x20000810           --   Gb  - Linker created -
CSW                     0x20004ae8    0x10  Data  Gb  usb_bot.o [1]
CTR_LP                  0x0800aa99   0x22c  Code  Gb  usb_int.o [1]
ClearDTOG_RX            0x0800a45d    0x32  Code  Gb  usb_regs.o [1]
ClearDTOG_TX            0x0800a48f    0x32  Code  Gb  usb_regs.o [1]
Clear_Status_Out        0x0800a439    0x24  Code  Gb  usb_regs.o [1]
Config_Descriptor       0x20004f44    0x10  Data  Gb  usb_prop.o [1]
Counter                 0x20004b98     0x4  Data  Gb  memory.o [1]
DMA1_Channel1_IRQHandler
                        0x08009c73     0x2  Code  Gb  stm32f10x_it.o [1]
DMA1_Channel2_IRQHandler
                        0x08009c75     0x2  Code  Gb  stm32f10x_it.o [1]
DMA1_Channel3_IRQHandler
                        0x08009c77     0x2  Code  Gb  stm32f10x_it.o [1]
DMA1_Channel4_IRQHandler
                        0x08009c79     0x2  Code  Gb  stm32f10x_it.o [1]
DMA1_Channel5_IRQHandler
                        0x08009c7b     0x2  Code  Gb  stm32f10x_it.o [1]
DMA1_Channel6_IRQHandler
                        0x08009c7d     0x2  Code  Gb  stm32f10x_it.o [1]
DMA1_Channel7_IRQHandler
                        0x08009c81    0x2c  Code  Gb  stm32f10x_it.o [1]
DMA2_Channel1_IRQHandler
                        0x08009ded     0x2  Code  Gb  stm32f10x_it.o [1]
DMA2_Channel2_IRQHandler
                        0x08009def     0x2  Code  Gb  stm32f10x_it.o [1]
DMA2_Channel3_IRQHandler
                        0x08009df1     0x2  Code  Gb  stm32f10x_it.o [1]
DMA2_Channel4_5_IRQHandler
                        0x08009df3     0x2  Code  Gb  stm32f10x_it.o [1]
DMA_ClearFlag           0x0800b095    0x12  Code  Gb  stm32f10x_dma.o [1]
DMA_Cmd                 0x0800b05d    0x1a  Code  Gb  stm32f10x_dma.o [1]
DMA_DeInit              0x0800af19   0x100  Code  Gb  stm32f10x_dma.o [1]
DMA_GetCurrDataCounter  0x0800b08f     0x6  Code  Gb  stm32f10x_dma.o [1]
DMA_GetITStatus         0x0800b0a7    0x26  Code  Gb  stm32f10x_dma.o [1]
DMA_ITConfig            0x0800b077    0x18  Code  Gb  stm32f10x_dma.o [1]
DMA_Init                0x0800b019    0x44  Code  Gb  stm32f10x_dma.o [1]
DataStageIn             0x08004ff3    0xb6  Code  Lc  usb_core.o [1]
DataStageOut            0x08004f3b    0xb8  Code  Lc  usb_core.o [1]
Data_Buffer             0x20001df0   0x800  Data  Gb  memory.o [1]
Data_Len                0x20004c3e     0x2  Data  Gb  usb_bot.o [1]
Data_Mul_MaxPacketSize  0x20004c5b     0x1  Data  Gb  usb_core.o [1]
Data_Setup0             0x08005205   0x294  Code  Lc  usb_core.o [1]
DebugMonitor            0x08009beb     0x2  Code  Gb  stm32f10x_it.o [1]
DefaultTerminalPara     0x0800c015    0x30  Code  Gb  Terminal_Para.o [1]
Device_Descriptor       0x20004f34    0x10  Data  Gb  usb_prop.o [1]
Device_Info             0x20004a94    0x1c  Data  Gb  usb_init.o [1]
Device_Property         0x20004df0    0x30  Data  Gb  usb_prop.o [1]
Device_Table            0x20004f7c     0x4  Data  Gb  usb_prop.o [1]
DtorRecArray            0x20000c10     0xc  Data  Lc  cppinit.o [3]
EP1_IN_Callback         0x0800dbd9    0x1c  Code  Gb  usb_endp.o [1]
EP2_OUT_Callback        0x0800dbc7    0x10  Code  Gb  usb_endp.o [1]
EP3_OUT_Callback        0x0800dbc5     0x2  Code  Gb  usb_endp.o [1]
EPindex                 0x20004c5c     0x1  Data  Gb  usb_init.o [1]
EXTI0_IRQHandler        0x08009bfb    0x22  Code  Gb  stm32f10x_it.o [1]
EXTI15_10_IRQHandler    0x08009dcd     0x2  Code  Gb  stm32f10x_it.o [1]
EXTI1_IRQHandler        0x08009c1d    0x30  Code  Gb  stm32f10x_it.o [1]
EXTI2_IRQHandler        0x08009c4d     0x2  Code  Gb  stm32f10x_it.o [1]
EXTI3_IRQHandler        0x08009c4f    0x22  Code  Gb  stm32f10x_it.o [1]
EXTI4_IRQHandler        0x08009c71     0x2  Code  Gb  stm32f10x_it.o [1]
EXTI9_5_IRQHandler      0x08009cbd    0x2c  Code  Gb  stm32f10x_it.o [1]
EXTI_ClearFlag          0x0800c771     0x6  Code  Gb  stm32f10x_exti.o [1]
EXTI_ClearITPendingBit  0x0800c7a5     0x6  Code  Gb  stm32f10x_exti.o [1]
EXTI_GenerateSWInterrupt
                        0x0800c761    0x10  Code  Gb  stm32f10x_exti.o [1]
EXTI_GetITStatus        0x0800c777    0x28  Code  Gb  stm32f10x_exti.o [1]
EXTI_Init               0x0800c6c1    0x94  Code  Gb  stm32f10x_exti.o [1]
EnterLowPowerMode       0x0800b8d1    0x3a  Code  Gb  main.o [1]
Event_capture_thread    0x08005ecd    0xa0  Code  Gb  app.o [1]
ExitLowPowerMode        0x0800b911    0x30  Code  Gb  main.o [1]
FLASH_IRQHandler        0x08009bf7     0x2  Code  Gb  stm32f10x_it.o [1]
FLASH_PrefetchBufferCmd
                        0x0800d929    0x20  Code  Gb  stm32f10x_flash.o [1]
FLASH_SetLatency        0x0800d909    0x20  Code  Gb  stm32f10x_flash.o [1]
FSMC_IRQHandler         0x08009ddd     0x2  Code  Gb  stm32f10x_it.o [1]
FatFs                   0x20004b18     0x8  Data  Lc  ff.o [1]
Fsid                    0x20004c3c     0x2  Data  Lc  ff.o [1]
GPIO_AllAinConfig       0x0800b895    0x3c  Code  Lc  main.o [1]
GPIO_EXTILineConfig     0x0800b24d    0x54  Code  Gb  stm32f10x_gpio.o [1]
GPIO_Init               0x0800b0dd    0xcc  Code  Gb  stm32f10x_gpio.o [1]
GPIO_PinRemapConfig     0x0800b1d1    0x7c  Code  Gb  stm32f10x_gpio.o [1]
GPIO_ReadInputDataBit   0x0800b1a9    0x1a  Code  Gb  stm32f10x_gpio.o [1]
GPIO_ResetBits          0x0800b1c9     0x6  Code  Gb  stm32f10x_gpio.o [1]
GPIO_SetBits            0x0800b1c3     0x6  Code  Gb  stm32f10x_gpio.o [1]
GetEPRxAddr             0x0800a515    0x18  Code  Gb  usb_regs.o [1]
GetEPRxCount            0x0800a58b    0x18  Code  Gb  usb_regs.o [1]
GetEPTxAddr             0x0800a4fd    0x18  Code  Gb  usb_regs.o [1]
Get_Max_Lun             0x08008395    0x1c  Code  Gb  usb_prop.o [1]
Get_SerialNum           0x0800c909    0x68  Code  Gb  hw_config.o [1]
HARDFAULT_ISR_HANDLE_d  0x0800e1b1          Code  Gb  hardfault_isr_handle_a.o [1]
HEAP$$Base              0x20000810           --   Gb  - Linker created -
HEAP$$Limit             0x20000c10           --   Gb  - Linker created -
HJ5000_GPIO_config      0x08009459    0x84  Code  Lc  HJ5000_scanner.o [1]
HJ5000_NVIC_config      0x080094dd    0x3a  Code  Lc  HJ5000_scanner.o [1]
HJ5000_RxISRHandler     0x080096c1    0x52  Code  Gb  HJ5000_scanner.o [1]
HJ5000_start_stop_decode
                        0x08009713    0x28  Code  Gb  HJ5000_scanner.o [1]
HSEStartUpStatus        0x20004c4f     0x1  Data  Gb  main.o [1]
HardFaultException      0x08009bdd     0x8  Code  Gb  stm32f10x_it.o [1]
HashString              0x0800e055    0x18  Code  Gb  hash.o [1]
I2C1_ER_IRQHandler      0x08009d1d     0x2  Code  Gb  stm32f10x_it.o [1]
I2C1_EV_IRQHandler      0x08009d1b     0x2  Code  Gb  stm32f10x_it.o [1]
I2C2_ER_IRQHandler      0x08009d21     0x2  Code  Gb  stm32f10x_it.o [1]
I2C2_EV_IRQHandler      0x08009d1f     0x2  Code  Gb  stm32f10x_it.o [1]
Idx                     0x20004b9c     0x4  Data  Gb  memory.o [1]
In0_Process             0x0800553d    0x68  Code  Gb  usb_core.o [1]
Jfree                   0x0800d59d    0x26  Code  Gb  JMemory.o [1]
Jmalloc                 0x0800d56d    0x30  Code  Gb  JMemory.o [1]
Keyboard_ConfigDescriptor
                        0x0800de04    0x24  Data  Gb  usb_desc.o [1]
Keyboard_DeviceDescriptor
                        0x0800e138    0x14  Data  Gb  usb_desc.o [1]
Keyboard_GetHIDDescriptor
                        0x08008325    0x10  Code  Gb  usb_prop.o [1]
Keyboard_GetProtocolValue
                        0x0800835d    0x16  Code  Gb  usb_prop.o [1]
Keyboard_GetReportDescriptor
                        0x08008315    0x10  Code  Gb  usb_prop.o [1]
Keyboard_Hid_Descriptor
                        0x20004f70     0x8  Data  Gb  usb_prop.o [1]
Keyboard_ReportDescriptor
                        0x0800da58    0x40  Data  Gb  usb_desc.o [1]
Keyboard_Report_Descriptor
                        0x20004f68     0x8  Data  Gb  usb_prop.o [1]
Keyboard_SetProtocol    0x0800834d    0x10  Code  Gb  usb_prop.o [1]
Keyboard_SetReport      0x08008379    0x1c  Code  Gb  usb_prop.o [1]
Keypad_EXTI_ISRHandler  0x08008ddd    0x34  Code  Gb  keypad.o [1]
Keypad_Init             0x08008dcd    0x10  Code  Gb  keypad.o [1]
Keypad_Initport         0x08008c31    0x80  Code  Lc  keypad.o [1]
Keypad_Int_Disable      0x08008cf3    0x3a  Code  Gb  keypad.o [1]
Keypad_Int_Enable       0x08008cb1    0x42  Code  Gb  keypad.o [1]
Keypad_ReadIO           0x08008e11    0x6a  Code  Lc  keypad.o [1]
Keypad_Timer_Disable    0x08008dbd     0xc  Code  Gb  keypad.o [1]
Keypad_Timer_Enable     0x08008da9    0x14  Code  Gb  keypad.o [1]
Keypad_Timer_ISRHandler
                        0x08008e85   0x1c8  Code  Gb  keypad.o [1]
Keypad_Timer_Init       0x08008d2d    0x7c  Code  Gb  keypad.o [1]
MAL_GetStatus           0x0800c349    0x58  Code  Gb  mass_mal.o [1]
MAL_Read                0x0800c2e7    0x5c  Code  Gb  mass_mal.o [1]
MAL_Write               0x0800c295    0x52  Code  Gb  mass_mal.o [1]
MASS_ConfigDescriptor   0x0800de94    0x20  Data  Gb  usb_desc.o [1]
MASS_DeviceDescriptor   0x0800e14c    0x14  Data  Gb  usb_desc.o [1]
Mass_Block_Count        0x20004b30     0x8  Data  Gb  mass_mal.o [1]
Mass_Block_Size         0x20004b28     0x8  Data  Gb  mass_mal.o [1]
Mass_Memory_Size        0x20004b20     0x8  Data  Gb  mass_mal.o [1]
Mass_Storage_In         0x080087f5    0x62  Code  Gb  usb_bot.o [1]
Mass_Storage_Out        0x08008857    0x7e  Code  Gb  usb_bot.o [1]
Max_Lun                 0x20004c18     0x4  Data  Gb  usb_prop.o [1]
MemManageException      0x08009be5     0x2  Code  Gb  stm32f10x_it.o [1]
Mode_Sense10_data       0x20004f60     0x8  Data  Gb  scsi_data.o [1]
Mode_Sense6_data        0x20004f78     0x4  Data  Gb  scsi_data.o [1]
NMIException            0x08009af5     0x2  Code  Gb  stm32f10x_it.o [1]
NOP_Process             0x08005695     0x2  Code  Gb  usb_core.o [1]
NVIC_Init               0x0800c981    0xa0  Code  Gb  stm32f10x_nvic.o [1]
NVIC_PriorityGroupConfig
                        0x0800c971     0xa  Code  Gb  stm32f10x_nvic.o [1]
NVIC_SetVectorTable     0x0800ca29    0x10  Code  Gb  stm32f10x_nvic.o [1]
NoData_Setup0           0x080050a9   0x152  Code  Lc  usb_core.o [1]
OSCtxSw                 0x0800cddf          Code  Gb  os_cpu_a.o [1]
OSCtxSwCtr              0x20004bb0     0x4  Data  Gb  os_core.o [1]
OSDataSize              0x0800e480     0x2  Data  Gb  os_dbg.o [1]
OSDebugEn               0x0800e42a     0x2  Data  Gb  os_dbg.o [1]
OSDebugInit             0x0800bc41   0x168  Code  Gb  os_dbg.o [1]
OSEndiannessTest        0x0800e418     0x4  Data  Gb  os_dbg.o [1]
OSEventEn               0x0800e430     0x2  Data  Gb  os_dbg.o [1]
OSEventFreeList         0x20004bb4     0x4  Data  Gb  os_core.o [1]
OSEventMax              0x0800e42c     0x2  Data  Gb  os_dbg.o [1]
OSEventNameSize         0x0800e42e     0x2  Data  Gb  os_dbg.o [1]
OSEventSize             0x0800e432     0x2  Data  Gb  os_dbg.o [1]
OSEventTbl              0x20004518    0x8c  Data  Gb  os_core.o [1]
OSEventTblSize          0x0800e434     0x2  Data  Gb  os_dbg.o [1]
OSFlagEn                0x0800e436     0x2  Data  Gb  os_dbg.o [1]
OSFlagFreeList          0x20004bb8     0x4  Data  Gb  os_core.o [1]
OSFlagGrpSize           0x0800e438     0x2  Data  Gb  os_dbg.o [1]
OSFlagMax               0x0800e43e     0x2  Data  Gb  os_dbg.o [1]
OSFlagNameSize          0x0800e440     0x2  Data  Gb  os_dbg.o [1]
OSFlagNodeSize          0x0800e43a     0x2  Data  Gb  os_dbg.o [1]
OSFlagTbl               0x2000486c    0x50  Data  Gb  os_core.o [1]
OSFlagWidth             0x0800e43c     0x2  Data  Gb  os_dbg.o [1]
OSIdleCtr               0x20004bbc     0x4  Data  Gb  os_core.o [1]
OSInit                  0x080069e5    0x30  Code  Gb  os_core.o [1]
OSInitHookBegin         0x0800c4b5     0x2  Code  Gb  os_cpu_c.o [1]
OSInitHookEnd           0x0800c4b7     0x2  Code  Gb  os_cpu_c.o [1]
OSIntCtxSw              0x0800cde7          Code  Gb  os_cpu_a.o [1]
OSIntEnter              0x08006a15    0x24  Code  Gb  os_core.o [1]
OSIntExit               0x08006a39    0x94  Code  Gb  os_core.o [1]
OSIntNesting            0x20004c51     0x1  Data  Gb  os_core.o [1]
OSLockNesting           0x20004c52     0x1  Data  Gb  os_core.o [1]
OSLowestPrio            0x0800e442     0x2  Data  Gb  os_dbg.o [1]
OSMboxEn                0x0800e444     0x2  Data  Gb  os_dbg.o [1]
OSMemEn                 0x0800e446     0x2  Data  Gb  os_dbg.o [1]
OSMemFreeList           0x20004bd0     0x4  Data  Gb  os_core.o [1]
OSMemMax                0x0800e448     0x2  Data  Gb  os_dbg.o [1]
OSMemNameSize           0x0800e44a     0x2  Data  Gb  os_dbg.o [1]
OSMemSize               0x0800e44c     0x2  Data  Gb  os_dbg.o [1]
OSMemTbl                0x200045a4    0x8c  Data  Gb  os_core.o [1]
OSMemTblSize            0x0800e44e     0x2  Data  Gb  os_dbg.o [1]
OSMutexEn               0x0800e450     0x2  Data  Gb  os_dbg.o [1]
OSPrioCur               0x20004c53     0x1  Data  Gb  os_core.o [1]
OSPrioHighRdy           0x20004c54     0x1  Data  Gb  os_core.o [1]
OSPtrSize               0x0800e452     0x2  Data  Gb  os_dbg.o [1]
OSQCreate               0x0800a5cd    0x98  Code  Gb  os_q.o [1]
OSQEn                   0x0800e454     0x2  Data  Gb  os_dbg.o [1]
OSQFreeList             0x20004bd4     0x4  Data  Gb  os_core.o [1]
OSQMax                  0x0800e456     0x2  Data  Gb  os_dbg.o [1]
OSQPend                 0x0800a669   0x130  Code  Gb  os_q.o [1]
OSQPost                 0x0800a79d    0x78  Code  Gb  os_q.o [1]
OSQSize                 0x0800e458     0x2  Data  Gb  os_dbg.o [1]
OSQTbl                  0x2000480c    0x60  Data  Gb  os_core.o [1]
OSRdyGrp                0x20004c55     0x1  Data  Gb  os_core.o [1]
OSRdyTbl                0x20004b38     0x8  Data  Gb  os_core.o [1]
OSRdyTblSize            0x0800e45a     0x2  Data  Gb  os_dbg.o [1]
OSRunning               0x20004c56     0x1  Data  Gb  os_core.o [1]
OSSchedLock             0x08006acd    0x3a  Code  Gb  os_core.o [1]
OSSchedUnlock           0x08006b07    0x5a  Code  Gb  os_core.o [1]
OSSemCreate             0x0800d681    0x50  Code  Gb  os_sem.o [1]
OSSemEn                 0x0800e45c     0x2  Data  Gb  os_dbg.o [1]
OSStart                 0x08006b61    0x42  Code  Gb  os_core.o [1]
OSStartHighRdy          0x0800cdc3          Code  Gb  os_cpu_a.o [1]
OSStkWidth              0x0800e45e     0x2  Data  Gb  os_dbg.o [1]
OSTCBCur                0x20004bc0     0x4  Data  Gb  os_core.o [1]
OSTCBFreeList           0x20004bc4     0x4  Data  Gb  os_core.o [1]
OSTCBHighRdy            0x20004bc8     0x4  Data  Gb  os_core.o [1]
OSTCBInitHook           0x0800c54f     0x2  Code  Gb  os_cpu_c.o [1]
OSTCBList               0x20004bcc     0x4  Data  Gb  os_core.o [1]
OSTCBPrioTbl            0x20004418   0x100  Data  Gb  os_core.o [1]
OSTCBPrioTblMax         0x0800e476     0x2  Data  Gb  os_dbg.o [1]
OSTCBSize               0x0800e478     0x2  Data  Gb  os_dbg.o [1]
OSTCBTbl                0x20003050   0x39c  Data  Gb  os_core.o [1]
OSTaskCreateEn          0x0800e460     0x2  Data  Gb  os_dbg.o [1]
OSTaskCreateExt         0x0800a0b1    0xd0  Code  Gb  os_task.o [1]
OSTaskCreateExtEn       0x0800e462     0x2  Data  Gb  os_dbg.o [1]
OSTaskCreateHook        0x0800c4b9     0x2  Code  Gb  os_cpu_c.o [1]
OSTaskCtr               0x20004c57     0x1  Data  Gb  os_core.o [1]
OSTaskDel               0x0800a181   0x188  Code  Gb  os_task.o [1]
OSTaskDelEn             0x0800e464     0x2  Data  Gb  os_dbg.o [1]
OSTaskDelHook           0x0800c4bb     0x2  Code  Gb  os_cpu_c.o [1]
OSTaskIdleHook          0x0800c4bd    0x14  Code  Gb  os_cpu_c.o [1]
OSTaskIdleStk           0x20004088   0x200  Data  Gb  os_core.o [1]
OSTaskIdleStkSize       0x0800e466     0x2  Data  Gb  os_dbg.o [1]
OSTaskMax               0x0800e46a     0x2  Data  Gb  os_dbg.o [1]
OSTaskNameSize          0x0800e46c     0x2  Data  Gb  os_dbg.o [1]
OSTaskProfileEn         0x0800e468     0x2  Data  Gb  os_dbg.o [1]
OSTaskStatEn            0x0800e46e     0x2  Data  Gb  os_dbg.o [1]
OSTaskStatStkChkEn      0x0800e472     0x2  Data  Gb  os_dbg.o [1]
OSTaskStatStkSize       0x0800e470     0x2  Data  Gb  os_dbg.o [1]
OSTaskStkInit           0x0800c4d1    0x7c  Code  Gb  os_cpu_c.o [1]
OSTaskSwHook            0x0800c54d     0x2  Code  Gb  os_cpu_c.o [1]
OSTaskSwHookEn          0x0800e474     0x2  Data  Gb  os_dbg.o [1]
OSTickStepState         0x20004c58     0x1  Data  Gb  os_core.o [1]
OSTicksPerSec           0x0800e47a     0x2  Data  Gb  os_dbg.o [1]
OSTime                  0x20004bd8     0x4  Data  Gb  os_core.o [1]
OSTimeDly               0x0800c179    0x6c  Code  Gb  os_time.o [1]
OSTimeDlyHMSM           0x0800c1e5    0xa2  Code  Gb  os_time.o [1]
OSTimeTick              0x08006ba5    0xf0  Code  Gb  os_core.o [1]
OSTimeTickHook          0x0800c551     0x2  Code  Gb  os_cpu_c.o [1]
OSTimeTickHookEn        0x0800e47c     0x2  Data  Gb  os_dbg.o [1]
OSUnMapTbl              0x0800c5c0   0x100  Data  Gb  os_core.o [1]
OSVersionNbr            0x0800e47e     0x2  Data  Gb  os_dbg.o [1]
OS_CPU_PendSVHandler    0x0800cdef          Code  Gb  os_cpu_a.o [1]
OS_CPU_SR_Restore       0x0800cdbd          Code  Gb  os_cpu_a.o [1]
OS_CPU_SR_Save          0x0800cdb5          Code  Gb  os_cpu_a.o [1]
OS_CPU_SysTickHandler   0x0800c555    0x24  Code  Gb  os_cpu_c.o [1]
OS_CPU_SysTickInit      0x0800c579    0x48  Code  Gb  os_cpu_c.o [1]
OS_Dummy                0x08006c95     0x2  Code  Gb  os_core.o [1]
OS_EventTaskRdy         0x08006c97    0x90  Code  Gb  os_core.o [1]
OS_EventTaskRemove      0x08006da5    0x34  Code  Gb  os_core.o [1]
OS_EventTaskRemoveMulti
                        0x08006dd9    0x40  Code  Gb  os_core.o [1]
OS_EventTaskWait        0x08006d27    0x7e  Code  Gb  os_core.o [1]
OS_EventWaitListInit    0x08006e19    0x1a  Code  Gb  os_core.o [1]
OS_FlagInit             0x0800d349    0x4c  Code  Gb  os_flag.o [1]
OS_FlagUnlink           0x0800d399    0x26  Code  Gb  os_flag.o [1]
OS_InitEventList        0x08006e35    0x50  Code  Lc  os_core.o [1]
OS_InitMisc             0x08006e85    0x2e  Code  Lc  os_core.o [1]
OS_InitRdyList          0x08006ebd    0x36  Code  Lc  os_core.o [1]
OS_InitTCBList          0x08006f29    0x60  Code  Lc  os_core.o [1]
OS_InitTaskIdle         0x08006ef9    0x30  Code  Lc  os_core.o [1]
OS_MemClr               0x08006f91    0x12  Code  Gb  os_core.o [1]
OS_MemInit              0x0800d831    0x48  Code  Gb  os_mem.o [1]
OS_QInit                0x0800a815    0x34  Code  Gb  os_q.o [1]
OS_Sched                0x08006fa3    0x5c  Code  Gb  os_core.o [1]
OS_SchedNew             0x08007015    0x20  Code  Lc  os_core.o [1]
OS_TCBInit              0x08007069   0x16c  Code  Gb  os_core.o [1]
OS_TaskIdle             0x08007041    0x1c  Code  Gb  os_core.o [1]
OS_TaskStkClr           0x0800a321    0x1e  Code  Gb  os_task.o [1]
Out0_Process            0x080055ad    0x4c  Code  Gb  usb_core.o [1]
PCUsart_Init            0x0800ceb9    0x10  Code  Gb  PCUsart.o [1]
PMAToUserBufferCopy     0x0800d7b7    0x22  Code  Gb  usb_mem.o [1]
PVD_IRQHandler          0x08009bf1     0x2  Code  Gb  stm32f10x_it.o [1]
PWR_EnterSTOPMode       0x0800db15    0x32  Code  Gb  stm32f10x_pwr.o [1]
Page00_Inquiry_Data     0x20004b40     0x8  Data  Gb  scsi_data.o [1]
Post0_Process           0x080055f9    0x4c  Code  Gb  usb_core.o [1]
ProtocolValue           0x20004c14     0x4  Data  Gb  usb_prop.o [1]
RCC_AHBPeriphClockCmd   0x08009a35    0x24  Code  Gb  stm32f10x_rcc.o [1]
RCC_APB1PeriphClockCmd  0x08009a7d    0x24  Code  Gb  stm32f10x_rcc.o [1]
RCC_APB2PeriphClockCmd  0x08009a59    0x24  Code  Gb  stm32f10x_rcc.o [1]
RCC_Configuration       0x0800b7ed    0x8c  Code  Gb  main.o [1]
RCC_DeInit              0x080097dd    0x5c  Code  Gb  stm32f10x_rcc.o [1]
RCC_GetClocksFreq       0x08009951    0xe0  Code  Gb  stm32f10x_rcc.o [1]
RCC_GetFlagStatus       0x08009aa1    0x44  Code  Gb  stm32f10x_rcc.o [1]
RCC_GetSYSCLKSource     0x080098fd     0xa  Code  Gb  stm32f10x_rcc.o [1]
RCC_HCLKConfig          0x08009907    0x14  Code  Gb  stm32f10x_rcc.o [1]
RCC_HSEConfig           0x08009839    0x54  Code  Gb  stm32f10x_rcc.o [1]
RCC_IRQHandler          0x08009bf9     0x2  Code  Gb  stm32f10x_it.o [1]
RCC_PCLK1Config         0x0800991b    0x14  Code  Gb  stm32f10x_rcc.o [1]
RCC_PCLK2Config         0x0800992f    0x16  Code  Gb  stm32f10x_rcc.o [1]
RCC_PLLCmd              0x080098dd     0xc  Code  Gb  stm32f10x_rcc.o [1]
RCC_PLLConfig           0x080098c5    0x16  Code  Gb  stm32f10x_rcc.o [1]
RCC_SYSCLKConfig        0x080098e9    0x14  Code  Gb  stm32f10x_rcc.o [1]
RCC_USBCLKConfig        0x08009945     0xc  Code  Gb  stm32f10x_rcc.o [1]
RCC_WaitForHSEStartUp   0x0800988d    0x38  Code  Gb  stm32f10x_rcc.o [1]
RTCAlarm_IRQHandler     0x08009dcf     0x2  Code  Gb  stm32f10x_it.o [1]
RTC_IRQHandler          0x08009bf5     0x2  Code  Gb  stm32f10x_it.o [1]
ReadCapacity10_Data     0x20004b48     0x8  Data  Gb  scsi_data.o [1]
ReadFormatCapacity_Data
                        0x20004f54     0xc  Data  Gb  scsi_data.o [1]
ReadTerminalPara        0x0800bf0d    0x84  Code  Gb  Terminal_Para.o [1]
Read_Memory             0x0800acdd   0x108  Code  Gb  memory.o [1]
Region$$Table$$Base     0x0800de28           --   Gb  - Linker created -
Region$$Table$$Limit    0x0800de54           --   Gb  - Linker created -
SCSI_Address_Management
                        0x0800876b    0x7e  Code  Gb  usb_scsi.o [1]
SCSI_BlkLen             0x20004bfc     0x4  Data  Gb  usb_bot.o [1]
SCSI_Format_Cmd         0x08008701    0x2a  Code  Gb  usb_scsi.o [1]
SCSI_Inquiry_Cmd        0x080083b5    0x48  Code  Gb  usb_scsi.o [1]
SCSI_Invalid_Cmd        0x0800872b    0x40  Code  Gb  usb_scsi.o [1]
SCSI_LBA                0x20004bf8     0x4  Data  Gb  usb_bot.o [1]
SCSI_ModeSense10_Cmd    0x08008569    0x10  Code  Gb  usb_scsi.o [1]
SCSI_ModeSense6_Cmd     0x08008559    0x10  Code  Gb  usb_scsi.o [1]
SCSI_Read10_Cmd         0x080085b1    0x7c  Code  Gb  usb_scsi.o [1]
SCSI_ReadCapacity10_Cmd
                        0x080084a5    0xb4  Code  Gb  usb_scsi.o [1]
SCSI_ReadFormatCapacity_Cmd
                        0x080083fd    0xa8  Code  Gb  usb_scsi.o [1]
SCSI_RequestSense_Cmd   0x08008579    0x1e  Code  Gb  usb_scsi.o [1]
SCSI_Start_Stop_Unit_Cmd
                        0x080085a5     0xc  Code  Gb  usb_scsi.o [1]
SCSI_TestUnitReady_Cmd  0x080086cf    0x32  Code  Gb  usb_scsi.o [1]
SCSI_Verify10_Cmd       0x08008695    0x3a  Code  Gb  usb_scsi.o [1]
SCSI_Write10_Cmd        0x0800862d    0x64  Code  Gb  usb_scsi.o [1]
SDIO_IRQHandler         0x08009ddf     0x2  Code  Gb  stm32f10x_it.o [1]
SPI1_IRQHandler         0x08009d23     0x2  Code  Gb  stm32f10x_it.o [1]
SPI2_IRQHandler         0x08009d25     0x2  Code  Gb  stm32f10x_it.o [1]
SPI3_IRQHandler         0x08009de3     0x2  Code  Gb  stm32f10x_it.o [1]
SPI_Cmd                 0x0800d30b    0x1a  Code  Gb  stm32f10x_spi.o [1]
SPI_I2S_GetFlagStatus   0x0800d32d    0x1a  Code  Gb  stm32f10x_spi.o [1]
SPI_I2S_ReceiveData     0x0800d329     0x4  Code  Gb  stm32f10x_spi.o [1]
SPI_I2S_SendData        0x0800d325     0x4  Code  Gb  stm32f10x_spi.o [1]
SPI_Init                0x0800d2cd    0x3e  Code  Gb  stm32f10x_spi.o [1]
SVCHandler              0x08009bed     0x2  Code  Gb  stm32f10x_it.o [1]
SaveRState              0x20004c42     0x2  Data  Gb  usb_int.o [1]
SaveTState              0x20004c44     0x2  Data  Gb  usb_int.o [1]
SaveTerminalPara        0x0800bf91    0x78  Code  Gb  Terminal_Para.o [1]
Scsi_Sense_Data         0x20004f20    0x14  Data  Gb  scsi_data.o [1]
SendData_To_PC          0x0800c899    0x6c  Code  Gb  hw_config.o [1]
SetBTABLE               0x0800a341     0xe  Code  Gb  usb_regs.o [1]
SetDeviceAddress        0x08005645    0x50  Code  Gb  usb_core.o [1]
SetEPRxAddr             0x0800a4df    0x1e  Code  Gb  usb_regs.o [1]
SetEPRxCount            0x0800a547    0x44  Code  Gb  usb_regs.o [1]
SetEPRxStatus           0x0800a3a9    0x38  Code  Gb  usb_regs.o [1]
SetEPRxValid            0x0800a40d    0x2c  Code  Gb  usb_regs.o [1]
SetEPTxAddr             0x0800a4c1    0x1e  Code  Gb  usb_regs.o [1]
SetEPTxCount            0x0800a52d    0x1a  Code  Gb  usb_regs.o [1]
SetEPTxStatus           0x0800a36f    0x3a  Code  Gb  usb_regs.o [1]
SetEPTxValid            0x0800a3e1    0x2c  Code  Gb  usb_regs.o [1]
SetEPType               0x0800a34f    0x20  Code  Gb  usb_regs.o [1]
Set_CSW                 0x08008bb5    0x38  Code  Gb  usb_bot.o [1]
Set_Scsi_Sense_Data     0x08008597     0xa  Code  Gb  usb_scsi.o [1]
Set_USBClock            0x0800ce55    0x1c  Code  Lc  PCUsart.o [1]
Setup0_Process          0x080054a9    0x8c  Code  Gb  usb_core.o [1]
Standard_ClearFeature   0x08004cdd   0x158  Code  Gb  usb_core.o [1]
Standard_GetConfiguration
                        0x08004ab9    0x2a  Code  Gb  usb_core.o [1]
Standard_GetDescriptorData
                        0x08004f17    0x24  Code  Gb  usb_core.o [1]
Standard_GetInterface   0x08004b31    0x2a  Code  Gb  usb_core.o [1]
Standard_GetStatus      0x08004bdd   0x100  Code  Gb  usb_core.o [1]
Standard_Inquiry_Data   0x20004e20    0x24  Data  Gb  scsi_data.o [1]
Standard_Inquiry_Data2  0x20004e44    0x24  Data  Gb  scsi_data.o [1]
Standard_SetConfiguration
                        0x08004ae3    0x4e  Code  Gb  usb_core.o [1]
Standard_SetDeviceFeature
                        0x08004ef3    0x24  Code  Gb  usb_core.o [1]
Standard_SetEndPointFeature
                        0x08004e39    0xba  Code  Gb  usb_core.o [1]
Standard_SetInterface   0x08004b5b    0x82  Code  Gb  usb_core.o [1]
State_Machine_thread    0x080059ad   0x520  Code  Gb  app.o [1]
Status                  0x20004b8c     0x4  Data  Gb  mass_mal.o [1]
StatusInfo              0x20004c00     0x4  Data  Gb  usb_core.o [1]
String_Descriptor       0x20004e8c    0x20  Data  Gb  usb_prop.o [1]
TAMPER_IRQHandler       0x08009bf3     0x2  Code  Gb  stm32f10x_it.o [1]
TIM1_BRK_IRQHandler     0x08009ce9     0x2  Code  Gb  stm32f10x_it.o [1]
TIM1_CC_IRQHandler      0x08009cef     0x2  Code  Gb  stm32f10x_it.o [1]
TIM1_TRG_COM_IRQHandler
                        0x08009ced     0x2  Code  Gb  stm32f10x_it.o [1]
TIM1_UP_IRQHandler      0x08009ceb     0x2  Code  Gb  stm32f10x_it.o [1]
TIM2_IRQHandler         0x08009cf1     0x8  Code  Gb  stm32f10x_it.o [1]
TIM2_UpdateISRHandler   0x0800a9f9    0x9a  Code  Gb  TimeBase.o [1]
TIM3_IRQHandler         0x08009cf9    0x20  Code  Gb  stm32f10x_it.o [1]
TIM4_IRQHandler         0x08009d19     0x2  Code  Gb  stm32f10x_it.o [1]
TIM5_IRQHandler         0x08009de1     0x2  Code  Gb  stm32f10x_it.o [1]
TIM6_IRQHandler         0x08009de9     0x2  Code  Gb  stm32f10x_it.o [1]
TIM7_IRQHandler         0x08009deb     0x2  Code  Gb  stm32f10x_it.o [1]
TIM8_BRK_IRQHandler     0x08009dd3     0x2  Code  Gb  stm32f10x_it.o [1]
TIM8_CC_IRQHandler      0x08009dd9     0x2  Code  Gb  stm32f10x_it.o [1]
TIM8_TRG_COM_IRQHandler
                        0x08009dd7     0x2  Code  Gb  stm32f10x_it.o [1]
TIM8_UP_IRQHandler      0x08009dd5     0x2  Code  Gb  stm32f10x_it.o [1]
TIM_ClearFlag           0x0800becb     0x8  Code  Gb  stm32f10x_tim.o [1]
TIM_ClearITPendingBit   0x0800bf05     0x8  Code  Gb  stm32f10x_tim.o [1]
TIM_Cmd                 0x0800be97    0x1c  Code  Gb  stm32f10x_tim.o [1]
TIM_GetITStatus         0x0800bed3    0x32  Code  Gb  stm32f10x_tim.o [1]
TIM_ITConfig            0x0800beb3    0x18  Code  Gb  stm32f10x_tim.o [1]
TIM_OC1Init             0x0800bddf    0x76  Code  Gb  stm32f10x_tim.o [1]
TIM_OCStructInit        0x0800be75    0x22  Code  Gb  stm32f10x_tim.o [1]
TIM_TimeBaseInit        0x0800bda9    0x36  Code  Gb  stm32f10x_tim.o [1]
TIM_TimeBaseStructInit  0x0800be5d    0x18  Code  Gb  stm32f10x_tim.o [1]
TimeBase_Init           0x0800a87f    0x6e  Code  Gb  TimeBase.o [1]
TransferState           0x20004c50     0x1  Data  Gb  memory.o [1]
Transfer_Data_Request   0x08008b81    0x32  Code  Gb  usb_bot.o [1]
UART4_IRQHandler        0x08009de5     0x2  Code  Gb  stm32f10x_it.o [1]
UART5_IRQHandler        0x08009de7     0x2  Code  Gb  stm32f10x_it.o [1]
USART1_IRQHandler       0x08009d27     0x2  Code  Gb  stm32f10x_it.o [1]
USART2_IRQHandler       0x08009d29    0x74  Code  Gb  stm32f10x_it.o [1]
USART3_IRQHandler       0x08009d9d    0x30  Code  Gb  stm32f10x_it.o [1]
USART_ClearITPendingBit
                        0x0800b44d    0x18  Code  Gb  stm32f10x_usart.o [1]
USART_Cmd               0x0800b33d    0x1a  Code  Gb  stm32f10x_usart.o [1]
USART_DMACmd            0x0800b3a7    0x18  Code  Gb  stm32f10x_usart.o [1]
USART_GetFlagStatus     0x0800b3cf    0x1a  Code  Gb  stm32f10x_usart.o [1]
USART_GetITStatus       0x0800b3e9    0x64  Code  Gb  stm32f10x_usart.o [1]
USART_ITConfig          0x0800b357    0x50  Code  Gb  stm32f10x_usart.o [1]
USART_Init              0x0800b2a1    0x9c  Code  Gb  stm32f10x_usart.o [1]
USART_ReceiveData       0x0800b3c7     0x8  Code  Gb  stm32f10x_usart.o [1]
USART_SendData          0x0800b3bf     0x8  Code  Gb  stm32f10x_usart.o [1]
USBWakeUp_IRQHandler    0x08009dd1     0x2  Code  Gb  stm32f10x_it.o [1]
USB_APP_ClearFeature    0x08008115    0x1c  Code  Gb  usb_prop.o [1]
USB_APP_Data_Setup      0x08008141    0xd4  Code  Gb  usb_prop.o [1]
USB_APP_GetConfigDescriptor
                        0x080082c1    0x24  Code  Gb  usb_prop.o [1]
USB_APP_GetDeviceDescriptor
                        0x08008299    0x24  Code  Gb  usb_prop.o [1]
USB_APP_GetStringDescriptor
                        0x080082ed    0x28  Code  Gb  usb_prop.o [1]
USB_APP_Get_Interface_Setting
                        0x08008335    0x18  Code  Gb  usb_prop.o [1]
USB_APP_NoData_Setup    0x08008215    0x78  Code  Gb  usb_prop.o [1]
USB_APP_Reset           0x08007fa9   0x134  Code  Gb  usb_prop.o [1]
USB_APP_SetConfiguration
                        0x080080e5    0x30  Code  Gb  usb_prop.o [1]
USB_APP_SetDeviceAddress
                        0x08008131     0x8  Code  Gb  usb_prop.o [1]
USB_APP_Status_In       0x0800813d     0x2  Code  Gb  usb_prop.o [1]
USB_APP_Status_Out      0x0800813f     0x2  Code  Gb  usb_prop.o [1]
USB_APP_StringLangID    0x0800e420     0x4  Data  Gb  usb_desc.o [1]
USB_APP_StringProduct   0x0800deb4    0x20  Data  Gb  usb_desc.o [1]
USB_APP_StringSerial    0x20004ecc    0x1c  Data  Gb  usb_desc.o [1]
USB_APP_StringVendor    0x0800dd68    0x28  Data  Gb  usb_desc.o [1]
USB_APP_init            0x08007f69    0x40  Code  Gb  usb_prop.o [1]
USB_HP_CAN_TX_IRQHandler
                        0x08009caf     0x2  Code  Gb  stm32f10x_it.o [1]
USB_Init                0x0800da99    0x40  Code  Gb  usb_init.o [1]
USB_Interrupts_Config   0x0800ce71    0x48  Code  Lc  PCUsart.o [1]
USB_Istr                0x0800cf8d    0x9c  Code  Gb  usb_istr.o [1]
USB_LP_CAN_RX0_IRQHandler
                        0x08009cb1     0x8  Code  Gb  stm32f10x_it.o [1]
USB_PowerOn             0x0800db51    0x34  Code  Gb  usb_pwr.o [1]
USB_SIL_Read            0x0800d653    0x2c  Code  Gb  usb_sil.o [1]
USB_SIL_Write           0x0800d625    0x2e  Code  Gb  usb_sil.o [1]
Unconfigure_All         0x0800b879    0x1a  Code  Lc  main.o [1]
UsageFaultException     0x08009be9     0x2  Code  Gb  stm32f10x_it.o [1]
UsbKeyValue_Ascii_Tbl   0x0800b940   0x180  Data  Gb  basic_fun.o [1]
UserToPMABufferCopy     0x0800d789    0x2e  Code  Gb  usb_mem.o [1]
User_Standard_Requests  0x20004e68    0x24  Data  Gb  usb_prop.o [1]
WBTD_GPIO_config        0x080078a5   0x14c  Code  Lc  WBTDS01.o [1]
WBTD_NVIC_config        0x080079f1    0x72  Code  Lc  WBTDS01.o [1]
WBTD_Reset              0x08007c39    0x30  Code  Gb  WBTDS01.o [1]
WBTD_RxISRHandler       0x08007ae5    0xf8  Code  Gb  WBTDS01.o [1]
WBTD_got_notify_type    0x08007f2d    0x38  Code  Gb  WBTDS01.o [1]
WBTD_hid_send           0x08007e71    0x64  Code  Gb  WBTDS01.o [1]
WBTD_init               0x08007ed5    0x54  Code  Gb  WBTDS01.o [1]
WBTD_query_version      0x08007c6d    0xb0  Code  Gb  WBTDS01.o [1]
WBTD_reset_resVar       0x08007ac9    0x1a  Code  Lc  WBTDS01.o [1]
WBTD_set_autocon        0x08007da1    0x40  Code  Gb  WBTDS01.o [1]
WBTD_set_ioskeypad      0x08007e31    0x40  Code  Gb  WBTDS01.o [1]
WBTD_set_name           0x08007d1d    0x80  Code  Gb  WBTDS01.o [1]
WBTD_set_profile        0x08007de1    0x50  Code  Gb  WBTDS01.o [1]
WBTD_write_cmd          0x08007bdd    0x5c  Code  Lc  WBTDS01.o [1]
WWDG_IRQHandler         0x08009bef     0x2  Code  Gb  stm32f10x_it.o [1]
Write_Memory            0x0800ade5   0x120  Code  Gb  memory.o [1]
_EncodingSb_Mbtowc      0x0800d5ed    0x38  Code  Gb  xencoding_sb.o [3]
_EncodingSb_Wctomb      0x0800d5c9    0x1c  Code  Gb  xencoding_sb.o [3]
_Files                  0x20004eac    0x20  Data  Gb  xfiles.o [3]
_GenldDefault           0x0800482d   0x258  Code  Lc  xprintffull.o [3]
_IsdstStr               0x20004c84     0x4  Data  Gb  setlocale.o [3]
_LdtobDefault           0x08004409   0x404  Code  Lc  xprintffull.o [3]
_LitobDefault           0x080042f1   0x110  Code  Lc  xprintffull.o [3]
_LocaleC_lconv          0x0800d87c    0x48  Data  Gb  xlocale_c.o [3]
_LocaleEncoding         0x0800e189    0x10  Code  Gb  setlocale.o [3]
_LocaleReturnString     0x20004c94    0x50  Data  Lc  setlocale.o [3]
_Locale_LconvArray      0x20004c90     0x4  Data  Gb  setlocale.o [3]
_Locale_Profile         0x20004c60    0x1c  Data  Gb  setlocale.o [3]
_Locale_lconv           0x20004ce8    0x48  Data  Gb  localeconv.o [3]
_Mbtowc                 0x0800def5    0x20  Code  Gb  xmbtowc.o [3]
_Printf                 0x08003a69   0x5a8  Code  Gb  xprintffull.o [3]
_Prout                  0x0800e083    0x16  Code  Gb  xprout.o [3]
_PutcharsDefault        0x08004a85    0x32  Code  Lc  xprintffull.o [3]
_PutstrDefault          0x08004019   0x2cc  Code  Lc  xprintffull.o [3]
_TzoneStr               0x20004c7c     0x4  Data  Gb  setlocale.o [3]
_Wctomb                 0x0800dfa9    0x1a  Code  Gb  xwctomb.o [3]
__BASEPRICONFIG         0x0800d2b7          Code  Gb  cortexm3_macro.o [1]
__DMB                   0x0800d269          Code  Gb  cortexm3_macro.o [1]
__DSB                   0x0800d263          Code  Gb  cortexm3_macro.o [1]
__GetBASEPRI            0x0800d2bd          Code  Gb  cortexm3_macro.o [1]
__ISB                   0x0800d25d          Code  Gb  cortexm3_macro.o [1]
__MRS_CONTROL           0x0800d273          Code  Gb  cortexm3_macro.o [1]
__MRS_MSP               0x0800d28f          Code  Gb  cortexm3_macro.o [1]
__MRS_PSP               0x0800d283          Code  Gb  cortexm3_macro.o [1]
__MSR_CONTROL           0x0800d279          Code  Gb  cortexm3_macro.o [1]
__MSR_MSP               0x0800d295          Code  Gb  cortexm3_macro.o [1]
__MSR_PSP               0x0800d289          Code  Gb  cortexm3_macro.o [1]
__READ_FAULTMASK        0x0800d2b1          Code  Gb  cortexm3_macro.o [1]
__READ_PRIMASK          0x0800d2a3          Code  Gb  cortexm3_macro.o [1]
__RESETFAULTMASK        0x0800d2a9          Code  Gb  cortexm3_macro.o [1]
__RESETPRIMASK          0x0800d29b          Code  Gb  cortexm3_macro.o [1]
__REV_HalfWord          0x0800d2c3          Code  Gb  cortexm3_macro.o [1]
__REV_Word              0x0800d2c7          Code  Gb  cortexm3_macro.o [1]
__SETFAULTMASK          0x0800d2ad          Code  Gb  cortexm3_macro.o [1]
__SETPRIMASK            0x0800d29f          Code  Gb  cortexm3_macro.o [1]
__SEV                   0x0800d259          Code  Gb  cortexm3_macro.o [1]
__SVC                   0x0800d26f          Code  Gb  cortexm3_macro.o [1]
__WFE                   0x0800d255          Code  Gb  cortexm3_macro.o [1]
__WFI                   0x0800d251          Code  Gb  cortexm3_macro.o [1]
__aeabi_assert          0x0800d993    0x42  Code  Gb  xassert.o [3]
__aeabi_cdcmple         0x0800dc59          Code  Gb  DblCmpLe.o [4]
__aeabi_cdrcmple        0x0800dc89          Code  Gb  DblCmpGe.o [4]
__aeabi_d2iz            0x0800d731          Code  Gb  DblToI32.o [4]
__aeabi_d2uiz           0x0800d75d          Code  Gb  DblToI32.o [4]
__aeabi_dadd            0x0800c7b1          Code  Gb  DblAdd.o [4]
__aeabi_ddiv            0x08009df5          Code  Gb  DblDiv.o [4]
__aeabi_dmul            0x0800b611          Code  Gb  DblMul.o [4]
__aeabi_dsub            0x0800bac1          Code  Gb  DblSub.o [4]
__aeabi_i2d             0x0800dcb9          Code  Gb  I32ToDbl.o [4]
__aeabi_ldiv0           0x0800e425          Code  Gb  I64DivZer.o [4]
__aeabi_ldivmod         0x0800c049          Code  Gb  I64DivMod.o [4]
__aeabi_memcpy          0x0800d3c1          Code  Gb  ABImemcpy.o [4]
__aeabi_memcpy4         0x0800d3db          Code  Gb  ABImemcpy.o [4]
__aeabi_memcpy8         0x0800d3db          Code  Gb  ABImemcpy.o [4]
__aeabi_memset          0x0800d4a1          Code  Gb  ABImemset.o [4]
__aeabi_ui2d            0x0800dccd          Code  Gb  I32ToDbl.o [4]
__aeabi_uldivmod        0x0800c05d          Code  Gb  I64DivMod.o [4]
__call_dtors            0x0800d45d     0x4  Code  Gb  cppinit.o [3]
__cstart_call_dtors     0x0800e217          Code  Gb  cexit.o [4]
__cxa_atexit            0x0800d431    0x2c  Code  Gb  cppinit.o [3]
__cxa_finalize          0x0800d461    0x3c  Code  Gb  cppinit.o [3]
__data_Aldata           0x20004b50     0x8  Data  Gb  xxmemxmalloc.o [3]
__data_GetMemChunk      0x0800ddb9    0x28  Code  Gb  xgetmemchunk.o [3]
__dwrite                0x0800df53    0x1e  Code  Gb  dwrite.o [5]
__exit                  0x0800e161    0x14  Code  Gb  exit.o [5]
__iar_Dnorm             0x0800cbb1    0xb4  Code  Gb  xdnorm.o [3]
__iar_Dscale            0x0800c3a5   0x110  Code  Gb  xdscale.o [3]
__iar_EmptyStepPoint    0x0800d991     0x2  Code  Gb  xassert.o [3]
__iar_Locksyslock       0x0800d0e1    0x4c  Code  Gb  xsyslock.o [3]
__iar_Mbcurmax          0x0800e39d     0xa  Code  Gb  xmbcurmax.o [3]
__iar_Memchr            0x0800d6d9          Code  Gb  memchr.o [4]
__iar_Memset            0x0800d4a1          Code  Gb  ABImemset.o [4]
__iar_Memset_word       0x0800d4a9          Code  Gb  ABImemset.o [4]
__iar_Mtxdst            0x0800dc2f     0x6  Code  Gb  MtxWrapper.o [3]
__iar_Mtxinit           0x0800dc29     0x6  Code  Gb  MtxWrapper.o [3]
__iar_Mtxlock           0x0800dc35     0x4  Code  Gb  MtxWrapper.o [3]
__iar_Mtxunlock         0x0800dc43     0x6  Code  Gb  MtxWrapper.o [3]
__iar_ReportAssert      0x0800d1ed    0x64  Code  Gb  xreportassert.o [3]
__iar_Stderr            0x20004db0    0x40  Data  Gb  xfiles.o [3]
__iar_Stdin             0x20004d30    0x40  Data  Gb  xfiles.o [3]
__iar_Stdout            0x20004d70    0x40  Data  Gb  xfiles.o [3]
__iar_Strchr            0x0800e06d          Code  Gb  strchr.o [4]
__iar_Tls_setup__IsdstStr
                        0x20004c88     0x4  Data  Gb  setlocale.o [3]
__iar_Tls_setup__Locale_Profile
                        0x20004c8c     0x4  Data  Gb  setlocale.o [3]
__iar_Tls_setup__Locale_lconv
                        0x20004ce4     0x4  Data  Gb  localeconv.o [3]
__iar_Tls_setup__TzoneStr
                        0x20004c80     0x4  Data  Gb  setlocale.o [3]
__iar_Unlocksyslock     0x0800d12d    0x14  Code  Gb  xsyslock.o [3]
__iar_d2uiz             0x0800d767          Code  Gb  DblToI32.o [4]
__iar_dadd              0x0800c7c3          Code  Gb  DblAdd.o [4]
__iar_data_init2        0x0800df8d    0x1c  Code  Gb  data_init2.o [4]
__iar_dsub              0x0800bad3          Code  Gb  DblSub.o [4]
__iar_dsubStart         0x0800bae5          Code  Gb  DblSub.o [4]
__iar_packbits_init2    0x0800d029    0x8e  Code  Gb  packbits_init2.o [4]
__iar_program_start     0x0800e03d          Code  Gb  cmain.o [4]
__iar_sh_stdout         0x0800d7f1    0x3c  Code  Gb  iarwstd.o [5]
__iar_sh_stdout_close   0x0800d7dd    0x14  Code  Gb  iarwstd.o [5]
__iar_sh_stdout_handle  0x20004c38     0x4  Data  Lc  iarwstd.o [5]
__iar_sh_write          0x0800df15    0x20  Code  Gb  iarwrite.o [5]
__iar_strcmp            0x0800d9d5          Code  Gb  strcmp.o [4]
__iar_ui2d              0x0800dccf          Code  Gb  I32ToDbl.o [4]
__iar_zero_init2        0x0800dfc3    0x1a  Code  Gb  zero_init2.o [4]
__low_level_init        0x0800e427     0x4  Code  Gb  low_level_init.o [3]
__vector_table          0x08000000   0x140  Data  Gb  stm32f10x_vector.o [1]
__write                 0x0800e205    0x10  Code  Gb  write.o [5]
_exit                   0x0800e215          Code  Gb  cexit.o [4]
_main                   0x0800e04f          Code  Gb  cmain.o [4]
abort                   0x0800e409     0x8  Code  Gb  abort.o [3]
app_init                0x080058f9    0xb0  Code  Gb  app.o [1]
app_init_thread         0x08006041    0xec  Code  Gb  app.o [1]
app_startup             0x08006135    0x88  Code  Gb  app.o [1]
ascii_to_keyreport      0x0800cef1    0x98  Code  Gb  basic_fun.o [1]
bDeviceState            0x20004c20     0x4  Data  Gb  usb_pwr.o [1]
bIntPackSOF             0x20004c5d     0x1  Data  Gb  usb_istr.o [1]
barcode_cash            0x20002b80   0x4d0  Data  Lc  app.o [1]
barcode_hid_send        0x0800589d    0x5c  Code  Lc  app.o [1]
barcode_pool            0x2000499c    0x3c  Data  Lc  app.o [1]
batch_node              0x200047a0    0x6c  Data  Lc  app.o [1]
buffer                  0x20000df0  0x1000  Data  Lc  spi_flash.o [1]
calc_check_value        0x080023b9    0x1e  Code  Lc  record.o [1]
charge_detect_io_cnt    0x20004b80     0x4  Data  Gb  hw_platform.o [1]
charge_state_cnt        0x20004b78     0x4  Data  Lc  hw_platform.o [1]
check_fs                0x08000b3d    0x78  Code  Lc  ff.o [1]
check_vtimer_handle     0x0800a955    0x18  Code  Lc  TimeBase.o [1]
chk_chr                 0x08000185    0x14  Code  Lc  ff.o [1]
chk_mounted             0x08000bb5   0x2dc  Code  Gb  ff.o [1]
clear_log_file          0x08002593    0x56  Code  Gb  record.o [1]
clearlocks              0x0800d0b9    0x26  Code  Lc  xsyslock.o [3]
clust2sect              0x08000629    0x18  Code  Gb  ff.o [1]
count_in                0x20004c04     0x4  Data  Gb  usb_endp.o [1]
crc32                   0x0800dd91    0x28  Code  Gb  crc32.o [1]
crc32_tab               0x08009058   0x400  Data  Lc  crc32.o [1]
create_chain            0x08000575    0xb4  Code  Lc  ff.o [1]
create_name             0x08000911   0x180  Code  Lc  ff.o [1]
current_cache_block     0x20004bf4     0x4  Data  Lc  spi_flash.o [1]
current_led_state       0x20004c4c     0x1  Data  Lc  hw_platform.o [1]
current_node_offset     0x20004bdc     0x4  Data  Gb  record.o [1]
current_press_key       0x20004c4d     0x1  Data  Lc  keypad.o [1]
data_uart_init          0x0800cd15    0x7c  Code  Gb  data_uart.o [1]
del_one_node_recover    0x08003499   0x478  Code  Lc  record.o [1]
delay_ms                0x0800a865    0x1a  Code  Gb  TimeBase.o [1]
delay_us                0x0800a84d    0x18  Code  Gb  TimeBase.o [1]
delete_one_node         0x08002c65   0x53c  Code  Gb  record.o [1]
device_current_state    0x20004b70     0x4  Data  Gb  app.o [1]
dir                     0x20004a78    0x1c  Data  Gb  record.o [1]
dir_find                0x08000827    0x62  Code  Lc  ff.o [1]
dir_next                0x080006f1   0x136  Code  Lc  ff.o [1]
dir_register            0x08000889    0x88  Code  Lc  ff.o [1]
dir_seek                0x08000641    0xb0  Code  Lc  ff.o [1]
disk_initialize         0x0800cafd    0x12  Code  Gb  diskio.o [1]
disk_ioctl              0x0800cb77    0x3a  Code  Gb  diskio.o [1]
disk_read               0x0800cb25    0x34  Code  Gb  diskio.o [1]
disk_status             0x0800cb13    0x12  Code  Gb  diskio.o [1]
disk_write              0x0800cb59    0x1e  Code  Gb  diskio.o [1]
div                     0x0800e231     0xe  Code  Gb  div.o [3]
ebuf                    0x200048bc    0x50  Data  Lc  xfiles.o [3]
enter_into_BT_Mode      0x0800581b    0x50  Code  Lc  app.o [1]
enter_into_Memory_Mode  0x080057a1    0x10  Code  Lc  app.o [1]
enter_into_USB_HID_Mode
                        0x080057b3    0x5c  Code  Lc  app.o [1]
event_pool              0x20004a38    0x20  Data  Lc  app.o [1]
exit                    0x0800e411     0x6  Code  Gb  exit.o [3]
exit_from_BT_Mode       0x0800586b    0x30  Code  Lc  app.o [1]
exit_from_Memory_Mode   0x080057b1     0x2  Code  Lc  app.o [1]
exit_from_USB_HID_Mode  0x0800580f     0xc  Code  Lc  app.o [1]
f_close                 0x08001569    0x18  Code  Gb  ff.o [1]
f_lseek                 0x08001581   0x1de  Code  Gb  ff.o [1]
f_mkdir                 0x08001881   0x1e4  Code  Gb  ff.o [1]
f_mkfs                  0x08001a65   0x6b8  Code  Gb  ff.o [1]
f_mount                 0x08000ebd    0x34  Code  Gb  ff.o [1]
f_open                  0x08000ef1   0x1b0  Code  Gb  ff.o [1]
f_opendir               0x0800175f    0x76  Code  Gb  ff.o [1]
f_read                  0x080010a1   0x1ea  Code  Gb  ff.o [1]
f_sync                  0x080014ad    0xbc  Code  Gb  ff.o [1]
f_truncate              0x080017d5    0xac  Code  Gb  ff.o [1]
f_write                 0x0800128b   0x222  Code  Gb  ff.o [1]
fflush                  0x0800ccd9    0x3c  Code  Gb  fflush.o [3]
fflushOne               0x0800cc65    0x74  Code  Lc  fflush.o [3]
file1                   0x2000361c   0x224  Data  Gb  Terminal_Para.o [1]
file2                   0x20003840   0x224  Data  Gb  record.o [1]
file3                   0x20003a64   0x224  Data  Gb  record.o [1]
flash_state             0x20004c59     0x1  Data  Lc  spi_flash.o [1]
flasize                 0x20004bf0     0x4  Data  Gb  spi_flash.o [1]
follow_path             0x08000a91    0xa8  Code  Lc  ff.o [1]
fputc                   0x0800cd91    0x20  Code  Gb  data_uart.o [1]
free                    0x0800d145    0x88  Code  Gb  xxmemxfree.o [3]
fs                      0x200033ec   0x230  Data  Gb  record.o [1]
g_mass_storage_device_type
                        0x20004c48     0x1  Data  Gb  PCUsart.o [1]
g_pReqCmd               0x20004b58     0x4  Data  Gb  HJ5000_scanner.o [1]
g_param                 0x200049f8    0x20  Data  Gb  Terminal_Para.o [1]
g_rec_offset            0x20004be0     0x4  Data  Gb  record.o [1]
g_receive_buff          0x20004630    0x80  Data  Gb  HJ5000_scanner.o [1]
g_resCmd                0x20004af8     0xc  Data  Gb  HJ5000_scanner.o [1]
g_send_buff             0x200049d8    0x20  Data  Gb  HJ5000_scanner.o [1]
g_usb_type              0x20004c4b     0x1  Data  Gb  hw_config.o [1]
get_fat                 0x080002e3    0xfe  Code  Gb  ff.o [1]
get_fattime             0x0800cb0f     0x4  Code  Gb  diskio.o [1]
get_node                0x08002ba1    0xb4  Code  Gb  record.o [1]
get_spi_flash_capacity  0x0800775d     0x8  Code  Gb  spi_flash.o [1]
hard_fault_handler_c    0x08009af9    0xe4  Code  Gb  stm32f10x_it.o [1]
hw_platform_ChargeState_Detect
                        0x08006459    0x38  Code  Gb  hw_platform.o [1]
hw_platform_USBcable_Insert_Detect
                        0x08006499    0x30  Code  Gb  hw_platform.o [1]
hw_platform_beep_ctrl   0x0800653f    0x50  Code  Gb  hw_platform.o [1]
hw_platform_beep_motor_ctrl
                        0x0800658f    0x60  Code  Gb  hw_platform.o [1]
hw_platform_get_PowerClass
                        0x080063dd    0x76  Code  Gb  hw_platform.o [1]
hw_platform_init        0x080063c9    0x14  Code  Gb  hw_platform.o [1]
hw_platform_led_ctrl    0x080064c9    0x76  Code  Gb  hw_platform.o [1]
hw_platform_start_led_blink
                        0x08006689   0x228  Code  Gb  hw_platform.o [1]
hw_platform_stop_led_blink
                        0x080068b1   0x106  Code  Gb  hw_platform.o [1]
hw_platform_trip_io     0x080069c9    0x18  Code  Gb  hw_platform.o [1]
id_array                0x0800da18    0x40  Data  Gb  spi_flash.o [1]
init_data_info_file     0x08002189    0x64  Code  Lc  record.o [1]
init_hash_table_file    0x0800211d    0x6a  Code  Lc  record.o [1]
keyboard_output_report_value
                        0x20004c1c     0x4  Data  Gb  usb_prop.o [1]
keypad_state            0x20004c4e     0x1  Data  Lc  keypad.o [1]
keypress_timeout        0x20004b74     0x4  Data  Gb  app.o [1]
last_charge_detect_io_cnt
                        0x20004b7c     0x4  Data  Lc  hw_platform.o [1]
led_blue_blink_timer_hook
                        0x0800661d    0x24  Code  Lc  hw_platform.o [1]
led_green_blink_timer_hook
                        0x08006641    0x24  Code  Lc  hw_platform.o [1]
led_red_blink_timer_hook
                        0x080065f9    0x24  Code  Lc  hw_platform.o [1]
led_timer_h             0x20004ad8    0x10  Data  Lc  hw_platform.o [1]
led_yellow_blink_timer_hook
                        0x08006665    0x24  Code  Lc  hw_platform.o [1]
localeconv              0x0800e175    0x14  Code  Gb  localeconv.o [3]
log_len                 0x20004bec     0x4  Data  Lc  record.o [1]
lowpower_cnt            0x20004c4a     0x1  Data  Lc  app.o [1]
lowpower_state          0x20004c49     0x1  Data  Lc  app.o [1]
lowpower_tip            0x08005ff9    0x46  Code  Gb  app.o [1]
main                    0x0800b7b5    0x38  Code  Gb  main.o [1]
malloc                  0x0800ca41    0xbc  Code  Gb  xxmemxmalloc.o [3]
mem_cmp                 0x08000165    0x20  Code  Lc  ff.o [1]
mem_cpy                 0x08000141    0x14  Code  Lc  ff.o [1]
mem_set                 0x08000155    0x10  Code  Lc  ff.o [1]
memchr                  0x0800d6d9          Code  Gb  memchr.o [4]
memcmp                  0x0800d509          Code  Gb  memcmp.o [4]
memcpy                  0x0800e223     0xe  Code  Wk  HJ5000_scanner.o [1]
memset                  0x0800e19d    0x14  Code  Wk  HJ5000_scanner.o [1]
move_window             0x08000199    0x74  Code  Lc  ff.o [1]
mtx                     0x20004ac8    0x10  Data  Lc  xsyslock.o [3]
mtxdst                  0x20004c2c     0x4  Data  Lc  MtxWrapper.o [3]
mtxinit                 0x20004c28     0x4  Data  Lc  MtxWrapper.o [3]
mtxlock                 0x20004c30     0x4  Data  Lc  MtxWrapper.o [3]
mtxunlock               0x20004c34     0x4  Data  Lc  MtxWrapper.o [3]
next_abi_dtor_rec       0x20004f80     0x4  Data  Lc  cppinit.o [3]
next_node_offset        0x20004be8     0x4  Data  Lc  record.o [1]
obuf                    0x2000490c    0x50  Data  Lc  xfiles.o [3]
out                     0x0800d1cd    0x20  Code  Lc  xreportassert.o [3]
pBarcode_Queue          0x20004b64     0x4  Data  Lc  app.o [1]
pEpInt_IN               0x20004ee8    0x1c  Data  Gb  usb_istr.o [1]
pEpInt_OUT              0x20004f04    0x1c  Data  Gb  usb_istr.o [1]
pEvent_Queue            0x20004b68     0x4  Data  Gb  app.o [1]
pIOSem                  0x20004b6c     0x4  Data  Lc  app.o [1]
pInformation            0x20004c08     0x4  Data  Gb  usb_init.o [1]
pProperty               0x20004c0c     0x4  Data  Gb  usb_init.o [1]
pUser_Standard_Requests
                        0x20004c10     0x4  Data  Gb  usb_init.o [1]
p_allocate_addr         0x20004288   0x190  Data  Lc  JMemory.o [1]
p_init_thread_stk       0x20004b60     0x4  Data  Lc  app.o [1]
pack_ctrl_command       0x080095cf    0x84  Code  Lc  HJ5000_scanner.o [1]
pack_set_command        0x08009575    0x5a  Code  Lc  HJ5000_scanner.o [1]
platform_misc_port_init
                        0x0800626b   0x15e  Code  Lc  hw_platform.o [1]
press_cnt               0x20004b84     0x4  Data  Lc  keypad.o [1]
prev_node_offset        0x20004be4     0x4  Data  Lc  record.o [1]
printf                  0x0800ded5    0x20  Code  Gb  printf.o [3]
pull_barcode_from_cash  0x08005735    0x6c  Code  Gb  app.o [1]
push_barcode_into_cash  0x080056c3    0x72  Code  Gb  app.o [1]
put_fat                 0x080003e1   0x124  Code  Gb  ff.o [1]
putchar                 0x0800e391     0xc  Code  Gb  putchar.o [3]
rec_module_buffer       0x20004730    0x70  Data  Gb  record.o [1]
rec_search              0x08002a85    0xf2  Code  Lc  record.o [1]
rec_searchby_tag        0x08002b81    0x1c  Code  Gb  record.o [1]
record_add              0x080025f1   0x324  Code  Gb  record.o [1]
record_add_recover      0x08003335    0xec  Code  Lc  record.o [1]
record_clear            0x080029a5    0xd8  Code  Gb  record.o [1]
record_clear_recover    0x08003421    0x78  Code  Gb  record.o [1]
record_module_count     0x08002915    0x90  Code  Gb  record.o [1]
record_module_init      0x080021ed   0x10c  Code  Gb  record.o [1]
record_module_read      0x080022fd    0xbc  Code  Gb  record.o [1]
record_recover          0x08003911    0x92  Code  Lc  record.o [1]
recover_hash_table_modify
                        0x080031a1   0x194  Code  Lc  record.o [1]
recover_record_by_logfile
                        0x080039a5    0xc4  Code  Gb  record.o [1]
release_cnt             0x20004b88     0x4  Data  Lc  keypad.o [1]
remove_chain            0x08000505    0x70  Code  Lc  ff.o [1]
reset_resVar            0x08009517    0x14  Code  Lc  HJ5000_scanner.o [1]
reset_timer             0x0800a96d    0x28  Code  Gb  TimeBase.o [1]
save_log_file           0x0800247d   0x116  Code  Lc  record.o [1]
scan_barcode_ok_tip     0x08005699    0x2a  Code  Lc  app.o [1]
scanner_get_barcode     0x08009741    0x94  Code  Gb  HJ5000_scanner.o [1]
scanner_mod_init        0x08009655    0x6c  Code  Gb  HJ5000_scanner.o [1]
send_data_to_WBTDS01    0x08007a65    0x5c  Code  Lc  WBTDS01.o [1]
send_data_to_scanner    0x0800952b    0x38  Code  Lc  HJ5000_scanner.o [1]
spi_flash_erasesector   0x0800732d    0x4c  Code  Gb  spi_flash.o [1]
spi_flash_init          0x080071dd   0x14c  Code  Gb  spi_flash.o [1]
spi_flash_page_write    0x080073ff    0x64  Code  Gb  spi_flash.o [1]
spi_flash_post_write    0x08007765    0x6c  Code  Gb  spi_flash.o [1]
spi_flash_raddr         0x08007629    0x5e  Code  Gb  spi_flash.o [1]
spi_flash_rpage         0x08007379    0x86  Code  Gb  spi_flash.o [1]
spi_flash_send_byte     0x08007687    0x48  Code  Gb  spi_flash.o [1]
spi_flash_waddr         0x08007463   0x1c6  Code  Gb  spi_flash.o [1]
spi_flash_wait_for_write_end
                        0x080076f3    0x64  Code  Gb  spi_flash.o [1]
spi_flash_write         0x080077d1    0xc6  Code  Gb  spi_flash.o [1]
spi_flash_write_enable  0x080076d5    0x1e  Code  Gb  spi_flash.o [1]
start_timer             0x0800a8ed    0x68  Code  Gb  TimeBase.o [1]
stop_timer              0x0800a995    0x64  Code  Gb  TimeBase.o [1]
strcat                  0x0800df35    0x1e  Code  Wk  strcat.o [3]
strchr                  0x0800e06d          Code  Gb  strchr.o [4]
strcmp                  0x0800d9d5          Code  Gb  strcmp.o [4]
strcpy                  0x0800d94d          Code  Gb  strcpy.o [4]
strlen                  0x0800db8d          Code  Gb  strlen.o [4]
sync                    0x0800020d    0xd6  Code  Lc  ff.o [1]
syslock_o               0x20004ac4     0x4  Data  Lc  xsyslock.o [3]
system_err_tip          0x0800603f     0x2  Code  Gb  app.o [1]
thread_bt_stk           0x20003e88   0x200  Data  Lc  app.o [1]
thread_eventcapture_stk
                        0x20003c88   0x200  Data  Lc  app.o [1]
thread_statemachine_stk
                        0x200025f0   0x590  Data  Lc  app.o [1]
update_link_info_after_addNode
                        0x080023d7    0xa6  Code  Lc  record.o [1]
usb_device_init         0x0800cec9    0x28  Code  Gb  PCUsart.o [1]
v_timer_list            0x20004b10     0x8  Data  Gb  TimeBase.o [1]
validate                0x08000e91    0x2c  Code  Lc  ff.o [1]
wInterrupt_Mask         0x20004c40     0x2  Data  Gb  usb_init.o [1]
wIstr                   0x20004c46     0x2  Data  Gb  usb_istr.o [1]
wait_time_out           0x20004b5c     0x4  Data  Lc  HJ5000_scanner.o [1]
wbtd_recbuffer          0x200046b0    0x80  Data  Gb  WBTDS01.o [1]
wbtd_res                0x20004b04     0xc  Data  Gb  WBTDS01.o [1]
wbtd_send_buff          0x20004a18    0x20  Data  Lc  WBTDS01.o [1]
write_cmd_to_scanner    0x08009569     0xc  Code  Lc  HJ5000_scanner.o [1]


[1] = E:\H520B\FW\src\Project\EWARMv5\Debug\Obj
[2] = command line
[3] = dl7M_tl_if.a
[4] = rt7M_tl.a
[5] = shb_l.a

  54 794 bytes of readonly  code memory
   4 248 bytes of readonly  data memory
  20 338 bytes of readwrite data memory

Errors: none
Warnings: none
