###############################################################################
#                                                                             #
# IAR ELF Linker V5.30.0.51174/W32 for ARM              23/Jan/2016  16:23:12 #
# Copyright 2007-2009 IAR Systems AB.                                         #
#                                                                             #
#    Output file  =  E:\H520B\FW\src\Project\EWARMv5\Debug\Exe\T6.out         #
#    Map file     =  E:\H520B\FW\src\Project\EWARMv5\Debug\List\T6.map        #
#    Command line =  E:\H520B\FW\src\Project\EWARMv5\Debug\Obj\BT816.o        #
#                    E:\H520B\FW\src\Project\EWARMv5\Debug\Obj\HJ5000_scanner #
#                    .o E:\H520B\FW\src\Project\EWARMv5\Debug\Obj\JMemory.o   #
#                    E:\H520B\FW\src\Project\EWARMv5\Debug\Obj\PCUsart.o      #
#                    E:\H520B\FW\src\Project\EWARMv5\Debug\Obj\Terminal_Para_ #
#                    m.o E:\H520B\FW\src\Project\EWARMv5\Debug\Obj\TimeBase.o #
#                     E:\H520B\FW\src\Project\EWARMv5\Debug\Obj\app.o         #
#                    E:\H520B\FW\src\Project\EWARMv5\Debug\Obj\basic_fun.o    #
#                    E:\H520B\FW\src\Project\EWARMv5\Debug\Obj\cortexm3_macro #
#                    .o E:\H520B\FW\src\Project\EWARMv5\Debug\Obj\cpu_a.o     #
#                    E:\H520B\FW\src\Project\EWARMv5\Debug\Obj\cpu_c.o        #
#                    E:\H520B\FW\src\Project\EWARMv5\Debug\Obj\crc32.o        #
#                    E:\H520B\FW\src\Project\EWARMv5\Debug\Obj\data_uart.o    #
#                    E:\H520B\FW\src\Project\EWARMv5\Debug\Obj\diskio.o       #
#                    E:\H520B\FW\src\Project\EWARMv5\Debug\Obj\ff.o           #
#                    E:\H520B\FW\src\Project\EWARMv5\Debug\Obj\hardfault_isr_ #
#                    handle_a.o E:\H520B\FW\src\Project\EWARMv5\Debug\Obj\has #
#                    h.o E:\H520B\FW\src\Project\EWARMv5\Debug\Obj\hw_config. #
#                    o E:\H520B\FW\src\Project\EWARMv5\Debug\Obj\hw_platform. #
#                    o E:\H520B\FW\src\Project\EWARMv5\Debug\Obj\keypad.o     #
#                    E:\H520B\FW\src\Project\EWARMv5\Debug\Obj\lib_ascii.o    #
#                    E:\H520B\FW\src\Project\EWARMv5\Debug\Obj\lib_mem.o      #
#                    E:\H520B\FW\src\Project\EWARMv5\Debug\Obj\lib_str.o      #
#                    E:\H520B\FW\src\Project\EWARMv5\Debug\Obj\main.o         #
#                    E:\H520B\FW\src\Project\EWARMv5\Debug\Obj\mass_mal.o     #
#                    E:\H520B\FW\src\Project\EWARMv5\Debug\Obj\memory.o       #
#                    E:\H520B\FW\src\Project\EWARMv5\Debug\Obj\os_core.o      #
#                    E:\H520B\FW\src\Project\EWARMv5\Debug\Obj\os_cpu_a.o     #
#                    E:\H520B\FW\src\Project\EWARMv5\Debug\Obj\os_cpu_c.o     #
#                    E:\H520B\FW\src\Project\EWARMv5\Debug\Obj\os_dbg.o       #
#                    E:\H520B\FW\src\Project\EWARMv5\Debug\Obj\os_flag.o      #
#                    E:\H520B\FW\src\Project\EWARMv5\Debug\Obj\os_mbox.o      #
#                    E:\H520B\FW\src\Project\EWARMv5\Debug\Obj\os_mem.o       #
#                    E:\H520B\FW\src\Project\EWARMv5\Debug\Obj\os_mutex.o     #
#                    E:\H520B\FW\src\Project\EWARMv5\Debug\Obj\os_probe.o     #
#                    E:\H520B\FW\src\Project\EWARMv5\Debug\Obj\os_q.o         #
#                    E:\H520B\FW\src\Project\EWARMv5\Debug\Obj\os_sem.o       #
#                    E:\H520B\FW\src\Project\EWARMv5\Debug\Obj\os_task.o      #
#                    E:\H520B\FW\src\Project\EWARMv5\Debug\Obj\os_time.o      #
#                    E:\H520B\FW\src\Project\EWARMv5\Debug\Obj\os_tmr.o       #
#                    E:\H520B\FW\src\Project\EWARMv5\Debug\Obj\rec_ecc.o      #
#                    E:\H520B\FW\src\Project\EWARMv5\Debug\Obj\record_m.o     #
#                    E:\H520B\FW\src\Project\EWARMv5\Debug\Obj\record_mod.o   #
#                    E:\H520B\FW\src\Project\EWARMv5\Debug\Obj\scsi_data.o    #
#                    E:\H520B\FW\src\Project\EWARMv5\Debug\Obj\spi_flash.o    #
#                    E:\H520B\FW\src\Project\EWARMv5\Debug\Obj\stm32f10x_adc. #
#                    o E:\H520B\FW\src\Project\EWARMv5\Debug\Obj\stm32f10x_bk #
#                    p.o E:\H520B\FW\src\Project\EWARMv5\Debug\Obj\stm32f10x_ #
#                    crc.o E:\H520B\FW\src\Project\EWARMv5\Debug\Obj\stm32f10 #
#                    x_dbgmcu.o E:\H520B\FW\src\Project\EWARMv5\Debug\Obj\stm #
#                    32f10x_dma.o E:\H520B\FW\src\Project\EWARMv5\Debug\Obj\s #
#                    tm32f10x_exti.o E:\H520B\FW\src\Project\EWARMv5\Debug\Ob #
#                    j\stm32f10x_flash.o E:\H520B\FW\src\Project\EWARMv5\Debu #
#                    g\Obj\stm32f10x_fsmc.o E:\H520B\FW\src\Project\EWARMv5\D #
#                    ebug\Obj\stm32f10x_gpio.o E:\H520B\FW\src\Project\EWARMv #
#                    5\Debug\Obj\stm32f10x_i2c.o                              #
#                    E:\H520B\FW\src\Project\EWARMv5\Debug\Obj\stm32f10x_it.o #
#                     E:\H520B\FW\src\Project\EWARMv5\Debug\Obj\stm32f10x_iwd #
#                    g.o E:\H520B\FW\src\Project\EWARMv5\Debug\Obj\stm32f10x_ #
#                    lib.o E:\H520B\FW\src\Project\EWARMv5\Debug\Obj\stm32f10 #
#                    x_nvic.o E:\H520B\FW\src\Project\EWARMv5\Debug\Obj\stm32 #
#                    f10x_pwr.o E:\H520B\FW\src\Project\EWARMv5\Debug\Obj\stm #
#                    32f10x_rcc.o E:\H520B\FW\src\Project\EWARMv5\Debug\Obj\s #
#                    tm32f10x_rtc.o E:\H520B\FW\src\Project\EWARMv5\Debug\Obj #
#                    \stm32f10x_spi.o E:\H520B\FW\src\Project\EWARMv5\Debug\O #
#                    bj\stm32f10x_systick.o E:\H520B\FW\src\Project\EWARMv5\D #
#                    ebug\Obj\stm32f10x_tim.o E:\H520B\FW\src\Project\EWARMv5 #
#                    \Debug\Obj\stm32f10x_usart.o                             #
#                    E:\H520B\FW\src\Project\EWARMv5\Debug\Obj\stm32f10x_vect #
#                    or.o E:\H520B\FW\src\Project\EWARMv5\Debug\Obj\usb_bot.o #
#                     E:\H520B\FW\src\Project\EWARMv5\Debug\Obj\usb_core.o    #
#                    E:\H520B\FW\src\Project\EWARMv5\Debug\Obj\usb_desc.o     #
#                    E:\H520B\FW\src\Project\EWARMv5\Debug\Obj\usb_endp.o     #
#                    E:\H520B\FW\src\Project\EWARMv5\Debug\Obj\usb_init.o     #
#                    E:\H520B\FW\src\Project\EWARMv5\Debug\Obj\usb_int.o      #
#                    E:\H520B\FW\src\Project\EWARMv5\Debug\Obj\usb_istr.o     #
#                    E:\H520B\FW\src\Project\EWARMv5\Debug\Obj\usb_mem.o      #
#                    E:\H520B\FW\src\Project\EWARMv5\Debug\Obj\usb_prop.o     #
#                    E:\H520B\FW\src\Project\EWARMv5\Debug\Obj\usb_pwr.o      #
#                    E:\H520B\FW\src\Project\EWARMv5\Debug\Obj\usb_regs.o     #
#                    E:\H520B\FW\src\Project\EWARMv5\Debug\Obj\usb_scsi.o     #
#                    E:\H520B\FW\src\Project\EWARMv5\Debug\Obj\usb_sil.o -o   #
#                    E:\H520B\FW\src\Project\EWARMv5\Debug\Exe\T6.out --map   #
#                    E:\H520B\FW\src\Project\EWARMv5\Debug\List\T6.map        #
#                    --config E:\H520B\FW\src\Project\EWARMv5\stm32f10x_debug #
#                    .icf --semihosting --entry __iar_program_start           #
#                                                                             #
#                                                                             #
###############################################################################

*******************************************************************************
*** RUNTIME MODEL ATTRIBUTES
***

__endian      = little
__thumb_aware = enabled


*******************************************************************************
*** PLACEMENT SUMMARY
***

"A1":  place at mem:0x8000000 { ro section .intvec };
"P1":  place in [from mem:0x8000000 to mem:0x800ffff] { ro };
"P3":  place in [from mem:0x20000010 to mem:0x20005000] {
          rw, block CSTACK, block HEAP };

  Section            Kind        Address    Size  Object
  -------            ----        -------    ----  ------
"A1":                                      0x140
  .intvec            const    0x08000000   0x140  stm32f10x_vector.o [1]
                            - 0x08000140   0x140

"P1":                                     0xd65e
  .text              ro code  0x08000140  0x1ace  record_mod.o [1]
  .text              ro code  0x08001c10  0x104e  xprintffull.o [3]
  .text              ro code  0x08002c60   0xbde  usb_core.o [1]
  .text              ro code  0x08003840   0xb8c  app.o [1]
  .text              ro code  0x080043cc   0x9fc  BT816.o [1]
  .text              ro code  0x08004dc8   0x7f8  os_core.o [1]
  .text              ro code  0x080055c0   0x7e8  hw_platform.o [1]
  .text              ro code  0x08005da8   0x714  spi_flash.o [1]
  .text              ro code  0x080064bc   0x4d4  record_m.o [1]
  .text              ro code  0x08006990   0x498  rec_ecc.o [1]
  .text              ro code  0x08006e28   0x44c  usb_prop.o [1]
  .text              ro code  0x08007274   0x440  usb_scsi.o [1]
  .text              ro code  0x080076b4   0x43c  usb_bot.o [1]
  .text              ro code  0x08007af0   0x428  keypad.o [1]
  .rodata            const    0x08007f18   0x400  crc32.o [1]
  .text              ro code  0x08008318   0x388  HJ5000_scanner.o [1]
  .text              ro code  0x080086a0   0x318  stm32f10x_rcc.o [1]
  .text              ro code  0x080089b8   0x304  stm32f10x_it.o [1]
  .text              ro code  0x08008cbc   0x2bc  DblDiv.o [4]
  .text              ro code  0x08008f78   0x28e  os_task.o [1]
  .text              ro code  0x08009208   0x28c  usb_regs.o [1]
  .text              ro code  0x08009494   0x280  TimeBase.o [1]
  .text              ro code  0x08009714   0x280  os_q.o [1]
  .text              ro code  0x08009994   0x244  usb_int.o [1]
  .text              ro code  0x08009bd8   0x23c  memory.o [1]
  .text              ro code  0x08009e14   0x1c4  stm32f10x_dma.o [1]
  .text              ro code  0x08009fd8   0x1c4  stm32f10x_gpio.o [1]
  .text              ro code  0x0800a19c   0x1c4  stm32f10x_usart.o [1]
  .text              ro code  0x0800a360   0x1b6  main.o [1]
  .text              ro code  0x0800a518   0x1aa  stm32f10x_adc.o [1]
  .text              ro code  0x0800a6c4   0x1a2  DblMul.o [4]
  .rodata            const    0x0800a868   0x180  basic_fun.o [1]
  .text              ro code  0x0800a9e8   0x17e  DblSub.o [4]
  .text              ro code  0x0800ab68   0x168  os_dbg.o [1]
  .text              ro code  0x0800acd0   0x164  stm32f10x_tim.o [1]
  .text              ro code  0x0800ae34   0x148  basic_fun.o [1]
  .text              ro code  0x0800af7c   0x130  I64DivMod.o [4]
  .text              ro code  0x0800b0ac   0x124  mass_mal.o [1]
  .text              ro code  0x0800b1d0   0x11c  os_time.o [1]
  .text              ro code  0x0800b2ec   0x110  xdscale.o [3]
  .text              ro code  0x0800b3fc   0x10c  os_cpu_c.o [1]
  .rodata            const    0x0800b508   0x100  os_core.o [1]
  .rodata            const    0x0800b608   0x100  rec_ecc.o [1]
  .rodata            const    0x0800b708   0x100  rec_ecc.o [1]
  .rodata            const    0x0800b808   0x100  rec_ecc.o [1]
  .text              ro code  0x0800b908    0xf0  stm32f10x_exti.o [1]
  .text              ro code  0x0800b9f8    0xe6  DblAdd.o [4]
  .text              ro code  0x0800bae0    0xe4  Terminal_Para_m.o [1]
  .text              ro code  0x0800bbc4    0xd8  hw_config.o [1]
  .text              ro code  0x0800bc9c    0xd0  stm32f10x_nvic.o [1]
  .text              ro code  0x0800bd6c    0xbc  xxmemxmalloc.o [3]
  .text              ro code  0x0800be28    0xb4  xdnorm.o [3]
  .text              ro code  0x0800bedc    0xb0  fflush.o [3]
  .text              ro code  0x0800bf8c    0xa0  data_uart.o [1]
  CODE               ro code  0x0800c02c    0xa0  os_cpu_a.o [1]
  .text              ro code  0x0800c0cc    0x9c  PCUsart.o [1]
  .text              ro code  0x0800c168    0x9c  usb_istr.o [1]
  .text              ro code  0x0800c204    0x8e  packbits_init2.o [4]
  .text              ro code  0x0800c294    0x8c  xsyslock.o [3]
  .text              ro code  0x0800c320    0x88  xxmemxfree.o [3]
  .text              ro code  0x0800c3a8    0x84  xreportassert.o [3]
  .text              ro code  0x0800c42c    0x7a  cortexm3_macro.o [1]
  .text              ro code  0x0800c4a8    0x7a  stm32f10x_spi.o [1]
  .text              ro code  0x0800c524    0x76  os_flag.o [1]
  .text              ro code  0x0800c59c    0x70  ABImemcpy.o [4]
  .text              ro code  0x0800c60c    0x70  cppinit.o [3]
  .text              ro code  0x0800c67c    0x66  ABImemset.o [4]
  .text              ro code  0x0800c6e4    0x62  memcmp.o [4]
  .text              ro code  0x0800c748    0x5c  JMemory.o [1]
  .text              ro code  0x0800c7a4    0x5c  xencoding_sb.o [3]
  .text              ro code  0x0800c800    0x5a  usb_sil.o [1]
  .text              ro code  0x0800c85c    0x58  os_sem.o [1]
  .text              ro code  0x0800c8b4    0x58  memchr.o [4]
  .text              ro code  0x0800c90c    0x56  DblToI32.o [4]
  .text              ro code  0x0800c964    0x54  usb_mem.o [1]
  .text              ro code  0x0800c9b8    0x54  iarwstd.o [5]
  .text              ro code  0x0800ca0c    0x4c  os_mem.o [1]
  .rodata            const    0x0800ca58    0x48  xlocale_c.o [3]
  .rodata            const    0x0800caa0    0x44  app.o [1]
  .text              ro code  0x0800cae4    0x44  stm32f10x_flash.o [1]
  .text              ro code  0x0800cb28    0x44  strcpy.o [4]
  .text              ro code  0x0800cb6c    0x44  xassert.o [3]
  .text              ro code  0x0800cbb0    0x42  strcmp.o [4]
  .rodata            const    0x0800cbf4    0x40  spi_flash.o [1]
  .rodata            const    0x0800cc34    0x40  usb_desc.o [1]
  .text              ro code  0x0800cc74    0x40  usb_init.o [1]
  .rodata            const    0x0800ccb4    0x3c  app.o [1]
  .text              ro code  0x0800ccf0    0x3c  stm32f10x_pwr.o [1]
  .text              ro code  0x0800cd2c    0x3c  usb_pwr.o [1]
  .text              ro code  0x0800cd68    0x36  strlen.o [4]
  .text              ro code  0x0800cda0    0x34  usb_endp.o [1]
  .rodata            const    0x0800cdd4    0x30  xreportassert.o [3]
  .text              ro code  0x0800ce04    0x30  MtxWrapper.o [3]
  .text              ro code  0x0800ce34    0x2e  DblCmpLe.o [4]
  .text              ro code  0x0800ce64    0x2e  DblCmpGe.o [4]
  .text              ro code  0x0800ce94    0x2e  I32ToDbl.o [4]
  .rodata            const    0x0800cec4    0x2c  app.o [1]
  .rodata            const    0x0800cef0    0x28  hw_platform.o [1]
  .rodata            const    0x0800cf18    0x28  usb_desc.o [1]
  .text              ro code  0x0800cf40    0x28  crc32.o [1]
  .text              ro code  0x0800cf68    0x28  xgetmemchunk.o [3]
  .rodata            const    0x0800cf90    0x24  usb_desc.o [1]
  .iar.init_table    const    0x0800cfb4    0x2c  - Linker created -
  .rodata            const    0x0800cfe0    0x20  BT816.o [1]
  .rodata            const    0x0800d000    0x20  app.o [1]
  .rodata            const    0x0800d020    0x20  app.o [1]
  .rodata            const    0x0800d040    0x20  usb_desc.o [1]
  .rodata            const    0x0800d060    0x20  usb_desc.o [1]
  .text              ro code  0x0800d080    0x20  printf.o [3]
  .text              ro code  0x0800d0a0    0x20  xmbtowc.o [3]
  .text              ro code  0x0800d0c0    0x20  iarwrite.o [5]
  .text              ro code  0x0800d0e0    0x1e  dwrite.o [5]
  .rodata            const    0x0800d100    0x1c  app.o [1]
  .text              ro code  0x0800d11c    0x1c  data_init2.o [4]
  .text              ro code  0x0800d138    0x1a  xwctomb.o [3]
  .text              ro code  0x0800d152    0x1a  zero_init2.o [4]
  .rodata            const    0x0800d16c    0x18  app.o [1]
  .rodata            const    0x0800d184    0x18  app.o [1]
  .rodata            const    0x0800d19c    0x18  stm32f10x_it.o [1]
  .text              ro code  0x0800d1b4    0x18  cmain.o [4]
  .text              ro code  0x0800d1cc    0x16  strchr.o [4]
  .text              ro code  0x0800d1e2    0x16  xprout.o [3]
  .rodata            const    0x0800d1f8    0x14  hw_platform.o [1]
  .rodata            const    0x0800d20c    0x14  hw_platform.o [1]
  .rodata            const    0x0800d220    0x14  hw_platform.o [1]
  .rodata            const    0x0800d234    0x14  hw_platform.o [1]
  .rodata            const    0x0800d248    0x14  usb_desc.o [1]
  .rodata            const    0x0800d25c    0x14  usb_desc.o [1]
  .text              ro code  0x0800d270    0x14  exit.o [5]
  .text              ro code  0x0800d284    0x14  localeconv.o [3]
  .text              ro code  0x0800d298    0x14  setlocale.o [3]
  .text              ro code  0x0800d2ac    0x14  HJ5000_scanner.o [1]
  CODE               ro code  0x0800d2c0    0x12  hardfault_isr_handle_a.o [1]
  .rodata            const    0x0800d2d4    0x10  BT816.o [1]
  .rodata            const    0x0800d2e4    0x10  BT816.o [1]
  .rodata            const    0x0800d2f4    0x10  BT816.o [1]
  .rodata            const    0x0800d304    0x10  BT816.o [1]
  .rodata            const    0x0800d314    0x10  BT816.o [1]
  .rodata            const    0x0800d324    0x10  stm32f10x_rcc.o [1]
  .rodata            const    0x0800d334    0x10  xprintffull.o [3]
  .text              ro code  0x0800d344    0x10  write.o [5]
  .text              ro code  0x0800d354     0xe  cexit.o [4]
  .text              ro code  0x0800d362     0xe  BT816.o [1]
  .text              ro code  0x0800d370     0xe  div.o [3]
  .rodata            const    0x0800d380     0xc  BT816.o [1]
  .rodata            const    0x0800d38c     0xc  BT816.o [1]
  .rodata            const    0x0800d398     0xc  BT816.o [1]
  .rodata            const    0x0800d3a4     0xc  BT816.o [1]
  .rodata            const    0x0800d3b0     0xc  BT816.o [1]
  .rodata            const    0x0800d3bc     0xc  BT816.o [1]
  .rodata            const    0x0800d3c8     0xc  BT816.o [1]
  .rodata            const    0x0800d3d4     0xc  BT816.o [1]
  .rodata            const    0x0800d3e0     0xc  app.o [1]
  .rodata            const    0x0800d3ec     0xc  hw_platform.o [1]
  .rodata            const    0x0800d3f8     0xc  stm32f10x_it.o [1]
  .rodata            const    0x0800d404     0xc  stm32f10x_it.o [1]
  .rodata            const    0x0800d410     0xc  stm32f10x_it.o [1]
  .rodata            const    0x0800d41c     0xc  stm32f10x_it.o [1]
  .rodata            const    0x0800d428     0xc  stm32f10x_it.o [1]
  .rodata            const    0x0800d434     0xc  stm32f10x_it.o [1]
  .rodata            const    0x0800d440     0xc  stm32f10x_it.o [1]
  .rodata            const    0x0800d44c     0xc  stm32f10x_it.o [1]
  .rodata            const    0x0800d458     0xc  stm32f10x_it.o [1]
  .rodata            const    0x0800d464     0xc  stm32f10x_it.o [1]
  .rodata            const    0x0800d470     0xc  stm32f10x_it.o [1]
  .rodata            const    0x0800d47c     0xc  stm32f10x_it.o [1]
  .rodata            const    0x0800d488     0xc  stm32f10x_it.o [1]
  .text              ro code  0x0800d494     0xc  putchar.o [3]
  .text              ro code  0x0800d4a0     0xa  xmbcurmax.o [3]
  .rodata            const    0x0800d4ac     0x8  BT816.o [1]
  .rodata            const    0x0800d4b4     0x8  BT816.o [1]
  .rodata            const    0x0800d4bc     0x8  BT816.o [1]
  .rodata            const    0x0800d4c4     0x8  BT816.o [1]
  .rodata            const    0x0800d4cc     0x8  xprintffull.o [3]
  .rodata            const    0x0800d4d4     0x8  localeconv.o [3]
  .rodata            const    0x0800d4dc     0x8  localeconv.o [3]
  .rodata            const    0x0800d4e4     0x8  xencoding_sb.o [3]
  .rodata            const    0x0800d4ec     0x8  xencoding_sb.o [3]
  .rodata            const    0x0800d4f4     0x8  xlocale_c.o [3]
  .rodata            const    0x0800d4fc     0x8  xlocale_c.o [3]
  .text              ro code  0x0800d504     0x8  abort.o [3]
  .text              ro code  0x0800d50c     0x6  exit.o [3]
  .rodata            const    0x0800d514     0x4  os_dbg.o [1]
  .rodata            const    0x0800d518     0x4  stm32f10x_rcc.o [1]
  .rodata            const    0x0800d51c     0x4  usb_desc.o [1]
  .text              ro code  0x0800d520     0x2  I64DivZer.o [4]
  .text              ro code  0x0800d522     0x4  low_level_init.o [3]
  .rodata            const    0x0800d526     0x2  os_dbg.o [1]
  .rodata            const    0x0800d528     0x2  os_dbg.o [1]
  .rodata            const    0x0800d52a     0x2  os_dbg.o [1]
  .rodata            const    0x0800d52c     0x2  os_dbg.o [1]
  .rodata            const    0x0800d52e     0x2  os_dbg.o [1]
  .rodata            const    0x0800d530     0x2  os_dbg.o [1]
  .rodata            const    0x0800d532     0x2  os_dbg.o [1]
  .rodata            const    0x0800d534     0x2  os_dbg.o [1]
  .rodata            const    0x0800d536     0x2  os_dbg.o [1]
  .rodata            const    0x0800d538     0x2  os_dbg.o [1]
  .rodata            const    0x0800d53a     0x2  os_dbg.o [1]
  .rodata            const    0x0800d53c     0x2  os_dbg.o [1]
  .rodata            const    0x0800d53e     0x2  os_dbg.o [1]
  .rodata            const    0x0800d540     0x2  os_dbg.o [1]
  .rodata            const    0x0800d542     0x2  os_dbg.o [1]
  .rodata            const    0x0800d544     0x2  os_dbg.o [1]
  .rodata            const    0x0800d546     0x2  os_dbg.o [1]
  .rodata            const    0x0800d548     0x2  os_dbg.o [1]
  .rodata            const    0x0800d54a     0x2  os_dbg.o [1]
  .rodata            const    0x0800d54c     0x2  os_dbg.o [1]
  .rodata            const    0x0800d54e     0x2  os_dbg.o [1]
  .rodata            const    0x0800d550     0x2  os_dbg.o [1]
  .rodata            const    0x0800d552     0x2  os_dbg.o [1]
  .rodata            const    0x0800d554     0x2  os_dbg.o [1]
  .rodata            const    0x0800d556     0x2  os_dbg.o [1]
  .rodata            const    0x0800d558     0x2  os_dbg.o [1]
  .rodata            const    0x0800d55a     0x2  os_dbg.o [1]
  .rodata            const    0x0800d55c     0x2  os_dbg.o [1]
  .rodata            const    0x0800d55e     0x2  os_dbg.o [1]
  .rodata            const    0x0800d560     0x2  os_dbg.o [1]
  .rodata            const    0x0800d562     0x2  os_dbg.o [1]
  .rodata            const    0x0800d564     0x2  os_dbg.o [1]
  .rodata            const    0x0800d566     0x2  os_dbg.o [1]
  .rodata            const    0x0800d568     0x2  os_dbg.o [1]
  .rodata            const    0x0800d56a     0x2  os_dbg.o [1]
  .rodata            const    0x0800d56c     0x2  os_dbg.o [1]
  .rodata            const    0x0800d56e     0x2  os_dbg.o [1]
  .rodata            const    0x0800d570     0x2  os_dbg.o [1]
  .rodata            const    0x0800d572     0x2  os_dbg.o [1]
  .rodata            const    0x0800d574     0x2  os_dbg.o [1]
  .rodata            const    0x0800d576     0x2  os_dbg.o [1]
  .rodata            const    0x0800d578     0x2  os_dbg.o [1]
  .rodata            const    0x0800d57a     0x2  os_dbg.o [1]
  .rodata            const    0x0800d57c     0x2  os_dbg.o [1]
  .rodata            const    0x0800d57e     0x2  localeconv.o [3]
  .rodata            const    0x0800d580     0x2  xlocale_c.o [3]
  .rodata            const    0x0800d582     0x1  localeconv.o [3]
  .rodata            const    0x0800d583     0x1  setlocale.o [3]
  .rodata            const    0x0800d584     0x1  xlocale_c.o [3]
  Initializer bytes  ro data  0x0800d585   0x219  <for P3 s0>
                            - 0x0800d79e  0xd65e

"P3", part 1 of 3:                         0xde0
  CSTACK                      0x20000010   0x800  <Block>
    CSTACK           uninit   0x20000010   0x800  <Block tail>
  HEAP                        0x20000810   0x400  <Block>
    HEAP             uninit   0x20000810   0x400  <Block tail>
  .iar.dynexit                0x20000c10   0x1e0  <Block>
    .iar.dynexit     uninit   0x20000c10     0xc  cppinit.o [3]
    .iar.dynexit     uninit   0x20000c1c   0x1d4  <Block tail>
                            - 0x20000df0   0xde0

"P3", part 2 of 3:                        0x376c
  .bss               zero     0x20000df0  0x1000  spi_flash.o [1]
  .bss               zero     0x20001df0   0x800  memory.o [1]
  .bss               zero     0x200025f0   0x590  app.o [1]
  .bss               zero     0x20002b80   0x4d0  app.o [1]
  .bss               zero     0x20003050   0x39c  os_core.o [1]
  .bss               zero     0x200033ec   0x200  app.o [1]
  .bss               zero     0x200035ec   0x200  app.o [1]
  .bss               zero     0x200037ec   0x200  os_core.o [1]
  .bss               zero     0x200039ec   0x190  JMemory.o [1]
  .bss               zero     0x20003b7c   0x100  BT816.o [1]
  .bss               zero     0x20003c7c   0x100  os_core.o [1]
  .bss               zero     0x20003d7c   0x100  record_mod.o [1]
  .bss               zero     0x20003e7c    0x8c  os_core.o [1]
  .bss               zero     0x20003f08    0x8c  os_core.o [1]
  .bss               zero     0x20003f94    0x80  HJ5000_scanner.o [1]
  .bss               zero     0x20004014    0x60  os_core.o [1]
  .bss               zero     0x20004074    0x54  app.o [1]
  .bss               zero     0x200040c8    0x54  record_m.o [1]
  .bss               zero     0x2000411c    0x50  os_core.o [1]
  .bss               zero     0x2000416c    0x50  xfiles.o [3]
  .bss               zero     0x200041bc    0x50  xfiles.o [3]
  .bss               zero     0x2000420c    0x40  usb_bot.o [1]
  .bss               zero     0x2000424c    0x3c  app.o [1]
  .bss               zero     0x20004288    0x2c  record_mod.o [1]
  .bss               zero     0x200042b4    0x20  BT816.o [1]
  .bss               zero     0x200042d4    0x20  HJ5000_scanner.o [1]
  .bss               zero     0x200042f4    0x20  Terminal_Para_m.o [1]
  .bss               zero     0x20004314    0x20  app.o [1]
  .bss               zero     0x20004334    0x20  usb_bot.o [1]
  .bss               zero     0x20004354    0x1c  usb_init.o [1]
  .bss               zero     0x20004370    0x14  os_cpu_c.o [1]
  .bss               zero     0x20004384    0x14  xsyslock.o [3]
  .bss               zero     0x20004398    0x10  BT816.o [1]
  .bss               zero     0x200043a8    0x10  hw_platform.o [1]
  .bss               zero     0x200043b8    0x10  record_mod.o [1]
  .bss               zero     0x200043c8    0x10  usb_bot.o [1]
  .bss               zero     0x200043d8     0xc  BT816.o [1]
  .bss               zero     0x200043e4     0xc  BT816.o [1]
  .bss               zero     0x200043f0     0xc  HJ5000_scanner.o [1]
  .bss               zero     0x200043fc     0x8  TimeBase.o [1]
  .bss               zero     0x20004404     0x8  mass_mal.o [1]
  .bss               zero     0x2000440c     0x8  mass_mal.o [1]
  .bss               zero     0x20004414     0x8  mass_mal.o [1]
  .bss               zero     0x2000441c     0x8  os_core.o [1]
  .bss               zero     0x20004424     0x8  scsi_data.o [1]
  .bss               zero     0x2000442c     0x8  scsi_data.o [1]
  .bss               zero     0x20004434     0x8  xxmemxmalloc.o [3]
  .bss               zero     0x2000443c     0x4  HJ5000_scanner.o [1]
  .bss               zero     0x20004440     0x4  HJ5000_scanner.o [1]
  .bss               zero     0x20004444     0x4  app.o [1]
  .bss               zero     0x20004448     0x4  app.o [1]
  .bss               zero     0x2000444c     0x4  app.o [1]
  .bss               zero     0x20004450     0x4  app.o [1]
  .bss               zero     0x20004454     0x4  app.o [1]
  .bss               zero     0x20004458     0x4  app.o [1]
  .bss               zero     0x2000445c     0x4  app.o [1]
  .bss               zero     0x20004460     0x4  hw_platform.o [1]
  .bss               zero     0x20004464     0x4  hw_platform.o [1]
  .bss               zero     0x20004468     0x4  hw_platform.o [1]
  .bss               zero     0x2000446c     0x4  keypad.o [1]
  .bss               zero     0x20004470     0x4  keypad.o [1]
  .bss               zero     0x20004474     0x4  mass_mal.o [1]
  .bss               zero     0x20004478     0x4  memory.o [1]
  .bss               zero     0x2000447c     0x4  memory.o [1]
  .bss               zero     0x20004480     0x4  memory.o [1]
  .bss               zero     0x20004484     0x4  memory.o [1]
  .bss               zero     0x20004488     0x4  memory.o [1]
  .bss               zero     0x2000448c     0x4  memory.o [1]
  .bss               zero     0x20004490     0x4  memory.o [1]
  .bss               zero     0x20004494     0x4  memory.o [1]
  .bss               zero     0x20004498     0x4  os_core.o [1]
  .bss               zero     0x2000449c     0x4  os_core.o [1]
  .bss               zero     0x200044a0     0x4  os_core.o [1]
  .bss               zero     0x200044a4     0x4  os_core.o [1]
  .bss               zero     0x200044a8     0x4  os_core.o [1]
  .bss               zero     0x200044ac     0x4  os_core.o [1]
  .bss               zero     0x200044b0     0x4  os_core.o [1]
  .bss               zero     0x200044b4     0x4  os_core.o [1]
  .bss               zero     0x200044b8     0x4  os_core.o [1]
  .bss               zero     0x200044bc     0x4  os_core.o [1]
  .bss               zero     0x200044c0     0x4  os_core.o [1]
  .bss               zero     0x200044c4     0x4  record_m.o [1]
  .bss               zero     0x200044c8     0x4  record_m.o [1]
  .bss               zero     0x200044cc     0x4  record_m.o [1]
  .bss               zero     0x200044d0     0x4  record_m.o [1]
  .bss               zero     0x200044d4     0x4  record_mod.o [1]
  .bss               zero     0x200044d8     0x4  record_mod.o [1]
  .bss               zero     0x200044dc     0x4  record_mod.o [1]
  .bss               zero     0x200044e0     0x4  record_mod.o [1]
  .bss               zero     0x200044e4     0x4  spi_flash.o [1]
  .bss               zero     0x200044e8     0x4  spi_flash.o [1]
  .bss               zero     0x200044ec     0x4  spi_flash.o [1]
  .bss               zero     0x200044f0     0x4  spi_flash.o [1]
  .bss               zero     0x200044f4     0x4  usb_bot.o [1]
  .bss               zero     0x200044f8     0x4  usb_bot.o [1]
  .bss               zero     0x200044fc     0x4  usb_core.o [1]
  .bss               zero     0x20004500     0x4  usb_endp.o [1]
  .bss               zero     0x20004504     0x4  usb_init.o [1]
  .bss               zero     0x20004508     0x4  usb_init.o [1]
  .bss               zero     0x2000450c     0x4  usb_init.o [1]
  .bss               zero     0x20004510     0x4  usb_prop.o [1]
  .bss               zero     0x20004514     0x4  usb_prop.o [1]
  .bss               zero     0x20004518     0x4  usb_prop.o [1]
  .bss               zero     0x2000451c     0x4  usb_pwr.o [1]
  .bss               zero     0x20004520     0x4  xgetmemchunk.o [3]
  .bss               zero     0x20004524     0x4  MtxWrapper.o [3]
  .bss               zero     0x20004528     0x4  MtxWrapper.o [3]
  .bss               zero     0x2000452c     0x4  MtxWrapper.o [3]
  .bss               zero     0x20004530     0x4  MtxWrapper.o [3]
  .bss               zero     0x20004534     0x4  iarwstd.o [5]
  .bss               zero     0x20004538     0x2  usb_bot.o [1]
  .bss               zero     0x2000453a     0x2  usb_init.o [1]
  .bss               zero     0x2000453c     0x2  usb_int.o [1]
  .bss               zero     0x2000453e     0x2  usb_int.o [1]
  .bss               zero     0x20004540     0x2  usb_istr.o [1]
  .bss               zero     0x20004542     0x1  BT816.o [1]
  .bss               zero     0x20004543     0x1  PCUsart.o [1]
  .bss               zero     0x20004544     0x1  Terminal_Para_m.o [1]
  .bss               zero     0x20004545     0x1  app.o [1]
  .bss               zero     0x20004546     0x1  app.o [1]
  .bss               zero     0x20004547     0x1  hw_config.o [1]
  .bss               zero     0x20004548     0x1  hw_platform.o [1]
  .bss               zero     0x20004549     0x1  keypad.o [1]
  .bss               zero     0x2000454a     0x1  keypad.o [1]
  .bss               zero     0x2000454b     0x1  main.o [1]
  .bss               zero     0x2000454c     0x1  memory.o [1]
  .bss               zero     0x2000454d     0x1  os_core.o [1]
  .bss               zero     0x2000454e     0x1  os_core.o [1]
  .bss               zero     0x2000454f     0x1  os_core.o [1]
  .bss               zero     0x20004550     0x1  os_core.o [1]
  .bss               zero     0x20004551     0x1  os_core.o [1]
  .bss               zero     0x20004552     0x1  os_core.o [1]
  .bss               zero     0x20004553     0x1  os_core.o [1]
  .bss               zero     0x20004554     0x1  os_core.o [1]
  .bss               zero     0x20004555     0x1  record_mod.o [1]
  .bss               zero     0x20004556     0x1  record_mod.o [1]
  .bss               zero     0x20004557     0x1  spi_flash.o [1]
  .bss               zero     0x20004558     0x1  usb_bot.o [1]
  .bss               zero     0x20004559     0x1  usb_core.o [1]
  .bss               zero     0x2000455a     0x1  usb_init.o [1]
  .bss               zero     0x2000455b     0x1  usb_istr.o [1]
                            - 0x2000455c  0x376c

"P3", part 3 of 3:                         0x324
  P3 s0                       0x2000455c   0x324  <Init block>
    .data            inited   0x2000455c    0x84  setlocale.o [3]
    .data            inited   0x200045e0    0x4c  localeconv.o [3]
    .data            inited   0x2000462c    0x40  xfiles.o [3]
    .data            inited   0x2000466c    0x40  xfiles.o [3]
    .data            inited   0x200046ac    0x40  xfiles.o [3]
    .data            inited   0x200046ec    0x30  usb_prop.o [1]
    .data            inited   0x2000471c    0x24  scsi_data.o [1]
    .data            inited   0x20004740    0x24  scsi_data.o [1]
    .data            inited   0x20004764    0x24  usb_prop.o [1]
    .data            inited   0x20004788    0x20  usb_prop.o [1]
    .data            inited   0x200047a8    0x20  xfiles.o [3]
    .data            inited   0x200047c8    0x1c  usb_desc.o [1]
    .data            inited   0x200047e4    0x1c  usb_istr.o [1]
    .data            inited   0x20004800    0x1c  usb_istr.o [1]
    .data            inited   0x2000481c    0x14  scsi_data.o [1]
    .data            inited   0x20004830    0x10  usb_prop.o [1]
    .data            inited   0x20004840    0x10  usb_prop.o [1]
    .data            inited   0x20004850     0xc  scsi_data.o [1]
    .data            inited   0x2000485c     0x8  scsi_data.o [1]
    .data            inited   0x20004864     0x8  usb_prop.o [1]
    .data            inited   0x2000486c     0x8  usb_prop.o [1]
    .data            inited   0x20004874     0x4  scsi_data.o [1]
    .data            inited   0x20004878     0x4  usb_prop.o [1]
    .data            inited   0x2000487c     0x4  cppinit.o [3]
                            - 0x20004880   0x324


*******************************************************************************
*** INIT TABLE
***

          Address     Size
          -------     ----
Zero (__iar_zero_init2)
    1 destination range, total size 0x376c:
          0x20000df0  0x376c

Copy/packbits (__iar_packbits_init2)
    1 source range, total size 0x219 (66% of destination):
           0x800d585   0x219
    1 destination range, total size 0x324:
          0x2000455c   0x324


*******************************************************************************
*** MODULE SUMMARY
***

    Module                    ro code  ro data  rw data
    ------                    -------  -------  -------
E:\H520B\FW\src\Project\EWARMv5\Debug\Obj: [1]
    BT816.o                     2 570      240      329
    HJ5000_scanner.o              924               180
    JMemory.o                      92               400
    PCUsart.o                     156                 1
    Terminal_Para_m.o             228                33
    TimeBase.o                    640                 8
    app.o                       2 956      324    3 886
    basic_fun.o                   328      384
    cortexm3_macro.o              122
    crc32.o                        40    1 024
    data_uart.o                   160
    hardfault_isr_handle_a.o       18
    hw_config.o                   216                 1
    hw_platform.o               2 024      132       29
    keypad.o                    1 064                10
    main.o                        438                 1
    mass_mal.o                    292                28
    memory.o                      572             2 081
    os_core.o                   2 040      256    2 208
    os_cpu_a.o                    160
    os_cpu_c.o                    268                20
    os_dbg.o                      360       92
    os_flag.o                     118
    os_mem.o                       76
    os_q.o                        640
    os_sem.o                       88
    os_task.o                     654
    os_time.o                     284
    rec_ecc.o                   1 176      768
    record_m.o                  1 236               100
    record_mod.o                6 862               334
    scsi_data.o                             78      132
    spi_flash.o                 1 812       64    4 113
    stm32f10x_adc.o               426
    stm32f10x_dma.o               452
    stm32f10x_exti.o              240
    stm32f10x_flash.o              68
    stm32f10x_gpio.o              452
    stm32f10x_it.o                772      180
    stm32f10x_nvic.o              208
    stm32f10x_pwr.o                60
    stm32f10x_rcc.o               792       20
    stm32f10x_spi.o               122
    stm32f10x_tim.o               356
    stm32f10x_usart.o             452
    stm32f10x_vector.o                     320
    usb_bot.o                   1 084               123
    usb_core.o                  3 038                 5
    usb_desc.o                             266       28
    usb_endp.o                     52                 4
    usb_init.o                     64                43
    usb_int.o                     580                 4
    usb_istr.o                    156       38       59
    usb_mem.o                      84
    usb_prop.o                  1 100      111      180
    usb_pwr.o                      60                 4
    usb_regs.o                    652
    usb_scsi.o                  1 088
    usb_sil.o                      90
    ---------------------------------------------------
    Total:                     41 062    4 297   14 344

command line: [2]
    ---------------------------------------------------
    Total:

dl7M_tl_if.a: [3]
    MtxWrapper.o                   48                16
    abort.o                         8
    cppinit.o                     112        3       16
    div.o                          14
    exit.o                          6
    fflush.o                      176
    localeconv.o                   20       69       76
    low_level_init.o                4
    printf.o                       32
    putchar.o                      12
    setlocale.o                    20       89      132
    xassert.o                      68
    xdnorm.o                      180
    xdscale.o                     272
    xencoding_sb.o                 92       16
    xfiles.o                               151      384
    xgetmemchunk.o                 40                 4
    xlocale_c.o                             91
    xmbcurmax.o                    10
    xmbtowc.o                      32
    xprintffull.o               4 174       24
    xprout.o                       22
    xreportassert.o               132       48
    xsyslock.o                    140                20
    xwctomb.o                      26
    xxmemxfree.o                  136
    xxmemxmalloc.o                188                 8
    ---------------------------------------------------
    Total:                      5 964      491      656

rt7M_tl.a: [4]
    ABImemcpy.o                   112
    ABImemset.o                   102
    DblAdd.o                      230
    DblCmpGe.o                     46
    DblCmpLe.o                     46
    DblDiv.o                      700
    DblMul.o                      418
    DblSub.o                      382
    DblToI32.o                     86
    I32ToDbl.o                     46
    I64DivMod.o                   304
    I64DivZer.o                     2
    cexit.o                        14
    cmain.o                        24
    data_init2.o                   28
    memchr.o                       88
    memcmp.o                       98
    packbits_init2.o              142
    strchr.o                       22
    strcmp.o                       66
    strcpy.o                       68
    strlen.o                       54
    zero_init2.o                   26
    ---------------------------------------------------
    Total:                      3 104

shb_l.a: [5]
    dwrite.o                       30
    exit.o                         20
    iarwrite.o                     32
    iarwstd.o                      84                 4
    write.o                        16
    ---------------------------------------------------
    Total:                        182                 4

    Gaps                           38       16
    Linker created                          44    3 540
-------------------------------------------------------
    Grand Total:               50 350    4 848   18 544


*******************************************************************************
*** ENTRY LIST
***

Entry                      Address    Size  Type      Object
-----                      -------    ----  ----      ------
.iar.dynexit$$Base      0x20000c10           --   Gb  - Linker created -
.iar.dynexit$$Limit     0x20000df0           --   Gb  - Linker created -
ADC1_2_IRQHandler       0x08008b71     0x2  Code  Gb  stm32f10x_it.o [1]
ADC3_IRQHandler         0x08008ca3     0x2  Code  Gb  stm32f10x_it.o [1]
ADCPrescTable           0x0800d518     0x4  Data  Lc  stm32f10x_rcc.o [1]
ADC_Cmd                 0x0800a569    0x1a  Code  Gb  stm32f10x_adc.o [1]
ADC_GetCalibrationStatus
                        0x0800a5af    0x18  Code  Gb  stm32f10x_adc.o [1]
ADC_GetConversionValue  0x0800a6bb     0x6  Code  Gb  stm32f10x_adc.o [1]
ADC_GetResetCalibrationStatus
                        0x0800a58d    0x18  Code  Gb  stm32f10x_adc.o [1]
ADC_Init                0x0800a519    0x50  Code  Gb  stm32f10x_adc.o [1]
ADC_Module_Init         0x080055c1    0x9a  Code  Lc  hw_platform.o [1]
ADC_RegularChannelConfig
                        0x0800a5e1    0xda  Code  Gb  stm32f10x_adc.o [1]
ADC_ResetCalibration    0x0800a583     0xa  Code  Gb  stm32f10x_adc.o [1]
ADC_SoftwareStartConvCmd
                        0x0800a5c7    0x1a  Code  Gb  stm32f10x_adc.o [1]
ADC_StartCalibration    0x0800a5a5     0xa  Code  Gb  stm32f10x_adc.o [1]
APBAHBPrescTable        0x0800d324    0x10  Data  Lc  stm32f10x_rcc.o [1]
BT816_GPIO_config       0x080043cd   0x180  Code  Lc  BT816.o [1]
BT816_NVIC_config       0x0800454d    0x72  Code  Lc  BT816.o [1]
BT816_Reset             0x08004761   0x120  Code  Gb  BT816.o [1]
BT816_RxISRHandler      0x08004637    0xaa  Code  Gb  BT816.o [1]
BT816_enter_pair_mode   0x080049b5    0x20  Code  Gb  BT816.o [1]
BT816_enter_sleep       0x08004c49    0x14  Code  Gb  BT816.o [1]
BT816_hid_connect_last_host
                        0x08004a9d    0x20  Code  Gb  BT816.o [1]
BT816_hid_disconnect    0x08004abd    0x20  Code  Gb  BT816.o [1]
BT816_hid_send          0x08004afd    0xc8  Code  Gb  BT816.o [1]
BT816_hid_set_delay     0x08004c05    0x44  Code  Gb  BT816.o [1]
BT816_hid_status        0x08004a65    0x36  Code  Gb  BT816.o [1]
BT816_init              0x08004c89   0x134  Code  Gb  BT816.o [1]
BT816_power_state       0x20004542     0x1  Data  Lc  BT816.o [1]
BT816_query_name        0x08004885    0xac  Code  Gb  BT816.o [1]
BT816_recbuffer         0x20003b7c   0x100  Data  Gb  BT816.o [1]
BT816_res               0x200043d8     0xc  Data  Gb  BT816.o [1]
BT816_reset_resVar      0x0800461d    0x1a  Code  Lc  BT816.o [1]
BT816_send_buff         0x200042b4    0x20  Data  Lc  BT816.o [1]
BT816_set_autocon       0x08004bc5    0x40  Code  Gb  BT816.o [1]
BT816_set_hid_trans_mode
                        0x080049d5    0x40  Code  Gb  BT816.o [1]
BT816_set_name          0x08004931    0x7c  Code  Gb  BT816.o [1]
BT816_set_profile       0x08004a15    0x50  Code  Gb  BT816.o [1]
BT816_toggle_ioskeypad  0x08004add    0x20  Code  Gb  BT816.o [1]
BT816_wakeup            0x08004c5d    0x28  Code  Gb  BT816.o [1]
BT816_write_cmd         0x080046e1    0x80  Code  Lc  BT816.o [1]
BT_Daemon_thread        0x08004151    0x9c  Code  Gb  app.o [1]
Block_Read_count        0x20004478     0x4  Data  Gb  memory.o [1]
Block_offset            0x2000447c     0x4  Data  Gb  memory.o [1]
Bot_Abort               0x08007ab5    0x3c  Code  Gb  usb_bot.o [1]
Bot_State               0x20004558     0x1  Data  Gb  usb_bot.o [1]
Bulk_Data_Buff          0x2000420c    0x40  Data  Gb  usb_bot.o [1]
BusFaultException       0x08008aab     0x2  Code  Gb  stm32f10x_it.o [1]
ByteSwap                0x08009485    0x10  Code  Gb  usb_regs.o [1]
CAN_RX1_IRQHandler      0x08008b7d     0x2  Code  Gb  stm32f10x_it.o [1]
CAN_SCE_IRQHandler      0x08008b7f     0x2  Code  Gb  stm32f10x_it.o [1]
CBW                     0x20004334    0x20  Data  Gb  usb_bot.o [1]
CBW_Decode              0x08007795   0x298  Code  Gb  usb_bot.o [1]
CSTACK$$Base            0x20000010           --   Gb  - Linker created -
CSTACK$$Limit           0x20000810           --   Gb  - Linker created -
CSW                     0x200043c8    0x10  Data  Gb  usb_bot.o [1]
CTR_LP                  0x08009995   0x22c  Code  Gb  usb_int.o [1]
ClearDTOG_RX            0x08009325    0x32  Code  Gb  usb_regs.o [1]
ClearDTOG_TX            0x08009357    0x32  Code  Gb  usb_regs.o [1]
Clear_Status_Out        0x08009301    0x24  Code  Gb  usb_regs.o [1]
Config_Descriptor       0x20004840    0x10  Data  Gb  usb_prop.o [1]
Counter                 0x20004480     0x4  Data  Gb  memory.o [1]
DMA1_Channel1_IRQHandler
                        0x08008b37     0x2  Code  Gb  stm32f10x_it.o [1]
DMA1_Channel2_IRQHandler
                        0x08008b39     0x2  Code  Gb  stm32f10x_it.o [1]
DMA1_Channel3_IRQHandler
                        0x08008b3b     0x2  Code  Gb  stm32f10x_it.o [1]
DMA1_Channel4_IRQHandler
                        0x08008b3d     0x2  Code  Gb  stm32f10x_it.o [1]
DMA1_Channel5_IRQHandler
                        0x08008b3f     0x2  Code  Gb  stm32f10x_it.o [1]
DMA1_Channel6_IRQHandler
                        0x08008b41     0x2  Code  Gb  stm32f10x_it.o [1]
DMA1_Channel7_IRQHandler
                        0x08008b45    0x2c  Code  Gb  stm32f10x_it.o [1]
DMA2_Channel1_IRQHandler
                        0x08008cb5     0x2  Code  Gb  stm32f10x_it.o [1]
DMA2_Channel2_IRQHandler
                        0x08008cb7     0x2  Code  Gb  stm32f10x_it.o [1]
DMA2_Channel3_IRQHandler
                        0x08008cb9     0x2  Code  Gb  stm32f10x_it.o [1]
DMA2_Channel4_5_IRQHandler
                        0x08008cbb     0x2  Code  Gb  stm32f10x_it.o [1]
DMA_ClearFlag           0x08009f91    0x12  Code  Gb  stm32f10x_dma.o [1]
DMA_Cmd                 0x08009f59    0x1a  Code  Gb  stm32f10x_dma.o [1]
DMA_DeInit              0x08009e15   0x100  Code  Gb  stm32f10x_dma.o [1]
DMA_GetCurrDataCounter  0x08009f8b     0x6  Code  Gb  stm32f10x_dma.o [1]
DMA_GetITStatus         0x08009fa3    0x26  Code  Gb  stm32f10x_dma.o [1]
DMA_ITConfig            0x08009f73    0x18  Code  Gb  stm32f10x_dma.o [1]
DMA_Init                0x08009f15    0x44  Code  Gb  stm32f10x_dma.o [1]
DataStageIn             0x0800319b    0xb6  Code  Lc  usb_core.o [1]
DataStageOut            0x080030e3    0xb8  Code  Lc  usb_core.o [1]
Data_Buffer             0x20001df0   0x800  Data  Gb  memory.o [1]
Data_Len                0x20004538     0x2  Data  Gb  usb_bot.o [1]
Data_Mul_MaxPacketSize  0x20004559     0x1  Data  Gb  usb_core.o [1]
Data_Setup0             0x080033ad   0x294  Code  Lc  usb_core.o [1]
DebugMonitor            0x08008aaf     0x2  Code  Gb  stm32f10x_it.o [1]
DefaultTerminalPara     0x0800bb89    0x36  Code  Gb  Terminal_Para_m.o [1]
Device_Descriptor       0x20004830    0x10  Data  Gb  usb_prop.o [1]
Device_Info             0x20004354    0x1c  Data  Gb  usb_init.o [1]
Device_Property         0x200046ec    0x30  Data  Gb  usb_prop.o [1]
Device_Table            0x20004878     0x4  Data  Gb  usb_prop.o [1]
DtorRecArray            0x20000c10     0xc  Data  Lc  cppinit.o [3]
EP1_IN_Callback         0x0800cdb5    0x1c  Code  Gb  usb_endp.o [1]
EP2_OUT_Callback        0x0800cda3    0x10  Code  Gb  usb_endp.o [1]
EP3_OUT_Callback        0x0800cda1     0x2  Code  Gb  usb_endp.o [1]
EPindex                 0x2000455a     0x1  Data  Gb  usb_init.o [1]
EXTI0_IRQHandler        0x08008abf    0x22  Code  Gb  stm32f10x_it.o [1]
EXTI15_10_IRQHandler    0x08008c95     0x2  Code  Gb  stm32f10x_it.o [1]
EXTI1_IRQHandler        0x08008ae1    0x30  Code  Gb  stm32f10x_it.o [1]
EXTI2_IRQHandler        0x08008b11     0x2  Code  Gb  stm32f10x_it.o [1]
EXTI3_IRQHandler        0x08008b13    0x22  Code  Gb  stm32f10x_it.o [1]
EXTI4_IRQHandler        0x08008b35     0x2  Code  Gb  stm32f10x_it.o [1]
EXTI9_5_IRQHandler      0x08008b81    0x2c  Code  Gb  stm32f10x_it.o [1]
EXTI_ClearFlag          0x0800b9b9     0x6  Code  Gb  stm32f10x_exti.o [1]
EXTI_ClearITPendingBit  0x0800b9ed     0x6  Code  Gb  stm32f10x_exti.o [1]
EXTI_GenerateSWInterrupt
                        0x0800b9a9    0x10  Code  Gb  stm32f10x_exti.o [1]
EXTI_GetITStatus        0x0800b9bf    0x28  Code  Gb  stm32f10x_exti.o [1]
EXTI_Init               0x0800b909    0x94  Code  Gb  stm32f10x_exti.o [1]
EnterLowPowerMode       0x0800a4b9    0x4a  Code  Gb  main.o [1]
Event_capture_thread    0x080040a9    0xa0  Code  Gb  app.o [1]
ExitLowPowerMode        0x0800a503    0x14  Code  Gb  main.o [1]
FLASH_IRQHandler        0x08008abb     0x2  Code  Gb  stm32f10x_it.o [1]
FLASH_PrefetchBufferCmd
                        0x0800cb05    0x20  Code  Gb  stm32f10x_flash.o [1]
FLASH_SetLatency        0x0800cae5    0x20  Code  Gb  stm32f10x_flash.o [1]
FSMC_IRQHandler         0x08008ca5     0x2  Code  Gb  stm32f10x_it.o [1]
GPIO_AllAinConfig       0x0800a47d    0x3c  Code  Lc  main.o [1]
GPIO_EXTILineConfig     0x0800a149    0x54  Code  Gb  stm32f10x_gpio.o [1]
GPIO_Init               0x08009fd9    0xcc  Code  Gb  stm32f10x_gpio.o [1]
GPIO_PinRemapConfig     0x0800a0cd    0x7c  Code  Gb  stm32f10x_gpio.o [1]
GPIO_ReadInputDataBit   0x0800a0a5    0x1a  Code  Gb  stm32f10x_gpio.o [1]
GPIO_ResetBits          0x0800a0c5     0x6  Code  Gb  stm32f10x_gpio.o [1]
GPIO_SetBits            0x0800a0bf     0x6  Code  Gb  stm32f10x_gpio.o [1]
GetEPRxAddr             0x080093dd    0x18  Code  Gb  usb_regs.o [1]
GetEPRxCount            0x08009453    0x18  Code  Gb  usb_regs.o [1]
GetEPTxAddr             0x080093c5    0x18  Code  Gb  usb_regs.o [1]
Get_Max_Lun             0x08007255    0x1c  Code  Gb  usb_prop.o [1]
Get_SerialNum           0x0800bc35    0x68  Code  Gb  hw_config.o [1]
HARDFAULT_ISR_HANDLE_d  0x0800d2c1          Code  Gb  hardfault_isr_handle_a.o [1]
HEAP$$Base              0x20000810           --   Gb  - Linker created -
HEAP$$Limit             0x20000c10           --   Gb  - Linker created -
HJ5000_GPIO_config      0x08008319    0x84  Code  Lc  HJ5000_scanner.o [1]
HJ5000_NVIC_config      0x0800839d    0x3a  Code  Lc  HJ5000_scanner.o [1]
HJ5000_RxISRHandler     0x08008581    0x52  Code  Gb  HJ5000_scanner.o [1]
HJ5000_start_stop_decode
                        0x080085d3    0x28  Code  Gb  HJ5000_scanner.o [1]
HSEStartUpStatus        0x2000454b     0x1  Data  Gb  main.o [1]
HardFaultException      0x08008aa1     0x8  Code  Gb  stm32f10x_it.o [1]
HexToAscii              0x0800aecd    0x12  Code  Gb  basic_fun.o [1]
I2C1_ER_IRQHandler      0x08008be1     0x2  Code  Gb  stm32f10x_it.o [1]
I2C1_EV_IRQHandler      0x08008bdf     0x2  Code  Gb  stm32f10x_it.o [1]
I2C2_ER_IRQHandler      0x08008be5     0x2  Code  Gb  stm32f10x_it.o [1]
I2C2_EV_IRQHandler      0x08008be3     0x2  Code  Gb  stm32f10x_it.o [1]
Idx                     0x20004484     0x4  Data  Gb  memory.o [1]
In0_Process             0x080036e5    0x68  Code  Gb  usb_core.o [1]
Jfree                   0x0800c779    0x26  Code  Gb  JMemory.o [1]
Jmalloc                 0x0800c749    0x30  Code  Gb  JMemory.o [1]
Keyboard_ConfigDescriptor
                        0x0800cf90    0x24  Data  Gb  usb_desc.o [1]
Keyboard_DeviceDescriptor
                        0x0800d248    0x14  Data  Gb  usb_desc.o [1]
Keyboard_GetHIDDescriptor
                        0x080071e5    0x10  Code  Gb  usb_prop.o [1]
Keyboard_GetProtocolValue
                        0x0800721d    0x16  Code  Gb  usb_prop.o [1]
Keyboard_GetReportDescriptor
                        0x080071d5    0x10  Code  Gb  usb_prop.o [1]
Keyboard_Hid_Descriptor
                        0x2000486c     0x8  Data  Gb  usb_prop.o [1]
Keyboard_ReportDescriptor
                        0x0800cc34    0x40  Data  Gb  usb_desc.o [1]
Keyboard_Report_Descriptor
                        0x20004864     0x8  Data  Gb  usb_prop.o [1]
Keyboard_SetProtocol    0x0800720d    0x10  Code  Gb  usb_prop.o [1]
Keyboard_SetReport      0x08007239    0x1c  Code  Gb  usb_prop.o [1]
Keypad_EXTI_ISRHandler  0x08007c9d    0x34  Code  Gb  keypad.o [1]
Keypad_Init             0x08007c8d    0x10  Code  Gb  keypad.o [1]
Keypad_Initport         0x08007af1    0x80  Code  Lc  keypad.o [1]
Keypad_Int_Disable      0x08007bb3    0x3a  Code  Gb  keypad.o [1]
Keypad_Int_Enable       0x08007b71    0x42  Code  Gb  keypad.o [1]
Keypad_ReadIO           0x08007cd1    0x6a  Code  Lc  keypad.o [1]
Keypad_Timer_Disable    0x08007c7d     0xc  Code  Gb  keypad.o [1]
Keypad_Timer_Enable     0x08007c69    0x14  Code  Gb  keypad.o [1]
Keypad_Timer_ISRHandler
                        0x08007d45   0x1c8  Code  Gb  keypad.o [1]
Keypad_Timer_Init       0x08007bed    0x7c  Code  Gb  keypad.o [1]
MAL_GetStatus           0x0800b175    0x58  Code  Gb  mass_mal.o [1]
MAL_Read                0x0800b105    0x66  Code  Gb  mass_mal.o [1]
MAL_Write               0x0800b0ad    0x58  Code  Gb  mass_mal.o [1]
MASS_ConfigDescriptor   0x0800d040    0x20  Data  Gb  usb_desc.o [1]
MASS_DeviceDescriptor   0x0800d25c    0x14  Data  Gb  usb_desc.o [1]
Mass_Block_Count        0x20004414     0x8  Data  Gb  mass_mal.o [1]
Mass_Block_Size         0x2000440c     0x8  Data  Gb  mass_mal.o [1]
Mass_Memory_Size        0x20004404     0x8  Data  Gb  mass_mal.o [1]
Mass_Storage_In         0x080076b5    0x62  Code  Gb  usb_bot.o [1]
Mass_Storage_Out        0x08007717    0x7e  Code  Gb  usb_bot.o [1]
Max_Lun                 0x20004514     0x4  Data  Gb  usb_prop.o [1]
MemManageException      0x08008aa9     0x2  Code  Gb  stm32f10x_it.o [1]
Mode_Sense10_data       0x2000485c     0x8  Data  Gb  scsi_data.o [1]
Mode_Sense6_data        0x20004874     0x4  Data  Gb  scsi_data.o [1]
NMIException            0x080089b9     0x2  Code  Gb  stm32f10x_it.o [1]
NOP_Process             0x0800383d     0x2  Code  Gb  usb_core.o [1]
NVIC_Init               0x0800bcad    0xa0  Code  Gb  stm32f10x_nvic.o [1]
NVIC_PriorityGroupConfig
                        0x0800bc9d     0xa  Code  Gb  stm32f10x_nvic.o [1]
NVIC_SetVectorTable     0x0800bd55    0x10  Code  Gb  stm32f10x_nvic.o [1]
NoData_Setup0           0x08003251   0x152  Code  Lc  usb_core.o [1]
OSCtxSw                 0x0800c057          Code  Gb  os_cpu_a.o [1]
OSCtxSwCtr              0x20004498     0x4  Data  Gb  os_core.o [1]
OSDataSize              0x0800d57c     0x2  Data  Gb  os_dbg.o [1]
OSDebugEn               0x0800d526     0x2  Data  Gb  os_dbg.o [1]
OSDebugInit             0x0800ab69   0x168  Code  Gb  os_dbg.o [1]
OSEndiannessTest        0x0800d514     0x4  Data  Gb  os_dbg.o [1]
OSEventEn               0x0800d52c     0x2  Data  Gb  os_dbg.o [1]
OSEventFreeList         0x2000449c     0x4  Data  Gb  os_core.o [1]
OSEventMax              0x0800d528     0x2  Data  Gb  os_dbg.o [1]
OSEventNameSize         0x0800d52a     0x2  Data  Gb  os_dbg.o [1]
OSEventSize             0x0800d52e     0x2  Data  Gb  os_dbg.o [1]
OSEventTbl              0x20003e7c    0x8c  Data  Gb  os_core.o [1]
OSEventTblSize          0x0800d530     0x2  Data  Gb  os_dbg.o [1]
OSFlagEn                0x0800d532     0x2  Data  Gb  os_dbg.o [1]
OSFlagFreeList          0x200044a0     0x4  Data  Gb  os_core.o [1]
OSFlagGrpSize           0x0800d534     0x2  Data  Gb  os_dbg.o [1]
OSFlagMax               0x0800d53a     0x2  Data  Gb  os_dbg.o [1]
OSFlagNameSize          0x0800d53c     0x2  Data  Gb  os_dbg.o [1]
OSFlagNodeSize          0x0800d536     0x2  Data  Gb  os_dbg.o [1]
OSFlagTbl               0x2000411c    0x50  Data  Gb  os_core.o [1]
OSFlagWidth             0x0800d538     0x2  Data  Gb  os_dbg.o [1]
OSIdleCtr               0x200044a4     0x4  Data  Gb  os_core.o [1]
OSInit                  0x08004dc9    0x30  Code  Gb  os_core.o [1]
OSInitHookBegin         0x0800b3fd     0x2  Code  Gb  os_cpu_c.o [1]
OSInitHookEnd           0x0800b3ff     0x2  Code  Gb  os_cpu_c.o [1]
OSIntCtxSw              0x0800c05f          Code  Gb  os_cpu_a.o [1]
OSIntEnter              0x08004df9    0x24  Code  Gb  os_core.o [1]
OSIntExit               0x08004e1d    0x94  Code  Gb  os_core.o [1]
OSIntNesting            0x2000454d     0x1  Data  Gb  os_core.o [1]
OSLockNesting           0x2000454e     0x1  Data  Gb  os_core.o [1]
OSLowestPrio            0x0800d53e     0x2  Data  Gb  os_dbg.o [1]
OSMboxEn                0x0800d540     0x2  Data  Gb  os_dbg.o [1]
OSMemEn                 0x0800d542     0x2  Data  Gb  os_dbg.o [1]
OSMemFreeList           0x200044b8     0x4  Data  Gb  os_core.o [1]
OSMemMax                0x0800d544     0x2  Data  Gb  os_dbg.o [1]
OSMemNameSize           0x0800d546     0x2  Data  Gb  os_dbg.o [1]
OSMemSize               0x0800d548     0x2  Data  Gb  os_dbg.o [1]
OSMemTbl                0x20003f08    0x8c  Data  Gb  os_core.o [1]
OSMemTblSize            0x0800d54a     0x2  Data  Gb  os_dbg.o [1]
OSMutexEn               0x0800d54c     0x2  Data  Gb  os_dbg.o [1]
OSPrioCur               0x2000454f     0x1  Data  Gb  os_core.o [1]
OSPrioHighRdy           0x20004550     0x1  Data  Gb  os_core.o [1]
OSPtrSize               0x0800d54e     0x2  Data  Gb  os_dbg.o [1]
OSQCreate               0x08009715    0x98  Code  Gb  os_q.o [1]
OSQEn                   0x0800d550     0x2  Data  Gb  os_dbg.o [1]
OSQFreeList             0x200044bc     0x4  Data  Gb  os_core.o [1]
OSQMax                  0x0800d552     0x2  Data  Gb  os_dbg.o [1]
OSQPend                 0x080097b1   0x130  Code  Gb  os_q.o [1]
OSQPost                 0x080098e5    0x78  Code  Gb  os_q.o [1]
OSQSize                 0x0800d554     0x2  Data  Gb  os_dbg.o [1]
OSQTbl                  0x20004014    0x60  Data  Gb  os_core.o [1]
OSRdyGrp                0x20004551     0x1  Data  Gb  os_core.o [1]
OSRdyTbl                0x2000441c     0x8  Data  Gb  os_core.o [1]
OSRdyTblSize            0x0800d556     0x2  Data  Gb  os_dbg.o [1]
OSRunning               0x20004552     0x1  Data  Gb  os_core.o [1]
OSSchedLock             0x08004eb1    0x3a  Code  Gb  os_core.o [1]
OSSchedUnlock           0x08004eeb    0x5a  Code  Gb  os_core.o [1]
OSSemCreate             0x0800c85d    0x50  Code  Gb  os_sem.o [1]
OSSemEn                 0x0800d558     0x2  Data  Gb  os_dbg.o [1]
OSStart                 0x08004f45    0x42  Code  Gb  os_core.o [1]
OSStartHighRdy          0x0800c03b          Code  Gb  os_cpu_a.o [1]
OSStkWidth              0x0800d55a     0x2  Data  Gb  os_dbg.o [1]
OSTCBCur                0x200044a8     0x4  Data  Gb  os_core.o [1]
OSTCBFreeList           0x200044ac     0x4  Data  Gb  os_core.o [1]
OSTCBHighRdy            0x200044b0     0x4  Data  Gb  os_core.o [1]
OSTCBInitHook           0x0800b497     0x2  Code  Gb  os_cpu_c.o [1]
OSTCBList               0x200044b4     0x4  Data  Gb  os_core.o [1]
OSTCBPrioTbl            0x20003c7c   0x100  Data  Gb  os_core.o [1]
OSTCBPrioTblMax         0x0800d572     0x2  Data  Gb  os_dbg.o [1]
OSTCBSize               0x0800d574     0x2  Data  Gb  os_dbg.o [1]
OSTCBTbl                0x20003050   0x39c  Data  Gb  os_core.o [1]
OSTaskCreateEn          0x0800d55c     0x2  Data  Gb  os_dbg.o [1]
OSTaskCreateExt         0x08008f79    0xd0  Code  Gb  os_task.o [1]
OSTaskCreateExtEn       0x0800d55e     0x2  Data  Gb  os_dbg.o [1]
OSTaskCreateHook        0x0800b401     0x2  Code  Gb  os_cpu_c.o [1]
OSTaskCtr               0x20004553     0x1  Data  Gb  os_core.o [1]
OSTaskDel               0x08009049   0x188  Code  Gb  os_task.o [1]
OSTaskDelEn             0x0800d560     0x2  Data  Gb  os_dbg.o [1]
OSTaskDelHook           0x0800b403     0x2  Code  Gb  os_cpu_c.o [1]
OSTaskIdleHook          0x0800b405    0x14  Code  Gb  os_cpu_c.o [1]
OSTaskIdleStk           0x200037ec   0x200  Data  Gb  os_core.o [1]
OSTaskIdleStkSize       0x0800d562     0x2  Data  Gb  os_dbg.o [1]
OSTaskMax               0x0800d566     0x2  Data  Gb  os_dbg.o [1]
OSTaskNameSize          0x0800d568     0x2  Data  Gb  os_dbg.o [1]
OSTaskProfileEn         0x0800d564     0x2  Data  Gb  os_dbg.o [1]
OSTaskStatEn            0x0800d56a     0x2  Data  Gb  os_dbg.o [1]
OSTaskStatStkChkEn      0x0800d56e     0x2  Data  Gb  os_dbg.o [1]
OSTaskStatStkSize       0x0800d56c     0x2  Data  Gb  os_dbg.o [1]
OSTaskStkInit           0x0800b419    0x7c  Code  Gb  os_cpu_c.o [1]
OSTaskSwHook            0x0800b495     0x2  Code  Gb  os_cpu_c.o [1]
OSTaskSwHookEn          0x0800d570     0x2  Data  Gb  os_dbg.o [1]
OSTickStepState         0x20004554     0x1  Data  Gb  os_core.o [1]
OSTicksPerSec           0x0800d576     0x2  Data  Gb  os_dbg.o [1]
OSTime                  0x200044c0     0x4  Data  Gb  os_core.o [1]
OSTimeDly               0x0800b1d1    0x6c  Code  Gb  os_time.o [1]
OSTimeDlyHMSM           0x0800b23d    0xa2  Code  Gb  os_time.o [1]
OSTimeTick              0x08004f89    0xf0  Code  Gb  os_core.o [1]
OSTimeTickHook          0x0800b499     0x2  Code  Gb  os_cpu_c.o [1]
OSTimeTickHookEn        0x0800d578     0x2  Data  Gb  os_dbg.o [1]
OSUnMapTbl              0x0800b508   0x100  Data  Gb  os_core.o [1]
OSVersionNbr            0x0800d57a     0x2  Data  Gb  os_dbg.o [1]
OS_CPU_PendSVHandler    0x0800c067          Code  Gb  os_cpu_a.o [1]
OS_CPU_SR_Restore       0x0800c035          Code  Gb  os_cpu_a.o [1]
OS_CPU_SR_Save          0x0800c02d          Code  Gb  os_cpu_a.o [1]
OS_CPU_SysTickHandler   0x0800b49d    0x24  Code  Gb  os_cpu_c.o [1]
OS_CPU_SysTickInit      0x0800b4c1    0x48  Code  Gb  os_cpu_c.o [1]
OS_Dummy                0x08005079     0x2  Code  Gb  os_core.o [1]
OS_EventTaskRdy         0x0800507b    0x90  Code  Gb  os_core.o [1]
OS_EventTaskRemove      0x08005189    0x34  Code  Gb  os_core.o [1]
OS_EventTaskRemoveMulti
                        0x080051bd    0x40  Code  Gb  os_core.o [1]
OS_EventTaskWait        0x0800510b    0x7e  Code  Gb  os_core.o [1]
OS_EventWaitListInit    0x080051fd    0x1a  Code  Gb  os_core.o [1]
OS_FlagInit             0x0800c525    0x4c  Code  Gb  os_flag.o [1]
OS_FlagUnlink           0x0800c575    0x26  Code  Gb  os_flag.o [1]
OS_InitEventList        0x08005219    0x50  Code  Lc  os_core.o [1]
OS_InitMisc             0x08005269    0x2e  Code  Lc  os_core.o [1]
OS_InitRdyList          0x080052a1    0x36  Code  Lc  os_core.o [1]
OS_InitTCBList          0x0800530d    0x60  Code  Lc  os_core.o [1]
OS_InitTaskIdle         0x080052dd    0x30  Code  Lc  os_core.o [1]
OS_MemClr               0x08005375    0x12  Code  Gb  os_core.o [1]
OS_MemInit              0x0800ca0d    0x48  Code  Gb  os_mem.o [1]
OS_QInit                0x0800995d    0x34  Code  Gb  os_q.o [1]
OS_Sched                0x08005387    0x5c  Code  Gb  os_core.o [1]
OS_SchedNew             0x080053f9    0x20  Code  Lc  os_core.o [1]
OS_TCBInit              0x0800544d   0x16c  Code  Gb  os_core.o [1]
OS_TaskIdle             0x08005425    0x1c  Code  Gb  os_core.o [1]
OS_TaskStkClr           0x080091e9    0x1e  Code  Gb  os_task.o [1]
Out0_Process            0x08003755    0x4c  Code  Gb  usb_core.o [1]
PCUsart_Init            0x0800c131    0x10  Code  Gb  PCUsart.o [1]
PMAToUserBufferCopy     0x0800c993    0x22  Code  Gb  usb_mem.o [1]
PVD_IRQHandler          0x08008ab5     0x2  Code  Gb  stm32f10x_it.o [1]
PWR_EnterSTOPMode       0x0800ccf1    0x32  Code  Gb  stm32f10x_pwr.o [1]
Page00_Inquiry_Data     0x20004424     0x8  Data  Gb  scsi_data.o [1]
Post0_Process           0x080037a1    0x4c  Code  Gb  usb_core.o [1]
ProtocolValue           0x20004510     0x4  Data  Gb  usb_prop.o [1]
RCC_AHBPeriphClockCmd   0x080088f9    0x24  Code  Gb  stm32f10x_rcc.o [1]
RCC_APB1PeriphClockCmd  0x08008941    0x24  Code  Gb  stm32f10x_rcc.o [1]
RCC_APB2PeriphClockCmd  0x0800891d    0x24  Code  Gb  stm32f10x_rcc.o [1]
RCC_Configuration       0x0800a3d1    0x8c  Code  Gb  main.o [1]
RCC_DeInit              0x080086a1    0x5c  Code  Gb  stm32f10x_rcc.o [1]
RCC_GetClocksFreq       0x08008815    0xe0  Code  Gb  stm32f10x_rcc.o [1]
RCC_GetFlagStatus       0x08008965    0x44  Code  Gb  stm32f10x_rcc.o [1]
RCC_GetSYSCLKSource     0x080087c1     0xa  Code  Gb  stm32f10x_rcc.o [1]
RCC_HCLKConfig          0x080087cb    0x14  Code  Gb  stm32f10x_rcc.o [1]
RCC_HSEConfig           0x080086fd    0x54  Code  Gb  stm32f10x_rcc.o [1]
RCC_IRQHandler          0x08008abd     0x2  Code  Gb  stm32f10x_it.o [1]
RCC_PCLK1Config         0x080087df    0x14  Code  Gb  stm32f10x_rcc.o [1]
RCC_PCLK2Config         0x080087f3    0x16  Code  Gb  stm32f10x_rcc.o [1]
RCC_PLLCmd              0x080087a1     0xc  Code  Gb  stm32f10x_rcc.o [1]
RCC_PLLConfig           0x08008789    0x16  Code  Gb  stm32f10x_rcc.o [1]
RCC_SYSCLKConfig        0x080087ad    0x14  Code  Gb  stm32f10x_rcc.o [1]
RCC_USBCLKConfig        0x08008809     0xc  Code  Gb  stm32f10x_rcc.o [1]
RCC_WaitForHSEStartUp   0x08008751    0x38  Code  Gb  stm32f10x_rcc.o [1]
RTCAlarm_IRQHandler     0x08008c97     0x2  Code  Gb  stm32f10x_it.o [1]
RTC_IRQHandler          0x08008ab9     0x2  Code  Gb  stm32f10x_it.o [1]
ReadCapacity10_Data     0x2000442c     0x8  Data  Gb  scsi_data.o [1]
ReadFormatCapacity_Data
                        0x20004850     0xc  Data  Gb  scsi_data.o [1]
ReadTerminalPara        0x0800bae1    0x88  Code  Gb  Terminal_Para_m.o [1]
Read_Memory             0x08009bd9   0x108  Code  Gb  memory.o [1]
Region$$Table$$Base     0x0800cfb4           --   Gb  - Linker created -
Region$$Table$$Limit    0x0800cfe0           --   Gb  - Linker created -
SCSI_Address_Management
                        0x0800762b    0x7e  Code  Gb  usb_scsi.o [1]
SCSI_BlkLen             0x200044f8     0x4  Data  Gb  usb_bot.o [1]
SCSI_Format_Cmd         0x080075c1    0x2a  Code  Gb  usb_scsi.o [1]
SCSI_Inquiry_Cmd        0x08007275    0x48  Code  Gb  usb_scsi.o [1]
SCSI_Invalid_Cmd        0x080075eb    0x40  Code  Gb  usb_scsi.o [1]
SCSI_LBA                0x200044f4     0x4  Data  Gb  usb_bot.o [1]
SCSI_ModeSense10_Cmd    0x08007429    0x10  Code  Gb  usb_scsi.o [1]
SCSI_ModeSense6_Cmd     0x08007419    0x10  Code  Gb  usb_scsi.o [1]
SCSI_Read10_Cmd         0x08007471    0x7c  Code  Gb  usb_scsi.o [1]
SCSI_ReadCapacity10_Cmd
                        0x08007365    0xb4  Code  Gb  usb_scsi.o [1]
SCSI_ReadFormatCapacity_Cmd
                        0x080072bd    0xa8  Code  Gb  usb_scsi.o [1]
SCSI_RequestSense_Cmd   0x08007439    0x1e  Code  Gb  usb_scsi.o [1]
SCSI_Start_Stop_Unit_Cmd
                        0x08007465     0xc  Code  Gb  usb_scsi.o [1]
SCSI_TestUnitReady_Cmd  0x0800758f    0x32  Code  Gb  usb_scsi.o [1]
SCSI_Verify10_Cmd       0x08007555    0x3a  Code  Gb  usb_scsi.o [1]
SCSI_Write10_Cmd        0x080074ed    0x64  Code  Gb  usb_scsi.o [1]
SDIO_IRQHandler         0x08008ca7     0x2  Code  Gb  stm32f10x_it.o [1]
SPI1_IRQHandler         0x08008be7     0x2  Code  Gb  stm32f10x_it.o [1]
SPI2_IRQHandler         0x08008be9     0x2  Code  Gb  stm32f10x_it.o [1]
SPI3_IRQHandler         0x08008cab     0x2  Code  Gb  stm32f10x_it.o [1]
SPI_Cmd                 0x0800c4e7    0x1a  Code  Gb  stm32f10x_spi.o [1]
SPI_I2S_GetFlagStatus   0x0800c509    0x1a  Code  Gb  stm32f10x_spi.o [1]
SPI_I2S_ReceiveData     0x0800c505     0x4  Code  Gb  stm32f10x_spi.o [1]
SPI_I2S_SendData        0x0800c501     0x4  Code  Gb  stm32f10x_spi.o [1]
SPI_Init                0x0800c4a9    0x3e  Code  Gb  stm32f10x_spi.o [1]
SVCHandler              0x08008ab1     0x2  Code  Gb  stm32f10x_it.o [1]
SaveRState              0x2000453c     0x2  Data  Gb  usb_int.o [1]
SaveTState              0x2000453e     0x2  Data  Gb  usb_int.o [1]
SaveTerminalPara        0x0800bb69    0x1a  Code  Gb  Terminal_Para_m.o [1]
Scsi_Sense_Data         0x2000481c    0x14  Data  Gb  scsi_data.o [1]
SendData_To_PC          0x0800bbc5    0x6c  Code  Gb  hw_config.o [1]
SetBTABLE               0x08009209     0xe  Code  Gb  usb_regs.o [1]
SetDeviceAddress        0x080037ed    0x50  Code  Gb  usb_core.o [1]
SetEPRxAddr             0x080093a7    0x1e  Code  Gb  usb_regs.o [1]
SetEPRxCount            0x0800940f    0x44  Code  Gb  usb_regs.o [1]
SetEPRxStatus           0x08009271    0x38  Code  Gb  usb_regs.o [1]
SetEPRxValid            0x080092d5    0x2c  Code  Gb  usb_regs.o [1]
SetEPTxAddr             0x08009389    0x1e  Code  Gb  usb_regs.o [1]
SetEPTxCount            0x080093f5    0x1a  Code  Gb  usb_regs.o [1]
SetEPTxStatus           0x08009237    0x3a  Code  Gb  usb_regs.o [1]
SetEPTxValid            0x080092a9    0x2c  Code  Gb  usb_regs.o [1]
SetEPType               0x08009217    0x20  Code  Gb  usb_regs.o [1]
Set_CSW                 0x08007a75    0x38  Code  Gb  usb_bot.o [1]
Set_Scsi_Sense_Data     0x08007457     0xa  Code  Gb  usb_scsi.o [1]
Set_USBClock            0x0800c0cd    0x1c  Code  Lc  PCUsart.o [1]
Setup0_Process          0x08003651    0x8c  Code  Gb  usb_core.o [1]
Standard_ClearFeature   0x08002e85   0x158  Code  Gb  usb_core.o [1]
Standard_GetConfiguration
                        0x08002c61    0x2a  Code  Gb  usb_core.o [1]
Standard_GetDescriptorData
                        0x080030bf    0x24  Code  Gb  usb_core.o [1]
Standard_GetInterface   0x08002cd9    0x2a  Code  Gb  usb_core.o [1]
Standard_GetStatus      0x08002d85   0x100  Code  Gb  usb_core.o [1]
Standard_Inquiry_Data   0x2000471c    0x24  Data  Gb  scsi_data.o [1]
Standard_Inquiry_Data2  0x20004740    0x24  Data  Gb  scsi_data.o [1]
Standard_SetConfiguration
                        0x08002c8b    0x4e  Code  Gb  usb_core.o [1]
Standard_SetDeviceFeature
                        0x0800309b    0x24  Code  Gb  usb_core.o [1]
Standard_SetEndPointFeature
                        0x08002fe1    0xba  Code  Gb  usb_core.o [1]
Standard_SetInterface   0x08002d03    0x82  Code  Gb  usb_core.o [1]
State_Machine_thread    0x08003b6d   0x53c  Code  Gb  app.o [1]
Status                  0x20004474     0x4  Data  Gb  mass_mal.o [1]
StatusInfo              0x200044fc     0x4  Data  Gb  usb_core.o [1]
String_Descriptor       0x20004788    0x20  Data  Gb  usb_prop.o [1]
TAMPER_IRQHandler       0x08008ab7     0x2  Code  Gb  stm32f10x_it.o [1]
TIM1_BRK_IRQHandler     0x08008bad     0x2  Code  Gb  stm32f10x_it.o [1]
TIM1_CC_IRQHandler      0x08008bb3     0x2  Code  Gb  stm32f10x_it.o [1]
TIM1_TRG_COM_IRQHandler
                        0x08008bb1     0x2  Code  Gb  stm32f10x_it.o [1]
TIM1_UP_IRQHandler      0x08008baf     0x2  Code  Gb  stm32f10x_it.o [1]
TIM2_IRQHandler         0x08008bb5     0x8  Code  Gb  stm32f10x_it.o [1]
TIM2_UpdateISRHandler   0x08009675    0x9a  Code  Gb  TimeBase.o [1]
TIM3_IRQHandler         0x08008bbd    0x20  Code  Gb  stm32f10x_it.o [1]
TIM4_IRQHandler         0x08008bdd     0x2  Code  Gb  stm32f10x_it.o [1]
TIM5_IRQHandler         0x08008ca9     0x2  Code  Gb  stm32f10x_it.o [1]
TIM6_IRQHandler         0x08008cb1     0x2  Code  Gb  stm32f10x_it.o [1]
TIM7_IRQHandler         0x08008cb3     0x2  Code  Gb  stm32f10x_it.o [1]
TIM8_BRK_IRQHandler     0x08008c9b     0x2  Code  Gb  stm32f10x_it.o [1]
TIM8_CC_IRQHandler      0x08008ca1     0x2  Code  Gb  stm32f10x_it.o [1]
TIM8_TRG_COM_IRQHandler
                        0x08008c9f     0x2  Code  Gb  stm32f10x_it.o [1]
TIM8_UP_IRQHandler      0x08008c9d     0x2  Code  Gb  stm32f10x_it.o [1]
TIM_ClearFlag           0x0800adf3     0x8  Code  Gb  stm32f10x_tim.o [1]
TIM_ClearITPendingBit   0x0800ae2d     0x8  Code  Gb  stm32f10x_tim.o [1]
TIM_Cmd                 0x0800adbf    0x1c  Code  Gb  stm32f10x_tim.o [1]
TIM_GetITStatus         0x0800adfb    0x32  Code  Gb  stm32f10x_tim.o [1]
TIM_ITConfig            0x0800addb    0x18  Code  Gb  stm32f10x_tim.o [1]
TIM_OC1Init             0x0800ad07    0x76  Code  Gb  stm32f10x_tim.o [1]
TIM_OCStructInit        0x0800ad9d    0x22  Code  Gb  stm32f10x_tim.o [1]
TIM_TimeBaseInit        0x0800acd1    0x36  Code  Gb  stm32f10x_tim.o [1]
TIM_TimeBaseStructInit  0x0800ad85    0x18  Code  Gb  stm32f10x_tim.o [1]
TimeBase_Init           0x080094c7    0x6e  Code  Gb  TimeBase.o [1]
TransferState           0x2000454c     0x1  Data  Gb  memory.o [1]
Transfer_Data_Request   0x08007a41    0x32  Code  Gb  usb_bot.o [1]
UART4_IRQHandler        0x08008cad     0x2  Code  Gb  stm32f10x_it.o [1]
UART5_IRQHandler        0x08008caf     0x2  Code  Gb  stm32f10x_it.o [1]
USART1_IRQHandler       0x08008beb     0x2  Code  Gb  stm32f10x_it.o [1]
USART2_IRQHandler       0x08008bed    0x78  Code  Gb  stm32f10x_it.o [1]
USART3_IRQHandler       0x08008c65    0x30  Code  Gb  stm32f10x_it.o [1]
USART_ClearITPendingBit
                        0x0800a349    0x18  Code  Gb  stm32f10x_usart.o [1]
USART_Cmd               0x0800a239    0x1a  Code  Gb  stm32f10x_usart.o [1]
USART_DMACmd            0x0800a2a3    0x18  Code  Gb  stm32f10x_usart.o [1]
USART_GetFlagStatus     0x0800a2cb    0x1a  Code  Gb  stm32f10x_usart.o [1]
USART_GetITStatus       0x0800a2e5    0x64  Code  Gb  stm32f10x_usart.o [1]
USART_ITConfig          0x0800a253    0x50  Code  Gb  stm32f10x_usart.o [1]
USART_Init              0x0800a19d    0x9c  Code  Gb  stm32f10x_usart.o [1]
USART_ReceiveData       0x0800a2c3     0x8  Code  Gb  stm32f10x_usart.o [1]
USART_SendData          0x0800a2bb     0x8  Code  Gb  stm32f10x_usart.o [1]
USBWakeUp_IRQHandler    0x08008c99     0x2  Code  Gb  stm32f10x_it.o [1]
USB_APP_ClearFeature    0x08006fd5    0x1c  Code  Gb  usb_prop.o [1]
USB_APP_Data_Setup      0x08007001    0xd4  Code  Gb  usb_prop.o [1]
USB_APP_GetConfigDescriptor
                        0x08007181    0x24  Code  Gb  usb_prop.o [1]
USB_APP_GetDeviceDescriptor
                        0x08007159    0x24  Code  Gb  usb_prop.o [1]
USB_APP_GetStringDescriptor
                        0x080071ad    0x28  Code  Gb  usb_prop.o [1]
USB_APP_Get_Interface_Setting
                        0x080071f5    0x18  Code  Gb  usb_prop.o [1]
USB_APP_NoData_Setup    0x080070d5    0x78  Code  Gb  usb_prop.o [1]
USB_APP_Reset           0x08006e69   0x134  Code  Gb  usb_prop.o [1]
USB_APP_SetConfiguration
                        0x08006fa5    0x30  Code  Gb  usb_prop.o [1]
USB_APP_SetDeviceAddress
                        0x08006ff1     0x8  Code  Gb  usb_prop.o [1]
USB_APP_Status_In       0x08006ffd     0x2  Code  Gb  usb_prop.o [1]
USB_APP_Status_Out      0x08006fff     0x2  Code  Gb  usb_prop.o [1]
USB_APP_StringLangID    0x0800d51c     0x4  Data  Gb  usb_desc.o [1]
USB_APP_StringProduct   0x0800d060    0x20  Data  Gb  usb_desc.o [1]
USB_APP_StringSerial    0x200047c8    0x1c  Data  Gb  usb_desc.o [1]
USB_APP_StringVendor    0x0800cf18    0x28  Data  Gb  usb_desc.o [1]
USB_APP_init            0x08006e29    0x40  Code  Gb  usb_prop.o [1]
USB_HP_CAN_TX_IRQHandler
                        0x08008b73     0x2  Code  Gb  stm32f10x_it.o [1]
USB_Init                0x0800cc75    0x40  Code  Gb  usb_init.o [1]
USB_Interrupts_Config   0x0800c0e9    0x48  Code  Lc  PCUsart.o [1]
USB_Istr                0x0800c169    0x9c  Code  Gb  usb_istr.o [1]
USB_LP_CAN_RX0_IRQHandler
                        0x08008b75     0x8  Code  Gb  stm32f10x_it.o [1]
USB_PowerOn             0x0800cd2d    0x34  Code  Gb  usb_pwr.o [1]
USB_SIL_Read            0x0800c82f    0x2c  Code  Gb  usb_sil.o [1]
USB_SIL_Write           0x0800c801    0x2e  Code  Gb  usb_sil.o [1]
Unconfigure_All         0x0800a45d    0x20  Code  Lc  main.o [1]
UsageFaultException     0x08008aad     0x2  Code  Gb  stm32f10x_it.o [1]
UsbKeyValue_Ascii_Tbl   0x0800a868   0x180  Data  Gb  basic_fun.o [1]
UserToPMABufferCopy     0x0800c965    0x2e  Code  Gb  usb_mem.o [1]
User_Standard_Requests  0x20004764    0x24  Data  Gb  usb_prop.o [1]
WWDG_IRQHandler         0x08008ab3     0x2  Code  Gb  stm32f10x_it.o [1]
Write_Memory            0x08009ce1   0x120  Code  Gb  memory.o [1]
_EncodingSb_Mbtowc      0x0800c7c9    0x38  Code  Gb  xencoding_sb.o [3]
_EncodingSb_Wctomb      0x0800c7a5    0x1c  Code  Gb  xencoding_sb.o [3]
_Files                  0x200047a8    0x20  Data  Gb  xfiles.o [3]
_GenldDefault           0x080029d5   0x258  Code  Lc  xprintffull.o [3]
_IsdstStr               0x20004580     0x4  Data  Gb  setlocale.o [3]
_LdtobDefault           0x080025b1   0x404  Code  Lc  xprintffull.o [3]
_LitobDefault           0x08002499   0x110  Code  Lc  xprintffull.o [3]
_LocaleC_lconv          0x0800ca58    0x48  Data  Gb  xlocale_c.o [3]
_LocaleEncoding         0x0800d299    0x10  Code  Gb  setlocale.o [3]
_LocaleReturnString     0x20004590    0x50  Data  Lc  setlocale.o [3]
_Locale_LconvArray      0x2000458c     0x4  Data  Gb  setlocale.o [3]
_Locale_Profile         0x2000455c    0x1c  Data  Gb  setlocale.o [3]
_Locale_lconv           0x200045e4    0x48  Data  Gb  localeconv.o [3]
_Mbtowc                 0x0800d0a1    0x20  Code  Gb  xmbtowc.o [3]
_Printf                 0x08001c11   0x5a8  Code  Gb  xprintffull.o [3]
_Prout                  0x0800d1e3    0x16  Code  Gb  xprout.o [3]
_PutcharsDefault        0x08002c2d    0x32  Code  Lc  xprintffull.o [3]
_PutstrDefault          0x080021c1   0x2cc  Code  Lc  xprintffull.o [3]
_TzoneStr               0x20004578     0x4  Data  Gb  setlocale.o [3]
_Wctomb                 0x0800d139    0x1a  Code  Gb  xwctomb.o [3]
__BASEPRICONFIG         0x0800c493          Code  Gb  cortexm3_macro.o [1]
__DMB                   0x0800c445          Code  Gb  cortexm3_macro.o [1]
__DSB                   0x0800c43f          Code  Gb  cortexm3_macro.o [1]
__GetBASEPRI            0x0800c499          Code  Gb  cortexm3_macro.o [1]
__ISB                   0x0800c439          Code  Gb  cortexm3_macro.o [1]
__MRS_CONTROL           0x0800c44f          Code  Gb  cortexm3_macro.o [1]
__MRS_MSP               0x0800c46b          Code  Gb  cortexm3_macro.o [1]
__MRS_PSP               0x0800c45f          Code  Gb  cortexm3_macro.o [1]
__MSR_CONTROL           0x0800c455          Code  Gb  cortexm3_macro.o [1]
__MSR_MSP               0x0800c471          Code  Gb  cortexm3_macro.o [1]
__MSR_PSP               0x0800c465          Code  Gb  cortexm3_macro.o [1]
__READ_FAULTMASK        0x0800c48d          Code  Gb  cortexm3_macro.o [1]
__READ_PRIMASK          0x0800c47f          Code  Gb  cortexm3_macro.o [1]
__RESETFAULTMASK        0x0800c485          Code  Gb  cortexm3_macro.o [1]
__RESETPRIMASK          0x0800c477          Code  Gb  cortexm3_macro.o [1]
__REV_HalfWord          0x0800c49f          Code  Gb  cortexm3_macro.o [1]
__REV_Word              0x0800c4a3          Code  Gb  cortexm3_macro.o [1]
__SETFAULTMASK          0x0800c489          Code  Gb  cortexm3_macro.o [1]
__SETPRIMASK            0x0800c47b          Code  Gb  cortexm3_macro.o [1]
__SEV                   0x0800c435          Code  Gb  cortexm3_macro.o [1]
__SVC                   0x0800c44b          Code  Gb  cortexm3_macro.o [1]
__WFE                   0x0800c431          Code  Gb  cortexm3_macro.o [1]
__WFI                   0x0800c42d          Code  Gb  cortexm3_macro.o [1]
__aeabi_assert          0x0800cb6f    0x42  Code  Gb  xassert.o [3]
__aeabi_cdcmple         0x0800ce35          Code  Gb  DblCmpLe.o [4]
__aeabi_cdrcmple        0x0800ce65          Code  Gb  DblCmpGe.o [4]
__aeabi_d2iz            0x0800c90d          Code  Gb  DblToI32.o [4]
__aeabi_d2uiz           0x0800c939          Code  Gb  DblToI32.o [4]
__aeabi_dadd            0x0800b9f9          Code  Gb  DblAdd.o [4]
__aeabi_ddiv            0x08008cbd          Code  Gb  DblDiv.o [4]
__aeabi_dmul            0x0800a6c5          Code  Gb  DblMul.o [4]
__aeabi_dsub            0x0800a9e9          Code  Gb  DblSub.o [4]
__aeabi_i2d             0x0800ce95          Code  Gb  I32ToDbl.o [4]
__aeabi_ldiv0           0x0800d521          Code  Gb  I64DivZer.o [4]
__aeabi_ldivmod         0x0800af7d          Code  Gb  I64DivMod.o [4]
__aeabi_memcpy          0x0800c59d          Code  Gb  ABImemcpy.o [4]
__aeabi_memcpy4         0x0800c5b7          Code  Gb  ABImemcpy.o [4]
__aeabi_memcpy8         0x0800c5b7          Code  Gb  ABImemcpy.o [4]
__aeabi_memset          0x0800c67d          Code  Gb  ABImemset.o [4]
__aeabi_ui2d            0x0800cea9          Code  Gb  I32ToDbl.o [4]
__aeabi_uldivmod        0x0800af91          Code  Gb  I64DivMod.o [4]
__call_dtors            0x0800c639     0x4  Code  Gb  cppinit.o [3]
__cstart_call_dtors     0x0800d357          Code  Gb  cexit.o [4]
__cxa_atexit            0x0800c60d    0x2c  Code  Gb  cppinit.o [3]
__cxa_finalize          0x0800c63d    0x3c  Code  Gb  cppinit.o [3]
__data_Aldata           0x20004434     0x8  Data  Gb  xxmemxmalloc.o [3]
__data_GetMemChunk      0x0800cf69    0x28  Code  Gb  xgetmemchunk.o [3]
__dwrite                0x0800d0e1    0x1e  Code  Gb  dwrite.o [5]
__exit                  0x0800d271    0x14  Code  Gb  exit.o [5]
__iar_Dnorm             0x0800be29    0xb4  Code  Gb  xdnorm.o [3]
__iar_Dscale            0x0800b2ed   0x110  Code  Gb  xdscale.o [3]
__iar_EmptyStepPoint    0x0800cb6d     0x2  Code  Gb  xassert.o [3]
__iar_Locksyslock       0x0800c2bd    0x4c  Code  Gb  xsyslock.o [3]
__iar_Mbcurmax          0x0800d4a1     0xa  Code  Gb  xmbcurmax.o [3]
__iar_Memchr            0x0800c8b5          Code  Gb  memchr.o [4]
__iar_Memset            0x0800c67d          Code  Gb  ABImemset.o [4]
__iar_Memset_word       0x0800c685          Code  Gb  ABImemset.o [4]
__iar_Mtxdst            0x0800ce0b     0x6  Code  Gb  MtxWrapper.o [3]
__iar_Mtxinit           0x0800ce05     0x6  Code  Gb  MtxWrapper.o [3]
__iar_Mtxlock           0x0800ce11     0x4  Code  Gb  MtxWrapper.o [3]
__iar_Mtxunlock         0x0800ce1f     0x6  Code  Gb  MtxWrapper.o [3]
__iar_ReportAssert      0x0800c3c9    0x64  Code  Gb  xreportassert.o [3]
__iar_Stderr            0x200046ac    0x40  Data  Gb  xfiles.o [3]
__iar_Stdin             0x2000462c    0x40  Data  Gb  xfiles.o [3]
__iar_Stdout            0x2000466c    0x40  Data  Gb  xfiles.o [3]
__iar_Strchr            0x0800d1cd          Code  Gb  strchr.o [4]
__iar_Tls_setup__IsdstStr
                        0x20004584     0x4  Data  Gb  setlocale.o [3]
__iar_Tls_setup__Locale_Profile
                        0x20004588     0x4  Data  Gb  setlocale.o [3]
__iar_Tls_setup__Locale_lconv
                        0x200045e0     0x4  Data  Gb  localeconv.o [3]
__iar_Tls_setup__TzoneStr
                        0x2000457c     0x4  Data  Gb  setlocale.o [3]
__iar_Unlocksyslock     0x0800c309    0x14  Code  Gb  xsyslock.o [3]
__iar_d2uiz             0x0800c943          Code  Gb  DblToI32.o [4]
__iar_dadd              0x0800ba0b          Code  Gb  DblAdd.o [4]
__iar_data_init2        0x0800d11d    0x1c  Code  Gb  data_init2.o [4]
__iar_dsub              0x0800a9fb          Code  Gb  DblSub.o [4]
__iar_dsubStart         0x0800aa0d          Code  Gb  DblSub.o [4]
__iar_packbits_init2    0x0800c205    0x8e  Code  Gb  packbits_init2.o [4]
__iar_program_start     0x0800d1b5          Code  Gb  cmain.o [4]
__iar_sh_stdout         0x0800c9cd    0x3c  Code  Gb  iarwstd.o [5]
__iar_sh_stdout_close   0x0800c9b9    0x14  Code  Gb  iarwstd.o [5]
__iar_sh_stdout_handle  0x20004534     0x4  Data  Lc  iarwstd.o [5]
__iar_sh_write          0x0800d0c1    0x20  Code  Gb  iarwrite.o [5]
__iar_strcmp            0x0800cbb1          Code  Gb  strcmp.o [4]
__iar_ui2d              0x0800ceab          Code  Gb  I32ToDbl.o [4]
__iar_zero_init2        0x0800d153    0x1a  Code  Gb  zero_init2.o [4]
__low_level_init        0x0800d523     0x4  Code  Gb  low_level_init.o [3]
__vector_table          0x08000000   0x140  Data  Gb  stm32f10x_vector.o [1]
__write                 0x0800d345    0x10  Code  Gb  write.o [5]
_exit                   0x0800d355          Code  Gb  cexit.o [4]
_main                   0x0800d1c7          Code  Gb  cmain.o [4]
abort                   0x0800d505     0x8  Code  Gb  abort.o [3]
addressbits             0x0800b808   0x100  Data  Lc  rec_ecc.o [1]
app_init                0x08003ab9    0xb0  Code  Gb  app.o [1]
app_init_thread         0x08004241    0xe8  Code  Gb  app.o [1]
app_startup             0x08004331    0x88  Code  Gb  app.o [1]
ascii_to_keyreport      0x0800aee1    0x98  Code  Gb  basic_fun.o [1]
bDeviceState            0x2000451c     0x4  Data  Gb  usb_pwr.o [1]
bIntPackSOF             0x2000455b     0x1  Data  Gb  usb_istr.o [1]
barcode_cash            0x20002b80   0x4d0  Data  Lc  app.o [1]
barcode_hid_send        0x08003a5d    0x5c  Code  Lc  app.o [1]
barcode_pool            0x2000424c    0x3c  Data  Lc  app.o [1]
batch_node              0x20004074    0x54  Data  Lc  app.o [1]
bitsperbyte             0x0800b708   0x100  Data  Lc  rec_ecc.o [1]
buffer                  0x20000df0  0x1000  Data  Lc  spi_flash.o [1]
calculate_ecc           0x08006991   0x3a4  Code  Gb  rec_ecc.o [1]
charge_detect_io_cnt    0x20004468     0x4  Data  Gb  hw_platform.o [1]
charge_state_cnt        0x20004460     0x4  Data  Lc  hw_platform.o [1]
check_vtimer_handle     0x0800959d    0x18  Code  Lc  TimeBase.o [1]
clearlocks              0x0800c295    0x26  Code  Lc  xsyslock.o [3]
correct_data            0x08006d35    0xf4  Code  Gb  rec_ecc.o [1]
count_in                0x20004500     0x4  Data  Gb  usb_endp.o [1]
crc32                   0x0800cf41    0x28  Code  Gb  crc32.o [1]
crc32_tab               0x08007f18   0x400  Data  Lc  crc32.o [1]
current_cache_block     0x200044e8     0x4  Data  Lc  spi_flash.o [1]
current_led_state       0x20004548     0x1  Data  Lc  hw_platform.o [1]
current_logical_index   0x200044c8     0x4  Data  Lc  record_m.o [1]
current_node_offset     0x200044cc     0x4  Data  Gb  record_m.o [1]
current_press_key       0x20004549     0x1  Data  Lc  keypad.o [1]
data_uart_init          0x0800bf8d    0x7c  Code  Gb  data_uart.o [1]
delay_ms                0x080094ad    0x1a  Code  Gb  TimeBase.o [1]
delay_us                0x08009495    0x18  Code  Gb  TimeBase.o [1]
delete_one_node         0x080068f1    0x1e  Code  Gb  record_m.o [1]
device_current_state    0x20004454     0x4  Data  Gb  app.o [1]
div                     0x0800d371     0xe  Code  Gb  div.o [3]
ebuf                    0x2000416c    0x50  Data  Lc  xfiles.o [3]
eccdata_tmp             0x20003d7c   0x100  Data  Gb  record_mod.o [1]
ecckey_cal              0x200044d8     0x4  Data  Gb  record_mod.o [1]
ecckey_read             0x200044d4     0x4  Data  Gb  record_mod.o [1]
enter_into_BT_Mode      0x080039e3    0x4e  Code  Lc  app.o [1]
enter_into_Memory_Mode  0x08003961    0x14  Code  Lc  app.o [1]
enter_into_USB_HID_Mode
                        0x08003977    0x60  Code  Lc  app.o [1]
event_pool              0x20004314    0x20  Data  Lc  app.o [1]
exit                    0x0800d50d     0x6  Code  Gb  exit.o [3]
exit_from_BT_Mode       0x08003a31    0x2a  Code  Lc  app.o [1]
exit_from_Memory_Mode   0x08003975     0x2  Code  Lc  app.o [1]
exit_from_USB_HID_Mode  0x080039d7     0xc  Code  Lc  app.o [1]
fatfs_sector_offset     0x200044f0     0x4  Data  Gb  spi_flash.o [1]
fflush                  0x0800bf51    0x3c  Code  Gb  fflush.o [3]
fflushOne               0x0800bedd    0x74  Code  Lc  fflush.o [3]
flash_state             0x20004557     0x1  Data  Lc  spi_flash.o [1]
flasize                 0x200044e4     0x4  Data  Gb  spi_flash.o [1]
fputc                   0x0800c009    0x20  Code  Gb  data_uart.o [1]
free                    0x0800c321    0x88  Code  Gb  xxmemxfree.o [3]
g_mass_storage_device_type
                        0x20004543     0x1  Data  Gb  PCUsart.o [1]
g_pReqCmd               0x2000443c     0x4  Data  Gb  HJ5000_scanner.o [1]
g_param                 0x200042f4    0x20  Data  Gb  Terminal_Para_m.o [1]
g_rec_offset            0x200044d0     0x4  Data  Gb  record_m.o [1]
g_receive_buff          0x20003f94    0x80  Data  Gb  HJ5000_scanner.o [1]
g_resCmd                0x200043f0     0xc  Data  Gb  HJ5000_scanner.o [1]
g_send_buff             0x200042d4    0x20  Data  Gb  HJ5000_scanner.o [1]
g_usb_type              0x20004547     0x1  Data  Gb  hw_config.o [1]
get_delete_node         0x08006595    0x42  Code  Lc  record_m.o [1]
get_first_valid_node    0x080065d7    0x40  Code  Lc  record_m.o [1]
get_node                0x08006915    0x72  Code  Gb  record_m.o [1]
get_spi_flash_capacity  0x08006379     0x6  Code  Gb  spi_flash.o [1]
hard_fault_handler_c    0x080089bd    0xe4  Code  Gb  stm32f10x_it.o [1]
hex_to_str              0x0800ae35    0x98  Code  Gb  basic_fun.o [1]
hw_platform_ChargeState_Detect
                        0x08005845    0x38  Code  Gb  hw_platform.o [1]
hw_platform_USBcable_Insert_Detect
                        0x08005885    0x30  Code  Gb  hw_platform.o [1]
hw_platform_beep_ctrl   0x0800592b    0x48  Code  Gb  hw_platform.o [1]
hw_platform_beep_motor_ctrl
                        0x08005973    0x58  Code  Gb  hw_platform.o [1]
hw_platform_get_PowerClass
                        0x080057c9    0x76  Code  Gb  hw_platform.o [1]
hw_platform_init        0x080057b5    0x14  Code  Gb  hw_platform.o [1]
hw_platform_led_ctrl    0x080058b5    0x76  Code  Gb  hw_platform.o [1]
hw_platform_start_led_blink
                        0x08005a65   0x228  Code  Gb  hw_platform.o [1]
hw_platform_stop_led_blink
                        0x08005c8d   0x106  Code  Gb  hw_platform.o [1]
id_array                0x0800cbf4    0x40  Data  Gb  spi_flash.o [1]
invparity               0x0800b608   0x100  Data  Lc  rec_ecc.o [1]
keyboard_output_report_value
                        0x20004518     0x4  Data  Gb  usb_prop.o [1]
keypad_state            0x2000454a     0x1  Data  Lc  keypad.o [1]
keypress_timeout        0x20004458     0x4  Data  Gb  app.o [1]
last_charge_detect_io_cnt
                        0x20004464     0x4  Data  Lc  hw_platform.o [1]
led_blue_blink_timer_hook
                        0x080059f9    0x24  Code  Lc  hw_platform.o [1]
led_green_blink_timer_hook
                        0x08005a1d    0x24  Code  Lc  hw_platform.o [1]
led_red_blink_timer_hook
                        0x080059d5    0x24  Code  Lc  hw_platform.o [1]
led_timer_h             0x200043a8    0x10  Data  Lc  hw_platform.o [1]
led_yellow_blink_timer_hook
                        0x08005a41    0x24  Code  Lc  hw_platform.o [1]
localeconv              0x0800d285    0x14  Code  Gb  localeconv.o [3]
lowpower_cnt            0x20004546     0x1  Data  Lc  app.o [1]
lowpower_state          0x20004545     0x1  Data  Lc  app.o [1]
lowpower_tip            0x080041f9    0x46  Code  Gb  app.o [1]
main                    0x0800a361    0x70  Code  Gb  main.o [1]
malloc                  0x0800bd6d    0xbc  Code  Gb  xxmemxmalloc.o [3]
memchr                  0x0800c8b5          Code  Gb  memchr.o [4]
memcmp                  0x0800c6e5          Code  Gb  memcmp.o [4]
memcpy                  0x0800d363     0xe  Code  Wk  BT816.o [1]
memset                  0x0800d2ad    0x14  Code  Wk  HJ5000_scanner.o [1]
mtx                     0x20004388    0x10  Data  Lc  xsyslock.o [3]
mtxdst                  0x20004528     0x4  Data  Lc  MtxWrapper.o [3]
mtxinit                 0x20004524     0x4  Data  Lc  MtxWrapper.o [3]
mtxlock                 0x2000452c     0x4  Data  Lc  MtxWrapper.o [3]
mtxunlock               0x20004530     0x4  Data  Lc  MtxWrapper.o [3]
next_abi_dtor_rec       0x2000487c     0x4  Data  Lc  cppinit.o [3]
obuf                    0x200041bc    0x50  Data  Lc  xfiles.o [3]
out                     0x0800c3a9    0x20  Code  Lc  xreportassert.o [3]
pBarcode_Queue          0x20004448     0x4  Data  Lc  app.o [1]
pEpInt_IN               0x200047e4    0x1c  Data  Gb  usb_istr.o [1]
pEpInt_OUT              0x20004800    0x1c  Data  Gb  usb_istr.o [1]
pEvent_Queue            0x2000444c     0x4  Data  Gb  app.o [1]
pIOSem                  0x20004450     0x4  Data  Lc  app.o [1]
pInformation            0x20004504     0x4  Data  Gb  usb_init.o [1]
pProperty               0x20004508     0x4  Data  Gb  usb_init.o [1]
pUser_Standard_Requests
                        0x2000450c     0x4  Data  Gb  usb_init.o [1]
p_allocate_addr         0x200039ec   0x190  Data  Lc  JMemory.o [1]
p_init_thread_stk       0x20004444     0x4  Data  Lc  app.o [1]
pack_ctrl_command       0x0800848f    0x84  Code  Lc  HJ5000_scanner.o [1]
pack_set_command        0x08008435    0x5a  Code  Lc  HJ5000_scanner.o [1]
param_format            0x080018b5     0xe  Code  Gb  record_mod.o [1]
param_init              0x08001c01     0xe  Code  Gb  record_mod.o [1]
param_mod_state         0x20004544     0x1  Data  Lc  Terminal_Para_m.o [1]
param_read              0x080018c5   0x108  Code  Gb  record_mod.o [1]
param_write             0x080019cd   0x234  Code  Gb  record_mod.o [1]
platform_misc_port_init
                        0x0800565b   0x15a  Code  Lc  hw_platform.o [1]
press_cnt               0x2000446c     0x4  Data  Lc  keypad.o [1]
printf                  0x0800d081    0x20  Code  Gb  printf.o [3]
pull_barcode_from_cash  0x080038f5    0x6c  Code  Gb  app.o [1]
push_barcode_into_cash  0x08003881    0x72  Code  Gb  app.o [1]
putchar                 0x0800d495     0xc  Code  Gb  putchar.o [3]
rec_LA_to_PA            0x08006759    0xe8  Code  Gb  record_m.o [1]
rec_PA_to_LA            0x08006841    0xac  Code  Gb  record_m.o [1]
rec_cnt                 0x200044c4     0x4  Data  Lc  record_m.o [1]
rec_copy4kblk           0x08000221    0x62  Code  Lc  record_mod.o [1]
rec_getindex            0x08000283    0x18  Code  Lc  record_mod.o [1]
rec_getrecspc           0x08000179    0x3a  Code  Lc  record_mod.o [1]
rec_module_buffer       0x200040c8    0x54  Data  Gb  record_m.o [1]
rec_readsimprit         0x08000141    0x38  Code  Lc  record_mod.o [1]
rec_searchby_tag        0x080066c5    0x94  Code  Gb  record_m.o [1]
rec_writesimprit        0x080001b3    0x62  Code  Lc  record_mod.o [1]
recinfo                 0x20004288    0x2c  Data  Lc  record_mod.o [1]
recmod_flasize          0x200044ec     0x4  Data  Gb  spi_flash.o [1]
record_add              0x08006619    0x94  Code  Gb  record_m.o [1]
record_clear            0x080066b3    0x12  Code  Gb  record_m.o [1]
record_count            0x080009dd    0x96  Code  Gb  record_mod.o [1]
record_count_ext        0x08000a73    0x46  Code  Gb  record_mod.o [1]
record_delall           0x080017f9    0xbc  Code  Gb  record_mod.o [1]
record_format           0x0800029d   0x2bc  Code  Gb  record_mod.o [1]
record_init             0x08000559   0x47c  Code  Gb  record_mod.o [1]
record_modify           0x08000d11    0xac  Code  Gb  record_mod.o [1]
record_module_count     0x080066ad     0x6  Code  Gb  record_m.o [1]
record_module_init      0x080064bd    0xa4  Code  Gb  record_m.o [1]
record_module_read      0x08006561    0x34  Code  Gb  record_m.o [1]
record_read             0x08000ab9   0x24c  Code  Gb  record_mod.o [1]
record_replace          0x08000dc1   0x4f4  Code  Gb  record_mod.o [1]
record_write            0x080012b5   0x544  Code  Gb  record_mod.o [1]
recover_record_by_logfile
                        0x0800698d     0x4  Code  Gb  record_m.o [1]
release_cnt             0x20004470     0x4  Data  Lc  keypad.o [1]
reset_resVar            0x080083d7    0x14  Code  Lc  HJ5000_scanner.o [1]
reset_timer             0x080095b5    0x28  Code  Gb  TimeBase.o [1]
scan_barcode_ok_tip     0x08003841    0x40  Code  Lc  app.o [1]
scanner_get_barcode     0x08008601    0x98  Code  Gb  HJ5000_scanner.o [1]
scanner_mod_init        0x08008515    0x6c  Code  Gb  HJ5000_scanner.o [1]
send_data_to_BT816S01   0x080045c1    0x58  Code  Lc  BT816.o [1]
send_data_to_scanner    0x080083eb    0x38  Code  Lc  HJ5000_scanner.o [1]
simprit                 0x200043b8    0x10  Data  Lc  record_mod.o [1]
spi_flash_erasesector   0x08005f49    0x4c  Code  Gb  spi_flash.o [1]
spi_flash_init          0x08005da9   0x180  Code  Gb  spi_flash.o [1]
spi_flash_page_write    0x0800601b    0x64  Code  Gb  spi_flash.o [1]
spi_flash_post_write    0x0800637f    0x6c  Code  Gb  spi_flash.o [1]
spi_flash_raddr         0x08006245    0x5e  Code  Gb  spi_flash.o [1]
spi_flash_rpage         0x08005f95    0x86  Code  Gb  spi_flash.o [1]
spi_flash_send_byte     0x080062a3    0x48  Code  Gb  spi_flash.o [1]
spi_flash_valid         0x08005f29    0x1c  Code  Gb  spi_flash.o [1]
spi_flash_waddr         0x0800607f   0x1c6  Code  Gb  spi_flash.o [1]
spi_flash_wait_for_write_end
                        0x0800630f    0x64  Code  Gb  spi_flash.o [1]
spi_flash_write         0x080063eb    0xc4  Code  Gb  spi_flash.o [1]
spi_flash_write_enable  0x080062f1    0x1e  Code  Gb  spi_flash.o [1]
start_real_timer        0x08009641    0x1a  Code  Gb  TimeBase.o [1]
start_timer             0x08009535    0x68  Code  Gb  TimeBase.o [1]
stop_real_timer         0x0800965b    0x1a  Code  Gb  TimeBase.o [1]
stop_timer              0x080095dd    0x64  Code  Gb  TimeBase.o [1]
strchr                  0x0800d1cd          Code  Gb  strchr.o [4]
strcmp                  0x0800cbb1          Code  Gb  strcmp.o [4]
strcpy                  0x0800cb29          Code  Gb  strcpy.o [4]
strlen                  0x0800cd69          Code  Gb  strlen.o [4]
syslock_o               0x20004384     0x4  Data  Lc  xsyslock.o [3]
system_err_tip          0x0800423f     0x2  Code  Gb  app.o [1]
test_var1               0x200044dc     0x4  Data  Lc  record_mod.o [1]
test_var2               0x200044e0     0x4  Data  Lc  record_mod.o [1]
thread_bt_stk           0x200035ec   0x200  Data  Lc  app.o [1]
thread_eventcapture_stk
                        0x200033ec   0x200  Data  Lc  app.o [1]
thread_statemachine_stk
                        0x200025f0   0x590  Data  Lc  app.o [1]
tmpfgrb                 0x20004556     0x1  Data  Lc  record_mod.o [1]
tmpfgwi                 0x20004555     0x1  Data  Lc  record_mod.o [1]
token                   0x200043e4     0xc  Data  Lc  BT816.o [1]
token_value             0x20004398    0x10  Data  Lc  BT816.o [1]
usb_device_init         0x0800c141    0x28  Code  Gb  PCUsart.o [1]
v_timer_list            0x200043fc     0x8  Data  Gb  TimeBase.o [1]
wInterrupt_Mask         0x2000453a     0x2  Data  Gb  usb_init.o [1]
wIstr                   0x20004540     0x2  Data  Gb  usb_istr.o [1]
wait_time_out           0x20004440     0x4  Data  Lc  HJ5000_scanner.o [1]
write_cmd_to_scanner    0x08008429     0xc  Code  Lc  HJ5000_scanner.o [1]


[1] = E:\H520B\FW\src\Project\EWARMv5\Debug\Obj
[2] = command line
[3] = dl7M_tl_if.a
[4] = rt7M_tl.a
[5] = shb_l.a

  50 350 bytes of readonly  code memory
   4 848 bytes of readonly  data memory
  18 544 bytes of readwrite data memory

Errors: none
Warnings: none
