###############################################################################
#                                                                             #
# IAR ELF Linker V5.30.0.51174/W32 for ARM              25/Sep/2015  16:55:33 #
# Copyright 2007-2009 IAR Systems AB.                                         #
#                                                                             #
#    Output file  =  E:\H520B\FW\src\Project\EWARMv5\Debug\Exe\T6.out         #
#    Map file     =  E:\H520B\FW\src\Project\EWARMv5\Debug\List\T6.map        #
#    Command line =  E:\H520B\FW\src\Project\EWARMv5\Debug\Obj\HJ5000_scanner #
#                    .o E:\H520B\FW\src\Project\EWARMv5\Debug\Obj\JMemory.o   #
#                    E:\H520B\FW\src\Project\EWARMv5\Debug\Obj\PCUsart.o      #
#                    E:\H520B\FW\src\Project\EWARMv5\Debug\Obj\Terminal_Para. #
#                    o E:\H520B\FW\src\Project\EWARMv5\Debug\Obj\TimeBase.o   #
#                    E:\H520B\FW\src\Project\EWARMv5\Debug\Obj\WBTDS01.o      #
#                    E:\H520B\FW\src\Project\EWARMv5\Debug\Obj\app.o          #
#                    E:\H520B\FW\src\Project\EWARMv5\Debug\Obj\basic_fun.o    #
#                    E:\H520B\FW\src\Project\EWARMv5\Debug\Obj\cortexm3_macro #
#                    .o E:\H520B\FW\src\Project\EWARMv5\Debug\Obj\cpu_a.o     #
#                    E:\H520B\FW\src\Project\EWARMv5\Debug\Obj\cpu_c.o        #
#                    E:\H520B\FW\src\Project\EWARMv5\Debug\Obj\crc32.o        #
#                    E:\H520B\FW\src\Project\EWARMv5\Debug\Obj\data_uart.o    #
#                    E:\H520B\FW\src\Project\EWARMv5\Debug\Obj\diskio.o       #
#                    E:\H520B\FW\src\Project\EWARMv5\Debug\Obj\ff.o           #
#                    E:\H520B\FW\src\Project\EWARMv5\Debug\Obj\hardfault_isr_ #
#                    handle_a.o E:\H520B\FW\src\Project\EWARMv5\Debug\Obj\has #
#                    h.o E:\H520B\FW\src\Project\EWARMv5\Debug\Obj\hw_config. #
#                    o E:\H520B\FW\src\Project\EWARMv5\Debug\Obj\hw_platform. #
#                    o E:\H520B\FW\src\Project\EWARMv5\Debug\Obj\keypad.o     #
#                    E:\H520B\FW\src\Project\EWARMv5\Debug\Obj\lib_ascii.o    #
#                    E:\H520B\FW\src\Project\EWARMv5\Debug\Obj\lib_mem.o      #
#                    E:\H520B\FW\src\Project\EWARMv5\Debug\Obj\lib_str.o      #
#                    E:\H520B\FW\src\Project\EWARMv5\Debug\Obj\main.o         #
#                    E:\H520B\FW\src\Project\EWARMv5\Debug\Obj\mass_mal.o     #
#                    E:\H520B\FW\src\Project\EWARMv5\Debug\Obj\memory.o       #
#                    E:\H520B\FW\src\Project\EWARMv5\Debug\Obj\os_core.o      #
#                    E:\H520B\FW\src\Project\EWARMv5\Debug\Obj\os_cpu_a.o     #
#                    E:\H520B\FW\src\Project\EWARMv5\Debug\Obj\os_cpu_c.o     #
#                    E:\H520B\FW\src\Project\EWARMv5\Debug\Obj\os_dbg.o       #
#                    E:\H520B\FW\src\Project\EWARMv5\Debug\Obj\os_flag.o      #
#                    E:\H520B\FW\src\Project\EWARMv5\Debug\Obj\os_mbox.o      #
#                    E:\H520B\FW\src\Project\EWARMv5\Debug\Obj\os_mem.o       #
#                    E:\H520B\FW\src\Project\EWARMv5\Debug\Obj\os_mutex.o     #
#                    E:\H520B\FW\src\Project\EWARMv5\Debug\Obj\os_probe.o     #
#                    E:\H520B\FW\src\Project\EWARMv5\Debug\Obj\os_q.o         #
#                    E:\H520B\FW\src\Project\EWARMv5\Debug\Obj\os_sem.o       #
#                    E:\H520B\FW\src\Project\EWARMv5\Debug\Obj\os_task.o      #
#                    E:\H520B\FW\src\Project\EWARMv5\Debug\Obj\os_time.o      #
#                    E:\H520B\FW\src\Project\EWARMv5\Debug\Obj\os_tmr.o       #
#                    E:\H520B\FW\src\Project\EWARMv5\Debug\Obj\record.o       #
#                    E:\H520B\FW\src\Project\EWARMv5\Debug\Obj\scsi_data.o    #
#                    E:\H520B\FW\src\Project\EWARMv5\Debug\Obj\spi_flash.o    #
#                    E:\H520B\FW\src\Project\EWARMv5\Debug\Obj\stm32f10x_adc. #
#                    o E:\H520B\FW\src\Project\EWARMv5\Debug\Obj\stm32f10x_bk #
#                    p.o E:\H520B\FW\src\Project\EWARMv5\Debug\Obj\stm32f10x_ #
#                    crc.o E:\H520B\FW\src\Project\EWARMv5\Debug\Obj\stm32f10 #
#                    x_dbgmcu.o E:\H520B\FW\src\Project\EWARMv5\Debug\Obj\stm #
#                    32f10x_dma.o E:\H520B\FW\src\Project\EWARMv5\Debug\Obj\s #
#                    tm32f10x_exti.o E:\H520B\FW\src\Project\EWARMv5\Debug\Ob #
#                    j\stm32f10x_flash.o E:\H520B\FW\src\Project\EWARMv5\Debu #
#                    g\Obj\stm32f10x_fsmc.o E:\H520B\FW\src\Project\EWARMv5\D #
#                    ebug\Obj\stm32f10x_gpio.o E:\H520B\FW\src\Project\EWARMv #
#                    5\Debug\Obj\stm32f10x_i2c.o                              #
#                    E:\H520B\FW\src\Project\EWARMv5\Debug\Obj\stm32f10x_it.o #
#                     E:\H520B\FW\src\Project\EWARMv5\Debug\Obj\stm32f10x_iwd #
#                    g.o E:\H520B\FW\src\Project\EWARMv5\Debug\Obj\stm32f10x_ #
#                    lib.o E:\H520B\FW\src\Project\EWARMv5\Debug\Obj\stm32f10 #
#                    x_nvic.o E:\H520B\FW\src\Project\EWARMv5\Debug\Obj\stm32 #
#                    f10x_pwr.o E:\H520B\FW\src\Project\EWARMv5\Debug\Obj\stm #
#                    32f10x_rcc.o E:\H520B\FW\src\Project\EWARMv5\Debug\Obj\s #
#                    tm32f10x_rtc.o E:\H520B\FW\src\Project\EWARMv5\Debug\Obj #
#                    \stm32f10x_spi.o E:\H520B\FW\src\Project\EWARMv5\Debug\O #
#                    bj\stm32f10x_systick.o E:\H520B\FW\src\Project\EWARMv5\D #
#                    ebug\Obj\stm32f10x_tim.o E:\H520B\FW\src\Project\EWARMv5 #
#                    \Debug\Obj\stm32f10x_usart.o                             #
#                    E:\H520B\FW\src\Project\EWARMv5\Debug\Obj\stm32f10x_vect #
#                    or.o E:\H520B\FW\src\Project\EWARMv5\Debug\Obj\usb_bot.o #
#                     E:\H520B\FW\src\Project\EWARMv5\Debug\Obj\usb_core.o    #
#                    E:\H520B\FW\src\Project\EWARMv5\Debug\Obj\usb_desc.o     #
#                    E:\H520B\FW\src\Project\EWARMv5\Debug\Obj\usb_endp.o     #
#                    E:\H520B\FW\src\Project\EWARMv5\Debug\Obj\usb_init.o     #
#                    E:\H520B\FW\src\Project\EWARMv5\Debug\Obj\usb_int.o      #
#                    E:\H520B\FW\src\Project\EWARMv5\Debug\Obj\usb_istr.o     #
#                    E:\H520B\FW\src\Project\EWARMv5\Debug\Obj\usb_mem.o      #
#                    E:\H520B\FW\src\Project\EWARMv5\Debug\Obj\usb_prop.o     #
#                    E:\H520B\FW\src\Project\EWARMv5\Debug\Obj\usb_pwr.o      #
#                    E:\H520B\FW\src\Project\EWARMv5\Debug\Obj\usb_regs.o     #
#                    E:\H520B\FW\src\Project\EWARMv5\Debug\Obj\usb_scsi.o     #
#                    E:\H520B\FW\src\Project\EWARMv5\Debug\Obj\usb_sil.o -o   #
#                    E:\H520B\FW\src\Project\EWARMv5\Debug\Exe\T6.out --map   #
#                    E:\H520B\FW\src\Project\EWARMv5\Debug\List\T6.map        #
#                    --config E:\H520B\FW\src\Project\EWARMv5\stm32f10x_debug #
#                    .icf --semihosting --entry __iar_program_start           #
#                                                                             #
#                                                                             #
###############################################################################

*******************************************************************************
*** RUNTIME MODEL ATTRIBUTES
***

__endian      = little
__thumb_aware = enabled


*******************************************************************************
*** PLACEMENT SUMMARY
***

"A1":  place at mem:0x8000000 { ro section .intvec };
"P1":  place in [from mem:0x8000000 to mem:0x800ffff] { ro };
"P3":  place in [from mem:0x20000010 to mem:0x20005000] {
          rw, block CSTACK, block HEAP };

  Section            Kind        Address    Size  Object
  -------            ----        -------    ----  ------
"A1":                                      0x140
  .intvec            const    0x08000000   0x140  stm32f10x_vector.o [1]
                            - 0x08000140   0x140

"P1":                                     0xe7c6
  .text              ro code  0x08000140  0x1fdc  ff.o [1]
  .text              ro code  0x0800211c  0x194c  record.o [1]
  .text              ro code  0x08003a68  0x104e  xprintffull.o [3]
  .text              ro code  0x08004ab8   0xbf0  app.o [1]
  .text              ro code  0x080056a8   0xbde  usb_core.o [1]
  .text              ro code  0x08006288   0x814  hw_platform.o [1]
  .text              ro code  0x08006a9c   0x7f8  os_core.o [1]
  .text              ro code  0x08007294   0x6c8  spi_flash.o [1]
  .text              ro code  0x0800795c   0x690  WBTDS01.o [1]
  .text              ro code  0x08007fec   0x474  keypad.o [1]
  .text              ro code  0x08008460   0x44c  usb_prop.o [1]
  .text              ro code  0x080088ac   0x440  usb_scsi.o [1]
  .text              ro code  0x08008cec   0x43c  usb_bot.o [1]
  .rodata            const    0x08009128   0x400  crc32.o [1]
  .text              ro code  0x08009528   0x384  HJ5000_scanner.o [1]
  .text              ro code  0x080098ac   0x320  stm32f10x_it.o [1]
  .text              ro code  0x08009bcc   0x318  stm32f10x_rcc.o [1]
  .text              ro code  0x08009ee4   0x2bc  DblDiv.o [4]
  .text              ro code  0x0800a1a0   0x28e  os_task.o [1]
  .text              ro code  0x0800a430   0x28c  usb_regs.o [1]
  .text              ro code  0x0800a6bc   0x280  os_q.o [1]
  .text              ro code  0x0800a93c   0x24c  TimeBase.o [1]
  .text              ro code  0x0800ab88   0x244  usb_int.o [1]
  .text              ro code  0x0800adcc   0x23c  memory.o [1]
  .text              ro code  0x0800b008   0x1c4  stm32f10x_dma.o [1]
  .text              ro code  0x0800b1cc   0x1c4  stm32f10x_gpio.o [1]
  .text              ro code  0x0800b390   0x1c4  stm32f10x_usart.o [1]
  .text              ro code  0x0800b554   0x1aa  stm32f10x_adc.o [1]
  .text              ro code  0x0800b700   0x1a2  DblMul.o [4]
  .text              ro code  0x0800b8a4   0x198  main.o [1]
  .rodata            const    0x0800ba3c   0x180  basic_fun.o [1]
  .text              ro code  0x0800bbbc   0x17e  DblSub.o [4]
  .text              ro code  0x0800bd3c   0x168  os_dbg.o [1]
  .text              ro code  0x0800bea4   0x164  stm32f10x_tim.o [1]
  .text              ro code  0x0800c008   0x13c  Terminal_Para.o [1]
  .text              ro code  0x0800c144   0x130  I64DivMod.o [4]
  .text              ro code  0x0800c274   0x11c  os_time.o [1]
  .text              ro code  0x0800c390   0x110  mass_mal.o [1]
  .text              ro code  0x0800c4a0   0x110  xdscale.o [3]
  .text              ro code  0x0800c5b0   0x10c  os_cpu_c.o [1]
  .rodata            const    0x0800c6bc   0x100  os_core.o [1]
  .text              ro code  0x0800c7bc    0xf0  stm32f10x_exti.o [1]
  .text              ro code  0x0800c8ac    0xe6  DblAdd.o [4]
  .text              ro code  0x0800c994    0xd8  hw_config.o [1]
  .text              ro code  0x0800ca6c    0xd0  stm32f10x_nvic.o [1]
  .text              ro code  0x0800cb3c    0xbc  xxmemxmalloc.o [3]
  .text              ro code  0x0800cbf8    0xb4  diskio.o [1]
  .text              ro code  0x0800ccac    0xb4  xdnorm.o [3]
  .text              ro code  0x0800cd60    0xb0  fflush.o [3]
  .text              ro code  0x0800ce10    0xa0  data_uart.o [1]
  CODE               ro code  0x0800ceb0    0xa0  os_cpu_a.o [1]
  .text              ro code  0x0800cf50    0x9c  PCUsart.o [1]
  .text              ro code  0x0800cfec    0x9c  basic_fun.o [1]
  .text              ro code  0x0800d088    0x9c  usb_istr.o [1]
  .text              ro code  0x0800d124    0x8e  packbits_init2.o [4]
  .text              ro code  0x0800d1b4    0x8c  xsyslock.o [3]
  .text              ro code  0x0800d240    0x88  xxmemxfree.o [3]
  .text              ro code  0x0800d2c8    0x84  xreportassert.o [3]
  .text              ro code  0x0800d34c    0x7a  cortexm3_macro.o [1]
  .text              ro code  0x0800d3c8    0x7a  stm32f10x_spi.o [1]
  .text              ro code  0x0800d444    0x76  os_flag.o [1]
  .text              ro code  0x0800d4bc    0x70  ABImemcpy.o [4]
  .text              ro code  0x0800d52c    0x70  cppinit.o [3]
  .text              ro code  0x0800d59c    0x66  ABImemset.o [4]
  .text              ro code  0x0800d604    0x62  memcmp.o [4]
  .text              ro code  0x0800d668    0x5c  JMemory.o [1]
  .text              ro code  0x0800d6c4    0x5c  xencoding_sb.o [3]
  .text              ro code  0x0800d720    0x5a  usb_sil.o [1]
  .text              ro code  0x0800d77c    0x58  os_sem.o [1]
  .text              ro code  0x0800d7d4    0x58  memchr.o [4]
  .text              ro code  0x0800d82c    0x56  DblToI32.o [4]
  .text              ro code  0x0800d884    0x54  usb_mem.o [1]
  .text              ro code  0x0800d8d8    0x54  iarwstd.o [5]
  .text              ro code  0x0800d92c    0x4c  os_mem.o [1]
  .rodata            const    0x0800d978    0x48  xlocale_c.o [3]
  .text              ro code  0x0800d9c0    0x44  stm32f10x_flash.o [1]
  .text              ro code  0x0800da04    0x44  strcpy.o [4]
  .text              ro code  0x0800da48    0x44  xassert.o [3]
  .text              ro code  0x0800da8c    0x42  strcmp.o [4]
  .rodata            const    0x0800dad0    0x40  spi_flash.o [1]
  .rodata            const    0x0800db10    0x40  usb_desc.o [1]
  .text              ro code  0x0800db50    0x40  usb_init.o [1]
  .text              ro code  0x0800db90    0x3c  stm32f10x_pwr.o [1]
  .text              ro code  0x0800dbcc    0x3c  usb_pwr.o [1]
  .text              ro code  0x0800dc08    0x36  strlen.o [4]
  .text              ro code  0x0800dc40    0x34  usb_endp.o [1]
  .rodata            const    0x0800dc74    0x30  xreportassert.o [3]
  .text              ro code  0x0800dca4    0x30  MtxWrapper.o [3]
  .text              ro code  0x0800dcd4    0x2e  DblCmpLe.o [4]
  .text              ro code  0x0800dd04    0x2e  DblCmpGe.o [4]
  .text              ro code  0x0800dd34    0x2e  I32ToDbl.o [4]
  .rodata            const    0x0800dd64    0x2c  ff.o [1]
  .rodata            const    0x0800dd90    0x28  hw_platform.o [1]
  .rodata            const    0x0800ddb8    0x28  usb_desc.o [1]
  .text              ro code  0x0800dde0    0x28  crc32.o [1]
  .text              ro code  0x0800de08    0x28  xgetmemchunk.o [3]
  .rodata            const    0x0800de30    0x24  WBTDS01.o [1]
  .rodata            const    0x0800de54    0x24  app.o [1]
  .rodata            const    0x0800de78    0x24  usb_desc.o [1]
  .iar.init_table    const    0x0800de9c    0x2c  - Linker created -
  .rodata            const    0x0800dec8    0x20  app.o [1]
  .rodata            const    0x0800dee8    0x20  app.o [1]
  .rodata            const    0x0800df08    0x20  app.o [1]
  .rodata            const    0x0800df28    0x20  app.o [1]
  .rodata            const    0x0800df48    0x20  app.o [1]
  .rodata            const    0x0800df68    0x20  usb_desc.o [1]
  .rodata            const    0x0800df88    0x20  usb_desc.o [1]
  .text              ro code  0x0800dfa8    0x20  printf.o [3]
  .text              ro code  0x0800dfc8    0x20  xmbtowc.o [3]
  .text              ro code  0x0800dfe8    0x20  iarwrite.o [5]
  .text              ro code  0x0800e008    0x1e  strcat.o [3]
  .text              ro code  0x0800e026    0x1e  dwrite.o [5]
  .rodata            const    0x0800e044    0x1c  WBTDS01.o [1]
  .rodata            const    0x0800e060    0x1c  app.o [1]
  .rodata            const    0x0800e07c    0x1c  app.o [1]
  .rodata            const    0x0800e098    0x1c  app.o [1]
  .rodata            const    0x0800e0b4    0x1c  app.o [1]
  .rodata            const    0x0800e0d0    0x1c  app.o [1]
  .rodata            const    0x0800e0ec    0x1c  app.o [1]
  .text              ro code  0x0800e108    0x1c  data_init2.o [4]
  .text              ro code  0x0800e124    0x1a  xwctomb.o [3]
  .text              ro code  0x0800e13e    0x1a  zero_init2.o [4]
  .rodata            const    0x0800e158    0x18  app.o [1]
  .rodata            const    0x0800e170    0x18  app.o [1]
  .rodata            const    0x0800e188    0x18  app.o [1]
  .rodata            const    0x0800e1a0    0x18  app.o [1]
  .rodata            const    0x0800e1b8    0x18  app.o [1]
  .rodata            const    0x0800e1d0    0x18  app.o [1]
  .rodata            const    0x0800e1e8    0x18  app.o [1]
  .rodata            const    0x0800e200    0x18  app.o [1]
  .rodata            const    0x0800e218    0x18  app.o [1]
  .rodata            const    0x0800e230    0x18  ff.o [1]
  .rodata            const    0x0800e248    0x18  stm32f10x_it.o [1]
  .text              ro code  0x0800e260    0x18  cmain.o [4]
  .text              ro code  0x0800e278    0x18  hash.o [1]
  .text              ro code  0x0800e290    0x16  strchr.o [4]
  .text              ro code  0x0800e2a6    0x16  xprout.o [3]
  .rodata            const    0x0800e2bc    0x14  WBTDS01.o [1]
  .rodata            const    0x0800e2d0    0x14  WBTDS01.o [1]
  .rodata            const    0x0800e2e4    0x14  app.o [1]
  .rodata            const    0x0800e2f8    0x14  ff.o [1]
  .rodata            const    0x0800e30c    0x14  ff.o [1]
  .rodata            const    0x0800e320    0x14  hw_platform.o [1]
  .rodata            const    0x0800e334    0x14  hw_platform.o [1]
  .rodata            const    0x0800e348    0x14  hw_platform.o [1]
  .rodata            const    0x0800e35c    0x14  hw_platform.o [1]
  .rodata            const    0x0800e370    0x14  main.o [1]
  .rodata            const    0x0800e384    0x14  usb_desc.o [1]
  .rodata            const    0x0800e398    0x14  usb_desc.o [1]
  .text              ro code  0x0800e3ac    0x14  exit.o [5]
  .text              ro code  0x0800e3c0    0x14  localeconv.o [3]
  .text              ro code  0x0800e3d4    0x14  setlocale.o [3]
  .text              ro code  0x0800e3e8    0x14  HJ5000_scanner.o [1]
  CODE               ro code  0x0800e3fc    0x12  hardfault_isr_handle_a.o [1]
  .rodata            const    0x0800e410    0x10  WBTDS01.o [1]
  .rodata            const    0x0800e420    0x10  record.o [1]
  .rodata            const    0x0800e430    0x10  stm32f10x_rcc.o [1]
  .rodata            const    0x0800e440    0x10  xprintffull.o [3]
  .text              ro code  0x0800e450    0x10  write.o [5]
  .text              ro code  0x0800e460     0xe  cexit.o [4]
  .text              ro code  0x0800e46e     0xe  HJ5000_scanner.o [1]
  .text              ro code  0x0800e47c     0xe  div.o [3]
  .rodata            const    0x0800e48c     0xc  Terminal_Para.o [1]
  .rodata            const    0x0800e498     0xc  WBTDS01.o [1]
  .rodata            const    0x0800e4a4     0xc  WBTDS01.o [1]
  .rodata            const    0x0800e4b0     0xc  WBTDS01.o [1]
  .rodata            const    0x0800e4bc     0xc  WBTDS01.o [1]
  .rodata            const    0x0800e4c8     0xc  WBTDS01.o [1]
  .rodata            const    0x0800e4d4     0xc  WBTDS01.o [1]
  .rodata            const    0x0800e4e0     0xc  WBTDS01.o [1]
  .rodata            const    0x0800e4ec     0xc  app.o [1]
  .rodata            const    0x0800e4f8     0xc  app.o [1]
  .rodata            const    0x0800e504     0xc  app.o [1]
  .rodata            const    0x0800e510     0xc  app.o [1]
  .rodata            const    0x0800e51c     0xc  ff.o [1]
  .rodata            const    0x0800e528     0xc  hw_platform.o [1]
  .rodata            const    0x0800e534     0xc  record.o [1]
  .rodata            const    0x0800e540     0xc  record.o [1]
  .rodata            const    0x0800e54c     0xc  record.o [1]
  .rodata            const    0x0800e558     0xc  stm32f10x_it.o [1]
  .rodata            const    0x0800e564     0xc  stm32f10x_it.o [1]
  .rodata            const    0x0800e570     0xc  stm32f10x_it.o [1]
  .rodata            const    0x0800e57c     0xc  stm32f10x_it.o [1]
  .rodata            const    0x0800e588     0xc  stm32f10x_it.o [1]
  .rodata            const    0x0800e594     0xc  stm32f10x_it.o [1]
  .rodata            const    0x0800e5a0     0xc  stm32f10x_it.o [1]
  .rodata            const    0x0800e5ac     0xc  stm32f10x_it.o [1]
  .rodata            const    0x0800e5b8     0xc  stm32f10x_it.o [1]
  .rodata            const    0x0800e5c4     0xc  stm32f10x_it.o [1]
  .rodata            const    0x0800e5d0     0xc  stm32f10x_it.o [1]
  .rodata            const    0x0800e5dc     0xc  stm32f10x_it.o [1]
  .rodata            const    0x0800e5e8     0xc  stm32f10x_it.o [1]
  .text              ro code  0x0800e5f4     0xc  putchar.o [3]
  .text              ro code  0x0800e600     0xa  xmbcurmax.o [3]
  .rodata            const    0x0800e60c     0x8  WBTDS01.o [1]
  .rodata            const    0x0800e614     0x8  WBTDS01.o [1]
  .rodata            const    0x0800e61c     0x8  WBTDS01.o [1]
  .rodata            const    0x0800e624     0x8  record.o [1]
  .rodata            const    0x0800e62c     0x8  record.o [1]
  .rodata            const    0x0800e634     0x8  xprintffull.o [3]
  .rodata            const    0x0800e63c     0x8  localeconv.o [3]
  .rodata            const    0x0800e644     0x8  localeconv.o [3]
  .rodata            const    0x0800e64c     0x8  xencoding_sb.o [3]
  .rodata            const    0x0800e654     0x8  xencoding_sb.o [3]
  .rodata            const    0x0800e65c     0x8  xlocale_c.o [3]
  .rodata            const    0x0800e664     0x8  xlocale_c.o [3]
  .text              ro code  0x0800e66c     0x8  abort.o [3]
  .text              ro code  0x0800e674     0x6  exit.o [3]
  .rodata            const    0x0800e67c     0x4  os_dbg.o [1]
  .rodata            const    0x0800e680     0x4  stm32f10x_rcc.o [1]
  .rodata            const    0x0800e684     0x4  usb_desc.o [1]
  .text              ro code  0x0800e688     0x2  I64DivZer.o [4]
  .text              ro code  0x0800e68a     0x4  low_level_init.o [3]
  .rodata            const    0x0800e68e     0x2  os_dbg.o [1]
  .rodata            const    0x0800e690     0x2  os_dbg.o [1]
  .rodata            const    0x0800e692     0x2  os_dbg.o [1]
  .rodata            const    0x0800e694     0x2  os_dbg.o [1]
  .rodata            const    0x0800e696     0x2  os_dbg.o [1]
  .rodata            const    0x0800e698     0x2  os_dbg.o [1]
  .rodata            const    0x0800e69a     0x2  os_dbg.o [1]
  .rodata            const    0x0800e69c     0x2  os_dbg.o [1]
  .rodata            const    0x0800e69e     0x2  os_dbg.o [1]
  .rodata            const    0x0800e6a0     0x2  os_dbg.o [1]
  .rodata            const    0x0800e6a2     0x2  os_dbg.o [1]
  .rodata            const    0x0800e6a4     0x2  os_dbg.o [1]
  .rodata            const    0x0800e6a6     0x2  os_dbg.o [1]
  .rodata            const    0x0800e6a8     0x2  os_dbg.o [1]
  .rodata            const    0x0800e6aa     0x2  os_dbg.o [1]
  .rodata            const    0x0800e6ac     0x2  os_dbg.o [1]
  .rodata            const    0x0800e6ae     0x2  os_dbg.o [1]
  .rodata            const    0x0800e6b0     0x2  os_dbg.o [1]
  .rodata            const    0x0800e6b2     0x2  os_dbg.o [1]
  .rodata            const    0x0800e6b4     0x2  os_dbg.o [1]
  .rodata            const    0x0800e6b6     0x2  os_dbg.o [1]
  .rodata            const    0x0800e6b8     0x2  os_dbg.o [1]
  .rodata            const    0x0800e6ba     0x2  os_dbg.o [1]
  .rodata            const    0x0800e6bc     0x2  os_dbg.o [1]
  .rodata            const    0x0800e6be     0x2  os_dbg.o [1]
  .rodata            const    0x0800e6c0     0x2  os_dbg.o [1]
  .rodata            const    0x0800e6c2     0x2  os_dbg.o [1]
  .rodata            const    0x0800e6c4     0x2  os_dbg.o [1]
  .rodata            const    0x0800e6c6     0x2  os_dbg.o [1]
  .rodata            const    0x0800e6c8     0x2  os_dbg.o [1]
  .rodata            const    0x0800e6ca     0x2  os_dbg.o [1]
  .rodata            const    0x0800e6cc     0x2  os_dbg.o [1]
  .rodata            const    0x0800e6ce     0x2  os_dbg.o [1]
  .rodata            const    0x0800e6d0     0x2  os_dbg.o [1]
  .rodata            const    0x0800e6d2     0x2  os_dbg.o [1]
  .rodata            const    0x0800e6d4     0x2  os_dbg.o [1]
  .rodata            const    0x0800e6d6     0x2  os_dbg.o [1]
  .rodata            const    0x0800e6d8     0x2  os_dbg.o [1]
  .rodata            const    0x0800e6da     0x2  os_dbg.o [1]
  .rodata            const    0x0800e6dc     0x2  os_dbg.o [1]
  .rodata            const    0x0800e6de     0x2  os_dbg.o [1]
  .rodata            const    0x0800e6e0     0x2  os_dbg.o [1]
  .rodata            const    0x0800e6e2     0x2  os_dbg.o [1]
  .rodata            const    0x0800e6e4     0x2  os_dbg.o [1]
  .rodata            const    0x0800e6e6     0x2  localeconv.o [3]
  .rodata            const    0x0800e6e8     0x2  xlocale_c.o [3]
  .rodata            const    0x0800e6ea     0x1  localeconv.o [3]
  .rodata            const    0x0800e6eb     0x1  setlocale.o [3]
  .rodata            const    0x0800e6ec     0x1  xlocale_c.o [3]
  Initializer bytes  ro data  0x0800e6ed   0x219  <for P3 s0>
                            - 0x0800e906  0xe7c6

"P3", part 1 of 3:                         0xce0
  CSTACK                      0x20000010   0x800  <Block>
    CSTACK           uninit   0x20000010   0x800  <Block tail>
  HEAP                        0x20000810   0x300  <Block>
    HEAP             uninit   0x20000810   0x300  <Block tail>
  .iar.dynexit                0x20000b10   0x1e0  <Block>
    .iar.dynexit     uninit   0x20000b10     0xc  cppinit.o [3]
    .iar.dynexit     uninit   0x20000b1c   0x1d4  <Block tail>
                            - 0x20000cf0   0xce0

"P3", part 2 of 3:                        0x3ce0
  .bss               zero     0x20000cf0  0x1000  spi_flash.o [1]
  .bss               zero     0x20001cf0   0x800  memory.o [1]
  .bss               zero     0x200024f0   0x4d0  app.o [1]
  .bss               zero     0x200029c0   0x400  app.o [1]
  .bss               zero     0x20002dc0   0x39c  os_core.o [1]
  .bss               zero     0x2000315c   0x230  record.o [1]
  .bss               zero     0x2000338c   0x224  Terminal_Para.o [1]
  .bss               zero     0x200035b0   0x224  record.o [1]
  .bss               zero     0x200037d4   0x224  record.o [1]
  .bss               zero     0x200039f8   0x200  app.o [1]
  .bss               zero     0x20003bf8   0x200  app.o [1]
  .bss               zero     0x20003df8   0x200  os_core.o [1]
  .bss               zero     0x20003ff8   0x190  JMemory.o [1]
  .bss               zero     0x20004188   0x100  os_core.o [1]
  .bss               zero     0x20004288    0x8c  os_core.o [1]
  .bss               zero     0x20004314    0x8c  os_core.o [1]
  .bss               zero     0x200043a0    0x80  HJ5000_scanner.o [1]
  .bss               zero     0x20004420    0x80  WBTDS01.o [1]
  .bss               zero     0x200044a0    0x70  record.o [1]
  .bss               zero     0x20004510    0x6c  app.o [1]
  .bss               zero     0x2000457c    0x60  os_core.o [1]
  .bss               zero     0x200045dc    0x50  os_core.o [1]
  .bss               zero     0x2000462c    0x50  xfiles.o [3]
  .bss               zero     0x2000467c    0x50  xfiles.o [3]
  .bss               zero     0x200046cc    0x40  usb_bot.o [1]
  .bss               zero     0x2000470c    0x3c  app.o [1]
  .bss               zero     0x20004748    0x20  HJ5000_scanner.o [1]
  .bss               zero     0x20004768    0x20  Terminal_Para.o [1]
  .bss               zero     0x20004788    0x20  WBTDS01.o [1]
  .bss               zero     0x200047a8    0x20  app.o [1]
  .bss               zero     0x200047c8    0x20  usb_bot.o [1]
  .bss               zero     0x200047e8    0x1c  record.o [1]
  .bss               zero     0x20004804    0x1c  usb_init.o [1]
  .bss               zero     0x20004820    0x14  os_cpu_c.o [1]
  .bss               zero     0x20004834    0x14  xsyslock.o [3]
  .bss               zero     0x20004848    0x10  hw_platform.o [1]
  .bss               zero     0x20004858    0x10  usb_bot.o [1]
  .bss               zero     0x20004868     0xc  HJ5000_scanner.o [1]
  .bss               zero     0x20004874     0xc  WBTDS01.o [1]
  .bss               zero     0x20004880     0x8  TimeBase.o [1]
  .bss               zero     0x20004888     0x8  ff.o [1]
  .bss               zero     0x20004890     0x8  mass_mal.o [1]
  .bss               zero     0x20004898     0x8  mass_mal.o [1]
  .bss               zero     0x200048a0     0x8  mass_mal.o [1]
  .bss               zero     0x200048a8     0x8  os_core.o [1]
  .bss               zero     0x200048b0     0x8  scsi_data.o [1]
  .bss               zero     0x200048b8     0x8  scsi_data.o [1]
  .bss               zero     0x200048c0     0x8  xxmemxmalloc.o [3]
  .bss               zero     0x200048c8     0x4  HJ5000_scanner.o [1]
  .bss               zero     0x200048cc     0x4  HJ5000_scanner.o [1]
  .bss               zero     0x200048d0     0x4  app.o [1]
  .bss               zero     0x200048d4     0x4  app.o [1]
  .bss               zero     0x200048d8     0x4  app.o [1]
  .bss               zero     0x200048dc     0x4  app.o [1]
  .bss               zero     0x200048e0     0x4  app.o [1]
  .bss               zero     0x200048e4     0x4  app.o [1]
  .bss               zero     0x200048e8     0x4  hw_platform.o [1]
  .bss               zero     0x200048ec     0x4  hw_platform.o [1]
  .bss               zero     0x200048f0     0x4  hw_platform.o [1]
  .bss               zero     0x200048f4     0x4  keypad.o [1]
  .bss               zero     0x200048f8     0x4  keypad.o [1]
  .bss               zero     0x200048fc     0x4  mass_mal.o [1]
  .bss               zero     0x20004900     0x4  memory.o [1]
  .bss               zero     0x20004904     0x4  memory.o [1]
  .bss               zero     0x20004908     0x4  memory.o [1]
  .bss               zero     0x2000490c     0x4  memory.o [1]
  .bss               zero     0x20004910     0x4  memory.o [1]
  .bss               zero     0x20004914     0x4  memory.o [1]
  .bss               zero     0x20004918     0x4  memory.o [1]
  .bss               zero     0x2000491c     0x4  memory.o [1]
  .bss               zero     0x20004920     0x4  os_core.o [1]
  .bss               zero     0x20004924     0x4  os_core.o [1]
  .bss               zero     0x20004928     0x4  os_core.o [1]
  .bss               zero     0x2000492c     0x4  os_core.o [1]
  .bss               zero     0x20004930     0x4  os_core.o [1]
  .bss               zero     0x20004934     0x4  os_core.o [1]
  .bss               zero     0x20004938     0x4  os_core.o [1]
  .bss               zero     0x2000493c     0x4  os_core.o [1]
  .bss               zero     0x20004940     0x4  os_core.o [1]
  .bss               zero     0x20004944     0x4  os_core.o [1]
  .bss               zero     0x20004948     0x4  os_core.o [1]
  .bss               zero     0x2000494c     0x4  record.o [1]
  .bss               zero     0x20004950     0x4  record.o [1]
  .bss               zero     0x20004954     0x4  record.o [1]
  .bss               zero     0x20004958     0x4  record.o [1]
  .bss               zero     0x2000495c     0x4  record.o [1]
  .bss               zero     0x20004960     0x4  spi_flash.o [1]
  .bss               zero     0x20004964     0x4  spi_flash.o [1]
  .bss               zero     0x20004968     0x4  usb_bot.o [1]
  .bss               zero     0x2000496c     0x4  usb_bot.o [1]
  .bss               zero     0x20004970     0x4  usb_core.o [1]
  .bss               zero     0x20004974     0x4  usb_endp.o [1]
  .bss               zero     0x20004978     0x4  usb_init.o [1]
  .bss               zero     0x2000497c     0x4  usb_init.o [1]
  .bss               zero     0x20004980     0x4  usb_init.o [1]
  .bss               zero     0x20004984     0x4  usb_prop.o [1]
  .bss               zero     0x20004988     0x4  usb_prop.o [1]
  .bss               zero     0x2000498c     0x4  usb_prop.o [1]
  .bss               zero     0x20004990     0x4  usb_pwr.o [1]
  .bss               zero     0x20004994     0x4  xgetmemchunk.o [3]
  .bss               zero     0x20004998     0x4  MtxWrapper.o [3]
  .bss               zero     0x2000499c     0x4  MtxWrapper.o [3]
  .bss               zero     0x200049a0     0x4  MtxWrapper.o [3]
  .bss               zero     0x200049a4     0x4  MtxWrapper.o [3]
  .bss               zero     0x200049a8     0x4  iarwstd.o [5]
  .bss               zero     0x200049ac     0x2  ff.o [1]
  .bss               zero     0x200049ae     0x2  usb_bot.o [1]
  .bss               zero     0x200049b0     0x2  usb_init.o [1]
  .bss               zero     0x200049b2     0x2  usb_int.o [1]
  .bss               zero     0x200049b4     0x2  usb_int.o [1]
  .bss               zero     0x200049b6     0x2  usb_istr.o [1]
  .bss               zero     0x200049b8     0x1  PCUsart.o [1]
  .bss               zero     0x200049b9     0x1  app.o [1]
  .bss               zero     0x200049ba     0x1  app.o [1]
  .bss               zero     0x200049bb     0x1  hw_config.o [1]
  .bss               zero     0x200049bc     0x1  hw_platform.o [1]
  .bss               zero     0x200049bd     0x1  keypad.o [1]
  .bss               zero     0x200049be     0x1  keypad.o [1]
  .bss               zero     0x200049bf     0x1  main.o [1]
  .bss               zero     0x200049c0     0x1  memory.o [1]
  .bss               zero     0x200049c1     0x1  os_core.o [1]
  .bss               zero     0x200049c2     0x1  os_core.o [1]
  .bss               zero     0x200049c3     0x1  os_core.o [1]
  .bss               zero     0x200049c4     0x1  os_core.o [1]
  .bss               zero     0x200049c5     0x1  os_core.o [1]
  .bss               zero     0x200049c6     0x1  os_core.o [1]
  .bss               zero     0x200049c7     0x1  os_core.o [1]
  .bss               zero     0x200049c8     0x1  os_core.o [1]
  .bss               zero     0x200049c9     0x1  spi_flash.o [1]
  .bss               zero     0x200049ca     0x1  usb_bot.o [1]
  .bss               zero     0x200049cb     0x1  usb_core.o [1]
  .bss               zero     0x200049cc     0x1  usb_init.o [1]
  .bss               zero     0x200049cd     0x1  usb_istr.o [1]
                            - 0x200049ce  0x3cde

"P3", part 3 of 3:                         0x324
  P3 s0                       0x200049d0   0x324  <Init block>
    .data            inited   0x200049d0    0x84  setlocale.o [3]
    .data            inited   0x20004a54    0x4c  localeconv.o [3]
    .data            inited   0x20004aa0    0x40  xfiles.o [3]
    .data            inited   0x20004ae0    0x40  xfiles.o [3]
    .data            inited   0x20004b20    0x40  xfiles.o [3]
    .data            inited   0x20004b60    0x30  usb_prop.o [1]
    .data            inited   0x20004b90    0x24  scsi_data.o [1]
    .data            inited   0x20004bb4    0x24  scsi_data.o [1]
    .data            inited   0x20004bd8    0x24  usb_prop.o [1]
    .data            inited   0x20004bfc    0x20  usb_prop.o [1]
    .data            inited   0x20004c1c    0x20  xfiles.o [3]
    .data            inited   0x20004c3c    0x1c  usb_desc.o [1]
    .data            inited   0x20004c58    0x1c  usb_istr.o [1]
    .data            inited   0x20004c74    0x1c  usb_istr.o [1]
    .data            inited   0x20004c90    0x14  scsi_data.o [1]
    .data            inited   0x20004ca4    0x10  usb_prop.o [1]
    .data            inited   0x20004cb4    0x10  usb_prop.o [1]
    .data            inited   0x20004cc4     0xc  scsi_data.o [1]
    .data            inited   0x20004cd0     0x8  scsi_data.o [1]
    .data            inited   0x20004cd8     0x8  usb_prop.o [1]
    .data            inited   0x20004ce0     0x8  usb_prop.o [1]
    .data            inited   0x20004ce8     0x4  scsi_data.o [1]
    .data            inited   0x20004cec     0x4  usb_prop.o [1]
    .data            inited   0x20004cf0     0x4  cppinit.o [3]
                            - 0x20004cf4   0x324


*******************************************************************************
*** INIT TABLE
***

          Address     Size
          -------     ----
Zero (__iar_zero_init2)
    1 destination range, total size 0x3cde:
          0x20000cf0  0x3cde

Copy/packbits (__iar_packbits_init2)
    1 source range, total size 0x219 (66% of destination):
           0x800e6ed   0x219
    1 destination range, total size 0x324:
          0x200049d0   0x324


*******************************************************************************
*** MODULE SUMMARY
***

    Module                    ro code  ro data  rw data
    ------                    -------  -------  -------
E:\H520B\FW\src\Project\EWARMv5\Debug\Obj: [1]
    HJ5000_scanner.o              934               180
    JMemory.o                      92               400
    PCUsart.o                     156                 1
    Terminal_Para.o               316       12      580
    TimeBase.o                    588                 8
    WBTDS01.o                   1 680      228      172
    app.o                       3 056      648    3 506
    basic_fun.o                   156      384
    cortexm3_macro.o              122
    crc32.o                        40    1 024
    data_uart.o                   160
    diskio.o                      180
    ff.o                        8 156      120       10
    hardfault_isr_handle_a.o       18
    hash.o                         24
    hw_config.o                   216                 1
    hw_platform.o               2 068      132       29
    keypad.o                    1 140                10
    main.o                        408       20        1
    mass_mal.o                    272                28
    memory.o                      572             2 081
    os_core.o                   2 040      256    2 208
    os_cpu_a.o                    160
    os_cpu_c.o                    268                20
    os_dbg.o                      360       92
    os_flag.o                     118
    os_mem.o                       76
    os_q.o                        640
    os_sem.o                       88
    os_task.o                     654
    os_time.o                     284
    record.o                    6 476       68    1 816
    scsi_data.o                             78      132
    spi_flash.o                 1 736       64    4 105
    stm32f10x_adc.o               426
    stm32f10x_dma.o               452
    stm32f10x_exti.o              240
    stm32f10x_flash.o              68
    stm32f10x_gpio.o              452
    stm32f10x_it.o                800      180
    stm32f10x_nvic.o              208
    stm32f10x_pwr.o                60
    stm32f10x_rcc.o               792       20
    stm32f10x_spi.o               122
    stm32f10x_tim.o               356
    stm32f10x_usart.o             452
    stm32f10x_vector.o                     320
    usb_bot.o                   1 084               123
    usb_core.o                  3 038                 5
    usb_desc.o                             266       28
    usb_endp.o                     52                 4
    usb_init.o                     64                43
    usb_int.o                     580                 4
    usb_istr.o                    156       38       59
    usb_mem.o                      84
    usb_prop.o                  1 100      111      180
    usb_pwr.o                      60                 4
    usb_regs.o                    652
    usb_scsi.o                  1 088
    usb_sil.o                      90
    ---------------------------------------------------
    Total:                     45 730    4 061   15 738

command line: [2]
    ---------------------------------------------------
    Total:

dl7M_tl_if.a: [3]
    MtxWrapper.o                   48                16
    abort.o                         8
    cppinit.o                     112        3       16
    div.o                          14
    exit.o                          6
    fflush.o                      176
    localeconv.o                   20       69       76
    low_level_init.o                4
    printf.o                       32
    putchar.o                      12
    setlocale.o                    20       89      132
    strcat.o                       30
    xassert.o                      68
    xdnorm.o                      180
    xdscale.o                     272
    xencoding_sb.o                 92       16
    xfiles.o                               151      384
    xgetmemchunk.o                 40                 4
    xlocale_c.o                             91
    xmbcurmax.o                    10
    xmbtowc.o                      32
    xprintffull.o               4 174       24
    xprout.o                       22
    xreportassert.o               132       48
    xsyslock.o                    140                20
    xwctomb.o                      26
    xxmemxfree.o                  136
    xxmemxmalloc.o                188                 8
    ---------------------------------------------------
    Total:                      5 994      491      656

rt7M_tl.a: [4]
    ABImemcpy.o                   112
    ABImemset.o                   102
    DblAdd.o                      230
    DblCmpGe.o                     46
    DblCmpLe.o                     46
    DblDiv.o                      700
    DblMul.o                      418
    DblSub.o                      382
    DblToI32.o                     86
    I32ToDbl.o                     46
    I64DivMod.o                   304
    I64DivZer.o                     2
    cexit.o                        14
    cmain.o                        24
    data_init2.o                   28
    memchr.o                       88
    memcmp.o                       98
    packbits_init2.o              142
    strchr.o                       22
    strcmp.o                       66
    strcpy.o                       68
    strlen.o                       54
    zero_init2.o                   26
    ---------------------------------------------------
    Total:                      3 104

shb_l.a: [5]
    dwrite.o                       30
    exit.o                         20
    iarwrite.o                     32
    iarwstd.o                      84                 4
    write.o                        16
    ---------------------------------------------------
    Total:                        182                 4

    Gaps                           36       12
    Linker created                          44    3 284
-------------------------------------------------------
    Grand Total:               55 046    4 608   19 682


*******************************************************************************
*** ENTRY LIST
***

Entry                      Address    Size  Type      Object
-----                      -------    ----  ----      ------
.iar.dynexit$$Base      0x20000b10           --   Gb  - Linker created -
.iar.dynexit$$Limit     0x20000cf0           --   Gb  - Linker created -
ADC1_2_IRQHandler       0x08009a85     0x2  Code  Gb  stm32f10x_it.o [1]
ADC3_IRQHandler         0x08009bb3     0x2  Code  Gb  stm32f10x_it.o [1]
ADCPrescTable           0x0800e680     0x4  Data  Lc  stm32f10x_rcc.o [1]
ADC_Cmd                 0x0800b5a5    0x1a  Code  Gb  stm32f10x_adc.o [1]
ADC_GetCalibrationStatus
                        0x0800b5eb    0x18  Code  Gb  stm32f10x_adc.o [1]
ADC_GetConversionValue  0x0800b6f7     0x6  Code  Gb  stm32f10x_adc.o [1]
ADC_GetResetCalibrationStatus
                        0x0800b5c9    0x18  Code  Gb  stm32f10x_adc.o [1]
ADC_Init                0x0800b555    0x50  Code  Gb  stm32f10x_adc.o [1]
ADC_Module_Init         0x08006289    0x9a  Code  Lc  hw_platform.o [1]
ADC_RegularChannelConfig
                        0x0800b61d    0xda  Code  Gb  stm32f10x_adc.o [1]
ADC_ResetCalibration    0x0800b5bf     0xa  Code  Gb  stm32f10x_adc.o [1]
ADC_SoftwareStartConvCmd
                        0x0800b603    0x1a  Code  Gb  stm32f10x_adc.o [1]
ADC_StartCalibration    0x0800b5e1     0xa  Code  Gb  stm32f10x_adc.o [1]
APBAHBPrescTable        0x0800e430    0x10  Data  Lc  stm32f10x_rcc.o [1]
BT_Daemon_thread        0x080053ed    0xbc  Code  Gb  app.o [1]
Block_Read_count        0x20004900     0x4  Data  Gb  memory.o [1]
Block_offset            0x20004904     0x4  Data  Gb  memory.o [1]
Bot_Abort               0x080090ed    0x3c  Code  Gb  usb_bot.o [1]
Bot_State               0x200049ca     0x1  Data  Gb  usb_bot.o [1]
Bulk_Data_Buff          0x200046cc    0x40  Data  Gb  usb_bot.o [1]
BusFaultException       0x0800999f     0x2  Code  Gb  stm32f10x_it.o [1]
ByteSwap                0x0800a6ad    0x10  Code  Gb  usb_regs.o [1]
CAN_RX1_IRQHandler      0x08009a91     0x2  Code  Gb  stm32f10x_it.o [1]
CAN_SCE_IRQHandler      0x08009a93     0x2  Code  Gb  stm32f10x_it.o [1]
CBW                     0x200047c8    0x20  Data  Gb  usb_bot.o [1]
CBW_Decode              0x08008dcd   0x298  Code  Gb  usb_bot.o [1]
CSTACK$$Base            0x20000010           --   Gb  - Linker created -
CSTACK$$Limit           0x20000810           --   Gb  - Linker created -
CSW                     0x20004858    0x10  Data  Gb  usb_bot.o [1]
CTR_LP                  0x0800ab89   0x22c  Code  Gb  usb_int.o [1]
ClearDTOG_RX            0x0800a54d    0x32  Code  Gb  usb_regs.o [1]
ClearDTOG_TX            0x0800a57f    0x32  Code  Gb  usb_regs.o [1]
Clear_Status_Out        0x0800a529    0x24  Code  Gb  usb_regs.o [1]
Config_Descriptor       0x20004cb4    0x10  Data  Gb  usb_prop.o [1]
Counter                 0x20004908     0x4  Data  Gb  memory.o [1]
DMA1_Channel1_IRQHandler
                        0x08009a4b     0x2  Code  Gb  stm32f10x_it.o [1]
DMA1_Channel2_IRQHandler
                        0x08009a4d     0x2  Code  Gb  stm32f10x_it.o [1]
DMA1_Channel3_IRQHandler
                        0x08009a4f     0x2  Code  Gb  stm32f10x_it.o [1]
DMA1_Channel4_IRQHandler
                        0x08009a51     0x2  Code  Gb  stm32f10x_it.o [1]
DMA1_Channel5_IRQHandler
                        0x08009a53     0x2  Code  Gb  stm32f10x_it.o [1]
DMA1_Channel6_IRQHandler
                        0x08009a55     0x2  Code  Gb  stm32f10x_it.o [1]
DMA1_Channel7_IRQHandler
                        0x08009a59    0x2c  Code  Gb  stm32f10x_it.o [1]
DMA2_Channel1_IRQHandler
                        0x08009bc5     0x2  Code  Gb  stm32f10x_it.o [1]
DMA2_Channel2_IRQHandler
                        0x08009bc7     0x2  Code  Gb  stm32f10x_it.o [1]
DMA2_Channel3_IRQHandler
                        0x08009bc9     0x2  Code  Gb  stm32f10x_it.o [1]
DMA2_Channel4_5_IRQHandler
                        0x08009bcb     0x2  Code  Gb  stm32f10x_it.o [1]
DMA_ClearFlag           0x0800b185    0x12  Code  Gb  stm32f10x_dma.o [1]
DMA_Cmd                 0x0800b14d    0x1a  Code  Gb  stm32f10x_dma.o [1]
DMA_DeInit              0x0800b009   0x100  Code  Gb  stm32f10x_dma.o [1]
DMA_GetCurrDataCounter  0x0800b17f     0x6  Code  Gb  stm32f10x_dma.o [1]
DMA_GetITStatus         0x0800b197    0x26  Code  Gb  stm32f10x_dma.o [1]
DMA_ITConfig            0x0800b167    0x18  Code  Gb  stm32f10x_dma.o [1]
DMA_Init                0x0800b109    0x44  Code  Gb  stm32f10x_dma.o [1]
DataStageIn             0x08005be3    0xb6  Code  Lc  usb_core.o [1]
DataStageOut            0x08005b2b    0xb8  Code  Lc  usb_core.o [1]
Data_Buffer             0x20001cf0   0x800  Data  Gb  memory.o [1]
Data_Len                0x200049ae     0x2  Data  Gb  usb_bot.o [1]
Data_Mul_MaxPacketSize  0x200049cb     0x1  Data  Gb  usb_core.o [1]
Data_Setup0             0x08005df5   0x294  Code  Lc  usb_core.o [1]
DebugMonitor            0x080099a3     0x2  Code  Gb  stm32f10x_it.o [1]
DefaultTerminalPara     0x0800c111    0x30  Code  Gb  Terminal_Para.o [1]
Device_Descriptor       0x20004ca4    0x10  Data  Gb  usb_prop.o [1]
Device_Info             0x20004804    0x1c  Data  Gb  usb_init.o [1]
Device_Property         0x20004b60    0x30  Data  Gb  usb_prop.o [1]
Device_Table            0x20004cec     0x4  Data  Gb  usb_prop.o [1]
DtorRecArray            0x20000b10     0xc  Data  Lc  cppinit.o [3]
EP1_IN_Callback         0x0800dc55    0x1c  Code  Gb  usb_endp.o [1]
EP2_OUT_Callback        0x0800dc43    0x10  Code  Gb  usb_endp.o [1]
EP3_OUT_Callback        0x0800dc41     0x2  Code  Gb  usb_endp.o [1]
EPindex                 0x200049cc     0x1  Data  Gb  usb_init.o [1]
EXTI0_IRQHandler        0x080099b3    0x22  Code  Gb  stm32f10x_it.o [1]
EXTI15_10_IRQHandler    0x08009ba5     0x2  Code  Gb  stm32f10x_it.o [1]
EXTI1_IRQHandler        0x080099d5    0x30  Code  Gb  stm32f10x_it.o [1]
EXTI2_IRQHandler        0x08009a05     0x2  Code  Gb  stm32f10x_it.o [1]
EXTI3_IRQHandler        0x08009a07    0x22  Code  Gb  stm32f10x_it.o [1]
EXTI4_IRQHandler        0x08009a29    0x22  Code  Gb  stm32f10x_it.o [1]
EXTI9_5_IRQHandler      0x08009a95    0x2c  Code  Gb  stm32f10x_it.o [1]
EXTI_ClearFlag          0x0800c86d     0x6  Code  Gb  stm32f10x_exti.o [1]
EXTI_ClearITPendingBit  0x0800c8a1     0x6  Code  Gb  stm32f10x_exti.o [1]
EXTI_GenerateSWInterrupt
                        0x0800c85d    0x10  Code  Gb  stm32f10x_exti.o [1]
EXTI_GetITStatus        0x0800c873    0x28  Code  Gb  stm32f10x_exti.o [1]
EXTI_Init               0x0800c7bd    0x94  Code  Gb  stm32f10x_exti.o [1]
EnterLowPowerMode       0x0800b9cd    0x3a  Code  Gb  main.o [1]
Event_capture_thread    0x0800531d    0xc8  Code  Gb  app.o [1]
ExitLowPowerMode        0x0800ba0d    0x30  Code  Gb  main.o [1]
FLASH_IRQHandler        0x080099af     0x2  Code  Gb  stm32f10x_it.o [1]
FLASH_PrefetchBufferCmd
                        0x0800d9e1    0x20  Code  Gb  stm32f10x_flash.o [1]
FLASH_SetLatency        0x0800d9c1    0x20  Code  Gb  stm32f10x_flash.o [1]
FSMC_IRQHandler         0x08009bb5     0x2  Code  Gb  stm32f10x_it.o [1]
FatFs                   0x20004888     0x8  Data  Lc  ff.o [1]
Fsid                    0x200049ac     0x2  Data  Lc  ff.o [1]
GPIO_AllAinConfig       0x0800b991    0x3c  Code  Lc  main.o [1]
GPIO_EXTILineConfig     0x0800b33d    0x54  Code  Gb  stm32f10x_gpio.o [1]
GPIO_Init               0x0800b1cd    0xcc  Code  Gb  stm32f10x_gpio.o [1]
GPIO_PinRemapConfig     0x0800b2c1    0x7c  Code  Gb  stm32f10x_gpio.o [1]
GPIO_ReadInputDataBit   0x0800b299    0x1a  Code  Gb  stm32f10x_gpio.o [1]
GPIO_ResetBits          0x0800b2b9     0x6  Code  Gb  stm32f10x_gpio.o [1]
GPIO_SetBits            0x0800b2b3     0x6  Code  Gb  stm32f10x_gpio.o [1]
GetEPRxAddr             0x0800a605    0x18  Code  Gb  usb_regs.o [1]
GetEPRxCount            0x0800a67b    0x18  Code  Gb  usb_regs.o [1]
GetEPTxAddr             0x0800a5ed    0x18  Code  Gb  usb_regs.o [1]
Get_Max_Lun             0x0800888d    0x1c  Code  Gb  usb_prop.o [1]
Get_SerialNum           0x0800ca05    0x68  Code  Gb  hw_config.o [1]
HARDFAULT_ISR_HANDLE_d  0x0800e3fd          Code  Gb  hardfault_isr_handle_a.o [1]
HEAP$$Base              0x20000810           --   Gb  - Linker created -
HEAP$$Limit             0x20000b10           --   Gb  - Linker created -
HJ5000_GPIO_config      0x08009529    0x84  Code  Lc  HJ5000_scanner.o [1]
HJ5000_NVIC_config      0x080095ad    0x3a  Code  Lc  HJ5000_scanner.o [1]
HJ5000_RxISRHandler     0x08009791    0x52  Code  Gb  HJ5000_scanner.o [1]
HJ5000_start_stop_decode
                        0x080097e3    0x28  Code  Gb  HJ5000_scanner.o [1]
HSEStartUpStatus        0x200049bf     0x1  Data  Gb  main.o [1]
HardFaultException      0x08009995     0x8  Code  Gb  stm32f10x_it.o [1]
HashString              0x0800e279    0x18  Code  Gb  hash.o [1]
I2C1_ER_IRQHandler      0x08009af5     0x2  Code  Gb  stm32f10x_it.o [1]
I2C1_EV_IRQHandler      0x08009af3     0x2  Code  Gb  stm32f10x_it.o [1]
I2C2_ER_IRQHandler      0x08009af9     0x2  Code  Gb  stm32f10x_it.o [1]
I2C2_EV_IRQHandler      0x08009af7     0x2  Code  Gb  stm32f10x_it.o [1]
Idx                     0x2000490c     0x4  Data  Gb  memory.o [1]
In0_Process             0x0800612d    0x68  Code  Gb  usb_core.o [1]
Jfree                   0x0800d699    0x26  Code  Gb  JMemory.o [1]
Jmalloc                 0x0800d669    0x30  Code  Gb  JMemory.o [1]
Keyboard_ConfigDescriptor
                        0x0800de78    0x24  Data  Gb  usb_desc.o [1]
Keyboard_DeviceDescriptor
                        0x0800e384    0x14  Data  Gb  usb_desc.o [1]
Keyboard_GetHIDDescriptor
                        0x0800881d    0x10  Code  Gb  usb_prop.o [1]
Keyboard_GetProtocolValue
                        0x08008855    0x16  Code  Gb  usb_prop.o [1]
Keyboard_GetReportDescriptor
                        0x0800880d    0x10  Code  Gb  usb_prop.o [1]
Keyboard_Hid_Descriptor
                        0x20004ce0     0x8  Data  Gb  usb_prop.o [1]
Keyboard_ReportDescriptor
                        0x0800db10    0x40  Data  Gb  usb_desc.o [1]
Keyboard_Report_Descriptor
                        0x20004cd8     0x8  Data  Gb  usb_prop.o [1]
Keyboard_SetProtocol    0x08008845    0x10  Code  Gb  usb_prop.o [1]
Keyboard_SetReport      0x08008871    0x1c  Code  Gb  usb_prop.o [1]
Keypad_EXTI_ISRHandler  0x080081c5    0x3c  Code  Gb  keypad.o [1]
Keypad_Init             0x080081b5    0x10  Code  Gb  keypad.o [1]
Keypad_Initport         0x08007fed    0x88  Code  Lc  keypad.o [1]
Keypad_Int_Disable      0x080080c9    0x4c  Code  Gb  keypad.o [1]
Keypad_Int_Enable       0x08008075    0x54  Code  Gb  keypad.o [1]
Keypad_ReadIO           0x08008201    0x78  Code  Lc  keypad.o [1]
Keypad_Timer_Disable    0x080081a5     0xc  Code  Gb  keypad.o [1]
Keypad_Timer_Enable     0x08008191    0x14  Code  Gb  keypad.o [1]
Keypad_Timer_ISRHandler
                        0x08008281   0x1d4  Code  Gb  keypad.o [1]
Keypad_Timer_Init       0x08008115    0x7c  Code  Gb  keypad.o [1]
MAL_GetStatus           0x0800c445    0x58  Code  Gb  mass_mal.o [1]
MAL_Read                0x0800c3e3    0x5c  Code  Gb  mass_mal.o [1]
MAL_Write               0x0800c391    0x52  Code  Gb  mass_mal.o [1]
MASS_ConfigDescriptor   0x0800df68    0x20  Data  Gb  usb_desc.o [1]
MASS_DeviceDescriptor   0x0800e398    0x14  Data  Gb  usb_desc.o [1]
Mass_Block_Count        0x200048a0     0x8  Data  Gb  mass_mal.o [1]
Mass_Block_Size         0x20004898     0x8  Data  Gb  mass_mal.o [1]
Mass_Memory_Size        0x20004890     0x8  Data  Gb  mass_mal.o [1]
Mass_Storage_In         0x08008ced    0x62  Code  Gb  usb_bot.o [1]
Mass_Storage_Out        0x08008d4f    0x7e  Code  Gb  usb_bot.o [1]
Max_Lun                 0x20004988     0x4  Data  Gb  usb_prop.o [1]
MemManageException      0x0800999d     0x2  Code  Gb  stm32f10x_it.o [1]
Mode_Sense10_data       0x20004cd0     0x8  Data  Gb  scsi_data.o [1]
Mode_Sense6_data        0x20004ce8     0x4  Data  Gb  scsi_data.o [1]
NMIException            0x080098ad     0x2  Code  Gb  stm32f10x_it.o [1]
NOP_Process             0x08006285     0x2  Code  Gb  usb_core.o [1]
NVIC_Init               0x0800ca7d    0xa0  Code  Gb  stm32f10x_nvic.o [1]
NVIC_PriorityGroupConfig
                        0x0800ca6d     0xa  Code  Gb  stm32f10x_nvic.o [1]
NVIC_SetVectorTable     0x0800cb25    0x10  Code  Gb  stm32f10x_nvic.o [1]
NoData_Setup0           0x08005c99   0x152  Code  Lc  usb_core.o [1]
OSCtxSw                 0x0800cedb          Code  Gb  os_cpu_a.o [1]
OSCtxSwCtr              0x20004920     0x4  Data  Gb  os_core.o [1]
OSDataSize              0x0800e6e4     0x2  Data  Gb  os_dbg.o [1]
OSDebugEn               0x0800e68e     0x2  Data  Gb  os_dbg.o [1]
OSDebugInit             0x0800bd3d   0x168  Code  Gb  os_dbg.o [1]
OSEndiannessTest        0x0800e67c     0x4  Data  Gb  os_dbg.o [1]
OSEventEn               0x0800e694     0x2  Data  Gb  os_dbg.o [1]
OSEventFreeList         0x20004924     0x4  Data  Gb  os_core.o [1]
OSEventMax              0x0800e690     0x2  Data  Gb  os_dbg.o [1]
OSEventNameSize         0x0800e692     0x2  Data  Gb  os_dbg.o [1]
OSEventSize             0x0800e696     0x2  Data  Gb  os_dbg.o [1]
OSEventTbl              0x20004288    0x8c  Data  Gb  os_core.o [1]
OSEventTblSize          0x0800e698     0x2  Data  Gb  os_dbg.o [1]
OSFlagEn                0x0800e69a     0x2  Data  Gb  os_dbg.o [1]
OSFlagFreeList          0x20004928     0x4  Data  Gb  os_core.o [1]
OSFlagGrpSize           0x0800e69c     0x2  Data  Gb  os_dbg.o [1]
OSFlagMax               0x0800e6a2     0x2  Data  Gb  os_dbg.o [1]
OSFlagNameSize          0x0800e6a4     0x2  Data  Gb  os_dbg.o [1]
OSFlagNodeSize          0x0800e69e     0x2  Data  Gb  os_dbg.o [1]
OSFlagTbl               0x200045dc    0x50  Data  Gb  os_core.o [1]
OSFlagWidth             0x0800e6a0     0x2  Data  Gb  os_dbg.o [1]
OSIdleCtr               0x2000492c     0x4  Data  Gb  os_core.o [1]
OSInit                  0x08006a9d    0x30  Code  Gb  os_core.o [1]
OSInitHookBegin         0x0800c5b1     0x2  Code  Gb  os_cpu_c.o [1]
OSInitHookEnd           0x0800c5b3     0x2  Code  Gb  os_cpu_c.o [1]
OSIntCtxSw              0x0800cee3          Code  Gb  os_cpu_a.o [1]
OSIntEnter              0x08006acd    0x24  Code  Gb  os_core.o [1]
OSIntExit               0x08006af1    0x94  Code  Gb  os_core.o [1]
OSIntNesting            0x200049c1     0x1  Data  Gb  os_core.o [1]
OSLockNesting           0x200049c2     0x1  Data  Gb  os_core.o [1]
OSLowestPrio            0x0800e6a6     0x2  Data  Gb  os_dbg.o [1]
OSMboxEn                0x0800e6a8     0x2  Data  Gb  os_dbg.o [1]
OSMemEn                 0x0800e6aa     0x2  Data  Gb  os_dbg.o [1]
OSMemFreeList           0x20004940     0x4  Data  Gb  os_core.o [1]
OSMemMax                0x0800e6ac     0x2  Data  Gb  os_dbg.o [1]
OSMemNameSize           0x0800e6ae     0x2  Data  Gb  os_dbg.o [1]
OSMemSize               0x0800e6b0     0x2  Data  Gb  os_dbg.o [1]
OSMemTbl                0x20004314    0x8c  Data  Gb  os_core.o [1]
OSMemTblSize            0x0800e6b2     0x2  Data  Gb  os_dbg.o [1]
OSMutexEn               0x0800e6b4     0x2  Data  Gb  os_dbg.o [1]
OSPrioCur               0x200049c3     0x1  Data  Gb  os_core.o [1]
OSPrioHighRdy           0x200049c4     0x1  Data  Gb  os_core.o [1]
OSPtrSize               0x0800e6b6     0x2  Data  Gb  os_dbg.o [1]
OSQCreate               0x0800a6bd    0x98  Code  Gb  os_q.o [1]
OSQEn                   0x0800e6b8     0x2  Data  Gb  os_dbg.o [1]
OSQFreeList             0x20004944     0x4  Data  Gb  os_core.o [1]
OSQMax                  0x0800e6ba     0x2  Data  Gb  os_dbg.o [1]
OSQPend                 0x0800a759   0x130  Code  Gb  os_q.o [1]
OSQPost                 0x0800a88d    0x78  Code  Gb  os_q.o [1]
OSQSize                 0x0800e6bc     0x2  Data  Gb  os_dbg.o [1]
OSQTbl                  0x2000457c    0x60  Data  Gb  os_core.o [1]
OSRdyGrp                0x200049c5     0x1  Data  Gb  os_core.o [1]
OSRdyTbl                0x200048a8     0x8  Data  Gb  os_core.o [1]
OSRdyTblSize            0x0800e6be     0x2  Data  Gb  os_dbg.o [1]
OSRunning               0x200049c6     0x1  Data  Gb  os_core.o [1]
OSSchedLock             0x08006b85    0x3a  Code  Gb  os_core.o [1]
OSSchedUnlock           0x08006bbf    0x5a  Code  Gb  os_core.o [1]
OSSemCreate             0x0800d77d    0x50  Code  Gb  os_sem.o [1]
OSSemEn                 0x0800e6c0     0x2  Data  Gb  os_dbg.o [1]
OSStart                 0x08006c19    0x42  Code  Gb  os_core.o [1]
OSStartHighRdy          0x0800cebf          Code  Gb  os_cpu_a.o [1]
OSStkWidth              0x0800e6c2     0x2  Data  Gb  os_dbg.o [1]
OSTCBCur                0x20004930     0x4  Data  Gb  os_core.o [1]
OSTCBFreeList           0x20004934     0x4  Data  Gb  os_core.o [1]
OSTCBHighRdy            0x20004938     0x4  Data  Gb  os_core.o [1]
OSTCBInitHook           0x0800c64b     0x2  Code  Gb  os_cpu_c.o [1]
OSTCBList               0x2000493c     0x4  Data  Gb  os_core.o [1]
OSTCBPrioTbl            0x20004188   0x100  Data  Gb  os_core.o [1]
OSTCBPrioTblMax         0x0800e6da     0x2  Data  Gb  os_dbg.o [1]
OSTCBSize               0x0800e6dc     0x2  Data  Gb  os_dbg.o [1]
OSTCBTbl                0x20002dc0   0x39c  Data  Gb  os_core.o [1]
OSTaskCreateEn          0x0800e6c4     0x2  Data  Gb  os_dbg.o [1]
OSTaskCreateExt         0x0800a1a1    0xd0  Code  Gb  os_task.o [1]
OSTaskCreateExtEn       0x0800e6c6     0x2  Data  Gb  os_dbg.o [1]
OSTaskCreateHook        0x0800c5b5     0x2  Code  Gb  os_cpu_c.o [1]
OSTaskCtr               0x200049c7     0x1  Data  Gb  os_core.o [1]
OSTaskDel               0x0800a271   0x188  Code  Gb  os_task.o [1]
OSTaskDelEn             0x0800e6c8     0x2  Data  Gb  os_dbg.o [1]
OSTaskDelHook           0x0800c5b7     0x2  Code  Gb  os_cpu_c.o [1]
OSTaskIdleHook          0x0800c5b9    0x14  Code  Gb  os_cpu_c.o [1]
OSTaskIdleStk           0x20003df8   0x200  Data  Gb  os_core.o [1]
OSTaskIdleStkSize       0x0800e6ca     0x2  Data  Gb  os_dbg.o [1]
OSTaskMax               0x0800e6ce     0x2  Data  Gb  os_dbg.o [1]
OSTaskNameSize          0x0800e6d0     0x2  Data  Gb  os_dbg.o [1]
OSTaskProfileEn         0x0800e6cc     0x2  Data  Gb  os_dbg.o [1]
OSTaskStatEn            0x0800e6d2     0x2  Data  Gb  os_dbg.o [1]
OSTaskStatStkChkEn      0x0800e6d6     0x2  Data  Gb  os_dbg.o [1]
OSTaskStatStkSize       0x0800e6d4     0x2  Data  Gb  os_dbg.o [1]
OSTaskStkInit           0x0800c5cd    0x7c  Code  Gb  os_cpu_c.o [1]
OSTaskSwHook            0x0800c649     0x2  Code  Gb  os_cpu_c.o [1]
OSTaskSwHookEn          0x0800e6d8     0x2  Data  Gb  os_dbg.o [1]
OSTickStepState         0x200049c8     0x1  Data  Gb  os_core.o [1]
OSTicksPerSec           0x0800e6de     0x2  Data  Gb  os_dbg.o [1]
OSTime                  0x20004948     0x4  Data  Gb  os_core.o [1]
OSTimeDly               0x0800c275    0x6c  Code  Gb  os_time.o [1]
OSTimeDlyHMSM           0x0800c2e1    0xa2  Code  Gb  os_time.o [1]
OSTimeTick              0x08006c5d    0xf0  Code  Gb  os_core.o [1]
OSTimeTickHook          0x0800c64d     0x2  Code  Gb  os_cpu_c.o [1]
OSTimeTickHookEn        0x0800e6e0     0x2  Data  Gb  os_dbg.o [1]
OSUnMapTbl              0x0800c6bc   0x100  Data  Gb  os_core.o [1]
OSVersionNbr            0x0800e6e2     0x2  Data  Gb  os_dbg.o [1]
OS_CPU_PendSVHandler    0x0800ceeb          Code  Gb  os_cpu_a.o [1]
OS_CPU_SR_Restore       0x0800ceb9          Code  Gb  os_cpu_a.o [1]
OS_CPU_SR_Save          0x0800ceb1          Code  Gb  os_cpu_a.o [1]
OS_CPU_SysTickHandler   0x0800c651    0x24  Code  Gb  os_cpu_c.o [1]
OS_CPU_SysTickInit      0x0800c675    0x48  Code  Gb  os_cpu_c.o [1]
OS_Dummy                0x08006d4d     0x2  Code  Gb  os_core.o [1]
OS_EventTaskRdy         0x08006d4f    0x90  Code  Gb  os_core.o [1]
OS_EventTaskRemove      0x08006e5d    0x34  Code  Gb  os_core.o [1]
OS_EventTaskRemoveMulti
                        0x08006e91    0x40  Code  Gb  os_core.o [1]
OS_EventTaskWait        0x08006ddf    0x7e  Code  Gb  os_core.o [1]
OS_EventWaitListInit    0x08006ed1    0x1a  Code  Gb  os_core.o [1]
OS_FlagInit             0x0800d445    0x4c  Code  Gb  os_flag.o [1]
OS_FlagUnlink           0x0800d495    0x26  Code  Gb  os_flag.o [1]
OS_InitEventList        0x08006eed    0x50  Code  Lc  os_core.o [1]
OS_InitMisc             0x08006f3d    0x2e  Code  Lc  os_core.o [1]
OS_InitRdyList          0x08006f75    0x36  Code  Lc  os_core.o [1]
OS_InitTCBList          0x08006fe1    0x60  Code  Lc  os_core.o [1]
OS_InitTaskIdle         0x08006fb1    0x30  Code  Lc  os_core.o [1]
OS_MemClr               0x08007049    0x12  Code  Gb  os_core.o [1]
OS_MemInit              0x0800d92d    0x48  Code  Gb  os_mem.o [1]
OS_QInit                0x0800a905    0x34  Code  Gb  os_q.o [1]
OS_Sched                0x0800705b    0x5c  Code  Gb  os_core.o [1]
OS_SchedNew             0x080070cd    0x20  Code  Lc  os_core.o [1]
OS_TCBInit              0x08007121   0x16c  Code  Gb  os_core.o [1]
OS_TaskIdle             0x080070f9    0x1c  Code  Gb  os_core.o [1]
OS_TaskStkClr           0x0800a411    0x1e  Code  Gb  os_task.o [1]
Out0_Process            0x0800619d    0x4c  Code  Gb  usb_core.o [1]
PCUsart_Init            0x0800cfb5    0x10  Code  Gb  PCUsart.o [1]
PMAToUserBufferCopy     0x0800d8b3    0x22  Code  Gb  usb_mem.o [1]
PVD_IRQHandler          0x080099a9     0x2  Code  Gb  stm32f10x_it.o [1]
PWR_EnterSTOPMode       0x0800db91    0x32  Code  Gb  stm32f10x_pwr.o [1]
Page00_Inquiry_Data     0x200048b0     0x8  Data  Gb  scsi_data.o [1]
Post0_Process           0x080061e9    0x4c  Code  Gb  usb_core.o [1]
ProtocolValue           0x20004984     0x4  Data  Gb  usb_prop.o [1]
RCC_AHBPeriphClockCmd   0x08009e25    0x24  Code  Gb  stm32f10x_rcc.o [1]
RCC_APB1PeriphClockCmd  0x08009e6d    0x24  Code  Gb  stm32f10x_rcc.o [1]
RCC_APB2PeriphClockCmd  0x08009e49    0x24  Code  Gb  stm32f10x_rcc.o [1]
RCC_Configuration       0x0800b8e9    0x8c  Code  Gb  main.o [1]
RCC_DeInit              0x08009bcd    0x5c  Code  Gb  stm32f10x_rcc.o [1]
RCC_GetClocksFreq       0x08009d41    0xe0  Code  Gb  stm32f10x_rcc.o [1]
RCC_GetFlagStatus       0x08009e91    0x44  Code  Gb  stm32f10x_rcc.o [1]
RCC_GetSYSCLKSource     0x08009ced     0xa  Code  Gb  stm32f10x_rcc.o [1]
RCC_HCLKConfig          0x08009cf7    0x14  Code  Gb  stm32f10x_rcc.o [1]
RCC_HSEConfig           0x08009c29    0x54  Code  Gb  stm32f10x_rcc.o [1]
RCC_IRQHandler          0x080099b1     0x2  Code  Gb  stm32f10x_it.o [1]
RCC_PCLK1Config         0x08009d0b    0x14  Code  Gb  stm32f10x_rcc.o [1]
RCC_PCLK2Config         0x08009d1f    0x16  Code  Gb  stm32f10x_rcc.o [1]
RCC_PLLCmd              0x08009ccd     0xc  Code  Gb  stm32f10x_rcc.o [1]
RCC_PLLConfig           0x08009cb5    0x16  Code  Gb  stm32f10x_rcc.o [1]
RCC_SYSCLKConfig        0x08009cd9    0x14  Code  Gb  stm32f10x_rcc.o [1]
RCC_USBCLKConfig        0x08009d35     0xc  Code  Gb  stm32f10x_rcc.o [1]
RCC_WaitForHSEStartUp   0x08009c7d    0x38  Code  Gb  stm32f10x_rcc.o [1]
RTCAlarm_IRQHandler     0x08009ba7     0x2  Code  Gb  stm32f10x_it.o [1]
RTC_IRQHandler          0x080099ad     0x2  Code  Gb  stm32f10x_it.o [1]
ReadCapacity10_Data     0x200048b8     0x8  Data  Gb  scsi_data.o [1]
ReadFormatCapacity_Data
                        0x20004cc4     0xc  Data  Gb  scsi_data.o [1]
ReadTerminalPara        0x0800c009    0x84  Code  Gb  Terminal_Para.o [1]
Read_Memory             0x0800adcd   0x108  Code  Gb  memory.o [1]
Region$$Table$$Base     0x0800de9c           --   Gb  - Linker created -
Region$$Table$$Limit    0x0800dec8           --   Gb  - Linker created -
SCSI_Address_Management
                        0x08008c63    0x7e  Code  Gb  usb_scsi.o [1]
SCSI_BlkLen             0x2000496c     0x4  Data  Gb  usb_bot.o [1]
SCSI_Format_Cmd         0x08008bf9    0x2a  Code  Gb  usb_scsi.o [1]
SCSI_Inquiry_Cmd        0x080088ad    0x48  Code  Gb  usb_scsi.o [1]
SCSI_Invalid_Cmd        0x08008c23    0x40  Code  Gb  usb_scsi.o [1]
SCSI_LBA                0x20004968     0x4  Data  Gb  usb_bot.o [1]
SCSI_ModeSense10_Cmd    0x08008a61    0x10  Code  Gb  usb_scsi.o [1]
SCSI_ModeSense6_Cmd     0x08008a51    0x10  Code  Gb  usb_scsi.o [1]
SCSI_Read10_Cmd         0x08008aa9    0x7c  Code  Gb  usb_scsi.o [1]
SCSI_ReadCapacity10_Cmd
                        0x0800899d    0xb4  Code  Gb  usb_scsi.o [1]
SCSI_ReadFormatCapacity_Cmd
                        0x080088f5    0xa8  Code  Gb  usb_scsi.o [1]
SCSI_RequestSense_Cmd   0x08008a71    0x1e  Code  Gb  usb_scsi.o [1]
SCSI_Start_Stop_Unit_Cmd
                        0x08008a9d     0xc  Code  Gb  usb_scsi.o [1]
SCSI_TestUnitReady_Cmd  0x08008bc7    0x32  Code  Gb  usb_scsi.o [1]
SCSI_Verify10_Cmd       0x08008b8d    0x3a  Code  Gb  usb_scsi.o [1]
SCSI_Write10_Cmd        0x08008b25    0x64  Code  Gb  usb_scsi.o [1]
SDIO_IRQHandler         0x08009bb7     0x2  Code  Gb  stm32f10x_it.o [1]
SPI1_IRQHandler         0x08009afb     0x2  Code  Gb  stm32f10x_it.o [1]
SPI2_IRQHandler         0x08009afd     0x2  Code  Gb  stm32f10x_it.o [1]
SPI3_IRQHandler         0x08009bbb     0x2  Code  Gb  stm32f10x_it.o [1]
SPI_Cmd                 0x0800d407    0x1a  Code  Gb  stm32f10x_spi.o [1]
SPI_I2S_GetFlagStatus   0x0800d429    0x1a  Code  Gb  stm32f10x_spi.o [1]
SPI_I2S_ReceiveData     0x0800d425     0x4  Code  Gb  stm32f10x_spi.o [1]
SPI_I2S_SendData        0x0800d421     0x4  Code  Gb  stm32f10x_spi.o [1]
SPI_Init                0x0800d3c9    0x3e  Code  Gb  stm32f10x_spi.o [1]
SVCHandler              0x080099a5     0x2  Code  Gb  stm32f10x_it.o [1]
SaveRState              0x200049b2     0x2  Data  Gb  usb_int.o [1]
SaveTState              0x200049b4     0x2  Data  Gb  usb_int.o [1]
SaveTerminalPara        0x0800c08d    0x78  Code  Gb  Terminal_Para.o [1]
Scsi_Sense_Data         0x20004c90    0x14  Data  Gb  scsi_data.o [1]
SendData_To_PC          0x0800c995    0x6c  Code  Gb  hw_config.o [1]
SetBTABLE               0x0800a431     0xe  Code  Gb  usb_regs.o [1]
SetDeviceAddress        0x08006235    0x50  Code  Gb  usb_core.o [1]
SetEPRxAddr             0x0800a5cf    0x1e  Code  Gb  usb_regs.o [1]
SetEPRxCount            0x0800a637    0x44  Code  Gb  usb_regs.o [1]
SetEPRxStatus           0x0800a499    0x38  Code  Gb  usb_regs.o [1]
SetEPRxValid            0x0800a4fd    0x2c  Code  Gb  usb_regs.o [1]
SetEPTxAddr             0x0800a5b1    0x1e  Code  Gb  usb_regs.o [1]
SetEPTxCount            0x0800a61d    0x1a  Code  Gb  usb_regs.o [1]
SetEPTxStatus           0x0800a45f    0x3a  Code  Gb  usb_regs.o [1]
SetEPTxValid            0x0800a4d1    0x2c  Code  Gb  usb_regs.o [1]
SetEPType               0x0800a43f    0x20  Code  Gb  usb_regs.o [1]
Set_CSW                 0x080090ad    0x38  Code  Gb  usb_bot.o [1]
Set_Scsi_Sense_Data     0x08008a8f     0xa  Code  Gb  usb_scsi.o [1]
Set_USBClock            0x0800cf51    0x1c  Code  Lc  PCUsart.o [1]
Setup0_Process          0x08006099    0x8c  Code  Gb  usb_core.o [1]
Standard_ClearFeature   0x080058cd   0x158  Code  Gb  usb_core.o [1]
Standard_GetConfiguration
                        0x080056a9    0x2a  Code  Gb  usb_core.o [1]
Standard_GetDescriptorData
                        0x08005b07    0x24  Code  Gb  usb_core.o [1]
Standard_GetInterface   0x08005721    0x2a  Code  Gb  usb_core.o [1]
Standard_GetStatus      0x080057cd   0x100  Code  Gb  usb_core.o [1]
Standard_Inquiry_Data   0x20004b90    0x24  Data  Gb  scsi_data.o [1]
Standard_Inquiry_Data2  0x20004bb4    0x24  Data  Gb  scsi_data.o [1]
Standard_SetConfiguration
                        0x080056d3    0x4e  Code  Gb  usb_core.o [1]
Standard_SetDeviceFeature
                        0x08005ae3    0x24  Code  Gb  usb_core.o [1]
Standard_SetEndPointFeature
                        0x08005a29    0xba  Code  Gb  usb_core.o [1]
Standard_SetInterface   0x0800574b    0x82  Code  Gb  usb_core.o [1]
State_Machine_thread    0x08004dd5   0x544  Code  Gb  app.o [1]
Status                  0x200048fc     0x4  Data  Gb  mass_mal.o [1]
StatusInfo              0x20004970     0x4  Data  Gb  usb_core.o [1]
String_Descriptor       0x20004bfc    0x20  Data  Gb  usb_prop.o [1]
TAMPER_IRQHandler       0x080099ab     0x2  Code  Gb  stm32f10x_it.o [1]
TIM1_BRK_IRQHandler     0x08009ac1     0x2  Code  Gb  stm32f10x_it.o [1]
TIM1_CC_IRQHandler      0x08009ac7     0x2  Code  Gb  stm32f10x_it.o [1]
TIM1_TRG_COM_IRQHandler
                        0x08009ac5     0x2  Code  Gb  stm32f10x_it.o [1]
TIM1_UP_IRQHandler      0x08009ac3     0x2  Code  Gb  stm32f10x_it.o [1]
TIM2_IRQHandler         0x08009ac9     0x8  Code  Gb  stm32f10x_it.o [1]
TIM2_UpdateISRHandler   0x0800aaeb    0x9a  Code  Gb  TimeBase.o [1]
TIM3_IRQHandler         0x08009ad1    0x20  Code  Gb  stm32f10x_it.o [1]
TIM4_IRQHandler         0x08009af1     0x2  Code  Gb  stm32f10x_it.o [1]
TIM5_IRQHandler         0x08009bb9     0x2  Code  Gb  stm32f10x_it.o [1]
TIM6_IRQHandler         0x08009bc1     0x2  Code  Gb  stm32f10x_it.o [1]
TIM7_IRQHandler         0x08009bc3     0x2  Code  Gb  stm32f10x_it.o [1]
TIM8_BRK_IRQHandler     0x08009bab     0x2  Code  Gb  stm32f10x_it.o [1]
TIM8_CC_IRQHandler      0x08009bb1     0x2  Code  Gb  stm32f10x_it.o [1]
TIM8_TRG_COM_IRQHandler
                        0x08009baf     0x2  Code  Gb  stm32f10x_it.o [1]
TIM8_UP_IRQHandler      0x08009bad     0x2  Code  Gb  stm32f10x_it.o [1]
TIM_ClearFlag           0x0800bfc7     0x8  Code  Gb  stm32f10x_tim.o [1]
TIM_ClearITPendingBit   0x0800c001     0x8  Code  Gb  stm32f10x_tim.o [1]
TIM_Cmd                 0x0800bf93    0x1c  Code  Gb  stm32f10x_tim.o [1]
TIM_GetITStatus         0x0800bfcf    0x32  Code  Gb  stm32f10x_tim.o [1]
TIM_ITConfig            0x0800bfaf    0x18  Code  Gb  stm32f10x_tim.o [1]
TIM_OC1Init             0x0800bedb    0x76  Code  Gb  stm32f10x_tim.o [1]
TIM_OCStructInit        0x0800bf71    0x22  Code  Gb  stm32f10x_tim.o [1]
TIM_TimeBaseInit        0x0800bea5    0x36  Code  Gb  stm32f10x_tim.o [1]
TIM_TimeBaseStructInit  0x0800bf59    0x18  Code  Gb  stm32f10x_tim.o [1]
TimeBase_Init           0x0800a96f    0x6e  Code  Gb  TimeBase.o [1]
TransferState           0x200049c0     0x1  Data  Gb  memory.o [1]
Transfer_Data_Request   0x08009079    0x32  Code  Gb  usb_bot.o [1]
UART4_IRQHandler        0x08009bbd     0x2  Code  Gb  stm32f10x_it.o [1]
UART5_IRQHandler        0x08009bbf     0x2  Code  Gb  stm32f10x_it.o [1]
USART1_IRQHandler       0x08009aff     0x2  Code  Gb  stm32f10x_it.o [1]
USART2_IRQHandler       0x08009b01    0x74  Code  Gb  stm32f10x_it.o [1]
USART3_IRQHandler       0x08009b75    0x30  Code  Gb  stm32f10x_it.o [1]
USART_ClearITPendingBit
                        0x0800b53d    0x18  Code  Gb  stm32f10x_usart.o [1]
USART_Cmd               0x0800b42d    0x1a  Code  Gb  stm32f10x_usart.o [1]
USART_DMACmd            0x0800b497    0x18  Code  Gb  stm32f10x_usart.o [1]
USART_GetFlagStatus     0x0800b4bf    0x1a  Code  Gb  stm32f10x_usart.o [1]
USART_GetITStatus       0x0800b4d9    0x64  Code  Gb  stm32f10x_usart.o [1]
USART_ITConfig          0x0800b447    0x50  Code  Gb  stm32f10x_usart.o [1]
USART_Init              0x0800b391    0x9c  Code  Gb  stm32f10x_usart.o [1]
USART_ReceiveData       0x0800b4b7     0x8  Code  Gb  stm32f10x_usart.o [1]
USART_SendData          0x0800b4af     0x8  Code  Gb  stm32f10x_usart.o [1]
USBWakeUp_IRQHandler    0x08009ba9     0x2  Code  Gb  stm32f10x_it.o [1]
USB_APP_ClearFeature    0x0800860d    0x1c  Code  Gb  usb_prop.o [1]
USB_APP_Data_Setup      0x08008639    0xd4  Code  Gb  usb_prop.o [1]
USB_APP_GetConfigDescriptor
                        0x080087b9    0x24  Code  Gb  usb_prop.o [1]
USB_APP_GetDeviceDescriptor
                        0x08008791    0x24  Code  Gb  usb_prop.o [1]
USB_APP_GetStringDescriptor
                        0x080087e5    0x28  Code  Gb  usb_prop.o [1]
USB_APP_Get_Interface_Setting
                        0x0800882d    0x18  Code  Gb  usb_prop.o [1]
USB_APP_NoData_Setup    0x0800870d    0x78  Code  Gb  usb_prop.o [1]
USB_APP_Reset           0x080084a1   0x134  Code  Gb  usb_prop.o [1]
USB_APP_SetConfiguration
                        0x080085dd    0x30  Code  Gb  usb_prop.o [1]
USB_APP_SetDeviceAddress
                        0x08008629     0x8  Code  Gb  usb_prop.o [1]
USB_APP_Status_In       0x08008635     0x2  Code  Gb  usb_prop.o [1]
USB_APP_Status_Out      0x08008637     0x2  Code  Gb  usb_prop.o [1]
USB_APP_StringLangID    0x0800e684     0x4  Data  Gb  usb_desc.o [1]
USB_APP_StringProduct   0x0800df88    0x20  Data  Gb  usb_desc.o [1]
USB_APP_StringSerial    0x20004c3c    0x1c  Data  Gb  usb_desc.o [1]
USB_APP_StringVendor    0x0800ddb8    0x28  Data  Gb  usb_desc.o [1]
USB_APP_init            0x08008461    0x40  Code  Gb  usb_prop.o [1]
USB_HP_CAN_TX_IRQHandler
                        0x08009a87     0x2  Code  Gb  stm32f10x_it.o [1]
USB_Init                0x0800db51    0x40  Code  Gb  usb_init.o [1]
USB_Interrupts_Config   0x0800cf6d    0x48  Code  Lc  PCUsart.o [1]
USB_Istr                0x0800d089    0x9c  Code  Gb  usb_istr.o [1]
USB_LP_CAN_RX0_IRQHandler
                        0x08009a89     0x8  Code  Gb  stm32f10x_it.o [1]
USB_PowerOn             0x0800dbcd    0x34  Code  Gb  usb_pwr.o [1]
USB_SIL_Read            0x0800d74f    0x2c  Code  Gb  usb_sil.o [1]
USB_SIL_Write           0x0800d721    0x2e  Code  Gb  usb_sil.o [1]
Unconfigure_All         0x0800b975    0x1a  Code  Lc  main.o [1]
UsageFaultException     0x080099a1     0x2  Code  Gb  stm32f10x_it.o [1]
UsbKeyValue_Ascii_Tbl   0x0800ba3c   0x180  Data  Gb  basic_fun.o [1]
UserToPMABufferCopy     0x0800d885    0x2e  Code  Gb  usb_mem.o [1]
User_Standard_Requests  0x20004bd8    0x24  Data  Gb  usb_prop.o [1]
WBTD_GPIO_config        0x0800795d   0x14c  Code  Lc  WBTDS01.o [1]
WBTD_NVIC_config        0x08007aa9    0x72  Code  Lc  WBTDS01.o [1]
WBTD_Reset              0x08007cf1    0x30  Code  Gb  WBTDS01.o [1]
WBTD_RxISRHandler       0x08007b9d    0xf8  Code  Gb  WBTDS01.o [1]
WBTD_got_notify_type    0x08007fb1    0x38  Code  Gb  WBTDS01.o [1]
WBTD_hid_send           0x08007ee9    0x64  Code  Gb  WBTDS01.o [1]
WBTD_init               0x08007f4d    0x60  Code  Gb  WBTDS01.o [1]
WBTD_query_version      0x08007d25    0xb0  Code  Gb  WBTDS01.o [1]
WBTD_reset_resVar       0x08007b81    0x1a  Code  Lc  WBTDS01.o [1]
WBTD_set_autocon        0x08007e59    0x40  Code  Gb  WBTDS01.o [1]
WBTD_set_name           0x08007dd5    0x80  Code  Gb  WBTDS01.o [1]
WBTD_set_profile        0x08007e99    0x50  Code  Gb  WBTDS01.o [1]
WBTD_write_cmd          0x08007c95    0x5c  Code  Lc  WBTDS01.o [1]
WWDG_IRQHandler         0x080099a7     0x2  Code  Gb  stm32f10x_it.o [1]
Write_Memory            0x0800aed5   0x120  Code  Gb  memory.o [1]
_EncodingSb_Mbtowc      0x0800d6e9    0x38  Code  Gb  xencoding_sb.o [3]
_EncodingSb_Wctomb      0x0800d6c5    0x1c  Code  Gb  xencoding_sb.o [3]
_Files                  0x20004c1c    0x20  Data  Gb  xfiles.o [3]
_GenldDefault           0x0800482d   0x258  Code  Lc  xprintffull.o [3]
_IsdstStr               0x200049f4     0x4  Data  Gb  setlocale.o [3]
_LdtobDefault           0x08004409   0x404  Code  Lc  xprintffull.o [3]
_LitobDefault           0x080042f1   0x110  Code  Lc  xprintffull.o [3]
_LocaleC_lconv          0x0800d978    0x48  Data  Gb  xlocale_c.o [3]
_LocaleEncoding         0x0800e3d5    0x10  Code  Gb  setlocale.o [3]
_LocaleReturnString     0x20004a04    0x50  Data  Lc  setlocale.o [3]
_Locale_LconvArray      0x20004a00     0x4  Data  Gb  setlocale.o [3]
_Locale_Profile         0x200049d0    0x1c  Data  Gb  setlocale.o [3]
_Locale_lconv           0x20004a58    0x48  Data  Gb  localeconv.o [3]
_Mbtowc                 0x0800dfc9    0x20  Code  Gb  xmbtowc.o [3]
_Printf                 0x08003a69   0x5a8  Code  Gb  xprintffull.o [3]
_Prout                  0x0800e2a7    0x16  Code  Gb  xprout.o [3]
_PutcharsDefault        0x08004a85    0x32  Code  Lc  xprintffull.o [3]
_PutstrDefault          0x08004019   0x2cc  Code  Lc  xprintffull.o [3]
_TzoneStr               0x200049ec     0x4  Data  Gb  setlocale.o [3]
_Wctomb                 0x0800e125    0x1a  Code  Gb  xwctomb.o [3]
__BASEPRICONFIG         0x0800d3b3          Code  Gb  cortexm3_macro.o [1]
__DMB                   0x0800d365          Code  Gb  cortexm3_macro.o [1]
__DSB                   0x0800d35f          Code  Gb  cortexm3_macro.o [1]
__GetBASEPRI            0x0800d3b9          Code  Gb  cortexm3_macro.o [1]
__ISB                   0x0800d359          Code  Gb  cortexm3_macro.o [1]
__MRS_CONTROL           0x0800d36f          Code  Gb  cortexm3_macro.o [1]
__MRS_MSP               0x0800d38b          Code  Gb  cortexm3_macro.o [1]
__MRS_PSP               0x0800d37f          Code  Gb  cortexm3_macro.o [1]
__MSR_CONTROL           0x0800d375          Code  Gb  cortexm3_macro.o [1]
__MSR_MSP               0x0800d391          Code  Gb  cortexm3_macro.o [1]
__MSR_PSP               0x0800d385          Code  Gb  cortexm3_macro.o [1]
__READ_FAULTMASK        0x0800d3ad          Code  Gb  cortexm3_macro.o [1]
__READ_PRIMASK          0x0800d39f          Code  Gb  cortexm3_macro.o [1]
__RESETFAULTMASK        0x0800d3a5          Code  Gb  cortexm3_macro.o [1]
[...]
__aeabi_d2iz            0x0800d82d          Code  Gb  DblToI32.o [4]
__aeabi_d2uiz           0x0800d859          Code  Gb  DblToI32.o [4]
__aeabi_dadd            0x0800c8ad          Code  Gb  DblAdd.o [4]
__aeabi_ddiv            0x08009ee5          Code  Gb  DblDiv.o [4]
__aeabi_dmul            0x0800b701          Code  Gb  DblMul.o [4]
__aeabi_dsub            0x0800bbbd          Code  Gb  DblSub.o [4]
__aeabi_i2d             0x0800dd35          Code  Gb  I32ToDbl.o [4]
__aeabi_ldiv0           0x0800e689          Code  Gb  I64DivZer.o [4]
__aeabi_ldivmod         0x0800c145          Code  Gb  I64DivMod.o [4]
__aeabi_memcpy          0x0800d4bd          Code  Gb  ABImemcpy.o [4]
__aeabi_memcpy4         0x0800d4d7          Code  Gb  ABImemcpy.o [4]
__aeabi_memcpy8         0x0800d4d7          Code  Gb  ABImemcpy.o [4]
__aeabi_memset          0x0800d59d          Code  Gb  ABImemset.o [4]
__aeabi_ui2d            0x0800dd49          Code  Gb  I32ToDbl.o [4]
__aeabi_uldivmod        0x0800c159          Code  Gb  I64DivMod.o [4]
__call_dtors            0x0800d559     0x4  Code  Gb  cppinit.o [3]
__cstart_call_dtors     0x0800e463          Code  Gb  cexit.o [4]
__cxa_atexit            0x0800d52d    0x2c  Code  Gb  cppinit.o [3]
__cxa_finalize          0x0800d55d    0x3c  Code  Gb  cppinit.o [3]
__data_Aldata           0x200048c0     0x8  Data  Gb  xxmemxmalloc.o [3]
__data_GetMemChunk      0x0800de09    0x28  Code  Gb  xgetmemchunk.o [3]
__dwrite                0x0800e027    0x1e  Code  Gb  dwrite.o [5]
__exit                  0x0800e3ad    0x14  Code  Gb  exit.o [5]
__iar_Dnorm             0x0800ccad    0xb4  Code  Gb  xdnorm.o [3]
__iar_Dscale            0x0800c4a1   0x110  Code  Gb  xdscale.o [3]
__iar_EmptyStepPoint    0x0800da49     0x2  Code  Gb  xassert.o [3]
__iar_Locksyslock       0x0800d1dd    0x4c  Code  Gb  xsyslock.o [3]
__iar_Mbcurmax          0x0800e601     0xa  Code  Gb  xmbcurmax.o [3]
__iar_Memchr            0x0800d7d5          Code  Gb  memchr.o [4]
__iar_Memset            0x0800d59d          Code  Gb  ABImemset.o [4]
__iar_Memset_word       0x0800d5a5          Code  Gb  ABImemset.o [4]
__iar_Mtxdst            0x0800dcab     0x6  Code  Gb  MtxWrapper.o [3]
__iar_Mtxinit           0x0800dca5     0x6  Code  Gb  MtxWrapper.o [3]
__iar_Mtxlock           0x0800dcb1     0x4  Code  Gb  MtxWrapper.o [3]
__iar_Mtxunlock         0x0800dcbf     0x6  Code  Gb  MtxWrapper.o [3]
__iar_ReportAssert      0x0800d2e9    0x64  Code  Gb  xreportassert.o [3]
__iar_Stderr            0x20004b20    0x40  Data  Gb  xfiles.o [3]
__iar_Stdin             0x20004aa0    0x40  Data  Gb  xfiles.o [3]
__iar_Stdout            0x20004ae0    0x40  Data  Gb  xfiles.o [3]
__iar_Strchr            0x0800e291          Code  Gb  strchr.o [4]
__iar_Tls_setup__IsdstStr
                        0x200049f8     0x4  Data  Gb  setlocale.o [3]
__iar_Tls_setup__Locale_Profile
                        0x200049fc     0x4  Data  Gb  setlocale.o [3]
__iar_Tls_setup__Locale_lconv
                        0x20004a54     0x4  Data  Gb  localeconv.o [3]
__iar_Tls_setup__TzoneStr
                        0x200049f0     0x4  Data  Gb  setlocale.o [3]
__iar_Unlocksyslock     0x0800d229    0x14  Code  Gb  xsyslock.o [3]
__iar_d2uiz             0x0800d863          Code  Gb  DblToI32.o [4]
__iar_dadd              0x0800c8bf          Code  Gb  DblAdd.o [4]
__iar_data_init2        0x0800e109    0x1c  Code  Gb  data_init2.o [4]
__iar_dsub              0x0800bbcf          Code  Gb  DblSub.o [4]
__iar_dsubStart         0x0800bbe1          Code  Gb  DblSub.o [4]
__iar_packbits_init2    0x0800d125    0x8e  Code  Gb  packbits_init2.o [4]
__iar_program_start     0x0800e261          Code  Gb  cmain.o [4]
__iar_sh_stdout         0x0800d8ed    0x3c  Code  Gb  iarwstd.o [5]
__iar_sh_stdout_close   0x0800d8d9    0x14  Code  Gb  iarwstd.o [5]
__iar_sh_stdout_handle  0x200049a8     0x4  Data  Lc  iarwstd.o [5]
__iar_sh_write          0x0800dfe9    0x20  Code  Gb  iarwrite.o [5]
__iar_strcmp            0x0800da8d          Code  Gb  strcmp.o [4]
__iar_ui2d              0x0800dd4b          Code  Gb  I32ToDbl.o [4]
__iar_zero_init2        0x0800e13f    0x1a  Code  Gb  zero_init2.o [4]
__low_level_init        0x0800e68b     0x4  Code  Gb  low_level_init.o [3]
__vector_table          0x08000000   0x140  Data  Gb  stm32f10x_vector.o [1]
__write                 0x0800e451    0x10  Code  Gb  write.o [5]
_exit                   0x0800e461          Code  Gb  cexit.o [4]
_main                   0x0800e273          Code  Gb  cmain.o [4]
abort                   0x0800e66d     0x8  Code  Gb  abort.o [3]
app_init                0x08004d21    0xb0  Code  Gb  app.o [1]
app_init_thread         0x08005501    0xf8  Code  Gb  app.o [1]
app_startup             0x0800560d    0x9c  Code  Gb  app.o [1]
ascii_to_keyreport      0x0800cfed    0x98  Code  Gb  basic_fun.o [1]
bDeviceState            0x20004990     0x4  Data  Gb  usb_pwr.o [1]
bIntPackSOF             0x200049cd     0x1  Data  Gb  usb_istr.o [1]
barcode_cash            0x200024f0   0x4d0  Data  Lc  app.o [1]
barcode_hid_send        0x08004cc5    0x5c  Code  Lc  app.o [1]
barcode_pool            0x2000470c    0x3c  Data  Lc  app.o [1]
batch_node              0x20004510    0x6c  Data  Lc  app.o [1]
buffer                  0x20000cf0  0x1000  Data  Lc  spi_flash.o [1]
calc_check_value        0x080023b9    0x1e  Code  Lc  record.o [1]
charge_detect_io_cnt    0x200048f0     0x4  Data  Gb  hw_platform.o [1]
charge_state_cnt        0x200048e8     0x4  Data  Lc  hw_platform.o [1]
check_fs                0x08000b3d    0x78  Code  Lc  ff.o [1]
check_vtimer_handle     0x0800aa45    0x18  Code  Lc  TimeBase.o [1]
chk_chr                 0x08000185    0x14  Code  Lc  ff.o [1]
chk_mounted             0x08000bb5   0x2dc  Code  Gb  ff.o [1]
clear_log_file          0x08002593    0x56  Code  Gb  record.o [1]
clearlocks              0x0800d1b5    0x26  Code  Lc  xsyslock.o [3]
clust2sect              0x08000629    0x18  Code  Gb  ff.o [1]
count_in                0x20004974     0x4  Data  Gb  usb_endp.o [1]
crc32                   0x0800dde1    0x28  Code  Gb  crc32.o [1]
crc32_tab               0x08009128   0x400  Data  Lc  crc32.o [1]
create_chain            0x08000575    0xb4  Code  Lc  ff.o [1]
create_name             0x08000911   0x180  Code  Lc  ff.o [1]
current_cache_block     0x20004964     0x4  Data  Lc  spi_flash.o [1]
current_led_state       0x200049bc     0x1  Data  Lc  hw_platform.o [1]
current_node_offset     0x2000494c     0x4  Data  Gb  record.o [1]
current_press_key       0x200049bd     0x1  Data  Lc  keypad.o [1]
data_uart_init          0x0800ce11    0x7c  Code  Gb  data_uart.o [1]
del_one_node_recover    0x08003499   0x478  Code  Lc  record.o [1]
delay_ms                0x0800a955    0x1a  Code  Gb  TimeBase.o [1]
delay_us                0x0800a93d    0x18  Code  Gb  TimeBase.o [1]
delete_one_node         0x08002c65   0x53c  Code  Gb  record.o [1]
device_current_state    0x200048e0     0x4  Data  Gb  app.o [1]
dir                     0x200047e8    0x1c  Data  Gb  record.o [1]
dir_find                0x08000827    0x62  Code  Lc  ff.o [1]
dir_next                0x080006f1   0x136  Code  Lc  ff.o [1]
dir_register            0x08000889    0x88  Code  Lc  ff.o [1]
dir_seek                0x08000641    0xb0  Code  Lc  ff.o [1]
disk_initialize         0x0800cbf9    0x12  Code  Gb  diskio.o [1]
disk_ioctl              0x0800cc73    0x3a  Code  Gb  diskio.o [1]
disk_read               0x0800cc21    0x34  Code  Gb  diskio.o [1]
disk_status             0x0800cc0f    0x12  Code  Gb  diskio.o [1]
disk_write              0x0800cc55    0x1e  Code  Gb  diskio.o [1]
div                     0x0800e47d     0xe  Code  Gb  div.o [3]
ebuf                    0x2000462c    0x50  Data  Lc  xfiles.o [3]
enter_into_BT_Mode      0x08004c25    0x60  Code  Lc  app.o [1]
enter_into_Memory_Mode  0x08004b79    0x1c  Code  Lc  app.o [1]
enter_into_USB_HID_Mode
                        0x08004ba5    0x68  Code  Lc  app.o [1]
event_pool              0x200047a8    0x20  Data  Lc  app.o [1]
exit                    0x0800e675     0x6  Code  Gb  exit.o [3]
exit_from_BT_Mode       0x08004c85    0x40  Code  Lc  app.o [1]
exit_from_Memory_Mode   0x08004b95    0x10  Code  Lc  app.o [1]
exit_from_USB_HID_Mode  0x08004c0d    0x18  Code  Lc  app.o [1]
f_close                 0x08001569    0x18  Code  Gb  ff.o [1]
f_lseek                 0x08001581   0x1de  Code  Gb  ff.o [1]
f_mkdir                 0x08001881   0x1e4  Code  Gb  ff.o [1]
f_mkfs                  0x08001a65   0x6b8  Code  Gb  ff.o [1]
f_mount                 0x08000ebd    0x34  Code  Gb  ff.o [1]
f_open                  0x08000ef1   0x1b0  Code  Gb  ff.o [1]
f_opendir               0x0800175f    0x76  Code  Gb  ff.o [1]
f_read                  0x080010a1   0x1ea  Code  Gb  ff.o [1]
f_sync                  0x080014ad    0xbc  Code  Gb  ff.o [1]
f_truncate              0x080017d5    0xac  Code  Gb  ff.o [1]
f_write                 0x0800128b   0x222  Code  Gb  ff.o [1]
fflush                  0x0800cdd5    0x3c  Code  Gb  fflush.o [3]
fflushOne               0x0800cd61    0x74  Code  Lc  fflush.o [3]
file1                   0x2000338c   0x224  Data  Gb  Terminal_Para.o [1]
file2                   0x200035b0   0x224  Data  Gb  record.o [1]
file3                   0x200037d4   0x224  Data  Gb  record.o [1]
flash_state             0x200049c9     0x1  Data  Lc  spi_flash.o [1]
flasize                 0x20004960     0x4  Data  Gb  spi_flash.o [1]
follow_path             0x08000a91    0xa8  Code  Lc  ff.o [1]
fputc                   0x0800ce8d    0x20  Code  Gb  data_uart.o [1]
free                    0x0800d241    0x88  Code  Gb  xxmemxfree.o [3]
fs                      0x2000315c   0x230  Data  Gb  record.o [1]
g_mass_storage_device_type
                        0x200049b8     0x1  Data  Gb  PCUsart.o [1]
g_pReqCmd               0x200048c8     0x4  Data  Gb  HJ5000_scanner.o [1]
g_param                 0x20004768    0x20  Data  Gb  Terminal_Para.o [1]
g_rec_offset            0x20004950     0x4  Data  Gb  record.o [1]
g_receive_buff          0x200043a0    0x80  Data  Gb  HJ5000_scanner.o [1]
g_resCmd                0x20004868     0xc  Data  Gb  HJ5000_scanner.o [1]
g_send_buff             0x20004748    0x20  Data  Gb  HJ5000_scanner.o [1]
g_usb_type              0x200049bb     0x1  Data  Gb  hw_config.o [1]
get_fat                 0x080002e3    0xfe  Code  Gb  ff.o [1]
get_fattime             0x0800cc0b     0x4  Code  Gb  diskio.o [1]
get_node                0x08002ba1    0xb4  Code  Gb  record.o [1]
get_spi_flash_capacity  0x08007815     0x8  Code  Gb  spi_flash.o [1]
hard_fault_handler_c    0x080098b1    0xe4  Code  Gb  stm32f10x_it.o [1]
hw_platform_ChargeState_Detect
                        0x08006511    0x38  Code  Gb  hw_platform.o [1]
hw_platform_USBcable_Insert_Detect
                        0x08006551    0x30  Code  Gb  hw_platform.o [1]
hw_platform_beep_ctrl   0x080065f7    0x50  Code  Gb  hw_platform.o [1]
hw_platform_beep_motor_ctrl
                        0x08006647    0x60  Code  Gb  hw_platform.o [1]
hw_platform_get_PowerClass
                        0x08006495    0x76  Code  Gb  hw_platform.o [1]
hw_platform_init        0x08006481    0x14  Code  Gb  hw_platform.o [1]
hw_platform_led_ctrl    0x08006581    0x76  Code  Gb  hw_platform.o [1]
hw_platform_start_led_blink
                        0x08006741   0x228  Code  Gb  hw_platform.o [1]
hw_platform_stop_led_blink
                        0x08006969   0x106  Code  Gb  hw_platform.o [1]
hw_platform_trip_io     0x08006a81    0x18  Code  Gb  hw_platform.o [1]
id_array                0x0800dad0    0x40  Data  Gb  spi_flash.o [1]
init_data_info_file     0x08002189    0x64  Code  Lc  record.o [1]
init_hash_table_file    0x0800211d    0x6a  Code  Lc  record.o [1]
keyboard_output_report_value
                        0x2000498c     0x4  Data  Gb  usb_prop.o [1]
keypad_state            0x200049be     0x1  Data  Lc  keypad.o [1]
keypress_timeout        0x200048e4     0x4  Data  Gb  app.o [1]
last_charge_detect_io_cnt
                        0x200048ec     0x4  Data  Lc  hw_platform.o [1]
led_blue_blink_timer_hook
                        0x080066d5    0x24  Code  Lc  hw_platform.o [1]
led_green_blink_timer_hook
                        0x080066f9    0x24  Code  Lc  hw_platform.o [1]
led_red_blink_timer_hook
                        0x080066b1    0x24  Code  Lc  hw_platform.o [1]
led_timer_h             0x20004848    0x10  Data  Lc  hw_platform.o [1]
led_yellow_blink_timer_hook
                        0x0800671d    0x24  Code  Lc  hw_platform.o [1]
localeconv              0x0800e3c1    0x14  Code  Gb  localeconv.o [3]
log_len                 0x2000495c     0x4  Data  Lc  record.o [1]
lowpower_cnt            0x200049ba     0x1  Data  Lc  app.o [1]
lowpower_state          0x200049b9     0x1  Data  Lc  app.o [1]
lowpower_tip            0x080054b9    0x46  Code  Gb  app.o [1]
main                    0x0800b8a5    0x44  Code  Gb  main.o [1]
malloc                  0x0800cb3d    0xbc  Code  Gb  xxmemxmalloc.o [3]
mem_cmp                 0x08000165    0x20  Code  Lc  ff.o [1]
mem_cpy                 0x08000141    0x14  Code  Lc  ff.o [1]
mem_set                 0x08000155    0x10  Code  Lc  ff.o [1]
memchr                  0x0800d7d5          Code  Gb  memchr.o [4]
memcmp                  0x0800d605          Code  Gb  memcmp.o [4]
memcpy                  0x0800e46f     0xe  Code  Wk  HJ5000_scanner.o [1]
memset                  0x0800e3e9    0x14  Code  Wk  HJ5000_scanner.o [1]
move_window             0x08000199    0x74  Code  Lc  ff.o [1]
mtx                     0x20004838    0x10  Data  Lc  xsyslock.o [3]
mtxdst                  0x2000499c     0x4  Data  Lc  MtxWrapper.o [3]
mtxinit                 0x20004998     0x4  Data  Lc  MtxWrapper.o [3]
mtxlock                 0x200049a0     0x4  Data  Lc  MtxWrapper.o [3]
mtxunlock               0x200049a4     0x4  Data  Lc  MtxWrapper.o [3]
next_abi_dtor_rec       0x20004cf0     0x4  Data  Lc  cppinit.o [3]
next_node_offset        0x20004958     0x4  Data  Lc  record.o [1]
obuf                    0x2000467c    0x50  Data  Lc  xfiles.o [3]
out                     0x0800d2c9    0x20  Code  Lc  xreportassert.o [3]
pBarcode_Queue          0x200048d4     0x4  Data  Lc  app.o [1]
pEpInt_IN               0x20004c58    0x1c  Data  Gb  usb_istr.o [1]
pEpInt_OUT              0x20004c74    0x1c  Data  Gb  usb_istr.o [1]
pEvent_Queue            0x200048d8     0x4  Data  Gb  app.o [1]
pIOSem                  0x200048dc     0x4  Data  Lc  app.o [1]
pInformation            0x20004978     0x4  Data  Gb  usb_init.o [1]
pProperty               0x2000497c     0x4  Data  Gb  usb_init.o [1]
pUser_Standard_Requests
                        0x20004980     0x4  Data  Gb  usb_init.o [1]
p_allocate_addr         0x20003ff8   0x190  Data  Lc  JMemory.o [1]
p_init_thread_stk       0x200048d0     0x4  Data  Lc  app.o [1]
pack_ctrl_command       0x0800969f    0x84  Code  Lc  HJ5000_scanner.o [1]
pack_set_command        0x08009645    0x5a  Code  Lc  HJ5000_scanner.o [1]
platform_misc_port_init
                        0x08006323   0x15e  Code  Lc  hw_platform.o [1]
press_cnt               0x200048f4     0x4  Data  Lc  keypad.o [1]
prev_node_offset        0x20004954     0x4  Data  Lc  record.o [1]
printf                  0x0800dfa9    0x20  Code  Gb  printf.o [3]
push_barcode_into_cash  0x08004ae3    0x96  Code  Gb  app.o [1]
put_fat                 0x080003e1   0x124  Code  Gb  ff.o [1]
putchar                 0x0800e5f5     0xc  Code  Gb  putchar.o [3]
rec_module_buffer       0x200044a0    0x70  Data  Gb  record.o [1]
rec_search              0x08002a85    0xf2  Code  Lc  record.o [1]
rec_searchby_tag        0x08002b81    0x1c  Code  Gb  record.o [1]
record_add              0x080025f1   0x324  Code  Gb  record.o [1]
record_add_recover      0x08003335    0xec  Code  Lc  record.o [1]
record_clear            0x080029a5    0xd8  Code  Gb  record.o [1]
record_clear_recover    0x08003421    0x78  Code  Gb  record.o [1]
record_module_count     0x08002915    0x90  Code  Gb  record.o [1]
record_module_init      0x080021ed   0x10c  Code  Gb  record.o [1]
record_module_read      0x080022fd    0xbc  Code  Gb  record.o [1]
record_recover          0x08003911    0x92  Code  Lc  record.o [1]
recover_hash_table_modify
                        0x080031a1   0x194  Code  Lc  record.o [1]
recover_record_by_logfile
                        0x080039a5    0xc4  Code  Gb  record.o [1]
release_cnt             0x200048f8     0x4  Data  Lc  keypad.o [1]
remove_chain            0x08000505    0x70  Code  Lc  ff.o [1]
reset_resVar            0x080095e7    0x14  Code  Lc  HJ5000_scanner.o [1]
reset_timer             0x0800aa5d    0x28  Code  Gb  TimeBase.o [1]
save_log_file           0x0800247d   0x116  Code  Lc  record.o [1]
scan_barcode_ok_tip     0x08004ab9    0x2a  Code  Lc  app.o [1]
scanner_get_barcode     0x08009811    0x94  Code  Gb  HJ5000_scanner.o [1]
scanner_mod_init        0x08009725    0x6c  Code  Gb  HJ5000_scanner.o [1]
send_data_to_WBTDS01    0x08007b1d    0x5c  Code  Lc  WBTDS01.o [1]
send_data_to_scanner    0x080095fb    0x38  Code  Lc  HJ5000_scanner.o [1]
spi_flash_erasesector   0x080073e5    0x4c  Code  Gb  spi_flash.o [1]
spi_flash_init          0x08007295   0x14c  Code  Gb  spi_flash.o [1]
spi_flash_page_write    0x080074b7    0x64  Code  Gb  spi_flash.o [1]
spi_flash_post_write    0x0800781d    0x6c  Code  Gb  spi_flash.o [1]
spi_flash_raddr         0x080076e1    0x5e  Code  Gb  spi_flash.o [1]
spi_flash_rpage         0x08007431    0x86  Code  Gb  spi_flash.o [1]
spi_flash_send_byte     0x0800773f    0x48  Code  Gb  spi_flash.o [1]
spi_flash_waddr         0x0800751b   0x1c6  Code  Gb  spi_flash.o [1]
spi_flash_wait_for_write_end
                        0x080077ab    0x64  Code  Gb  spi_flash.o [1]
spi_flash_write         0x08007889    0xc6  Code  Gb  spi_flash.o [1]
spi_flash_write_enable  0x0800778d    0x1e  Code  Gb  spi_flash.o [1]
start_timer             0x0800a9dd    0x68  Code  Gb  TimeBase.o [1]
stop_timer              0x0800aa85    0x66  Code  Gb  TimeBase.o [1]
strcat                  0x0800e009    0x1e  Code  Wk  strcat.o [3]
strchr                  0x0800e291          Code  Gb  strchr.o [4]
strcmp                  0x0800da8d          Code  Gb  strcmp.o [4]
strcpy                  0x0800da05          Code  Gb  strcpy.o [4]
strlen                  0x0800dc09          Code  Gb  strlen.o [4]
sync                    0x0800020d    0xd6  Code  Lc  ff.o [1]
syslock_o               0x20004834     0x4  Data  Lc  xsyslock.o [3]
system_err_tip          0x080054ff     0x2  Code  Gb  app.o [1]
thread_bt_stk           0x20003bf8   0x200  Data  Lc  app.o [1]
thread_eventcapture_stk
                        0x200039f8   0x200  Data  Lc  app.o [1]
thread_statemachine_stk
                        0x200029c0   0x400  Data  Lc  app.o [1]
update_link_info_after_addNode
                        0x080023d7    0xa6  Code  Lc  record.o [1]
usb_device_init         0x0800cfc5    0x28  Code  Gb  PCUsart.o [1]
v_timer_list            0x20004880     0x8  Data  Gb  TimeBase.o [1]
validate                0x08000e91    0x2c  Code  Lc  ff.o [1]
wInterrupt_Mask         0x200049b0     0x2  Data  Gb  usb_init.o [1]
wIstr                   0x200049b6     0x2  Data  Gb  usb_istr.o [1]
wait_time_out           0x200048cc     0x4  Data  Lc  HJ5000_scanner.o [1]
wbtd_recbuffer          0x20004420    0x80  Data  Gb  WBTDS01.o [1]
wbtd_res                0x20004874     0xc  Data  Gb  WBTDS01.o [1]
wbtd_send_buff          0x20004788    0x20  Data  Lc  WBTDS01.o [1]
write_cmd_to_scanner    0x08009639     0xc  Code  Lc  HJ5000_scanner.o [1]


[1] = E:\H520B\FW\src\Project\EWARMv5\Debug\Obj
[2] = command line
[3] = dl7M_tl_if.a
[4] = rt7M_tl.a
[5] = shb_l.a

  55 046 bytes of readonly  code memory
   4 608 bytes of readonly  data memory
  19 682 bytes of readwrite data memory

Errors: none
Warnings: none
